{"date":"2022-12-16T09:25:07.278Z","text":{},"point":"getJWT"}
{"date":"2022-12-16T09:25:07.342Z","text":{},"point":"getJWT"}
{"date":"2022-12-16T10:15:12.376Z","text":"ReferenceError: writeOperation is not defined\n    at /home/almas/js-kofd/get/index.js:49:13","point":"getTransaction"}
{"date":"2022-12-16T10:15:12.384Z","text":"ReferenceError: writeOperation is not defined\n    at /home/almas/js-kofd/get/index.js:49:13","point":"getTransaction"}
{"date":"2022-12-16T10:15:12.510Z","text":"ReferenceError: writeOperation is not defined\n    at /home/almas/js-kofd/get/index.js:49:13","point":"getTransaction"}
{"date":"2022-12-16T10:15:12.634Z","text":"ReferenceError: writeOperation is not defined\n    at /home/almas/js-kofd/get/index.js:49:13","point":"getTransaction"}
{"date":"2022-12-16T10:21:23.887Z","text":{},"point":"getData"}
{"date":"2022-12-16T10:21:23.887Z","text":{},"point":"getData"}
{"date":"2022-12-16T10:21:23.888Z","text":"Error: TypeError: fs.writeFileSync is not a function\n    at getTransaction (/home/almas/js-kofd/get/api.js:89:13)\n    at async Promise.all (index 0)","point":"getTransaction"}
{"date":"2022-12-16T10:21:23.888Z","text":"Error: TypeError: fs.writeFileSync is not a function\n    at getTransaction (/home/almas/js-kofd/get/api.js:89:13)\n    at async Promise.all (index 0)","point":"getTransaction"}
{"date":"2022-12-16T10:21:24.005Z","text":{},"point":"getData"}
{"date":"2022-12-16T10:21:24.006Z","text":"Error: TypeError: fs.writeFileSync is not a function\n    at getTransaction (/home/almas/js-kofd/get/api.js:89:13)\n    at async Promise.all (index 0)","point":"getTransaction"}
{"date":"2022-12-16T10:21:24.009Z","text":{},"point":"getData"}
{"date":"2022-12-16T10:21:24.010Z","text":"Error: TypeError: fs.writeFileSync is not a function\n    at getTransaction (/home/almas/js-kofd/get/api.js:89:13)\n    at async Promise.all (index 0)","point":"getTransaction"}
{"date":"2022-12-16T10:23:07.527Z","text":{"code":"ERR_INVALID_ARG_TYPE"},"point":"getData"}
{"date":"2022-12-16T10:23:07.528Z","text":"Error: TypeError [ERR_INVALID_ARG_TYPE]: The \"data\" argument must be of type string or an instance of Buffer, TypedArray, or DataView. Received an instance of Object\n    at getTransaction (/home/almas/js-kofd/get/api.js:89:13)\n    at async Promise.all (index 0)","point":"getTransaction"}
{"date":"2022-12-16T10:23:07.533Z","text":{"code":"ERR_INVALID_ARG_TYPE"},"point":"getData"}
{"date":"2022-12-16T10:23:07.533Z","text":"Error: TypeError [ERR_INVALID_ARG_TYPE]: The \"data\" argument must be of type string or an instance of Buffer, TypedArray, or DataView. Received an instance of Object\n    at getTransaction (/home/almas/js-kofd/get/api.js:89:13)\n    at async Promise.all (index 0)","point":"getTransaction"}
{"date":"2022-12-16T10:23:07.575Z","text":{"code":"ERR_INVALID_ARG_TYPE"},"point":"getData"}
{"date":"2022-12-16T10:23:07.575Z","text":"Error: TypeError [ERR_INVALID_ARG_TYPE]: The \"data\" argument must be of type string or an instance of Buffer, TypedArray, or DataView. Received an instance of Object\n    at getTransaction (/home/almas/js-kofd/get/api.js:89:13)\n    at async Promise.all (index 0)","point":"getTransaction"}
{"date":"2022-12-16T10:23:07.636Z","text":{"code":"ERR_INVALID_ARG_TYPE"},"point":"getData"}
{"date":"2022-12-16T10:23:07.637Z","text":"Error: TypeError [ERR_INVALID_ARG_TYPE]: The \"data\" argument must be of type string or an instance of Buffer, TypedArray, or DataView. Received an instance of Object\n    at getTransaction (/home/almas/js-kofd/get/api.js:89:13)\n    at async Promise.all (index 0)","point":"getTransaction"}
{"date":"2022-12-16T11:02:30.038Z","text":"ReferenceError: arrKnumber is not defined\n    at /home/almas/js-kofd/get/index.js:52:25\n    at process.processTicksAndRejections (node:internal/process/task_queues:95:5)","point":"getTransaction"}
{"date":"2022-12-16T11:02:30.086Z","text":"ReferenceError: arrKnumber is not defined\n    at /home/almas/js-kofd/get/index.js:52:25\n    at process.processTicksAndRejections (node:internal/process/task_queues:95:5)","point":"getTransaction"}
{"date":"2022-12-16T11:02:30.450Z","text":"ReferenceError: arrKnumber is not defined\n    at /home/almas/js-kofd/get/index.js:52:25\n    at process.processTicksAndRejections (node:internal/process/task_queues:95:5)","point":"getTransaction"}
{"date":"2022-12-16T11:02:30.953Z","text":"ReferenceError: arrKnumber is not defined\n    at /home/almas/js-kofd/get/index.js:52:25\n    at process.processTicksAndRejections (node:internal/process/task_queues:95:5)","point":"getTransaction"}
{"date":"2022-12-16T11:04:35.079Z","text":"ReferenceError: arrKnumber is not defined\n    at /home/almas/js-kofd/get/index.js:52:25\n    at process.processTicksAndRejections (node:internal/process/task_queues:95:5)","point":"getTransaction"}
{"date":"2022-12-16T11:04:35.081Z","text":"ReferenceError: arrKnumber is not defined\n    at /home/almas/js-kofd/get/index.js:52:25\n    at process.processTicksAndRejections (node:internal/process/task_queues:95:5)","point":"getTransaction"}
{"date":"2022-12-16T11:04:35.249Z","text":"ReferenceError: arrKnumber is not defined\n    at /home/almas/js-kofd/get/index.js:52:25\n    at process.processTicksAndRejections (node:internal/process/task_queues:95:5)","point":"getTransaction"}
{"date":"2022-12-16T11:04:35.249Z","text":"ReferenceError: arrKnumber is not defined\n    at /home/almas/js-kofd/get/index.js:52:25\n    at process.processTicksAndRejections (node:internal/process/task_queues:95:5)","point":"getTransaction"}
{"date":"2022-12-16T11:06:17.131Z","text":"ReferenceError: arrKnumber is not defined\n    at /home/almas/js-kofd/get/index.js:52:25\n    at process.processTicksAndRejections (node:internal/process/task_queues:95:5)","point":"getTransaction"}
{"date":"2022-12-16T11:06:17.132Z","text":"ReferenceError: arrKnumber is not defined\n    at /home/almas/js-kofd/get/index.js:52:25\n    at process.processTicksAndRejections (node:internal/process/task_queues:95:5)","point":"getTransaction"}
{"date":"2022-12-16T11:06:17.223Z","text":"ReferenceError: arrKnumber is not defined\n    at /home/almas/js-kofd/get/index.js:52:25\n    at process.processTicksAndRejections (node:internal/process/task_queues:95:5)","point":"getTransaction"}
{"date":"2022-12-16T11:06:17.369Z","text":"ReferenceError: arrKnumber is not defined\n    at /home/almas/js-kofd/get/index.js:52:25\n    at process.processTicksAndRejections (node:internal/process/task_queues:95:5)","point":"getTransaction"}
{"date":"2022-12-16T11:08:43.130Z","text":"ReferenceError: arrKnumber is not defined\n    at /home/almas/js-kofd/get/index.js:52:25\n    at process.processTicksAndRejections (node:internal/process/task_queues:95:5)","point":"getTransaction"}
{"date":"2022-12-16T11:08:43.131Z","text":"ReferenceError: arrKnumber is not defined\n    at /home/almas/js-kofd/get/index.js:52:25\n    at process.processTicksAndRejections (node:internal/process/task_queues:95:5)","point":"getTransaction"}
{"date":"2022-12-16T11:08:43.210Z","text":"ReferenceError: arrKnumber is not defined\n    at /home/almas/js-kofd/get/index.js:52:25\n    at process.processTicksAndRejections (node:internal/process/task_queues:95:5)","point":"getTransaction"}
{"date":"2022-12-16T11:08:43.334Z","text":"ReferenceError: arrKnumber is not defined\n    at /home/almas/js-kofd/get/index.js:52:25\n    at process.processTicksAndRejections (node:internal/process/task_queues:95:5)","point":"getTransaction"}
{"date":"2022-12-16T11:15:45.709Z","text":"ReferenceError: arrKnumber is not defined\n    at /home/almas/js-kofd/get/index.js:52:25\n    at process.processTicksAndRejections (node:internal/process/task_queues:95:5)","point":"getTransaction"}
{"date":"2022-12-16T11:15:45.711Z","text":"ReferenceError: arrKnumber is not defined\n    at /home/almas/js-kofd/get/index.js:52:25\n    at process.processTicksAndRejections (node:internal/process/task_queues:95:5)","point":"getTransaction"}
{"date":"2022-12-16T11:15:45.834Z","text":"ReferenceError: arrKnumber is not defined\n    at /home/almas/js-kofd/get/index.js:52:25\n    at process.processTicksAndRejections (node:internal/process/task_queues:95:5)","point":"getTransaction"}
{"date":"2022-12-16T11:15:46.203Z","text":"ReferenceError: arrKnumber is not defined\n    at /home/almas/js-kofd/get/index.js:52:25\n    at process.processTicksAndRejections (node:internal/process/task_queues:95:5)","point":"getTransaction"}
{"date":"2022-12-16T11:18:20.909Z","text":"ReferenceError: arrKnumber is not defined\n    at /home/almas/js-kofd/get/index.js:52:25\n    at process.processTicksAndRejections (node:internal/process/task_queues:95:5)","point":"getTransaction"}
{"date":"2022-12-16T11:18:20.933Z","text":"ReferenceError: arrKnumber is not defined\n    at /home/almas/js-kofd/get/index.js:52:25\n    at process.processTicksAndRejections (node:internal/process/task_queues:95:5)","point":"getTransaction"}
{"date":"2022-12-16T11:18:20.999Z","text":"ReferenceError: arrKnumber is not defined\n    at /home/almas/js-kofd/get/index.js:52:25\n    at process.processTicksAndRejections (node:internal/process/task_queues:95:5)","point":"getTransaction"}
{"date":"2022-12-16T11:18:21.035Z","text":"ReferenceError: arrKnumber is not defined\n    at /home/almas/js-kofd/get/index.js:52:25\n    at process.processTicksAndRejections (node:internal/process/task_queues:95:5)","point":"getTransaction"}
{"date":"2022-12-16T11:18:45.938Z","text":"ReferenceError: arrKnumber is not defined\n    at /home/almas/js-kofd/get/index.js:52:25\n    at process.processTicksAndRejections (node:internal/process/task_queues:95:5)","point":"getTransaction"}
{"date":"2022-12-16T11:18:45.940Z","text":"ReferenceError: arrKnumber is not defined\n    at /home/almas/js-kofd/get/index.js:52:25\n    at process.processTicksAndRejections (node:internal/process/task_queues:95:5)","point":"getTransaction"}
{"date":"2022-12-16T11:18:46.010Z","text":"ReferenceError: arrKnumber is not defined\n    at /home/almas/js-kofd/get/index.js:52:25\n    at process.processTicksAndRejections (node:internal/process/task_queues:95:5)","point":"getTransaction"}
{"date":"2022-12-16T11:18:46.012Z","text":"ReferenceError: arrKnumber is not defined\n    at /home/almas/js-kofd/get/index.js:52:25\n    at process.processTicksAndRejections (node:internal/process/task_queues:95:5)","point":"getTransaction"}
{"date":"2022-12-16T11:24:56.058Z","text":"Error: ENOENT: no such file or directory, open 'logs/logs/query.txt'","point":"query"}
{"date":"2022-12-16T11:24:56.058Z","text":"Error: ENOENT: no such file or directory, open 'logs/logs/query.txt'","point":"query"}
{"date":"2022-12-16T11:24:56.059Z","text":"Error: Error: ENOENT: no such file or directory, open 'logs/logs/query.txt'\n    at getQuery (/home/almas/js-kofd/get/api.js:127:13)\n    at async Promise.all (index 1)","point":"getTransaction"}
{"date":"2022-12-16T12:43:52.720Z","text":"ReferenceError: arrKnumber is not defined\n    at /home/almas/js-kofd/get/index.js:52:25\n    at process.processTicksAndRejections (node:internal/process/task_queues:95:5)","point":"getTransaction"}
{"date":"2022-12-16T12:43:52.734Z","text":"\"error: duplicate key value violates unique constraint \\\"transaction_id_key\\\"\\n    at Parser.parseErrorMessage (/home/almas/js-kofd/node_modules/pg-protocol/dist/parser.js:287:98)\\n    at Parser.handlePacket (/home/almas/js-kofd/node_modules/pg-protocol/dist/parser.js:126:29)\\n    at Parser.parse (/home/almas/js-kofd/node_modules/pg-protocol/dist/parser.js:39:38)\\n    at Socket.<anonymous> (/home/almas/js-kofd/node_modules/pg-protocol/dist/index.js:11:42)\\n    at Socket.emit (node:events:513:28)\\n    at addChunk (node:internal/streams/readable:324:12)\\n    at readableAddChunk (node:internal/streams/readable:297:9)\\n    at Readable.push (node:internal/streams/readable:234:10)\\n    at TCP.onStreamRead (node:internal/stream_base_commons:190:23)\"","point":"query"}
{"date":"2022-12-16T12:48:17.409Z","text":"ReferenceError: arrKnumber is not defined\n    at /home/almas/js-kofd/get/index.js:52:25\n    at process.processTicksAndRejections (node:internal/process/task_queues:95:5)","point":"getTransaction"}
{"date":"2022-12-16T12:48:17.423Z","text":"ReferenceError: arrKnumber is not defined\n    at /home/almas/js-kofd/get/index.js:52:25\n    at process.processTicksAndRejections (node:internal/process/task_queues:95:5)","point":"getTransaction"}
{"date":"2022-12-16T12:48:17.482Z","text":"ReferenceError: arrKnumber is not defined\n    at /home/almas/js-kofd/get/index.js:52:25\n    at process.processTicksAndRejections (node:internal/process/task_queues:95:5)","point":"getTransaction"}
{"date":"2022-12-16T12:48:17.496Z","text":"\"error: duplicate key value violates unique constraint \\\"transaction_onlinefiscalnumber_key\\\"\\n    at Parser.parseErrorMessage (/home/almas/js-kofd/node_modules/pg-protocol/dist/parser.js:287:98)\\n    at Parser.handlePacket (/home/almas/js-kofd/node_modules/pg-protocol/dist/parser.js:126:29)\\n    at Parser.parse (/home/almas/js-kofd/node_modules/pg-protocol/dist/parser.js:39:38)\\n    at Socket.<anonymous> (/home/almas/js-kofd/node_modules/pg-protocol/dist/index.js:11:42)\\n    at Socket.emit (node:events:513:28)\\n    at addChunk (node:internal/streams/readable:324:12)\\n    at readableAddChunk (node:internal/streams/readable:297:9)\\n    at Readable.push (node:internal/streams/readable:234:10)\\n    at TCP.onStreamRead (node:internal/stream_base_commons:190:23)\"","point":"query"}
{"date":"2022-12-16T12:51:18.841Z","text":"ReferenceError: arrKnumber is not defined\n    at /home/almas/js-kofd/get/index.js:52:25\n    at process.processTicksAndRejections (node:internal/process/task_queues:95:5)","point":"getTransaction"}
{"date":"2022-12-16T12:51:18.859Z","text":"ReferenceError: arrKnumber is not defined\n    at /home/almas/js-kofd/get/index.js:52:25\n    at process.processTicksAndRejections (node:internal/process/task_queues:95:5)","point":"getTransaction"}
{"date":"2022-12-16T12:51:18.903Z","text":"ReferenceError: arrKnumber is not defined\n    at /home/almas/js-kofd/get/index.js:52:25\n    at process.processTicksAndRejections (node:internal/process/task_queues:95:5)","point":"getTransaction"}
{"date":"2022-12-16T12:51:18.916Z","text":"\"error: duplicate key value violates unique constraint \\\"transaction_onlinefiscalnumber_key\\\"\\n    at Parser.parseErrorMessage (/home/almas/js-kofd/node_modules/pg-protocol/dist/parser.js:287:98)\\n    at Parser.handlePacket (/home/almas/js-kofd/node_modules/pg-protocol/dist/parser.js:126:29)\\n    at Parser.parse (/home/almas/js-kofd/node_modules/pg-protocol/dist/parser.js:39:38)\\n    at Socket.<anonymous> (/home/almas/js-kofd/node_modules/pg-protocol/dist/index.js:11:42)\\n    at Socket.emit (node:events:513:28)\\n    at addChunk (node:internal/streams/readable:324:12)\\n    at readableAddChunk (node:internal/streams/readable:297:9)\\n    at Readable.push (node:internal/streams/readable:234:10)\\n    at TCP.onStreamRead (node:internal/stream_base_commons:190:23)\"","point":"query"}
{"date":"2022-12-16T12:55:42.993Z","text":"ReferenceError: arrKnumber is not defined\n    at /home/almas/js-kofd/get/index.js:52:25\n    at process.processTicksAndRejections (node:internal/process/task_queues:95:5)","point":"getTransaction"}
{"date":"2022-12-16T12:55:42.993Z","text":"ReferenceError: arrKnumber is not defined\n    at /home/almas/js-kofd/get/index.js:52:25\n    at process.processTicksAndRejections (node:internal/process/task_queues:95:5)","point":"getTransaction"}
{"date":"2022-12-16T12:55:43.093Z","text":"ReferenceError: arrKnumber is not defined\n    at /home/almas/js-kofd/get/index.js:52:25\n    at process.processTicksAndRejections (node:internal/process/task_queues:95:5)","point":"getTransaction"}
{"date":"2022-12-16T12:55:43.114Z","text":"\"error: duplicate key value violates unique constraint \\\"transaction_onlinefiscalnumber_key\\\"\\n    at Parser.parseErrorMessage (/home/almas/js-kofd/node_modules/pg-protocol/dist/parser.js:287:98)\\n    at Parser.handlePacket (/home/almas/js-kofd/node_modules/pg-protocol/dist/parser.js:126:29)\\n    at Parser.parse (/home/almas/js-kofd/node_modules/pg-protocol/dist/parser.js:39:38)\\n    at Socket.<anonymous> (/home/almas/js-kofd/node_modules/pg-protocol/dist/index.js:11:42)\\n    at Socket.emit (node:events:513:28)\\n    at addChunk (node:internal/streams/readable:324:12)\\n    at readableAddChunk (node:internal/streams/readable:297:9)\\n    at Readable.push (node:internal/streams/readable:234:10)\\n    at TCP.onStreamRead (node:internal/stream_base_commons:190:23)\"","point":"query"}
{"date":"2022-12-16T12:59:09.610Z","text":"ReferenceError: arrKnumber is not defined\n    at /home/almas/js-kofd/get/index.js:52:25\n    at process.processTicksAndRejections (node:internal/process/task_queues:95:5)","point":"getTransaction"}
{"date":"2022-12-16T12:59:09.611Z","text":"ReferenceError: arrKnumber is not defined\n    at /home/almas/js-kofd/get/index.js:52:25\n    at process.processTicksAndRejections (node:internal/process/task_queues:95:5)","point":"getTransaction"}
{"date":"2022-12-16T12:59:09.686Z","text":"ReferenceError: arrKnumber is not defined\n    at /home/almas/js-kofd/get/index.js:52:25\n    at process.processTicksAndRejections (node:internal/process/task_queues:95:5)","point":"getTransaction"}
{"date":"2022-12-16T12:59:09.701Z","text":"ReferenceError: arrKnumber is not defined\n    at /home/almas/js-kofd/get/index.js:52:25\n    at process.processTicksAndRejections (node:internal/process/task_queues:95:5)","point":"getTransaction"}
{"date":"2022-12-16T12:59:09.701Z","text":"\"error: duplicate key value violates unique constraint \\\"transaction_onlinefiscalnumber_key\\\"\\n    at Parser.parseErrorMessage (/home/almas/js-kofd/node_modules/pg-protocol/dist/parser.js:287:98)\\n    at Parser.handlePacket (/home/almas/js-kofd/node_modules/pg-protocol/dist/parser.js:126:29)\\n    at Parser.parse (/home/almas/js-kofd/node_modules/pg-protocol/dist/parser.js:39:38)\\n    at Socket.<anonymous> (/home/almas/js-kofd/node_modules/pg-protocol/dist/index.js:11:42)\\n    at Socket.emit (node:events:513:28)\\n    at addChunk (node:internal/streams/readable:324:12)\\n    at readableAddChunk (node:internal/streams/readable:297:9)\\n    at Readable.push (node:internal/streams/readable:234:10)\\n    at TCP.onStreamRead (node:internal/stream_base_commons:190:23)\"","point":"query"}
{"date":"2022-12-16T13:07:40.050Z","text":"ReferenceError: arrKnumber is not defined\n    at /home/almas/js-kofd/get/index.js:52:25\n    at process.processTicksAndRejections (node:internal/process/task_queues:95:5)","point":"getTransaction"}
{"date":"2022-12-16T13:07:40.052Z","text":"ReferenceError: arrKnumber is not defined\n    at /home/almas/js-kofd/get/index.js:52:25\n    at process.processTicksAndRejections (node:internal/process/task_queues:95:5)","point":"getTransaction"}
{"date":"2022-12-16T13:07:40.113Z","text":"ReferenceError: arrKnumber is not defined\n    at /home/almas/js-kofd/get/index.js:52:25\n    at process.processTicksAndRejections (node:internal/process/task_queues:95:5)","point":"getTransaction"}
{"date":"2022-12-16T13:07:40.133Z","text":"ReferenceError: arrKnumber is not defined\n    at /home/almas/js-kofd/get/index.js:52:25\n    at process.processTicksAndRejections (node:internal/process/task_queues:95:5)","point":"getTransaction"}
{"date":"2022-12-16T13:38:25.688Z","text":"\"error: syntax error at or near \\\"Dec\\\"\\n    at Parser.parseErrorMessage (/home/almas/js-kofd/node_modules/pg-protocol/dist/parser.js:287:98)\\n    at Parser.handlePacket (/home/almas/js-kofd/node_modules/pg-protocol/dist/parser.js:126:29)\\n    at Parser.parse (/home/almas/js-kofd/node_modules/pg-protocol/dist/parser.js:39:38)\\n    at Socket.<anonymous> (/home/almas/js-kofd/node_modules/pg-protocol/dist/index.js:11:42)\\n    at Socket.emit (node:events:513:28)\\n    at addChunk (node:internal/streams/readable:324:12)\\n    at readableAddChunk (node:internal/streams/readable:297:9)\\n    at Readable.push (node:internal/streams/readable:234:10)\\n    at TCP.onStreamRead (node:internal/stream_base_commons:190:23)\"","point":"query"}
{"date":"2022-12-16T15:00:11.593Z","text":"\"error: syntax error at or near \\\"ON\\\"\\n    at Parser.parseErrorMessage (/home/almas/js-kofd/node_modules/pg-protocol/dist/parser.js:287:98)\\n    at Parser.handlePacket (/home/almas/js-kofd/node_modules/pg-protocol/dist/parser.js:126:29)\\n    at Parser.parse (/home/almas/js-kofd/node_modules/pg-protocol/dist/parser.js:39:38)\\n    at Socket.<anonymous> (/home/almas/js-kofd/node_modules/pg-protocol/dist/index.js:11:42)\\n    at Socket.emit (node:events:513:28)\\n    at addChunk (node:internal/streams/readable:324:12)\\n    at readableAddChunk (node:internal/streams/readable:297:9)\\n    at Readable.push (node:internal/streams/readable:234:10)\\n    at TCP.onStreamRead (node:internal/stream_base_commons:190:23)\"","point":"query"}
{"date":"2022-12-16T15:00:11.593Z","text":"\"error: syntax error at or near \\\"ON\\\"\\n    at Parser.parseErrorMessage (/home/almas/js-kofd/node_modules/pg-protocol/dist/parser.js:287:98)\\n    at Parser.handlePacket (/home/almas/js-kofd/node_modules/pg-protocol/dist/parser.js:126:29)\\n    at Parser.parse (/home/almas/js-kofd/node_modules/pg-protocol/dist/parser.js:39:38)\\n    at Socket.<anonymous> (/home/almas/js-kofd/node_modules/pg-protocol/dist/index.js:11:42)\\n    at Socket.emit (node:events:513:28)\\n    at addChunk (node:internal/streams/readable:324:12)\\n    at readableAddChunk (node:internal/streams/readable:297:9)\\n    at Readable.push (node:internal/streams/readable:234:10)\\n    at TCP.onStreamRead (node:internal/stream_base_commons:190:23)\"","point":"query"}
{"date":"2022-12-16T15:01:19.293Z","text":"\"error: syntax error at or near \\\"ON\\\"\\n    at Parser.parseErrorMessage (/home/almas/js-kofd/node_modules/pg-protocol/dist/parser.js:287:98)\\n    at Parser.handlePacket (/home/almas/js-kofd/node_modules/pg-protocol/dist/parser.js:126:29)\\n    at Parser.parse (/home/almas/js-kofd/node_modules/pg-protocol/dist/parser.js:39:38)\\n    at Socket.<anonymous> (/home/almas/js-kofd/node_modules/pg-protocol/dist/index.js:11:42)\\n    at Socket.emit (node:events:513:28)\\n    at addChunk (node:internal/streams/readable:324:12)\\n    at readableAddChunk (node:internal/streams/readable:297:9)\\n    at Readable.push (node:internal/streams/readable:234:10)\\n    at TCP.onStreamRead (node:internal/stream_base_commons:190:23)\"","point":"query"}
{"date":"2022-12-16T15:16:59.926Z","text":"\"error: constraint \\\"unique_person\\\" for table \\\"transaction\\\" does not exist\\n    at Parser.parseErrorMessage (/home/almas/js-kofd/node_modules/pg-protocol/dist/parser.js:287:98)\\n    at Parser.handlePacket (/home/almas/js-kofd/node_modules/pg-protocol/dist/parser.js:126:29)\\n    at Parser.parse (/home/almas/js-kofd/node_modules/pg-protocol/dist/parser.js:39:38)\\n    at Socket.<anonymous> (/home/almas/js-kofd/node_modules/pg-protocol/dist/index.js:11:42)\\n    at Socket.emit (node:events:513:28)\\n    at addChunk (node:internal/streams/readable:324:12)\\n    at readableAddChunk (node:internal/streams/readable:297:9)\\n    at Readable.push (node:internal/streams/readable:234:10)\\n    at TCP.onStreamRead (node:internal/stream_base_commons:190:23)\"","point":"query"}
{"date":"2022-12-20T11:45:19.528Z","text":"ReferenceError: url is not defined\n    at getTransaction (/home/almas/js-kofd/get/api.js:89:7)\n    at async Promise.all (index 0)","point":"getTransaction"}
{"date":"2022-12-20T11:45:19.528Z","text":"ReferenceError: url is not defined\n    at getTransaction (/home/almas/js-kofd/get/api.js:89:7)\n    at async Promise.all (index 0)","point":"getTransaction"}
{"date":"2022-12-20T11:45:19.528Z","text":"ReferenceError: url is not defined\n    at getTransaction (/home/almas/js-kofd/get/api.js:89:7)\n    at async Promise.all (index 0)","point":"getTransaction"}
{"date":"2022-12-20T11:45:19.529Z","text":"ReferenceError: url is not defined\n    at getTransaction (/home/almas/js-kofd/get/api.js:89:7)\n    at async Promise.all (index 0)","point":"getTransaction"}
{"date":"2022-12-20T11:48:59.358Z","text":"ReferenceError: url is not defined\n    at getTransaction (/home/almas/js-kofd/get/api.js:89:7)\n    at async Promise.all (index 0)","point":"getTransaction"}
{"date":"2022-12-20T11:48:59.358Z","text":"ReferenceError: url is not defined\n    at getTransaction (/home/almas/js-kofd/get/api.js:89:7)\n    at async Promise.all (index 0)","point":"getTransaction"}
{"date":"2022-12-20T11:48:59.358Z","text":"ReferenceError: url is not defined\n    at getTransaction (/home/almas/js-kofd/get/api.js:89:7)\n    at async Promise.all (index 0)","point":"getTransaction"}
{"date":"2022-12-20T11:48:59.358Z","text":"ReferenceError: url is not defined\n    at getTransaction (/home/almas/js-kofd/get/api.js:89:7)\n    at async Promise.all (index 0)","point":"getTransaction"}
{"date":"2022-12-20T11:51:57.357Z","text":{"code":-1,"text":"Input string was not in a correct format."},"point":"getData"}
{"date":"2022-12-20T11:51:57.357Z","text":{"code":-1,"text":"Input string was not in a correct format."},"point":"getData"}
{"date":"2022-12-20T11:53:59.163Z","text":"ReferenceError: url is not defined\n    at getTransaction (/home/almas/js-kofd/get/api.js:88:17)\n    at async Promise.all (index 0)","point":"getTransaction"}
{"date":"2022-12-20T11:53:59.163Z","text":"ReferenceError: url is not defined\n    at getTransaction (/home/almas/js-kofd/get/api.js:88:17)\n    at async Promise.all (index 0)","point":"getTransaction"}
{"date":"2022-12-20T11:53:59.163Z","text":"ReferenceError: url is not defined\n    at getTransaction (/home/almas/js-kofd/get/api.js:88:17)\n    at async Promise.all (index 0)","point":"getTransaction"}
{"date":"2022-12-20T11:53:59.164Z","text":"ReferenceError: url is not defined\n    at getTransaction (/home/almas/js-kofd/get/api.js:88:17)\n    at async Promise.all (index 0)","point":"getTransaction"}
{"date":"2022-12-20T11:55:34.314Z","text":{"code":-1,"text":"Input string was not in a correct format."},"point":"getData"}
{"date":"2022-12-20T11:56:51.633Z","text":{"code":-1,"text":"Unexpected character encountered while parsing number: T. Path '[0][1]', line 1, position 33."},"point":"getData"}
{"date":"2022-12-20T12:06:33.362Z","text":{"code":-1,"text":"Input string was not in a correct format."},"point":"getData"}
{"date":"2022-12-20T12:14:22.534Z","text":{"code":-1,"text":"Unexpected character encountered while parsing number: T. Path '[0][1]', line 1, position 33."},"point":"getData"}
{"date":"2022-12-20T12:14:22.534Z","text":{"code":-1,"text":"Unexpected character encountered while parsing number: T. Path '[0][1]', line 1, position 33."},"point":"getData"}
{"date":"2022-12-20T12:21:28.069Z","text":{"code":-1,"text":"Unexpected character encountered while parsing number: T. Path '[0][1]', line 1, position 33."},"point":"getData"}
{"date":"2022-12-20T12:21:28.069Z","text":{"code":-1,"text":"Unexpected character encountered while parsing number: T. Path '[0][1]', line 1, position 33."},"point":"getData"}
{"date":"2022-12-20T12:22:31.807Z","text":{"code":-1,"text":"Unexpected character encountered while parsing number: T. Path '[0][1]', line 1, position 33."},"point":"getData"}
{"date":"2022-12-20T12:22:31.808Z","text":{"code":-1,"text":"Unexpected character encountered while parsing number: T. Path '[0][1]', line 1, position 33."},"point":"getData"}
{"date":"2022-12-20T12:23:58.649Z","text":{"code":-1,"text":"Unexpected character encountered while parsing number: T. Path '[0][1]', line 1, position 33."},"point":"getData"}
{"date":"2022-12-20T12:25:37.930Z","text":{"code":-1,"text":"Unexpected character encountered while parsing number: T. Path '[0][1]', line 1, position 33."},"point":"getData"}
{"date":"2022-12-20T12:25:37.930Z","text":{"code":-1,"text":"Unexpected character encountered while parsing number: T. Path '[0][1]', line 1, position 33."},"point":"getData"}
{"date":"2022-12-20T12:29:12.371Z","text":{"code":-1,"text":"Unexpected character encountered while parsing number: T. Path '[0][1]', line 1, position 35."},"point":"getData"}
{"date":"2022-12-20T12:29:12.371Z","text":{"code":-1,"text":"Unexpected character encountered while parsing number: T. Path '[0][1]', line 1, position 35."},"point":"getData"}
{"date":"2022-12-20T12:41:42.301Z","text":{"code":-1,"text":"Unexpected character encountered while parsing number: T. Path '[0][1]', line 1, position 35."},"point":"getData"}
{"date":"2022-12-20T12:41:42.302Z","text":{"code":-1,"text":"Unexpected character encountered while parsing number: T. Path '[0][1]', line 1, position 35."},"point":"getData"}
{"date":"2022-12-20T12:45:44.596Z","text":{"code":-1,"text":"Unexpected character encountered while parsing number: T. Path '[0][1]', line 1, position 35."},"point":"getData"}
{"date":"2022-12-20T12:49:22.231Z","text":{"code":-1,"text":"Specified method is not supported."},"point":"getData"}
{"date":"2022-12-20T12:49:22.231Z","text":{"code":-1,"text":"Specified method is not supported."},"point":"getData"}
{"date":"2022-12-20T12:51:51.415Z","text":{"message":"timeout of 2000ms exceeded","name":"AxiosError","stack":"AxiosError: timeout of 2000ms exceeded\n    at RedirectableRequest.handleRequestTimeout (/home/almas/js-kofd/node_modules/axios/dist/node/axios.cjs:2770:16)\n    at RedirectableRequest.emit (node:events:513:28)\n    at Timeout.<anonymous> (/home/almas/js-kofd/node_modules/follow-redirects/index.js:169:12)\n    at listOnTimeout (node:internal/timers:564:17)\n    at process.processTimers (node:internal/timers:507:7)","config":{"transitional":{"silentJSONParsing":true,"forcedJSONParsing":true,"clarifyTimeoutError":false},"adapter":["xhr","http"],"transformRequest":[null],"transformResponse":[null],"timeout":2000,"xsrfCookieName":"XSRF-TOKEN","xsrfHeaderName":"X-XSRF-TOKEN","maxContentLength":-1,"maxBodyLength":-1,"env":{},"headers":{"Accept":"application/json, text/plain, */*","Content-Type":"application/json","Authorization":"Bearer eyJhbGciOiJIUzI1NiIsInR5cCI6IkpXVCJ9.eyJodHRwOi8vc2NoZW1hcy54bWxzb2FwLm9yZy93cy8yMDA1LzA1L2lkZW50aXR5L2NsYWltcy9uYW1lIjoiSUlONzkwMTI1NDAwMzM2IiwiT3JnYW5pemF0aW9uWGluIjoiNzkwMTI1NDAwMzM2IiwiUHJvZmlsZUlkIjoiNTMwMyIsIlByb2ZpbGVJaW4iOiI3OTAxMjU0MDAzMzYiLCJodHRwOi8vc2NoZW1hcy5taWNyb3NvZnQuY29tL3dzLzIwMDgvMDYvaWRlbnRpdHkvY2xhaW1zL3JvbGUiOlsiMCIsIjEiLCIyIiwiMyIsIjQiLCI1IiwiNiIsIjgiLCI5IiwiNyIsIjExIiwiMTIiLCIxMyIsIjEwIiwiMjAiLCIyMSIsIjIyIl0sIm5iZiI6MTY3MTU0MDcwNywiZXhwIjoxNjcxNTQ0MzA3LCJpc3MiOiJLYXpUcmFuc2NvbSIsImF1ZCI6Imh0dHBzOi8vY2FiaW5ldC5rb2ZkLmt6In0.RKHmmOC96lwIsq4Rn0aeTZGM9PUm8Wrl-zohbGt_McU","User-Agent":"axios/1.2.1","Accept-Encoding":"gzip, compress, deflate, br"},"method":"get","url":"https://cabinet.kofd.kz/api/operations?skip=0&take=40&requireTotalCount=true&sort=%5B%7B%22selector%22%3A%22operationDate%22%2C%22desc%22%3Atrue%7D%5D&filter=%5B%5B%22operationDate%22%2C%22%3E=%22%2C%222022-12-01T00%3A00%3A00.000%2B06%3A00%22%5D%2C%22and%22%2C%5B%22operationDate%22%2C%22%3C=%22%2C%222022-12-31T23%3A59%3A59.999%2B06%3A00%22%5D%5D&cashboxId=18832","httpsAgent":{"_events":{},"_eventsCount":2,"defaultPort":443,"protocol":"https:","options":{"rejectUnauthorized":false,"noDelay":true,"path":null},"requests":{},"sockets":{"cabinet.kofd.kz:443::::::::false:::::::::::::":[{"_tlsOptions":{"pipe":false,"secureContext":{"context":{}},"isServer":false,"requestCert":true,"rejectUnauthorized":false,"session":{"type":"Buffer","data":[48,130,6,188,2,1,1,2,2,3,3,4,2,192,48,4,32,210,121,9,83,241,128,255,75,227,5,106,156,148,198,164,178,6,36,100,126,122,96,56,54,254,237,156,36,38,128,73,255,4,48,68,31,146,80,30,209,1,42,129,103,39,77,46,233,241,136,60,109,205,75,224,11,195,179,145,24,210,69,68,145,64,85,241,147,40,91,169,135,240,239,210,39,88,190,20,85,215,25,161,6,2,4,99,161,175,229,162,4,2,2,28,32,163,130,6,42,48,130,6,38,48,130,5,14,160,3,2,1,2,2,17,0,230,140,250,71,153,198,13,131,218,100,135,75,46,145,152,24,48,13,6,9,42,134,72,134,247,13,1,1,11,5,0,48,129,143,49,11,48,9,6,3,85,4,6,19,2,71,66,49,27,48,25,6,3,85,4,8,19,18,71,114,101,97,116,101,114,32,77,97,110,99,104,101,115,116,101,114,49,16,48,14,6,3,85,4,7,19,7,83,97,108,102,111,114,100,49,24,48,22,6,3,85,4,10,19,15,83,101,99,116,105,103,111,32,76,105,109,105,116,101,100,49,55,48,53,6,3,85,4,3,19,46,83,101,99,116,105,103,111,32,82,83,65,32,68,111,109,97,105,110,32,86,97,108,105,100,97,116,105,111,110,32,83,101,99,117,114,101,32,83,101,114,118,101,114,32,67,65,48,30,23,13,50,50,48,50,48,56,48,48,48,48,48,48,90,23,13,50,51,48,51,49,48,50,51,53,57,53,57,90,48,20,49,18,48,16,6,3,85,4,3,12,9,42,46,107,111,102,100,46,107,122,48,130,1,34,48,13,6,9,42,134,72,134,247,13,1,1,1,5,0,3,130,1,15,0,48,130,1,10,2,130,1,1,0,239,148,8,199,168,95,30,59,204,51,68,6,255,192,96,238,113,250,26,178,45,86,166,15,255,115,131,130,10,241,69,173,96,174,62,143,54,20,36,8,28,113,243,235,207,55,75,160,80,182,162,237,120,211,134,154,230,79,70,153,86,149,239,8,132,188,230,238,198,101,191,153,149,38,170,31,95,155,180,78,231,205,72,13,139,119,101,107,60,103,202,163,4,8,48,9,58,97,228,138,101,185,92,202,68,183,176,184,248,200,184,60,87,224,11,145,193,14,110,147,7,174,185,41,217,160,57,247,61,95,7,20,12,130,140,45,32,195,217,200,21,204,136,198,98,16,193,186,134,171,188,123,161,204,191,254,254,35,86,144,244,212,101,243,238,29,114,205,1,55,232,154,242,12,93,71,98,236,74,89,88,188,61,26,89,135,27,238,143,254,187,152,62,166,96,208,69,187,74,38,11,129,194,113,143,218,247,106,80,85,152,96,196,247,31,219,216,148,209,160,172,210,199,248,83,178,164,96,77,53,98,1,64,121,128,160,150,9,16,24,100,214,74,164,238,191,187,17,40,158,4,35,199,139,245,195,2,3,1,0,1,163,130,2,245,48,130,2,241,48,31,6,3,85,29,35,4,24,48,22,128,20,141,140,94,196,84,173,138,225,119,233,155,249,155,5,225,184,1,141,97,225,48,29,6,3,85,29,14,4,22,4,20,141,227,106,177,231,50,235,253,13,89,117,65,145,65,58,153,165,201,92,245,48,14,6,3,85,29,15,1,1,255,4,4,3,2,5,160,48,12,6,3,85,29,19,1,1,255,4,2,48,0,48,29,6,3,85,29,37,4,22,48,20,6,8,43,6,1,5,5,7,3,1,6,8,43,6,1,5,5,7,3,2,48,73,6,3,85,29,32,4,66,48,64,48,52,6,11,43,6,1,4,1,178,49,1,2,2,7,48,37,48,35,6,8,43,6,1,5,5,7,2,1,22,23,104,116,116,112,115,58,47,47,115,101,99,116,105,103,111,46,99,111,109,47,67,80,83,48,8,6,6,103,129,12,1,2,1,48,129,132,6,8,43,6,1,5,5,7,1,1,4,120,48,118,48,79,6,8,43,6,1,5,5,7,48,2,134,67,104,116,116,112,58,47,47,99,114,116,46,115,101,99,116,105,103,111,46,99,111,109,47,83,101,99,116,105,103,111,82,83,65,68,111,109,97,105,110,86,97,108,105,100,97,116,105,111,110,83,101,99,117,114,101,83,101,114,118,101,114,67,65,46,99,114,116,48,35,6,8,43,6,1,5,5,7,48,1,134,23,104,116,116,112,58,47,47,111,99,115,112,46,115,101,99,116,105,103,111,46,99,111,109,48,29,6,3,85,29,17,4,22,48,20,130,9,42,46,107,111,102,100,46,107,122,130,7,107,111,102,100,46,107,122,48,130,1,127,6,10,43,6,1,4,1,214,121,2,4,2,4,130,1,111,4,130,1,107,1,105,0,119,0,173,247,190,250,124,255,16,200,139,157,61,156,30,62,24,106,180,103,41,93,207,177,12,36,202,133,134,52,235,220,130,138,0,0,1,126,216,78,38,193,0,0,4,3,0,72,48,70,2,33,0,245,223,102,14,91,49,157,44,238,246,187,111,3,208,205,227,58,139,79,180,174,136,247,21,74,43,232,247,174,255,160,70,2,33,0,206,255,12,100,22,23,181,241,197,86,243,143,107,132,18,59,167,68,133,44,127,235,1,116,61,73,125,237,141,155,109,158,0,118,0,122,50,140,84,216,183,45,182,32,234,56,224,82,30,233,132,22,112,50,19,133,77,59,210,43,193,58,87,163,82,235,82,0,0,1,126,216,78,38,140,0,0,4,3,0,71,48,69,2,32,93,136,148,73,31,106,142,207,93,100,128,134,202,250,87,131,0,201,225,116,222,126,44,93,155,210,94,66,101,8,138,86,2,33,0,254,61,95,221,15,157,238,212,252,91,179,125,227,143,85,221,54,191,115,60,248,179,50,204,122,112,35,116,202,51,210,191,0,118,0,232,62,208,218,62,245,6,53,50,231,87,40,188,137,107,201,3,211,203,209,17,107,236,235,105,225,119,125,109,6,189,110,0,0,1,126,216,78,38,99,0,0,4,3,0,71,48,69,2,33,0,205,48,15,85,249,241,26,67,50,43,173,165,170,22,29,215,30,224,6,15,106,66,197,169,23,46,73,91,217,45,214,52,2,32,21,79,113,119,87,36,23,156,166,146,90,91,74,186,177,5,164,244,231,127,154,142,124,79,122,67,56,30,139,27,141,71,48,13,6,9,42,134,72,134,247,13,1,1,11,5,0,3,130,1,1,0,140,183,102,198,170,136,228,117,35,209,203,50,131,110,220,158,228,49,57,242,105,213,235,121,52,175,43,11,111,31,50,78,41,47,58,93,86,69,196,188,166,224,145,94,204,209,242,148,168,167,80,169,242,117,119,156,192,185,212,143,159,234,17,242,33,230,109,213,217,143,53,221,158,130,181,30,98,219,238,9,207,208,240,103,66,230,145,106,47,33,105,232,115,219,229,239,173,69,39,106,243,146,255,20,204,191,197,94,5,243,43,206,236,0,10,8,80,219,220,112,179,132,80,150,69,233,97,120,106,156,38,37,194,212,14,105,3,112,58,66,161,214,36,43,185,63,99,76,74,200,173,20,4,195,113,8,218,30,174,164,146,43,57,200,168,245,245,96,200,10,198,41,98,249,215,206,69,76,47,27,188,226,206,168,177,150,240,196,11,18,169,118,58,126,249,234,234,199,19,188,76,11,79,39,98,89,211,135,79,236,26,28,124,212,55,89,191,180,28,54,255,6,76,38,30,162,120,190,29,104,184,108,22,166,22,241,240,217,145,80,228,152,75,65,243,63,230,184,25,59,42,99,180,44,63,162,164,2,4,0,165,3,2,1,21,166,17,4,15,99,97,98,105,110,101,116,46,107,111,102,100,46,107,122,179,3,2,1,23]}},"_secureEstablished":true,"_securePending":false,"_newSessionPending":false,"_controlReleased":true,"secureConnecting":false,"_SNICallback":null,"servername":"cabinet.kofd.kz","alpnProtocol":false,"authorized":false,"authorizationError":"UNABLE_TO_VERIFY_LEAF_SIGNATURE","encrypted":true,"_events":{"close":[null,null,null,null],"end":[null,null],"timeout":[null,null]},"_eventsCount":11,"connecting":false,"_hadError":false,"_parent":null,"_host":"cabinet.kofd.kz","_closeAfterHandlingError":false,"_readableState":{"objectMode":false,"highWaterMark":16384,"buffer":{"head":null,"tail":null,"length":0},"length":0,"pipes":[],"flowing":true,"ended":false,"endEmitted":false,"reading":true,"constructed":true,"sync":false,"needReadable":true,"emittedReadable":false,"readableListening":false,"resumeScheduled":false,"errorEmitted":false,"emitClose":false,"autoDestroy":true,"destroyed":false,"errored":null,"closed":false,"closeEmitted":false,"defaultEncoding":"utf8","awaitDrainWriters":null,"multiAwaitDrain":false,"readingMore":false,"dataEmitted":false,"decoder":null,"encoding":null},"_writableState":{"objectMode":false,"highWaterMark":16384,"finalCalled":false,"needDrain":false,"ending":false,"ended":false,"finished":false,"destroyed":false,"decodeStrings":false,"defaultEncoding":"utf8","length":0,"writing":false,"corked":0,"sync":false,"bufferProcessing":false,"writecb":null,"writelen":0,"afterWriteTickInfo":null,"buffered":[],"bufferedIndex":0,"allBuffers":true,"allNoop":true,"pendingcb":0,"constructed":true,"prefinished":false,"errorEmitted":false,"emitClose":false,"autoDestroy":true,"errored":null,"closed":false,"closeEmitted":false},"allowHalfOpen":false,"_sockname":null,"_pendingData":null,"_pendingEncoding":"","_server":null,"ssl":{"_parent":{"reading":true,"onconnection":null},"_secureContext":{"context":{}},"reading":true},"_requestCert":true,"_rejectUnauthorized":false,"parser":{"0":null,"5":null,"6":null,"_headers":[],"_url":"","incoming":null,"outgoing":{"_events":{},"_eventsCount":7,"outputData":[],"outputSize":0,"writable":true,"destroyed":false,"_last":true,"chunkedEncoding":false,"shouldKeepAlive":false,"maxRequestsOnConnectionReached":false,"_defaultKeepAlive":true,"useChunkedEncodingByDefault":false,"sendDate":false,"_removedConnection":false,"_removedContLen":false,"_removedTE":false,"strictContentLength":false,"_contentLength":0,"_hasBody":true,"_trailer":"","finished":true,"_headerSent":true,"_closed":false,"_header":"GET /api/operations?skip=0&take=40&requireTotalCount=true&sort=%5B%7B%22selector%22%3A%22operationDate%22%2C%22desc%22%3Atrue%7D%5D&filter=%5B%5B%22operationDate%22%2C%22%3E=%22%2C%222022-12-01T00%3A00%3A00.000%2B06%3A00%22%5D%2C%22and%22%2C%5B%22operationDate%22%2C%22%3C=%22%2C%222022-12-31T23%3A59%3A59.999%2B06%3A00%22%5D%5D&cashboxId=18832 HTTP/1.1\r\nAccept: application/json, text/plain, */*\r\nContent-Type: application/json\r\nAuthorization: Bearer eyJhbGciOiJIUzI1NiIsInR5cCI6IkpXVCJ9.eyJodHRwOi8vc2NoZW1hcy54bWxzb2FwLm9yZy93cy8yMDA1LzA1L2lkZW50aXR5L2NsYWltcy9uYW1lIjoiSUlONzkwMTI1NDAwMzM2IiwiT3JnYW5pemF0aW9uWGluIjoiNzkwMTI1NDAwMzM2IiwiUHJvZmlsZUlkIjoiNTMwMyIsIlByb2ZpbGVJaW4iOiI3OTAxMjU0MDAzMzYiLCJodHRwOi8vc2NoZW1hcy5taWNyb3NvZnQuY29tL3dzLzIwMDgvMDYvaWRlbnRpdHkvY2xhaW1zL3JvbGUiOlsiMCIsIjEiLCIyIiwiMyIsIjQiLCI1IiwiNiIsIjgiLCI5IiwiNyIsIjExIiwiMTIiLCIxMyIsIjEwIiwiMjAiLCIyMSIsIjIyIl0sIm5iZiI6MTY3MTU0MDcwNywiZXhwIjoxNjcxNTQ0MzA3LCJpc3MiOiJLYXpUcmFuc2NvbSIsImF1ZCI6Imh0dHBzOi8vY2FiaW5ldC5rb2ZkLmt6In0.RKHmmOC96lwIsq4Rn0aeTZGM9PUm8Wrl-zohbGt_McU\r\nUser-Agent: axios/1.2.1\r\nAccept-Encoding: gzip, compress, deflate, br\r\nHost: cabinet.kofd.kz\r\nConnection: close\r\n\r\n","_keepAliveTimeout":0,"method":"GET","path":"/api/operations?skip=0&take=40&requireTotalCount=true&sort=%5B%7B%22selector%22%3A%22operationDate%22%2C%22desc%22%3Atrue%7D%5D&filter=%5B%5B%22operationDate%22%2C%22%3E=%22%2C%222022-12-01T00%3A00%3A00.000%2B06%3A00%22%5D%2C%22and%22%2C%5B%22operationDate%22%2C%22%3C=%22%2C%222022-12-31T23%3A59%3A59.999%2B06%3A00%22%5D%5D&cashboxId=18832","_ended":false,"res":null,"aborted":false,"timeoutCb":null,"upgradeOrConnect":false,"maxHeadersCount":null,"reusedSocket":false,"host":"cabinet.kofd.kz","protocol":"https:","_redirectable":{"_writableState":{"objectMode":false,"highWaterMark":16384,"finalCalled":false,"needDrain":false,"ending":false,"ended":false,"finished":false,"destroyed":false,"decodeStrings":true,"defaultEncoding":"utf8","length":0,"writing":false,"corked":0,"sync":true,"bufferProcessing":false,"writecb":null,"writelen":0,"afterWriteTickInfo":null,"buffered":[],"bufferedIndex":0,"allBuffers":true,"allNoop":true,"pendingcb":0,"constructed":true,"prefinished":false,"errorEmitted":false,"emitClose":true,"autoDestroy":true,"errored":null,"closed":false,"closeEmitted":false},"_events":{"socket":[null,null]},"_eventsCount":3,"_options":{"maxRedirects":21,"maxBodyLength":null,"protocol":"https:","path":"/api/operations?skip=0&take=40&requireTotalCount=true&sort=%5B%7B%22selector%22%3A%22operationDate%22%2C%22desc%22%3Atrue%7D%5D&filter=%5B%5B%22operationDate%22%2C%22%3E=%22%2C%222022-12-01T00%3A00%3A00.000%2B06%3A00%22%5D%2C%22and%22%2C%5B%22operationDate%22%2C%22%3C=%22%2C%222022-12-31T23%3A59%3A59.999%2B06%3A00%22%5D%5D&cashboxId=18832","method":"GET","headers":{"Accept":"application/json, text/plain, */*","Content-Type":"application/json","Authorization":"Bearer eyJhbGciOiJIUzI1NiIsInR5cCI6IkpXVCJ9.eyJodHRwOi8vc2NoZW1hcy54bWxzb2FwLm9yZy93cy8yMDA1LzA1L2lkZW50aXR5L2NsYWltcy9uYW1lIjoiSUlONzkwMTI1NDAwMzM2IiwiT3JnYW5pemF0aW9uWGluIjoiNzkwMTI1NDAwMzM2IiwiUHJvZmlsZUlkIjoiNTMwMyIsIlByb2ZpbGVJaW4iOiI3OTAxMjU0MDAzMzYiLCJodHRwOi8vc2NoZW1hcy5taWNyb3NvZnQuY29tL3dzLzIwMDgvMDYvaWRlbnRpdHkvY2xhaW1zL3JvbGUiOlsiMCIsIjEiLCIyIiwiMyIsIjQiLCI1IiwiNiIsIjgiLCI5IiwiNyIsIjExIiwiMTIiLCIxMyIsIjEwIiwiMjAiLCIyMSIsIjIyIl0sIm5iZiI6MTY3MTU0MDcwNywiZXhwIjoxNjcxNTQ0MzA3LCJpc3MiOiJLYXpUcmFuc2NvbSIsImF1ZCI6Imh0dHBzOi8vY2FiaW5ldC5rb2ZkLmt6In0.RKHmmOC96lwIsq4Rn0aeTZGM9PUm8Wrl-zohbGt_McU","User-Agent":"axios/1.2.1","Accept-Encoding":"gzip, compress, deflate, br"},"agents":{},"beforeRedirects":{},"hostname":"cabinet.kofd.kz","port":"","nativeProtocols":{"http:":{"METHODS":["ACL","BIND","CHECKOUT","CONNECT","COPY","DELETE","GET","HEAD","LINK","LOCK","M-SEARCH","MERGE","MKACTIVITY","MKCALENDAR","MKCOL","MOVE","NOTIFY","OPTIONS","PATCH","POST","PROPFIND","PROPPATCH","PURGE","PUT","REBIND","REPORT","SEARCH","SOURCE","SUBSCRIBE","TRACE","UNBIND","UNLINK","UNLOCK","UNSUBSCRIBE"],"STATUS_CODES":{"100":"Continue","101":"Switching Protocols","102":"Processing","103":"Early Hints","200":"OK","201":"Created","202":"Accepted","203":"Non-Authoritative Information","204":"No Content","205":"Reset Content","206":"Partial Content","207":"Multi-Status","208":"Already Reported","226":"IM Used","300":"Multiple Choices","301":"Moved Permanently","302":"Found","303":"See Other","304":"Not Modified","305":"Use Proxy","307":"Temporary Redirect","308":"Permanent Redirect","400":"Bad Request","401":"Unauthorized","402":"Payment Required","403":"Forbidden","404":"Not Found","405":"Method Not Allowed","406":"Not Acceptable","407":"Proxy Authentication Required","408":"Request Timeout","409":"Conflict","410":"Gone","411":"Length Required","412":"Precondition Failed","413":"Payload Too Large","414":"URI Too Long","415":"Unsupported Media Type","416":"Range Not Satisfiable","417":"Expectation Failed","418":"I'm a Teapot","421":"Misdirected Request","422":"Unprocessable Entity","423":"Locked","424":"Failed Dependency","425":"Too Early","426":"Upgrade Required","428":"Precondition Required","429":"Too Many Requests","431":"Request Header Fields Too Large","451":"Unavailable For Legal Reasons","500":"Internal Server Error","501":"Not Implemented","502":"Bad Gateway","503":"Service Unavailable","504":"Gateway Timeout","505":"HTTP Version Not Supported","506":"Variant Also Negotiates","507":"Insufficient Storage","508":"Loop Detected","509":"Bandwidth Limit Exceeded","510":"Not Extended","511":"Network Authentication Required"},"maxHeaderSize":16384,"globalAgent":{"_events":{},"_eventsCount":2,"defaultPort":80,"protocol":"http:","options":{"keepAlive":true,"scheduling":"lifo","timeout":5000,"noDelay":true,"path":null},"requests":{},"sockets":{},"freeSockets":{},"keepAliveMsecs":1000,"keepAlive":true,"maxSockets":null,"maxFreeSockets":256,"scheduling":"lifo","maxTotalSockets":null,"totalSocketCount":0}},"https:":{"globalAgent":{"_events":{},"_eventsCount":2,"defaultPort":443,"protocol":"https:","options":{"keepAlive":true,"scheduling":"lifo","timeout":5000,"noDelay":true,"path":null},"requests":{},"sockets":{},"freeSockets":{},"keepAliveMsecs":1000,"keepAlive":true,"maxSockets":null,"maxFreeSockets":256,"scheduling":"lifo","maxTotalSockets":null,"totalSocketCount":0,"maxCachedSessions":100,"_sessionCache":{"map":{},"list":[]}}}},"pathname":"/api/operations","search":"?skip=0&take=40&requireTotalCount=true&sort=%5B%7B%22selector%22%3A%22operationDate%22%2C%22desc%22%3Atrue%7D%5D&filter=%5B%5B%22operationDate%22%2C%22%3E=%22%2C%222022-12-01T00%3A00%3A00.000%2B06%3A00%22%5D%2C%22and%22%2C%5B%22operationDate%22%2C%22%3C=%22%2C%222022-12-31T23%3A59%3A59.999%2B06%3A00%22%5D%5D&cashboxId=18832"},"_ended":true,"_ending":true,"_redirectCount":0,"_redirects":[],"_requestBodyLength":0,"_requestBodyBuffers":[],"_currentUrl":"https://cabinet.kofd.kz/api/operations?skip=0&take=40&requireTotalCount=true&sort=%5B%7B%22selector%22%3A%22operationDate%22%2C%22desc%22%3Atrue%7D%5D&filter=%5B%5B%22operationDate%22%2C%22%3E=%22%2C%222022-12-01T00%3A00%3A00.000%2B06%3A00%22%5D%2C%22and%22%2C%5B%22operationDate%22%2C%22%3C=%22%2C%222022-12-31T23%3A59%3A59.999%2B06%3A00%22%5D%5D&cashboxId=18832","_timeout":null}},"maxHeaderPairs":2000,"_consumed":false},"_httpMessage":{"_events":{},"_eventsCount":7,"outputData":[],"outputSize":0,"writable":true,"destroyed":false,"_last":true,"chunkedEncoding":false,"shouldKeepAlive":false,"maxRequestsOnConnectionReached":false,"_defaultKeepAlive":true,"useChunkedEncodingByDefault":false,"sendDate":false,"_removedConnection":false,"_removedContLen":false,"_removedTE":false,"strictContentLength":false,"_contentLength":0,"_hasBody":true,"_trailer":"","finished":true,"_headerSent":true,"_closed":false,"_header":"GET /api/operations?skip=0&take=40&requireTotalCount=true&sort=%5B%7B%22selector%22%3A%22operationDate%22%2C%22desc%22%3Atrue%7D%5D&filter=%5B%5B%22operationDate%22%2C%22%3E=%22%2C%222022-12-01T00%3A00%3A00.000%2B06%3A00%22%5D%2C%22and%22%2C%5B%22operationDate%22%2C%22%3C=%22%2C%222022-12-31T23%3A59%3A59.999%2B06%3A00%22%5D%5D&cashboxId=18832 HTTP/1.1\r\nAccept: application/json, text/plain, */*\r\nContent-Type: application/json\r\nAuthorization: Bearer eyJhbGciOiJIUzI1NiIsInR5cCI6IkpXVCJ9.eyJodHRwOi8vc2NoZW1hcy54bWxzb2FwLm9yZy93cy8yMDA1LzA1L2lkZW50aXR5L2NsYWltcy9uYW1lIjoiSUlONzkwMTI1NDAwMzM2IiwiT3JnYW5pemF0aW9uWGluIjoiNzkwMTI1NDAwMzM2IiwiUHJvZmlsZUlkIjoiNTMwMyIsIlByb2ZpbGVJaW4iOiI3OTAxMjU0MDAzMzYiLCJodHRwOi8vc2NoZW1hcy5taWNyb3NvZnQuY29tL3dzLzIwMDgvMDYvaWRlbnRpdHkvY2xhaW1zL3JvbGUiOlsiMCIsIjEiLCIyIiwiMyIsIjQiLCI1IiwiNiIsIjgiLCI5IiwiNyIsIjExIiwiMTIiLCIxMyIsIjEwIiwiMjAiLCIyMSIsIjIyIl0sIm5iZiI6MTY3MTU0MDcwNywiZXhwIjoxNjcxNTQ0MzA3LCJpc3MiOiJLYXpUcmFuc2NvbSIsImF1ZCI6Imh0dHBzOi8vY2FiaW5ldC5rb2ZkLmt6In0.RKHmmOC96lwIsq4Rn0aeTZGM9PUm8Wrl-zohbGt_McU\r\nUser-Agent: axios/1.2.1\r\nAccept-Encoding: gzip, compress, deflate, br\r\nHost: cabinet.kofd.kz\r\nConnection: close\r\n\r\n","_keepAliveTimeout":0,"method":"GET","path":"/api/operations?skip=0&take=40&requireTotalCount=true&sort=%5B%7B%22selector%22%3A%22operationDate%22%2C%22desc%22%3Atrue%7D%5D&filter=%5B%5B%22operationDate%22%2C%22%3E=%22%2C%222022-12-01T00%3A00%3A00.000%2B06%3A00%22%5D%2C%22and%22%2C%5B%22operationDate%22%2C%22%3C=%22%2C%222022-12-31T23%3A59%3A59.999%2B06%3A00%22%5D%5D&cashboxId=18832","_ended":false,"res":null,"aborted":false,"timeoutCb":null,"upgradeOrConnect":false,"parser":{"0":null,"5":null,"6":null,"_headers":[],"_url":"","incoming":null,"maxHeaderPairs":2000,"_consumed":false},"maxHeadersCount":null,"reusedSocket":false,"host":"cabinet.kofd.kz","protocol":"https:","_redirectable":{"_writableState":{"objectMode":false,"highWaterMark":16384,"finalCalled":false,"needDrain":false,"ending":false,"ended":false,"finished":false,"destroyed":false,"decodeStrings":true,"defaultEncoding":"utf8","length":0,"writing":false,"corked":0,"sync":true,"bufferProcessing":false,"writecb":null,"writelen":0,"afterWriteTickInfo":null,"buffered":[],"bufferedIndex":0,"allBuffers":true,"allNoop":true,"pendingcb":0,"constructed":true,"prefinished":false,"errorEmitted":false,"emitClose":true,"autoDestroy":true,"errored":null,"closed":false,"closeEmitted":false},"_events":{"socket":[null,null]},"_eventsCount":3,"_options":{"maxRedirects":21,"maxBodyLength":null,"protocol":"https:","path":"/api/operations?skip=0&take=40&requireTotalCount=true&sort=%5B%7B%22selector%22%3A%22operationDate%22%2C%22desc%22%3Atrue%7D%5D&filter=%5B%5B%22operationDate%22%2C%22%3E=%22%2C%222022-12-01T00%3A00%3A00.000%2B06%3A00%22%5D%2C%22and%22%2C%5B%22operationDate%22%2C%22%3C=%22%2C%222022-12-31T23%3A59%3A59.999%2B06%3A00%22%5D%5D&cashboxId=18832","method":"GET","headers":{"Accept":"application/json, text/plain, */*","Content-Type":"application/json","Authorization":"Bearer eyJhbGciOiJIUzI1NiIsInR5cCI6IkpXVCJ9.eyJodHRwOi8vc2NoZW1hcy54bWxzb2FwLm9yZy93cy8yMDA1LzA1L2lkZW50aXR5L2NsYWltcy9uYW1lIjoiSUlONzkwMTI1NDAwMzM2IiwiT3JnYW5pemF0aW9uWGluIjoiNzkwMTI1NDAwMzM2IiwiUHJvZmlsZUlkIjoiNTMwMyIsIlByb2ZpbGVJaW4iOiI3OTAxMjU0MDAzMzYiLCJodHRwOi8vc2NoZW1hcy5taWNyb3NvZnQuY29tL3dzLzIwMDgvMDYvaWRlbnRpdHkvY2xhaW1zL3JvbGUiOlsiMCIsIjEiLCIyIiwiMyIsIjQiLCI1IiwiNiIsIjgiLCI5IiwiNyIsIjExIiwiMTIiLCIxMyIsIjEwIiwiMjAiLCIyMSIsIjIyIl0sIm5iZiI6MTY3MTU0MDcwNywiZXhwIjoxNjcxNTQ0MzA3LCJpc3MiOiJLYXpUcmFuc2NvbSIsImF1ZCI6Imh0dHBzOi8vY2FiaW5ldC5rb2ZkLmt6In0.RKHmmOC96lwIsq4Rn0aeTZGM9PUm8Wrl-zohbGt_McU","User-Agent":"axios/1.2.1","Accept-Encoding":"gzip, compress, deflate, br"},"agents":{},"beforeRedirects":{},"hostname":"cabinet.kofd.kz","port":"","nativeProtocols":{"http:":{"METHODS":["ACL","BIND","CHECKOUT","CONNECT","COPY","DELETE","GET","HEAD","LINK","LOCK","M-SEARCH","MERGE","MKACTIVITY","MKCALENDAR","MKCOL","MOVE","NOTIFY","OPTIONS","PATCH","POST","PROPFIND","PROPPATCH","PURGE","PUT","REBIND","REPORT","SEARCH","SOURCE","SUBSCRIBE","TRACE","UNBIND","UNLINK","UNLOCK","UNSUBSCRIBE"],"STATUS_CODES":{"100":"Continue","101":"Switching Protocols","102":"Processing","103":"Early Hints","200":"OK","201":"Created","202":"Accepted","203":"Non-Authoritative Information","204":"No Content","205":"Reset Content","206":"Partial Content","207":"Multi-Status","208":"Already Reported","226":"IM Used","300":"Multiple Choices","301":"Moved Permanently","302":"Found","303":"See Other","304":"Not Modified","305":"Use Proxy","307":"Temporary Redirect","308":"Permanent Redirect","400":"Bad Request","401":"Unauthorized","402":"Payment Required","403":"Forbidden","404":"Not Found","405":"Method Not Allowed","406":"Not Acceptable","407":"Proxy Authentication Required","408":"Request Timeout","409":"Conflict","410":"Gone","411":"Length Required","412":"Precondition Failed","413":"Payload Too Large","414":"URI Too Long","415":"Unsupported Media Type","416":"Range Not Satisfiable","417":"Expectation Failed","418":"I'm a Teapot","421":"Misdirected Request","422":"Unprocessable Entity","423":"Locked","424":"Failed Dependency","425":"Too Early","426":"Upgrade Required","428":"Precondition Required","429":"Too Many Requests","431":"Request Header Fields Too Large","451":"Unavailable For Legal Reasons","500":"Internal Server Error","501":"Not Implemented","502":"Bad Gateway","503":"Service Unavailable","504":"Gateway Timeout","505":"HTTP Version Not Supported","506":"Variant Also Negotiates","507":"Insufficient Storage","508":"Loop Detected","509":"Bandwidth Limit Exceeded","510":"Not Extended","511":"Network Authentication Required"},"maxHeaderSize":16384,"globalAgent":{"_events":{},"_eventsCount":2,"defaultPort":80,"protocol":"http:","options":{"keepAlive":true,"scheduling":"lifo","timeout":5000,"noDelay":true,"path":null},"requests":{},"sockets":{},"freeSockets":{},"keepAliveMsecs":1000,"keepAlive":true,"maxSockets":null,"maxFreeSockets":256,"scheduling":"lifo","maxTotalSockets":null,"totalSocketCount":0}},"https:":{"globalAgent":{"_events":{},"_eventsCount":2,"defaultPort":443,"protocol":"https:","options":{"keepAlive":true,"scheduling":"lifo","timeout":5000,"noDelay":true,"path":null},"requests":{},"sockets":{},"freeSockets":{},"keepAliveMsecs":1000,"keepAlive":true,"maxSockets":null,"maxFreeSockets":256,"scheduling":"lifo","maxTotalSockets":null,"totalSocketCount":0,"maxCachedSessions":100,"_sessionCache":{"map":{},"list":[]}}}},"pathname":"/api/operations","search":"?skip=0&take=40&requireTotalCount=true&sort=%5B%7B%22selector%22%3A%22operationDate%22%2C%22desc%22%3Atrue%7D%5D&filter=%5B%5B%22operationDate%22%2C%22%3E=%22%2C%222022-12-01T00%3A00%3A00.000%2B06%3A00%22%5D%2C%22and%22%2C%5B%22operationDate%22%2C%22%3C=%22%2C%222022-12-31T23%3A59%3A59.999%2B06%3A00%22%5D%5D&cashboxId=18832"},"_ended":true,"_ending":true,"_redirectCount":0,"_redirects":[],"_requestBodyLength":0,"_requestBodyBuffers":[],"_currentUrl":"https://cabinet.kofd.kz/api/operations?skip=0&take=40&requireTotalCount=true&sort=%5B%7B%22selector%22%3A%22operationDate%22%2C%22desc%22%3Atrue%7D%5D&filter=%5B%5B%22operationDate%22%2C%22%3E=%22%2C%222022-12-01T00%3A00%3A00.000%2B06%3A00%22%5D%2C%22and%22%2C%5B%22operationDate%22%2C%22%3C=%22%2C%222022-12-31T23%3A59%3A59.999%2B06%3A00%22%5D%5D&cashboxId=18832","_timeout":null}},"timeout":2000},{"_tlsOptions":{"pipe":false,"secureContext":{"context":{}},"isServer":false,"requestCert":true,"rejectUnauthorized":false,"session":{"type":"Buffer","data":[48,130,6,188,2,1,1,2,2,3,3,4,2,192,48,4,32,210,121,9,83,241,128,255,75,227,5,106,156,148,198,164,178,6,36,100,126,122,96,56,54,254,237,156,36,38,128,73,255,4,48,68,31,146,80,30,209,1,42,129,103,39,77,46,233,241,136,60,109,205,75,224,11,195,179,145,24,210,69,68,145,64,85,241,147,40,91,169,135,240,239,210,39,88,190,20,85,215,25,161,6,2,4,99,161,175,229,162,4,2,2,28,32,163,130,6,42,48,130,6,38,48,130,5,14,160,3,2,1,2,2,17,0,230,140,250,71,153,198,13,131,218,100,135,75,46,145,152,24,48,13,6,9,42,134,72,134,247,13,1,1,11,5,0,48,129,143,49,11,48,9,6,3,85,4,6,19,2,71,66,49,27,48,25,6,3,85,4,8,19,18,71,114,101,97,116,101,114,32,77,97,110,99,104,101,115,116,101,114,49,16,48,14,6,3,85,4,7,19,7,83,97,108,102,111,114,100,49,24,48,22,6,3,85,4,10,19,15,83,101,99,116,105,103,111,32,76,105,109,105,116,101,100,49,55,48,53,6,3,85,4,3,19,46,83,101,99,116,105,103,111,32,82,83,65,32,68,111,109,97,105,110,32,86,97,108,105,100,97,116,105,111,110,32,83,101,99,117,114,101,32,83,101,114,118,101,114,32,67,65,48,30,23,13,50,50,48,50,48,56,48,48,48,48,48,48,90,23,13,50,51,48,51,49,48,50,51,53,57,53,57,90,48,20,49,18,48,16,6,3,85,4,3,12,9,42,46,107,111,102,100,46,107,122,48,130,1,34,48,13,6,9,42,134,72,134,247,13,1,1,1,5,0,3,130,1,15,0,48,130,1,10,2,130,1,1,0,239,148,8,199,168,95,30,59,204,51,68,6,255,192,96,238,113,250,26,178,45,86,166,15,255,115,131,130,10,241,69,173,96,174,62,143,54,20,36,8,28,113,243,235,207,55,75,160,80,182,162,237,120,211,134,154,230,79,70,153,86,149,239,8,132,188,230,238,198,101,191,153,149,38,170,31,95,155,180,78,231,205,72,13,139,119,101,107,60,103,202,163,4,8,48,9,58,97,228,138,101,185,92,202,68,183,176,184,248,200,184,60,87,224,11,145,193,14,110,147,7,174,185,41,217,160,57,247,61,95,7,20,12,130,140,45,32,195,217,200,21,204,136,198,98,16,193,186,134,171,188,123,161,204,191,254,254,35,86,144,244,212,101,243,238,29,114,205,1,55,232,154,242,12,93,71,98,236,74,89,88,188,61,26,89,135,27,238,143,254,187,152,62,166,96,208,69,187,74,38,11,129,194,113,143,218,247,106,80,85,152,96,196,247,31,219,216,148,209,160,172,210,199,248,83,178,164,96,77,53,98,1,64,121,128,160,150,9,16,24,100,214,74,164,238,191,187,17,40,158,4,35,199,139,245,195,2,3,1,0,1,163,130,2,245,48,130,2,241,48,31,6,3,85,29,35,4,24,48,22,128,20,141,140,94,196,84,173,138,225,119,233,155,249,155,5,225,184,1,141,97,225,48,29,6,3,85,29,14,4,22,4,20,141,227,106,177,231,50,235,253,13,89,117,65,145,65,58,153,165,201,92,245,48,14,6,3,85,29,15,1,1,255,4,4,3,2,5,160,48,12,6,3,85,29,19,1,1,255,4,2,48,0,48,29,6,3,85,29,37,4,22,48,20,6,8,43,6,1,5,5,7,3,1,6,8,43,6,1,5,5,7,3,2,48,73,6,3,85,29,32,4,66,48,64,48,52,6,11,43,6,1,4,1,178,49,1,2,2,7,48,37,48,35,6,8,43,6,1,5,5,7,2,1,22,23,104,116,116,112,115,58,47,47,115,101,99,116,105,103,111,46,99,111,109,47,67,80,83,48,8,6,6,103,129,12,1,2,1,48,129,132,6,8,43,6,1,5,5,7,1,1,4,120,48,118,48,79,6,8,43,6,1,5,5,7,48,2,134,67,104,116,116,112,58,47,47,99,114,116,46,115,101,99,116,105,103,111,46,99,111,109,47,83,101,99,116,105,103,111,82,83,65,68,111,109,97,105,110,86,97,108,105,100,97,116,105,111,110,83,101,99,117,114,101,83,101,114,118,101,114,67,65,46,99,114,116,48,35,6,8,43,6,1,5,5,7,48,1,134,23,104,116,116,112,58,47,47,111,99,115,112,46,115,101,99,116,105,103,111,46,99,111,109,48,29,6,3,85,29,17,4,22,48,20,130,9,42,46,107,111,102,100,46,107,122,130,7,107,111,102,100,46,107,122,48,130,1,127,6,10,43,6,1,4,1,214,121,2,4,2,4,130,1,111,4,130,1,107,1,105,0,119,0,173,247,190,250,124,255,16,200,139,157,61,156,30,62,24,106,180,103,41,93,207,177,12,36,202,133,134,52,235,220,130,138,0,0,1,126,216,78,38,193,0,0,4,3,0,72,48,70,2,33,0,245,223,102,14,91,49,157,44,238,246,187,111,3,208,205,227,58,139,79,180,174,136,247,21,74,43,232,247,174,255,160,70,2,33,0,206,255,12,100,22,23,181,241,197,86,243,143,107,132,18,59,167,68,133,44,127,235,1,116,61,73,125,237,141,155,109,158,0,118,0,122,50,140,84,216,183,45,182,32,234,56,224,82,30,233,132,22,112,50,19,133,77,59,210,43,193,58,87,163,82,235,82,0,0,1,126,216,78,38,140,0,0,4,3,0,71,48,69,2,32,93,136,148,73,31,106,142,207,93,100,128,134,202,250,87,131,0,201,225,116,222,126,44,93,155,210,94,66,101,8,138,86,2,33,0,254,61,95,221,15,157,238,212,252,91,179,125,227,143,85,221,54,191,115,60,248,179,50,204,122,112,35,116,202,51,210,191,0,118,0,232,62,208,218,62,245,6,53,50,231,87,40,188,137,107,201,3,211,203,209,17,107,236,235,105,225,119,125,109,6,189,110,0,0,1,126,216,78,38,99,0,0,4,3,0,71,48,69,2,33,0,205,48,15,85,249,241,26,67,50,43,173,165,170,22,29,215,30,224,6,15,106,66,197,169,23,46,73,91,217,45,214,52,2,32,21,79,113,119,87,36,23,156,166,146,90,91,74,186,177,5,164,244,231,127,154,142,124,79,122,67,56,30,139,27,141,71,48,13,6,9,42,134,72,134,247,13,1,1,11,5,0,3,130,1,1,0,140,183,102,198,170,136,228,117,35,209,203,50,131,110,220,158,228,49,57,242,105,213,235,121,52,175,43,11,111,31,50,78,41,47,58,93,86,69,196,188,166,224,145,94,204,209,242,148,168,167,80,169,242,117,119,156,192,185,212,143,159,234,17,242,33,230,109,213,217,143,53,221,158,130,181,30,98,219,238,9,207,208,240,103,66,230,145,106,47,33,105,232,115,219,229,239,173,69,39,106,243,146,255,20,204,191,197,94,5,243,43,206,236,0,10,8,80,219,220,112,179,132,80,150,69,233,97,120,106,156,38,37,194,212,14,105,3,112,58,66,161,214,36,43,185,63,99,76,74,200,173,20,4,195,113,8,218,30,174,164,146,43,57,200,168,245,245,96,200,10,198,41,98,249,215,206,69,76,47,27,188,226,206,168,177,150,240,196,11,18,169,118,58,126,249,234,234,199,19,188,76,11,79,39,98,89,211,135,79,236,26,28,124,212,55,89,191,180,28,54,255,6,76,38,30,162,120,190,29,104,184,108,22,166,22,241,240,217,145,80,228,152,75,65,243,63,230,184,25,59,42,99,180,44,63,162,164,2,4,0,165,3,2,1,21,166,17,4,15,99,97,98,105,110,101,116,46,107,111,102,100,46,107,122,179,3,2,1,23]}},"_secureEstablished":true,"_securePending":false,"_newSessionPending":false,"_controlReleased":true,"secureConnecting":false,"_SNICallback":null,"servername":"cabinet.kofd.kz","alpnProtocol":false,"authorized":false,"authorizationError":"UNABLE_TO_VERIFY_LEAF_SIGNATURE","encrypted":true,"_events":{"close":[null,null,null,null],"end":[null,null],"timeout":[null,null]},"_eventsCount":11,"connecting":false,"_hadError":false,"_parent":null,"_host":"cabinet.kofd.kz","_closeAfterHandlingError":false,"_readableState":{"objectMode":false,"highWaterMark":16384,"buffer":{"head":null,"tail":null,"length":0},"length":0,"pipes":[],"flowing":true,"ended":false,"endEmitted":false,"reading":true,"constructed":true,"sync":false,"needReadable":true,"emittedReadable":false,"readableListening":false,"resumeScheduled":false,"errorEmitted":false,"emitClose":false,"autoDestroy":true,"destroyed":false,"errored":null,"closed":false,"closeEmitted":false,"defaultEncoding":"utf8","awaitDrainWriters":null,"multiAwaitDrain":false,"readingMore":false,"dataEmitted":false,"decoder":null,"encoding":null},"_writableState":{"objectMode":false,"highWaterMark":16384,"finalCalled":false,"needDrain":false,"ending":false,"ended":false,"finished":false,"destroyed":false,"decodeStrings":false,"defaultEncoding":"utf8","length":0,"writing":false,"corked":0,"sync":false,"bufferProcessing":false,"writecb":null,"writelen":0,"afterWriteTickInfo":null,"buffered":[],"bufferedIndex":0,"allBuffers":true,"allNoop":true,"pendingcb":0,"constructed":true,"prefinished":false,"errorEmitted":false,"emitClose":false,"autoDestroy":true,"errored":null,"closed":false,"closeEmitted":false},"allowHalfOpen":false,"_sockname":null,"_pendingData":null,"_pendingEncoding":"","_server":null,"ssl":{"_parent":{"reading":true,"onconnection":null},"_secureContext":{"context":{}},"reading":true},"_requestCert":true,"_rejectUnauthorized":false,"parser":{"0":null,"5":null,"6":null,"_headers":[],"_url":"","incoming":null,"outgoing":{"_events":{},"_eventsCount":7,"outputData":[],"outputSize":0,"writable":true,"destroyed":false,"_last":true,"chunkedEncoding":false,"shouldKeepAlive":false,"maxRequestsOnConnectionReached":false,"_defaultKeepAlive":true,"useChunkedEncodingByDefault":false,"sendDate":false,"_removedConnection":false,"_removedContLen":false,"_removedTE":false,"strictContentLength":false,"_contentLength":0,"_hasBody":true,"_trailer":"","finished":true,"_headerSent":true,"_closed":false,"_header":"GET /api/operations?skip=0&take=40&requireTotalCount=true&sort=%5B%7B%22selector%22%3A%22operationDate%22%2C%22desc%22%3Atrue%7D%5D&filter=%5B%5B%22operationDate%22%2C%22%3E=%22%2C%222022-12-01T00%3A00%3A00.000%2B06%3A00%22%5D%2C%22and%22%2C%5B%22operationDate%22%2C%22%3C=%22%2C%222022-12-31T23%3A59%3A59.999%2B06%3A00%22%5D%5D&cashboxId=8247 HTTP/1.1\r\nAccept: application/json, text/plain, */*\r\nContent-Type: application/json\r\nAuthorization: Bearer eyJhbGciOiJIUzI1NiIsInR5cCI6IkpXVCJ9.eyJodHRwOi8vc2NoZW1hcy54bWxzb2FwLm9yZy93cy8yMDA1LzA1L2lkZW50aXR5L2NsYWltcy9uYW1lIjoiSUlONzkwMTI1NDAwMzM2IiwiT3JnYW5pemF0aW9uWGluIjoiNzkwMTI1NDAwMzM2IiwiUHJvZmlsZUlkIjoiNTMwMyIsIlByb2ZpbGVJaW4iOiI3OTAxMjU0MDAzMzYiLCJodHRwOi8vc2NoZW1hcy5taWNyb3NvZnQuY29tL3dzLzIwMDgvMDYvaWRlbnRpdHkvY2xhaW1zL3JvbGUiOlsiMCIsIjEiLCIyIiwiMyIsIjQiLCI1IiwiNiIsIjgiLCI5IiwiNyIsIjExIiwiMTIiLCIxMyIsIjEwIiwiMjAiLCIyMSIsIjIyIl0sIm5iZiI6MTY3MTU0MDcwNywiZXhwIjoxNjcxNTQ0MzA3LCJpc3MiOiJLYXpUcmFuc2NvbSIsImF1ZCI6Imh0dHBzOi8vY2FiaW5ldC5rb2ZkLmt6In0.RKHmmOC96lwIsq4Rn0aeTZGM9PUm8Wrl-zohbGt_McU\r\nUser-Agent: axios/1.2.1\r\nAccept-Encoding: gzip, compress, deflate, br\r\nHost: cabinet.kofd.kz\r\nConnection: close\r\n\r\n","_keepAliveTimeout":0,"method":"GET","path":"/api/operations?skip=0&take=40&requireTotalCount=true&sort=%5B%7B%22selector%22%3A%22operationDate%22%2C%22desc%22%3Atrue%7D%5D&filter=%5B%5B%22operationDate%22%2C%22%3E=%22%2C%222022-12-01T00%3A00%3A00.000%2B06%3A00%22%5D%2C%22and%22%2C%5B%22operationDate%22%2C%22%3C=%22%2C%222022-12-31T23%3A59%3A59.999%2B06%3A00%22%5D%5D&cashboxId=8247","_ended":false,"res":null,"aborted":false,"timeoutCb":null,"upgradeOrConnect":false,"maxHeadersCount":null,"reusedSocket":false,"host":"cabinet.kofd.kz","protocol":"https:","_redirectable":{"_writableState":{"objectMode":false,"highWaterMark":16384,"finalCalled":false,"needDrain":false,"ending":false,"ended":false,"finished":false,"destroyed":false,"decodeStrings":true,"defaultEncoding":"utf8","length":0,"writing":false,"corked":0,"sync":true,"bufferProcessing":false,"writecb":null,"writelen":0,"afterWriteTickInfo":null,"buffered":[],"bufferedIndex":0,"allBuffers":true,"allNoop":true,"pendingcb":0,"constructed":true,"prefinished":false,"errorEmitted":false,"emitClose":true,"autoDestroy":true,"errored":null,"closed":false,"closeEmitted":false},"_events":{"response":[null,null],"error":[null,null],"socket":[null,null]},"_eventsCount":5,"_options":{"maxRedirects":21,"maxBodyLength":null,"protocol":"https:","path":"/api/operations?skip=0&take=40&requireTotalCount=true&sort=%5B%7B%22selector%22%3A%22operationDate%22%2C%22desc%22%3Atrue%7D%5D&filter=%5B%5B%22operationDate%22%2C%22%3E=%22%2C%222022-12-01T00%3A00%3A00.000%2B06%3A00%22%5D%2C%22and%22%2C%5B%22operationDate%22%2C%22%3C=%22%2C%222022-12-31T23%3A59%3A59.999%2B06%3A00%22%5D%5D&cashboxId=8247","method":"GET","headers":{"Accept":"application/json, text/plain, */*","Content-Type":"application/json","Authorization":"Bearer eyJhbGciOiJIUzI1NiIsInR5cCI6IkpXVCJ9.eyJodHRwOi8vc2NoZW1hcy54bWxzb2FwLm9yZy93cy8yMDA1LzA1L2lkZW50aXR5L2NsYWltcy9uYW1lIjoiSUlONzkwMTI1NDAwMzM2IiwiT3JnYW5pemF0aW9uWGluIjoiNzkwMTI1NDAwMzM2IiwiUHJvZmlsZUlkIjoiNTMwMyIsIlByb2ZpbGVJaW4iOiI3OTAxMjU0MDAzMzYiLCJodHRwOi8vc2NoZW1hcy5taWNyb3NvZnQuY29tL3dzLzIwMDgvMDYvaWRlbnRpdHkvY2xhaW1zL3JvbGUiOlsiMCIsIjEiLCIyIiwiMyIsIjQiLCI1IiwiNiIsIjgiLCI5IiwiNyIsIjExIiwiMTIiLCIxMyIsIjEwIiwiMjAiLCIyMSIsIjIyIl0sIm5iZiI6MTY3MTU0MDcwNywiZXhwIjoxNjcxNTQ0MzA3LCJpc3MiOiJLYXpUcmFuc2NvbSIsImF1ZCI6Imh0dHBzOi8vY2FiaW5ldC5rb2ZkLmt6In0.RKHmmOC96lwIsq4Rn0aeTZGM9PUm8Wrl-zohbGt_McU","User-Agent":"axios/1.2.1","Accept-Encoding":"gzip, compress, deflate, br"},"agents":{},"beforeRedirects":{},"hostname":"cabinet.kofd.kz","port":"","nativeProtocols":{"http:":{"METHODS":["ACL","BIND","CHECKOUT","CONNECT","COPY","DELETE","GET","HEAD","LINK","LOCK","M-SEARCH","MERGE","MKACTIVITY","MKCALENDAR","MKCOL","MOVE","NOTIFY","OPTIONS","PATCH","POST","PROPFIND","PROPPATCH","PURGE","PUT","REBIND","REPORT","SEARCH","SOURCE","SUBSCRIBE","TRACE","UNBIND","UNLINK","UNLOCK","UNSUBSCRIBE"],"STATUS_CODES":{"100":"Continue","101":"Switching Protocols","102":"Processing","103":"Early Hints","200":"OK","201":"Created","202":"Accepted","203":"Non-Authoritative Information","204":"No Content","205":"Reset Content","206":"Partial Content","207":"Multi-Status","208":"Already Reported","226":"IM Used","300":"Multiple Choices","301":"Moved Permanently","302":"Found","303":"See Other","304":"Not Modified","305":"Use Proxy","307":"Temporary Redirect","308":"Permanent Redirect","400":"Bad Request","401":"Unauthorized","402":"Payment Required","403":"Forbidden","404":"Not Found","405":"Method Not Allowed","406":"Not Acceptable","407":"Proxy Authentication Required","408":"Request Timeout","409":"Conflict","410":"Gone","411":"Length Required","412":"Precondition Failed","413":"Payload Too Large","414":"URI Too Long","415":"Unsupported Media Type","416":"Range Not Satisfiable","417":"Expectation Failed","418":"I'm a Teapot","421":"Misdirected Request","422":"Unprocessable Entity","423":"Locked","424":"Failed Dependency","425":"Too Early","426":"Upgrade Required","428":"Precondition Required","429":"Too Many Requests","431":"Request Header Fields Too Large","451":"Unavailable For Legal Reasons","500":"Internal Server Error","501":"Not Implemented","502":"Bad Gateway","503":"Service Unavailable","504":"Gateway Timeout","505":"HTTP Version Not Supported","506":"Variant Also Negotiates","507":"Insufficient Storage","508":"Loop Detected","509":"Bandwidth Limit Exceeded","510":"Not Extended","511":"Network Authentication Required"},"maxHeaderSize":16384,"globalAgent":{"_events":{},"_eventsCount":2,"defaultPort":80,"protocol":"http:","options":{"keepAlive":true,"scheduling":"lifo","timeout":5000,"noDelay":true,"path":null},"requests":{},"sockets":{},"freeSockets":{},"keepAliveMsecs":1000,"keepAlive":true,"maxSockets":null,"maxFreeSockets":256,"scheduling":"lifo","maxTotalSockets":null,"totalSocketCount":0}},"https:":{"globalAgent":{"_events":{},"_eventsCount":2,"defaultPort":443,"protocol":"https:","options":{"keepAlive":true,"scheduling":"lifo","timeout":5000,"noDelay":true,"path":null},"requests":{},"sockets":{},"freeSockets":{},"keepAliveMsecs":1000,"keepAlive":true,"maxSockets":null,"maxFreeSockets":256,"scheduling":"lifo","maxTotalSockets":null,"totalSocketCount":0,"maxCachedSessions":100,"_sessionCache":{"map":{},"list":[]}}}},"pathname":"/api/operations","search":"?skip=0&take=40&requireTotalCount=true&sort=%5B%7B%22selector%22%3A%22operationDate%22%2C%22desc%22%3Atrue%7D%5D&filter=%5B%5B%22operationDate%22%2C%22%3E=%22%2C%222022-12-01T00%3A00%3A00.000%2B06%3A00%22%5D%2C%22and%22%2C%5B%22operationDate%22%2C%22%3C=%22%2C%222022-12-31T23%3A59%3A59.999%2B06%3A00%22%5D%5D&cashboxId=8247"},"_ended":true,"_ending":true,"_redirectCount":0,"_redirects":[],"_requestBodyLength":0,"_requestBodyBuffers":[],"_currentUrl":"https://cabinet.kofd.kz/api/operations?skip=0&take=40&requireTotalCount=true&sort=%5B%7B%22selector%22%3A%22operationDate%22%2C%22desc%22%3Atrue%7D%5D&filter=%5B%5B%22operationDate%22%2C%22%3E=%22%2C%222022-12-01T00%3A00%3A00.000%2B06%3A00%22%5D%2C%22and%22%2C%5B%22operationDate%22%2C%22%3C=%22%2C%222022-12-31T23%3A59%3A59.999%2B06%3A00%22%5D%5D&cashboxId=8247","_timeout":{"_idleTimeout":2000,"_idlePrev":{"_idleTimeout":2000,"_idlePrev":{"_idleTimeout":2000,"_idlePrev":{"expiry":2546,"id":-9007199254740985,"msecs":2000,"priorityQueuePosition":1},"_idleStart":618,"_repeat":null,"_destroyed":false},"_idleStart":615,"_repeat":null,"_destroyed":false},"_idleNext":{"_idleNext":{"_idleTimeout":2000,"_idleNext":{"_idleTimeout":2000,"_idleStart":615,"_repeat":null,"_destroyed":false},"_idleStart":618,"_repeat":null,"_destroyed":false},"expiry":2546,"id":-9007199254740985,"msecs":2000,"priorityQueuePosition":1},"_idleStart":546,"_repeat":null,"_destroyed":false}}},"maxHeaderPairs":2000,"_consumed":false},"_httpMessage":{"_events":{},"_eventsCount":7,"outputData":[],"outputSize":0,"writable":true,"destroyed":false,"_last":true,"chunkedEncoding":false,"shouldKeepAlive":false,"maxRequestsOnConnectionReached":false,"_defaultKeepAlive":true,"useChunkedEncodingByDefault":false,"sendDate":false,"_removedConnection":false,"_removedContLen":false,"_removedTE":false,"strictContentLength":false,"_contentLength":0,"_hasBody":true,"_trailer":"","finished":true,"_headerSent":true,"_closed":false,"_header":"GET /api/operations?skip=0&take=40&requireTotalCount=true&sort=%5B%7B%22selector%22%3A%22operationDate%22%2C%22desc%22%3Atrue%7D%5D&filter=%5B%5B%22operationDate%22%2C%22%3E=%22%2C%222022-12-01T00%3A00%3A00.000%2B06%3A00%22%5D%2C%22and%22%2C%5B%22operationDate%22%2C%22%3C=%22%2C%222022-12-31T23%3A59%3A59.999%2B06%3A00%22%5D%5D&cashboxId=8247 HTTP/1.1\r\nAccept: application/json, text/plain, */*\r\nContent-Type: application/json\r\nAuthorization: Bearer eyJhbGciOiJIUzI1NiIsInR5cCI6IkpXVCJ9.eyJodHRwOi8vc2NoZW1hcy54bWxzb2FwLm9yZy93cy8yMDA1LzA1L2lkZW50aXR5L2NsYWltcy9uYW1lIjoiSUlONzkwMTI1NDAwMzM2IiwiT3JnYW5pemF0aW9uWGluIjoiNzkwMTI1NDAwMzM2IiwiUHJvZmlsZUlkIjoiNTMwMyIsIlByb2ZpbGVJaW4iOiI3OTAxMjU0MDAzMzYiLCJodHRwOi8vc2NoZW1hcy5taWNyb3NvZnQuY29tL3dzLzIwMDgvMDYvaWRlbnRpdHkvY2xhaW1zL3JvbGUiOlsiMCIsIjEiLCIyIiwiMyIsIjQiLCI1IiwiNiIsIjgiLCI5IiwiNyIsIjExIiwiMTIiLCIxMyIsIjEwIiwiMjAiLCIyMSIsIjIyIl0sIm5iZiI6MTY3MTU0MDcwNywiZXhwIjoxNjcxNTQ0MzA3LCJpc3MiOiJLYXpUcmFuc2NvbSIsImF1ZCI6Imh0dHBzOi8vY2FiaW5ldC5rb2ZkLmt6In0.RKHmmOC96lwIsq4Rn0aeTZGM9PUm8Wrl-zohbGt_McU\r\nUser-Agent: axios/1.2.1\r\nAccept-Encoding: gzip, compress, deflate, br\r\nHost: cabinet.kofd.kz\r\nConnection: close\r\n\r\n","_keepAliveTimeout":0,"method":"GET","path":"/api/operations?skip=0&take=40&requireTotalCount=true&sort=%5B%7B%22selector%22%3A%22operationDate%22%2C%22desc%22%3Atrue%7D%5D&filter=%5B%5B%22operationDate%22%2C%22%3E=%22%2C%222022-12-01T00%3A00%3A00.000%2B06%3A00%22%5D%2C%22and%22%2C%5B%22operationDate%22%2C%22%3C=%22%2C%222022-12-31T23%3A59%3A59.999%2B06%3A00%22%5D%5D&cashboxId=8247","_ended":false,"res":null,"aborted":false,"timeoutCb":null,"upgradeOrConnect":false,"parser":{"0":null,"5":null,"6":null,"_headers":[],"_url":"","incoming":null,"maxHeaderPairs":2000,"_consumed":false},"maxHeadersCount":null,"reusedSocket":false,"host":"cabinet.kofd.kz","protocol":"https:","_redirectable":{"_writableState":{"objectMode":false,"highWaterMark":16384,"finalCalled":false,"needDrain":false,"ending":false,"ended":false,"finished":false,"destroyed":false,"decodeStrings":true,"defaultEncoding":"utf8","length":0,"writing":false,"corked":0,"sync":true,"bufferProcessing":false,"writecb":null,"writelen":0,"afterWriteTickInfo":null,"buffered":[],"bufferedIndex":0,"allBuffers":true,"allNoop":true,"pendingcb":0,"constructed":true,"prefinished":false,"errorEmitted":false,"emitClose":true,"autoDestroy":true,"errored":null,"closed":false,"closeEmitted":false},"_events":{"response":[null,null],"error":[null,null],"socket":[null,null]},"_eventsCount":5,"_options":{"maxRedirects":21,"maxBodyLength":null,"protocol":"https:","path":"/api/operations?skip=0&take=40&requireTotalCount=true&sort=%5B%7B%22selector%22%3A%22operationDate%22%2C%22desc%22%3Atrue%7D%5D&filter=%5B%5B%22operationDate%22%2C%22%3E=%22%2C%222022-12-01T00%3A00%3A00.000%2B06%3A00%22%5D%2C%22and%22%2C%5B%22operationDate%22%2C%22%3C=%22%2C%222022-12-31T23%3A59%3A59.999%2B06%3A00%22%5D%5D&cashboxId=8247","method":"GET","headers":{"Accept":"application/json, text/plain, */*","Content-Type":"application/json","Authorization":"Bearer eyJhbGciOiJIUzI1NiIsInR5cCI6IkpXVCJ9.eyJodHRwOi8vc2NoZW1hcy54bWxzb2FwLm9yZy93cy8yMDA1LzA1L2lkZW50aXR5L2NsYWltcy9uYW1lIjoiSUlONzkwMTI1NDAwMzM2IiwiT3JnYW5pemF0aW9uWGluIjoiNzkwMTI1NDAwMzM2IiwiUHJvZmlsZUlkIjoiNTMwMyIsIlByb2ZpbGVJaW4iOiI3OTAxMjU0MDAzMzYiLCJodHRwOi8vc2NoZW1hcy5taWNyb3NvZnQuY29tL3dzLzIwMDgvMDYvaWRlbnRpdHkvY2xhaW1zL3JvbGUiOlsiMCIsIjEiLCIyIiwiMyIsIjQiLCI1IiwiNiIsIjgiLCI5IiwiNyIsIjExIiwiMTIiLCIxMyIsIjEwIiwiMjAiLCIyMSIsIjIyIl0sIm5iZiI6MTY3MTU0MDcwNywiZXhwIjoxNjcxNTQ0MzA3LCJpc3MiOiJLYXpUcmFuc2NvbSIsImF1ZCI6Imh0dHBzOi8vY2FiaW5ldC5rb2ZkLmt6In0.RKHmmOC96lwIsq4Rn0aeTZGM9PUm8Wrl-zohbGt_McU","User-Agent":"axios/1.2.1","Accept-Encoding":"gzip, compress, deflate, br"},"agents":{},"beforeRedirects":{},"hostname":"cabinet.kofd.kz","port":"","nativeProtocols":{"http:":{"METHODS":["ACL","BIND","CHECKOUT","CONNECT","COPY","DELETE","GET","HEAD","LINK","LOCK","M-SEARCH","MERGE","MKACTIVITY","MKCALENDAR","MKCOL","MOVE","NOTIFY","OPTIONS","PATCH","POST","PROPFIND","PROPPATCH","PURGE","PUT","REBIND","REPORT","SEARCH","SOURCE","SUBSCRIBE","TRACE","UNBIND","UNLINK","UNLOCK","UNSUBSCRIBE"],"STATUS_CODES":{"100":"Continue","101":"Switching Protocols","102":"Processing","103":"Early Hints","200":"OK","201":"Created","202":"Accepted","203":"Non-Authoritative Information","204":"No Content","205":"Reset Content","206":"Partial Content","207":"Multi-Status","208":"Already Reported","226":"IM Used","300":"Multiple Choices","301":"Moved Permanently","302":"Found","303":"See Other","304":"Not Modified","305":"Use Proxy","307":"Temporary Redirect","308":"Permanent Redirect","400":"Bad Request","401":"Unauthorized","402":"Payment Required","403":"Forbidden","404":"Not Found","405":"Method Not Allowed","406":"Not Acceptable","407":"Proxy Authentication Required","408":"Request Timeout","409":"Conflict","410":"Gone","411":"Length Required","412":"Precondition Failed","413":"Payload Too Large","414":"URI Too Long","415":"Unsupported Media Type","416":"Range Not Satisfiable","417":"Expectation Failed","418":"I'm a Teapot","421":"Misdirected Request","422":"Unprocessable Entity","423":"Locked","424":"Failed Dependency","425":"Too Early","426":"Upgrade Required","428":"Precondition Required","429":"Too Many Requests","431":"Request Header Fields Too Large","451":"Unavailable For Legal Reasons","500":"Internal Server Error","501":"Not Implemented","502":"Bad Gateway","503":"Service Unavailable","504":"Gateway Timeout","505":"HTTP Version Not Supported","506":"Variant Also Negotiates","507":"Insufficient Storage","508":"Loop Detected","509":"Bandwidth Limit Exceeded","510":"Not Extended","511":"Network Authentication Required"},"maxHeaderSize":16384,"globalAgent":{"_events":{},"_eventsCount":2,"defaultPort":80,"protocol":"http:","options":{"keepAlive":true,"scheduling":"lifo","timeout":5000,"noDelay":true,"path":null},"requests":{},"sockets":{},"freeSockets":{},"keepAliveMsecs":1000,"keepAlive":true,"maxSockets":null,"maxFreeSockets":256,"scheduling":"lifo","maxTotalSockets":null,"totalSocketCount":0}},"https:":{"globalAgent":{"_events":{},"_eventsCount":2,"defaultPort":443,"protocol":"https:","options":{"keepAlive":true,"scheduling":"lifo","timeout":5000,"noDelay":true,"path":null},"requests":{},"sockets":{},"freeSockets":{},"keepAliveMsecs":1000,"keepAlive":true,"maxSockets":null,"maxFreeSockets":256,"scheduling":"lifo","maxTotalSockets":null,"totalSocketCount":0,"maxCachedSessions":100,"_sessionCache":{"map":{},"list":[]}}}},"pathname":"/api/operations","search":"?skip=0&take=40&requireTotalCount=true&sort=%5B%7B%22selector%22%3A%22operationDate%22%2C%22desc%22%3Atrue%7D%5D&filter=%5B%5B%22operationDate%22%2C%22%3E=%22%2C%222022-12-01T00%3A00%3A00.000%2B06%3A00%22%5D%2C%22and%22%2C%5B%22operationDate%22%2C%22%3C=%22%2C%222022-12-31T23%3A59%3A59.999%2B06%3A00%22%5D%5D&cashboxId=8247"},"_ended":true,"_ending":true,"_redirectCount":0,"_redirects":[],"_requestBodyLength":0,"_requestBodyBuffers":[],"_currentUrl":"https://cabinet.kofd.kz/api/operations?skip=0&take=40&requireTotalCount=true&sort=%5B%7B%22selector%22%3A%22operationDate%22%2C%22desc%22%3Atrue%7D%5D&filter=%5B%5B%22operationDate%22%2C%22%3E=%22%2C%222022-12-01T00%3A00%3A00.000%2B06%3A00%22%5D%2C%22and%22%2C%5B%22operationDate%22%2C%22%3C=%22%2C%222022-12-31T23%3A59%3A59.999%2B06%3A00%22%5D%5D&cashboxId=8247","_timeout":{"_idleTimeout":2000,"_idlePrev":{"_idleTimeout":2000,"_idlePrev":{"_idleTimeout":2000,"_idlePrev":{"expiry":2546,"id":-9007199254740985,"msecs":2000,"priorityQueuePosition":1},"_idleStart":618,"_repeat":null,"_destroyed":false},"_idleStart":615,"_repeat":null,"_destroyed":false},"_idleNext":{"_idleNext":{"_idleTimeout":2000,"_idleNext":{"_idleTimeout":2000,"_idleStart":615,"_repeat":null,"_destroyed":false},"_idleStart":618,"_repeat":null,"_destroyed":false},"expiry":2546,"id":-9007199254740985,"msecs":2000,"priorityQueuePosition":1},"_idleStart":546,"_repeat":null,"_destroyed":false}}},"timeout":2000}]},"freeSockets":{},"keepAliveMsecs":1000,"keepAlive":false,"maxSockets":null,"maxFreeSockets":256,"scheduling":"lifo","maxTotalSockets":null,"totalSocketCount":2,"maxCachedSessions":100,"_sessionCache":{"map":{"cabinet.kofd.kz:443::::::::false:::::::::::::":{"type":"Buffer","data":[48,130,6,188,2,1,1,2,2,3,3,4,2,192,48,4,32,210,121,9,83,241,128,255,75,227,5,106,156,148,198,164,178,6,36,100,126,122,96,56,54,254,237,156,36,38,128,73,255,4,48,68,31,146,80,30,209,1,42,129,103,39,77,46,233,241,136,60,109,205,75,224,11,195,179,145,24,210,69,68,145,64,85,241,147,40,91,169,135,240,239,210,39,88,190,20,85,215,25,161,6,2,4,99,161,175,229,162,4,2,2,28,32,163,130,6,42,48,130,6,38,48,130,5,14,160,3,2,1,2,2,17,0,230,140,250,71,153,198,13,131,218,100,135,75,46,145,152,24,48,13,6,9,42,134,72,134,247,13,1,1,11,5,0,48,129,143,49,11,48,9,6,3,85,4,6,19,2,71,66,49,27,48,25,6,3,85,4,8,19,18,71,114,101,97,116,101,114,32,77,97,110,99,104,101,115,116,101,114,49,16,48,14,6,3,85,4,7,19,7,83,97,108,102,111,114,100,49,24,48,22,6,3,85,4,10,19,15,83,101,99,116,105,103,111,32,76,105,109,105,116,101,100,49,55,48,53,6,3,85,4,3,19,46,83,101,99,116,105,103,111,32,82,83,65,32,68,111,109,97,105,110,32,86,97,108,105,100,97,116,105,111,110,32,83,101,99,117,114,101,32,83,101,114,118,101,114,32,67,65,48,30,23,13,50,50,48,50,48,56,48,48,48,48,48,48,90,23,13,50,51,48,51,49,48,50,51,53,57,53,57,90,48,20,49,18,48,16,6,3,85,4,3,12,9,42,46,107,111,102,100,46,107,122,48,130,1,34,48,13,6,9,42,134,72,134,247,13,1,1,1,5,0,3,130,1,15,0,48,130,1,10,2,130,1,1,0,239,148,8,199,168,95,30,59,204,51,68,6,255,192,96,238,113,250,26,178,45,86,166,15,255,115,131,130,10,241,69,173,96,174,62,143,54,20,36,8,28,113,243,235,207,55,75,160,80,182,162,237,120,211,134,154,230,79,70,153,86,149,239,8,132,188,230,238,198,101,191,153,149,38,170,31,95,155,180,78,231,205,72,13,139,119,101,107,60,103,202,163,4,8,48,9,58,97,228,138,101,185,92,202,68,183,176,184,248,200,184,60,87,224,11,145,193,14,110,147,7,174,185,41,217,160,57,247,61,95,7,20,12,130,140,45,32,195,217,200,21,204,136,198,98,16,193,186,134,171,188,123,161,204,191,254,254,35,86,144,244,212,101,243,238,29,114,205,1,55,232,154,242,12,93,71,98,236,74,89,88,188,61,26,89,135,27,238,143,254,187,152,62,166,96,208,69,187,74,38,11,129,194,113,143,218,247,106,80,85,152,96,196,247,31,219,216,148,209,160,172,210,199,248,83,178,164,96,77,53,98,1,64,121,128,160,150,9,16,24,100,214,74,164,238,191,187,17,40,158,4,35,199,139,245,195,2,3,1,0,1,163,130,2,245,48,130,2,241,48,31,6,3,85,29,35,4,24,48,22,128,20,141,140,94,196,84,173,138,225,119,233,155,249,155,5,225,184,1,141,97,225,48,29,6,3,85,29,14,4,22,4,20,141,227,106,177,231,50,235,253,13,89,117,65,145,65,58,153,165,201,92,245,48,14,6,3,85,29,15,1,1,255,4,4,3,2,5,160,48,12,6,3,85,29,19,1,1,255,4,2,48,0,48,29,6,3,85,29,37,4,22,48,20,6,8,43,6,1,5,5,7,3,1,6,8,43,6,1,5,5,7,3,2,48,73,6,3,85,29,32,4,66,48,64,48,52,6,11,43,6,1,4,1,178,49,1,2,2,7,48,37,48,35,6,8,43,6,1,5,5,7,2,1,22,23,104,116,116,112,115,58,47,47,115,101,99,116,105,103,111,46,99,111,109,47,67,80,83,48,8,6,6,103,129,12,1,2,1,48,129,132,6,8,43,6,1,5,5,7,1,1,4,120,48,118,48,79,6,8,43,6,1,5,5,7,48,2,134,67,104,116,116,112,58,47,47,99,114,116,46,115,101,99,116,105,103,111,46,99,111,109,47,83,101,99,116,105,103,111,82,83,65,68,111,109,97,105,110,86,97,108,105,100,97,116,105,111,110,83,101,99,117,114,101,83,101,114,118,101,114,67,65,46,99,114,116,48,35,6,8,43,6,1,5,5,7,48,1,134,23,104,116,116,112,58,47,47,111,99,115,112,46,115,101,99,116,105,103,111,46,99,111,109,48,29,6,3,85,29,17,4,22,48,20,130,9,42,46,107,111,102,100,46,107,122,130,7,107,111,102,100,46,107,122,48,130,1,127,6,10,43,6,1,4,1,214,121,2,4,2,4,130,1,111,4,130,1,107,1,105,0,119,0,173,247,190,250,124,255,16,200,139,157,61,156,30,62,24,106,180,103,41,93,207,177,12,36,202,133,134,52,235,220,130,138,0,0,1,126,216,78,38,193,0,0,4,3,0,72,48,70,2,33,0,245,223,102,14,91,49,157,44,238,246,187,111,3,208,205,227,58,139,79,180,174,136,247,21,74,43,232,247,174,255,160,70,2,33,0,206,255,12,100,22,23,181,241,197,86,243,143,107,132,18,59,167,68,133,44,127,235,1,116,61,73,125,237,141,155,109,158,0,118,0,122,50,140,84,216,183,45,182,32,234,56,224,82,30,233,132,22,112,50,19,133,77,59,210,43,193,58,87,163,82,235,82,0,0,1,126,216,78,38,140,0,0,4,3,0,71,48,69,2,32,93,136,148,73,31,106,142,207,93,100,128,134,202,250,87,131,0,201,225,116,222,126,44,93,155,210,94,66,101,8,138,86,2,33,0,254,61,95,221,15,157,238,212,252,91,179,125,227,143,85,221,54,191,115,60,248,179,50,204,122,112,35,116,202,51,210,191,0,118,0,232,62,208,218,62,245,6,53,50,231,87,40,188,137,107,201,3,211,203,209,17,107,236,235,105,225,119,125,109,6,189,110,0,0,1,126,216,78,38,99,0,0,4,3,0,71,48,69,2,33,0,205,48,15,85,249,241,26,67,50,43,173,165,170,22,29,215,30,224,6,15,106,66,197,169,23,46,73,91,217,45,214,52,2,32,21,79,113,119,87,36,23,156,166,146,90,91,74,186,177,5,164,244,231,127,154,142,124,79,122,67,56,30,139,27,141,71,48,13,6,9,42,134,72,134,247,13,1,1,11,5,0,3,130,1,1,0,140,183,102,198,170,136,228,117,35,209,203,50,131,110,220,158,228,49,57,242,105,213,235,121,52,175,43,11,111,31,50,78,41,47,58,93,86,69,196,188,166,224,145,94,204,209,242,148,168,167,80,169,242,117,119,156,192,185,212,143,159,234,17,242,33,230,109,213,217,143,53,221,158,130,181,30,98,219,238,9,207,208,240,103,66,230,145,106,47,33,105,232,115,219,229,239,173,69,39,106,243,146,255,20,204,191,197,94,5,243,43,206,236,0,10,8,80,219,220,112,179,132,80,150,69,233,97,120,106,156,38,37,194,212,14,105,3,112,58,66,161,214,36,43,185,63,99,76,74,200,173,20,4,195,113,8,218,30,174,164,146,43,57,200,168,245,245,96,200,10,198,41,98,249,215,206,69,76,47,27,188,226,206,168,177,150,240,196,11,18,169,118,58,126,249,234,234,199,19,188,76,11,79,39,98,89,211,135,79,236,26,28,124,212,55,89,191,180,28,54,255,6,76,38,30,162,120,190,29,104,184,108,22,166,22,241,240,217,145,80,228,152,75,65,243,63,230,184,25,59,42,99,180,44,63,162,164,2,4,0,165,3,2,1,21,166,17,4,15,99,97,98,105,110,101,116,46,107,111,102,100,46,107,122,179,3,2,1,23]}},"list":["cabinet.kofd.kz:443::::::::false:::::::::::::"]}}},"code":"ECONNABORTED","status":null},"point":"getData"}
{"date":"2022-12-20T12:51:51.417Z","text":{"message":"timeout of 2000ms exceeded","name":"AxiosError","stack":"AxiosError: timeout of 2000ms exceeded\n    at RedirectableRequest.handleRequestTimeout (/home/almas/js-kofd/node_modules/axios/dist/node/axios.cjs:2770:16)\n    at RedirectableRequest.emit (node:events:513:28)\n    at Timeout.<anonymous> (/home/almas/js-kofd/node_modules/follow-redirects/index.js:169:12)\n    at listOnTimeout (node:internal/timers:564:17)\n    at process.processTimers (node:internal/timers:507:7)","config":{"transitional":{"silentJSONParsing":true,"forcedJSONParsing":true,"clarifyTimeoutError":false},"adapter":["xhr","http"],"transformRequest":[null],"transformResponse":[null],"timeout":2000,"xsrfCookieName":"XSRF-TOKEN","xsrfHeaderName":"X-XSRF-TOKEN","maxContentLength":-1,"maxBodyLength":-1,"env":{},"headers":{"Accept":"application/json, text/plain, */*","Content-Type":"application/json","Authorization":"Bearer eyJhbGciOiJIUzI1NiIsInR5cCI6IkpXVCJ9.eyJodHRwOi8vc2NoZW1hcy54bWxzb2FwLm9yZy93cy8yMDA1LzA1L2lkZW50aXR5L2NsYWltcy9uYW1lIjoiSUlONzkwMTI1NDAwMzM2IiwiT3JnYW5pemF0aW9uWGluIjoiNzkwMTI1NDAwMzM2IiwiUHJvZmlsZUlkIjoiNTMwMyIsIlByb2ZpbGVJaW4iOiI3OTAxMjU0MDAzMzYiLCJodHRwOi8vc2NoZW1hcy5taWNyb3NvZnQuY29tL3dzLzIwMDgvMDYvaWRlbnRpdHkvY2xhaW1zL3JvbGUiOlsiMCIsIjEiLCIyIiwiMyIsIjQiLCI1IiwiNiIsIjgiLCI5IiwiNyIsIjExIiwiMTIiLCIxMyIsIjEwIiwiMjAiLCIyMSIsIjIyIl0sIm5iZiI6MTY3MTU0MDcwNywiZXhwIjoxNjcxNTQ0MzA3LCJpc3MiOiJLYXpUcmFuc2NvbSIsImF1ZCI6Imh0dHBzOi8vY2FiaW5ldC5rb2ZkLmt6In0.RKHmmOC96lwIsq4Rn0aeTZGM9PUm8Wrl-zohbGt_McU","User-Agent":"axios/1.2.1","Accept-Encoding":"gzip, compress, deflate, br"},"method":"get","url":"https://cabinet.kofd.kz/api/operations?skip=0&take=40&requireTotalCount=true&sort=%5B%7B%22selector%22%3A%22operationDate%22%2C%22desc%22%3Atrue%7D%5D&filter=%5B%5B%22operationDate%22%2C%22%3E=%22%2C%222022-12-01T00%3A00%3A00.000%2B06%3A00%22%5D%2C%22and%22%2C%5B%22operationDate%22%2C%22%3C=%22%2C%222022-12-31T23%3A59%3A59.999%2B06%3A00%22%5D%5D&cashboxId=8247","httpsAgent":{"_events":{},"_eventsCount":2,"defaultPort":443,"protocol":"https:","options":{"rejectUnauthorized":false,"noDelay":true,"path":null},"requests":{},"sockets":{"cabinet.kofd.kz:443::::::::false:::::::::::::":[{"_tlsOptions":{"pipe":false,"secureContext":{"context":{}},"isServer":false,"requestCert":true,"rejectUnauthorized":false,"session":{"type":"Buffer","data":[48,130,6,188,2,1,1,2,2,3,3,4,2,192,48,4,32,210,121,9,83,241,128,255,75,227,5,106,156,148,198,164,178,6,36,100,126,122,96,56,54,254,237,156,36,38,128,73,255,4,48,68,31,146,80,30,209,1,42,129,103,39,77,46,233,241,136,60,109,205,75,224,11,195,179,145,24,210,69,68,145,64,85,241,147,40,91,169,135,240,239,210,39,88,190,20,85,215,25,161,6,2,4,99,161,175,229,162,4,2,2,28,32,163,130,6,42,48,130,6,38,48,130,5,14,160,3,2,1,2,2,17,0,230,140,250,71,153,198,13,131,218,100,135,75,46,145,152,24,48,13,6,9,42,134,72,134,247,13,1,1,11,5,0,48,129,143,49,11,48,9,6,3,85,4,6,19,2,71,66,49,27,48,25,6,3,85,4,8,19,18,71,114,101,97,116,101,114,32,77,97,110,99,104,101,115,116,101,114,49,16,48,14,6,3,85,4,7,19,7,83,97,108,102,111,114,100,49,24,48,22,6,3,85,4,10,19,15,83,101,99,116,105,103,111,32,76,105,109,105,116,101,100,49,55,48,53,6,3,85,4,3,19,46,83,101,99,116,105,103,111,32,82,83,65,32,68,111,109,97,105,110,32,86,97,108,105,100,97,116,105,111,110,32,83,101,99,117,114,101,32,83,101,114,118,101,114,32,67,65,48,30,23,13,50,50,48,50,48,56,48,48,48,48,48,48,90,23,13,50,51,48,51,49,48,50,51,53,57,53,57,90,48,20,49,18,48,16,6,3,85,4,3,12,9,42,46,107,111,102,100,46,107,122,48,130,1,34,48,13,6,9,42,134,72,134,247,13,1,1,1,5,0,3,130,1,15,0,48,130,1,10,2,130,1,1,0,239,148,8,199,168,95,30,59,204,51,68,6,255,192,96,238,113,250,26,178,45,86,166,15,255,115,131,130,10,241,69,173,96,174,62,143,54,20,36,8,28,113,243,235,207,55,75,160,80,182,162,237,120,211,134,154,230,79,70,153,86,149,239,8,132,188,230,238,198,101,191,153,149,38,170,31,95,155,180,78,231,205,72,13,139,119,101,107,60,103,202,163,4,8,48,9,58,97,228,138,101,185,92,202,68,183,176,184,248,200,184,60,87,224,11,145,193,14,110,147,7,174,185,41,217,160,57,247,61,95,7,20,12,130,140,45,32,195,217,200,21,204,136,198,98,16,193,186,134,171,188,123,161,204,191,254,254,35,86,144,244,212,101,243,238,29,114,205,1,55,232,154,242,12,93,71,98,236,74,89,88,188,61,26,89,135,27,238,143,254,187,152,62,166,96,208,69,187,74,38,11,129,194,113,143,218,247,106,80,85,152,96,196,247,31,219,216,148,209,160,172,210,199,248,83,178,164,96,77,53,98,1,64,121,128,160,150,9,16,24,100,214,74,164,238,191,187,17,40,158,4,35,199,139,245,195,2,3,1,0,1,163,130,2,245,48,130,2,241,48,31,6,3,85,29,35,4,24,48,22,128,20,141,140,94,196,84,173,138,225,119,233,155,249,155,5,225,184,1,141,97,225,48,29,6,3,85,29,14,4,22,4,20,141,227,106,177,231,50,235,253,13,89,117,65,145,65,58,153,165,201,92,245,48,14,6,3,85,29,15,1,1,255,4,4,3,2,5,160,48,12,6,3,85,29,19,1,1,255,4,2,48,0,48,29,6,3,85,29,37,4,22,48,20,6,8,43,6,1,5,5,7,3,1,6,8,43,6,1,5,5,7,3,2,48,73,6,3,85,29,32,4,66,48,64,48,52,6,11,43,6,1,4,1,178,49,1,2,2,7,48,37,48,35,6,8,43,6,1,5,5,7,2,1,22,23,104,116,116,112,115,58,47,47,115,101,99,116,105,103,111,46,99,111,109,47,67,80,83,48,8,6,6,103,129,12,1,2,1,48,129,132,6,8,43,6,1,5,5,7,1,1,4,120,48,118,48,79,6,8,43,6,1,5,5,7,48,2,134,67,104,116,116,112,58,47,47,99,114,116,46,115,101,99,116,105,103,111,46,99,111,109,47,83,101,99,116,105,103,111,82,83,65,68,111,109,97,105,110,86,97,108,105,100,97,116,105,111,110,83,101,99,117,114,101,83,101,114,118,101,114,67,65,46,99,114,116,48,35,6,8,43,6,1,5,5,7,48,1,134,23,104,116,116,112,58,47,47,111,99,115,112,46,115,101,99,116,105,103,111,46,99,111,109,48,29,6,3,85,29,17,4,22,48,20,130,9,42,46,107,111,102,100,46,107,122,130,7,107,111,102,100,46,107,122,48,130,1,127,6,10,43,6,1,4,1,214,121,2,4,2,4,130,1,111,4,130,1,107,1,105,0,119,0,173,247,190,250,124,255,16,200,139,157,61,156,30,62,24,106,180,103,41,93,207,177,12,36,202,133,134,52,235,220,130,138,0,0,1,126,216,78,38,193,0,0,4,3,0,72,48,70,2,33,0,245,223,102,14,91,49,157,44,238,246,187,111,3,208,205,227,58,139,79,180,174,136,247,21,74,43,232,247,174,255,160,70,2,33,0,206,255,12,100,22,23,181,241,197,86,243,143,107,132,18,59,167,68,133,44,127,235,1,116,61,73,125,237,141,155,109,158,0,118,0,122,50,140,84,216,183,45,182,32,234,56,224,82,30,233,132,22,112,50,19,133,77,59,210,43,193,58,87,163,82,235,82,0,0,1,126,216,78,38,140,0,0,4,3,0,71,48,69,2,32,93,136,148,73,31,106,142,207,93,100,128,134,202,250,87,131,0,201,225,116,222,126,44,93,155,210,94,66,101,8,138,86,2,33,0,254,61,95,221,15,157,238,212,252,91,179,125,227,143,85,221,54,191,115,60,248,179,50,204,122,112,35,116,202,51,210,191,0,118,0,232,62,208,218,62,245,6,53,50,231,87,40,188,137,107,201,3,211,203,209,17,107,236,235,105,225,119,125,109,6,189,110,0,0,1,126,216,78,38,99,0,0,4,3,0,71,48,69,2,33,0,205,48,15,85,249,241,26,67,50,43,173,165,170,22,29,215,30,224,6,15,106,66,197,169,23,46,73,91,217,45,214,52,2,32,21,79,113,119,87,36,23,156,166,146,90,91,74,186,177,5,164,244,231,127,154,142,124,79,122,67,56,30,139,27,141,71,48,13,6,9,42,134,72,134,247,13,1,1,11,5,0,3,130,1,1,0,140,183,102,198,170,136,228,117,35,209,203,50,131,110,220,158,228,49,57,242,105,213,235,121,52,175,43,11,111,31,50,78,41,47,58,93,86,69,196,188,166,224,145,94,204,209,242,148,168,167,80,169,242,117,119,156,192,185,212,143,159,234,17,242,33,230,109,213,217,143,53,221,158,130,181,30,98,219,238,9,207,208,240,103,66,230,145,106,47,33,105,232,115,219,229,239,173,69,39,106,243,146,255,20,204,191,197,94,5,243,43,206,236,0,10,8,80,219,220,112,179,132,80,150,69,233,97,120,106,156,38,37,194,212,14,105,3,112,58,66,161,214,36,43,185,63,99,76,74,200,173,20,4,195,113,8,218,30,174,164,146,43,57,200,168,245,245,96,200,10,198,41,98,249,215,206,69,76,47,27,188,226,206,168,177,150,240,196,11,18,169,118,58,126,249,234,234,199,19,188,76,11,79,39,98,89,211,135,79,236,26,28,124,212,55,89,191,180,28,54,255,6,76,38,30,162,120,190,29,104,184,108,22,166,22,241,240,217,145,80,228,152,75,65,243,63,230,184,25,59,42,99,180,44,63,162,164,2,4,0,165,3,2,1,21,166,17,4,15,99,97,98,105,110,101,116,46,107,111,102,100,46,107,122,179,3,2,1,23]}},"_secureEstablished":true,"_securePending":false,"_newSessionPending":false,"_controlReleased":true,"secureConnecting":false,"_SNICallback":null,"servername":"cabinet.kofd.kz","alpnProtocol":false,"authorized":false,"authorizationError":"UNABLE_TO_VERIFY_LEAF_SIGNATURE","encrypted":true,"_events":{"close":[null,null,null,null],"end":[null,null],"timeout":[null,null]},"_eventsCount":11,"connecting":false,"_hadError":false,"_parent":null,"_host":"cabinet.kofd.kz","_closeAfterHandlingError":false,"_readableState":{"objectMode":false,"highWaterMark":16384,"buffer":{"head":null,"tail":null,"length":0},"length":0,"pipes":[],"flowing":true,"ended":false,"endEmitted":false,"reading":true,"constructed":true,"sync":false,"needReadable":true,"emittedReadable":false,"readableListening":false,"resumeScheduled":false,"errorEmitted":false,"emitClose":false,"autoDestroy":true,"destroyed":false,"errored":null,"closed":false,"closeEmitted":false,"defaultEncoding":"utf8","awaitDrainWriters":null,"multiAwaitDrain":false,"readingMore":false,"dataEmitted":false,"decoder":null,"encoding":null},"_writableState":{"objectMode":false,"highWaterMark":16384,"finalCalled":false,"needDrain":false,"ending":false,"ended":false,"finished":false,"destroyed":false,"decodeStrings":false,"defaultEncoding":"utf8","length":0,"writing":false,"corked":0,"sync":false,"bufferProcessing":false,"writecb":null,"writelen":0,"afterWriteTickInfo":null,"buffered":[],"bufferedIndex":0,"allBuffers":true,"allNoop":true,"pendingcb":0,"constructed":true,"prefinished":false,"errorEmitted":false,"emitClose":false,"autoDestroy":true,"errored":null,"closed":false,"closeEmitted":false},"allowHalfOpen":false,"_sockname":null,"_pendingData":null,"_pendingEncoding":"","_server":null,"ssl":{"_parent":{"reading":true,"onconnection":null},"_secureContext":{"context":{}},"reading":true},"_requestCert":true,"_rejectUnauthorized":false,"parser":{"0":null,"5":null,"6":null,"_headers":[],"_url":"","incoming":null,"outgoing":{"_events":{},"_eventsCount":7,"outputData":[],"outputSize":0,"writable":true,"destroyed":false,"_last":true,"chunkedEncoding":false,"shouldKeepAlive":false,"maxRequestsOnConnectionReached":false,"_defaultKeepAlive":true,"useChunkedEncodingByDefault":false,"sendDate":false,"_removedConnection":false,"_removedContLen":false,"_removedTE":false,"strictContentLength":false,"_contentLength":0,"_hasBody":true,"_trailer":"","finished":true,"_headerSent":true,"_closed":false,"_header":"GET /api/operations?skip=0&take=40&requireTotalCount=true&sort=%5B%7B%22selector%22%3A%22operationDate%22%2C%22desc%22%3Atrue%7D%5D&filter=%5B%5B%22operationDate%22%2C%22%3E=%22%2C%222022-12-01T00%3A00%3A00.000%2B06%3A00%22%5D%2C%22and%22%2C%5B%22operationDate%22%2C%22%3C=%22%2C%222022-12-31T23%3A59%3A59.999%2B06%3A00%22%5D%5D&cashboxId=18832 HTTP/1.1\r\nAccept: application/json, text/plain, */*\r\nContent-Type: application/json\r\nAuthorization: Bearer eyJhbGciOiJIUzI1NiIsInR5cCI6IkpXVCJ9.eyJodHRwOi8vc2NoZW1hcy54bWxzb2FwLm9yZy93cy8yMDA1LzA1L2lkZW50aXR5L2NsYWltcy9uYW1lIjoiSUlONzkwMTI1NDAwMzM2IiwiT3JnYW5pemF0aW9uWGluIjoiNzkwMTI1NDAwMzM2IiwiUHJvZmlsZUlkIjoiNTMwMyIsIlByb2ZpbGVJaW4iOiI3OTAxMjU0MDAzMzYiLCJodHRwOi8vc2NoZW1hcy5taWNyb3NvZnQuY29tL3dzLzIwMDgvMDYvaWRlbnRpdHkvY2xhaW1zL3JvbGUiOlsiMCIsIjEiLCIyIiwiMyIsIjQiLCI1IiwiNiIsIjgiLCI5IiwiNyIsIjExIiwiMTIiLCIxMyIsIjEwIiwiMjAiLCIyMSIsIjIyIl0sIm5iZiI6MTY3MTU0MDcwNywiZXhwIjoxNjcxNTQ0MzA3LCJpc3MiOiJLYXpUcmFuc2NvbSIsImF1ZCI6Imh0dHBzOi8vY2FiaW5ldC5rb2ZkLmt6In0.RKHmmOC96lwIsq4Rn0aeTZGM9PUm8Wrl-zohbGt_McU\r\nUser-Agent: axios/1.2.1\r\nAccept-Encoding: gzip, compress, deflate, br\r\nHost: cabinet.kofd.kz\r\nConnection: close\r\n\r\n","_keepAliveTimeout":0,"method":"GET","path":"/api/operations?skip=0&take=40&requireTotalCount=true&sort=%5B%7B%22selector%22%3A%22operationDate%22%2C%22desc%22%3Atrue%7D%5D&filter=%5B%5B%22operationDate%22%2C%22%3E=%22%2C%222022-12-01T00%3A00%3A00.000%2B06%3A00%22%5D%2C%22and%22%2C%5B%22operationDate%22%2C%22%3C=%22%2C%222022-12-31T23%3A59%3A59.999%2B06%3A00%22%5D%5D&cashboxId=18832","_ended":false,"res":null,"aborted":false,"timeoutCb":null,"upgradeOrConnect":false,"maxHeadersCount":null,"reusedSocket":false,"host":"cabinet.kofd.kz","protocol":"https:","_redirectable":{"_writableState":{"objectMode":false,"highWaterMark":16384,"finalCalled":false,"needDrain":false,"ending":false,"ended":false,"finished":false,"destroyed":false,"decodeStrings":true,"defaultEncoding":"utf8","length":0,"writing":false,"corked":0,"sync":true,"bufferProcessing":false,"writecb":null,"writelen":0,"afterWriteTickInfo":null,"buffered":[],"bufferedIndex":0,"allBuffers":true,"allNoop":true,"pendingcb":0,"constructed":true,"prefinished":false,"errorEmitted":false,"emitClose":true,"autoDestroy":true,"errored":null,"closed":false,"closeEmitted":false},"_events":{"socket":[null,null]},"_eventsCount":3,"_options":{"maxRedirects":21,"maxBodyLength":null,"protocol":"https:","path":"/api/operations?skip=0&take=40&requireTotalCount=true&sort=%5B%7B%22selector%22%3A%22operationDate%22%2C%22desc%22%3Atrue%7D%5D&filter=%5B%5B%22operationDate%22%2C%22%3E=%22%2C%222022-12-01T00%3A00%3A00.000%2B06%3A00%22%5D%2C%22and%22%2C%5B%22operationDate%22%2C%22%3C=%22%2C%222022-12-31T23%3A59%3A59.999%2B06%3A00%22%5D%5D&cashboxId=18832","method":"GET","headers":{"Accept":"application/json, text/plain, */*","Content-Type":"application/json","Authorization":"Bearer eyJhbGciOiJIUzI1NiIsInR5cCI6IkpXVCJ9.eyJodHRwOi8vc2NoZW1hcy54bWxzb2FwLm9yZy93cy8yMDA1LzA1L2lkZW50aXR5L2NsYWltcy9uYW1lIjoiSUlONzkwMTI1NDAwMzM2IiwiT3JnYW5pemF0aW9uWGluIjoiNzkwMTI1NDAwMzM2IiwiUHJvZmlsZUlkIjoiNTMwMyIsIlByb2ZpbGVJaW4iOiI3OTAxMjU0MDAzMzYiLCJodHRwOi8vc2NoZW1hcy5taWNyb3NvZnQuY29tL3dzLzIwMDgvMDYvaWRlbnRpdHkvY2xhaW1zL3JvbGUiOlsiMCIsIjEiLCIyIiwiMyIsIjQiLCI1IiwiNiIsIjgiLCI5IiwiNyIsIjExIiwiMTIiLCIxMyIsIjEwIiwiMjAiLCIyMSIsIjIyIl0sIm5iZiI6MTY3MTU0MDcwNywiZXhwIjoxNjcxNTQ0MzA3LCJpc3MiOiJLYXpUcmFuc2NvbSIsImF1ZCI6Imh0dHBzOi8vY2FiaW5ldC5rb2ZkLmt6In0.RKHmmOC96lwIsq4Rn0aeTZGM9PUm8Wrl-zohbGt_McU","User-Agent":"axios/1.2.1","Accept-Encoding":"gzip, compress, deflate, br"},"agents":{},"beforeRedirects":{},"hostname":"cabinet.kofd.kz","port":"","nativeProtocols":{"http:":{"METHODS":["ACL","BIND","CHECKOUT","CONNECT","COPY","DELETE","GET","HEAD","LINK","LOCK","M-SEARCH","MERGE","MKACTIVITY","MKCALENDAR","MKCOL","MOVE","NOTIFY","OPTIONS","PATCH","POST","PROPFIND","PROPPATCH","PURGE","PUT","REBIND","REPORT","SEARCH","SOURCE","SUBSCRIBE","TRACE","UNBIND","UNLINK","UNLOCK","UNSUBSCRIBE"],"STATUS_CODES":{"100":"Continue","101":"Switching Protocols","102":"Processing","103":"Early Hints","200":"OK","201":"Created","202":"Accepted","203":"Non-Authoritative Information","204":"No Content","205":"Reset Content","206":"Partial Content","207":"Multi-Status","208":"Already Reported","226":"IM Used","300":"Multiple Choices","301":"Moved Permanently","302":"Found","303":"See Other","304":"Not Modified","305":"Use Proxy","307":"Temporary Redirect","308":"Permanent Redirect","400":"Bad Request","401":"Unauthorized","402":"Payment Required","403":"Forbidden","404":"Not Found","405":"Method Not Allowed","406":"Not Acceptable","407":"Proxy Authentication Required","408":"Request Timeout","409":"Conflict","410":"Gone","411":"Length Required","412":"Precondition Failed","413":"Payload Too Large","414":"URI Too Long","415":"Unsupported Media Type","416":"Range Not Satisfiable","417":"Expectation Failed","418":"I'm a Teapot","421":"Misdirected Request","422":"Unprocessable Entity","423":"Locked","424":"Failed Dependency","425":"Too Early","426":"Upgrade Required","428":"Precondition Required","429":"Too Many Requests","431":"Request Header Fields Too Large","451":"Unavailable For Legal Reasons","500":"Internal Server Error","501":"Not Implemented","502":"Bad Gateway","503":"Service Unavailable","504":"Gateway Timeout","505":"HTTP Version Not Supported","506":"Variant Also Negotiates","507":"Insufficient Storage","508":"Loop Detected","509":"Bandwidth Limit Exceeded","510":"Not Extended","511":"Network Authentication Required"},"maxHeaderSize":16384,"globalAgent":{"_events":{},"_eventsCount":2,"defaultPort":80,"protocol":"http:","options":{"keepAlive":true,"scheduling":"lifo","timeout":5000,"noDelay":true,"path":null},"requests":{},"sockets":{},"freeSockets":{},"keepAliveMsecs":1000,"keepAlive":true,"maxSockets":null,"maxFreeSockets":256,"scheduling":"lifo","maxTotalSockets":null,"totalSocketCount":0}},"https:":{"globalAgent":{"_events":{},"_eventsCount":2,"defaultPort":443,"protocol":"https:","options":{"keepAlive":true,"scheduling":"lifo","timeout":5000,"noDelay":true,"path":null},"requests":{},"sockets":{},"freeSockets":{},"keepAliveMsecs":1000,"keepAlive":true,"maxSockets":null,"maxFreeSockets":256,"scheduling":"lifo","maxTotalSockets":null,"totalSocketCount":0,"maxCachedSessions":100,"_sessionCache":{"map":{},"list":[]}}}},"pathname":"/api/operations","search":"?skip=0&take=40&requireTotalCount=true&sort=%5B%7B%22selector%22%3A%22operationDate%22%2C%22desc%22%3Atrue%7D%5D&filter=%5B%5B%22operationDate%22%2C%22%3E=%22%2C%222022-12-01T00%3A00%3A00.000%2B06%3A00%22%5D%2C%22and%22%2C%5B%22operationDate%22%2C%22%3C=%22%2C%222022-12-31T23%3A59%3A59.999%2B06%3A00%22%5D%5D&cashboxId=18832"},"_ended":true,"_ending":true,"_redirectCount":0,"_redirects":[],"_requestBodyLength":0,"_requestBodyBuffers":[],"_currentUrl":"https://cabinet.kofd.kz/api/operations?skip=0&take=40&requireTotalCount=true&sort=%5B%7B%22selector%22%3A%22operationDate%22%2C%22desc%22%3Atrue%7D%5D&filter=%5B%5B%22operationDate%22%2C%22%3E=%22%2C%222022-12-01T00%3A00%3A00.000%2B06%3A00%22%5D%2C%22and%22%2C%5B%22operationDate%22%2C%22%3C=%22%2C%222022-12-31T23%3A59%3A59.999%2B06%3A00%22%5D%5D&cashboxId=18832","_timeout":null}},"maxHeaderPairs":2000,"_consumed":false},"_httpMessage":{"_events":{},"_eventsCount":7,"outputData":[],"outputSize":0,"writable":true,"destroyed":false,"_last":true,"chunkedEncoding":false,"shouldKeepAlive":false,"maxRequestsOnConnectionReached":false,"_defaultKeepAlive":true,"useChunkedEncodingByDefault":false,"sendDate":false,"_removedConnection":false,"_removedContLen":false,"_removedTE":false,"strictContentLength":false,"_contentLength":0,"_hasBody":true,"_trailer":"","finished":true,"_headerSent":true,"_closed":false,"_header":"GET /api/operations?skip=0&take=40&requireTotalCount=true&sort=%5B%7B%22selector%22%3A%22operationDate%22%2C%22desc%22%3Atrue%7D%5D&filter=%5B%5B%22operationDate%22%2C%22%3E=%22%2C%222022-12-01T00%3A00%3A00.000%2B06%3A00%22%5D%2C%22and%22%2C%5B%22operationDate%22%2C%22%3C=%22%2C%222022-12-31T23%3A59%3A59.999%2B06%3A00%22%5D%5D&cashboxId=18832 HTTP/1.1\r\nAccept: application/json, text/plain, */*\r\nContent-Type: application/json\r\nAuthorization: Bearer eyJhbGciOiJIUzI1NiIsInR5cCI6IkpXVCJ9.eyJodHRwOi8vc2NoZW1hcy54bWxzb2FwLm9yZy93cy8yMDA1LzA1L2lkZW50aXR5L2NsYWltcy9uYW1lIjoiSUlONzkwMTI1NDAwMzM2IiwiT3JnYW5pemF0aW9uWGluIjoiNzkwMTI1NDAwMzM2IiwiUHJvZmlsZUlkIjoiNTMwMyIsIlByb2ZpbGVJaW4iOiI3OTAxMjU0MDAzMzYiLCJodHRwOi8vc2NoZW1hcy5taWNyb3NvZnQuY29tL3dzLzIwMDgvMDYvaWRlbnRpdHkvY2xhaW1zL3JvbGUiOlsiMCIsIjEiLCIyIiwiMyIsIjQiLCI1IiwiNiIsIjgiLCI5IiwiNyIsIjExIiwiMTIiLCIxMyIsIjEwIiwiMjAiLCIyMSIsIjIyIl0sIm5iZiI6MTY3MTU0MDcwNywiZXhwIjoxNjcxNTQ0MzA3LCJpc3MiOiJLYXpUcmFuc2NvbSIsImF1ZCI6Imh0dHBzOi8vY2FiaW5ldC5rb2ZkLmt6In0.RKHmmOC96lwIsq4Rn0aeTZGM9PUm8Wrl-zohbGt_McU\r\nUser-Agent: axios/1.2.1\r\nAccept-Encoding: gzip, compress, deflate, br\r\nHost: cabinet.kofd.kz\r\nConnection: close\r\n\r\n","_keepAliveTimeout":0,"method":"GET","path":"/api/operations?skip=0&take=40&requireTotalCount=true&sort=%5B%7B%22selector%22%3A%22operationDate%22%2C%22desc%22%3Atrue%7D%5D&filter=%5B%5B%22operationDate%22%2C%22%3E=%22%2C%222022-12-01T00%3A00%3A00.000%2B06%3A00%22%5D%2C%22and%22%2C%5B%22operationDate%22%2C%22%3C=%22%2C%222022-12-31T23%3A59%3A59.999%2B06%3A00%22%5D%5D&cashboxId=18832","_ended":false,"res":null,"aborted":false,"timeoutCb":null,"upgradeOrConnect":false,"parser":{"0":null,"5":null,"6":null,"_headers":[],"_url":"","incoming":null,"maxHeaderPairs":2000,"_consumed":false},"maxHeadersCount":null,"reusedSocket":false,"host":"cabinet.kofd.kz","protocol":"https:","_redirectable":{"_writableState":{"objectMode":false,"highWaterMark":16384,"finalCalled":false,"needDrain":false,"ending":false,"ended":false,"finished":false,"destroyed":false,"decodeStrings":true,"defaultEncoding":"utf8","length":0,"writing":false,"corked":0,"sync":true,"bufferProcessing":false,"writecb":null,"writelen":0,"afterWriteTickInfo":null,"buffered":[],"bufferedIndex":0,"allBuffers":true,"allNoop":true,"pendingcb":0,"constructed":true,"prefinished":false,"errorEmitted":false,"emitClose":true,"autoDestroy":true,"errored":null,"closed":false,"closeEmitted":false},"_events":{"socket":[null,null]},"_eventsCount":3,"_options":{"maxRedirects":21,"maxBodyLength":null,"protocol":"https:","path":"/api/operations?skip=0&take=40&requireTotalCount=true&sort=%5B%7B%22selector%22%3A%22operationDate%22%2C%22desc%22%3Atrue%7D%5D&filter=%5B%5B%22operationDate%22%2C%22%3E=%22%2C%222022-12-01T00%3A00%3A00.000%2B06%3A00%22%5D%2C%22and%22%2C%5B%22operationDate%22%2C%22%3C=%22%2C%222022-12-31T23%3A59%3A59.999%2B06%3A00%22%5D%5D&cashboxId=18832","method":"GET","headers":{"Accept":"application/json, text/plain, */*","Content-Type":"application/json","Authorization":"Bearer eyJhbGciOiJIUzI1NiIsInR5cCI6IkpXVCJ9.eyJodHRwOi8vc2NoZW1hcy54bWxzb2FwLm9yZy93cy8yMDA1LzA1L2lkZW50aXR5L2NsYWltcy9uYW1lIjoiSUlONzkwMTI1NDAwMzM2IiwiT3JnYW5pemF0aW9uWGluIjoiNzkwMTI1NDAwMzM2IiwiUHJvZmlsZUlkIjoiNTMwMyIsIlByb2ZpbGVJaW4iOiI3OTAxMjU0MDAzMzYiLCJodHRwOi8vc2NoZW1hcy5taWNyb3NvZnQuY29tL3dzLzIwMDgvMDYvaWRlbnRpdHkvY2xhaW1zL3JvbGUiOlsiMCIsIjEiLCIyIiwiMyIsIjQiLCI1IiwiNiIsIjgiLCI5IiwiNyIsIjExIiwiMTIiLCIxMyIsIjEwIiwiMjAiLCIyMSIsIjIyIl0sIm5iZiI6MTY3MTU0MDcwNywiZXhwIjoxNjcxNTQ0MzA3LCJpc3MiOiJLYXpUcmFuc2NvbSIsImF1ZCI6Imh0dHBzOi8vY2FiaW5ldC5rb2ZkLmt6In0.RKHmmOC96lwIsq4Rn0aeTZGM9PUm8Wrl-zohbGt_McU","User-Agent":"axios/1.2.1","Accept-Encoding":"gzip, compress, deflate, br"},"agents":{},"beforeRedirects":{},"hostname":"cabinet.kofd.kz","port":"","nativeProtocols":{"http:":{"METHODS":["ACL","BIND","CHECKOUT","CONNECT","COPY","DELETE","GET","HEAD","LINK","LOCK","M-SEARCH","MERGE","MKACTIVITY","MKCALENDAR","MKCOL","MOVE","NOTIFY","OPTIONS","PATCH","POST","PROPFIND","PROPPATCH","PURGE","PUT","REBIND","REPORT","SEARCH","SOURCE","SUBSCRIBE","TRACE","UNBIND","UNLINK","UNLOCK","UNSUBSCRIBE"],"STATUS_CODES":{"100":"Continue","101":"Switching Protocols","102":"Processing","103":"Early Hints","200":"OK","201":"Created","202":"Accepted","203":"Non-Authoritative Information","204":"No Content","205":"Reset Content","206":"Partial Content","207":"Multi-Status","208":"Already Reported","226":"IM Used","300":"Multiple Choices","301":"Moved Permanently","302":"Found","303":"See Other","304":"Not Modified","305":"Use Proxy","307":"Temporary Redirect","308":"Permanent Redirect","400":"Bad Request","401":"Unauthorized","402":"Payment Required","403":"Forbidden","404":"Not Found","405":"Method Not Allowed","406":"Not Acceptable","407":"Proxy Authentication Required","408":"Request Timeout","409":"Conflict","410":"Gone","411":"Length Required","412":"Precondition Failed","413":"Payload Too Large","414":"URI Too Long","415":"Unsupported Media Type","416":"Range Not Satisfiable","417":"Expectation Failed","418":"I'm a Teapot","421":"Misdirected Request","422":"Unprocessable Entity","423":"Locked","424":"Failed Dependency","425":"Too Early","426":"Upgrade Required","428":"Precondition Required","429":"Too Many Requests","431":"Request Header Fields Too Large","451":"Unavailable For Legal Reasons","500":"Internal Server Error","501":"Not Implemented","502":"Bad Gateway","503":"Service Unavailable","504":"Gateway Timeout","505":"HTTP Version Not Supported","506":"Variant Also Negotiates","507":"Insufficient Storage","508":"Loop Detected","509":"Bandwidth Limit Exceeded","510":"Not Extended","511":"Network Authentication Required"},"maxHeaderSize":16384,"globalAgent":{"_events":{},"_eventsCount":2,"defaultPort":80,"protocol":"http:","options":{"keepAlive":true,"scheduling":"lifo","timeout":5000,"noDelay":true,"path":null},"requests":{},"sockets":{},"freeSockets":{},"keepAliveMsecs":1000,"keepAlive":true,"maxSockets":null,"maxFreeSockets":256,"scheduling":"lifo","maxTotalSockets":null,"totalSocketCount":0}},"https:":{"globalAgent":{"_events":{},"_eventsCount":2,"defaultPort":443,"protocol":"https:","options":{"keepAlive":true,"scheduling":"lifo","timeout":5000,"noDelay":true,"path":null},"requests":{},"sockets":{},"freeSockets":{},"keepAliveMsecs":1000,"keepAlive":true,"maxSockets":null,"maxFreeSockets":256,"scheduling":"lifo","maxTotalSockets":null,"totalSocketCount":0,"maxCachedSessions":100,"_sessionCache":{"map":{},"list":[]}}}},"pathname":"/api/operations","search":"?skip=0&take=40&requireTotalCount=true&sort=%5B%7B%22selector%22%3A%22operationDate%22%2C%22desc%22%3Atrue%7D%5D&filter=%5B%5B%22operationDate%22%2C%22%3E=%22%2C%222022-12-01T00%3A00%3A00.000%2B06%3A00%22%5D%2C%22and%22%2C%5B%22operationDate%22%2C%22%3C=%22%2C%222022-12-31T23%3A59%3A59.999%2B06%3A00%22%5D%5D&cashboxId=18832"},"_ended":true,"_ending":true,"_redirectCount":0,"_redirects":[],"_requestBodyLength":0,"_requestBodyBuffers":[],"_currentUrl":"https://cabinet.kofd.kz/api/operations?skip=0&take=40&requireTotalCount=true&sort=%5B%7B%22selector%22%3A%22operationDate%22%2C%22desc%22%3Atrue%7D%5D&filter=%5B%5B%22operationDate%22%2C%22%3E=%22%2C%222022-12-01T00%3A00%3A00.000%2B06%3A00%22%5D%2C%22and%22%2C%5B%22operationDate%22%2C%22%3C=%22%2C%222022-12-31T23%3A59%3A59.999%2B06%3A00%22%5D%5D&cashboxId=18832","_timeout":null}},"timeout":2000},{"_tlsOptions":{"pipe":false,"secureContext":{"context":{}},"isServer":false,"requestCert":true,"rejectUnauthorized":false,"session":{"type":"Buffer","data":[48,130,6,188,2,1,1,2,2,3,3,4,2,192,48,4,32,210,121,9,83,241,128,255,75,227,5,106,156,148,198,164,178,6,36,100,126,122,96,56,54,254,237,156,36,38,128,73,255,4,48,68,31,146,80,30,209,1,42,129,103,39,77,46,233,241,136,60,109,205,75,224,11,195,179,145,24,210,69,68,145,64,85,241,147,40,91,169,135,240,239,210,39,88,190,20,85,215,25,161,6,2,4,99,161,175,229,162,4,2,2,28,32,163,130,6,42,48,130,6,38,48,130,5,14,160,3,2,1,2,2,17,0,230,140,250,71,153,198,13,131,218,100,135,75,46,145,152,24,48,13,6,9,42,134,72,134,247,13,1,1,11,5,0,48,129,143,49,11,48,9,6,3,85,4,6,19,2,71,66,49,27,48,25,6,3,85,4,8,19,18,71,114,101,97,116,101,114,32,77,97,110,99,104,101,115,116,101,114,49,16,48,14,6,3,85,4,7,19,7,83,97,108,102,111,114,100,49,24,48,22,6,3,85,4,10,19,15,83,101,99,116,105,103,111,32,76,105,109,105,116,101,100,49,55,48,53,6,3,85,4,3,19,46,83,101,99,116,105,103,111,32,82,83,65,32,68,111,109,97,105,110,32,86,97,108,105,100,97,116,105,111,110,32,83,101,99,117,114,101,32,83,101,114,118,101,114,32,67,65,48,30,23,13,50,50,48,50,48,56,48,48,48,48,48,48,90,23,13,50,51,48,51,49,48,50,51,53,57,53,57,90,48,20,49,18,48,16,6,3,85,4,3,12,9,42,46,107,111,102,100,46,107,122,48,130,1,34,48,13,6,9,42,134,72,134,247,13,1,1,1,5,0,3,130,1,15,0,48,130,1,10,2,130,1,1,0,239,148,8,199,168,95,30,59,204,51,68,6,255,192,96,238,113,250,26,178,45,86,166,15,255,115,131,130,10,241,69,173,96,174,62,143,54,20,36,8,28,113,243,235,207,55,75,160,80,182,162,237,120,211,134,154,230,79,70,153,86,149,239,8,132,188,230,238,198,101,191,153,149,38,170,31,95,155,180,78,231,205,72,13,139,119,101,107,60,103,202,163,4,8,48,9,58,97,228,138,101,185,92,202,68,183,176,184,248,200,184,60,87,224,11,145,193,14,110,147,7,174,185,41,217,160,57,247,61,95,7,20,12,130,140,45,32,195,217,200,21,204,136,198,98,16,193,186,134,171,188,123,161,204,191,254,254,35,86,144,244,212,101,243,238,29,114,205,1,55,232,154,242,12,93,71,98,236,74,89,88,188,61,26,89,135,27,238,143,254,187,152,62,166,96,208,69,187,74,38,11,129,194,113,143,218,247,106,80,85,152,96,196,247,31,219,216,148,209,160,172,210,199,248,83,178,164,96,77,53,98,1,64,121,128,160,150,9,16,24,100,214,74,164,238,191,187,17,40,158,4,35,199,139,245,195,2,3,1,0,1,163,130,2,245,48,130,2,241,48,31,6,3,85,29,35,4,24,48,22,128,20,141,140,94,196,84,173,138,225,119,233,155,249,155,5,225,184,1,141,97,225,48,29,6,3,85,29,14,4,22,4,20,141,227,106,177,231,50,235,253,13,89,117,65,145,65,58,153,165,201,92,245,48,14,6,3,85,29,15,1,1,255,4,4,3,2,5,160,48,12,6,3,85,29,19,1,1,255,4,2,48,0,48,29,6,3,85,29,37,4,22,48,20,6,8,43,6,1,5,5,7,3,1,6,8,43,6,1,5,5,7,3,2,48,73,6,3,85,29,32,4,66,48,64,48,52,6,11,43,6,1,4,1,178,49,1,2,2,7,48,37,48,35,6,8,43,6,1,5,5,7,2,1,22,23,104,116,116,112,115,58,47,47,115,101,99,116,105,103,111,46,99,111,109,47,67,80,83,48,8,6,6,103,129,12,1,2,1,48,129,132,6,8,43,6,1,5,5,7,1,1,4,120,48,118,48,79,6,8,43,6,1,5,5,7,48,2,134,67,104,116,116,112,58,47,47,99,114,116,46,115,101,99,116,105,103,111,46,99,111,109,47,83,101,99,116,105,103,111,82,83,65,68,111,109,97,105,110,86,97,108,105,100,97,116,105,111,110,83,101,99,117,114,101,83,101,114,118,101,114,67,65,46,99,114,116,48,35,6,8,43,6,1,5,5,7,48,1,134,23,104,116,116,112,58,47,47,111,99,115,112,46,115,101,99,116,105,103,111,46,99,111,109,48,29,6,3,85,29,17,4,22,48,20,130,9,42,46,107,111,102,100,46,107,122,130,7,107,111,102,100,46,107,122,48,130,1,127,6,10,43,6,1,4,1,214,121,2,4,2,4,130,1,111,4,130,1,107,1,105,0,119,0,173,247,190,250,124,255,16,200,139,157,61,156,30,62,24,106,180,103,41,93,207,177,12,36,202,133,134,52,235,220,130,138,0,0,1,126,216,78,38,193,0,0,4,3,0,72,48,70,2,33,0,245,223,102,14,91,49,157,44,238,246,187,111,3,208,205,227,58,139,79,180,174,136,247,21,74,43,232,247,174,255,160,70,2,33,0,206,255,12,100,22,23,181,241,197,86,243,143,107,132,18,59,167,68,133,44,127,235,1,116,61,73,125,237,141,155,109,158,0,118,0,122,50,140,84,216,183,45,182,32,234,56,224,82,30,233,132,22,112,50,19,133,77,59,210,43,193,58,87,163,82,235,82,0,0,1,126,216,78,38,140,0,0,4,3,0,71,48,69,2,32,93,136,148,73,31,106,142,207,93,100,128,134,202,250,87,131,0,201,225,116,222,126,44,93,155,210,94,66,101,8,138,86,2,33,0,254,61,95,221,15,157,238,212,252,91,179,125,227,143,85,221,54,191,115,60,248,179,50,204,122,112,35,116,202,51,210,191,0,118,0,232,62,208,218,62,245,6,53,50,231,87,40,188,137,107,201,3,211,203,209,17,107,236,235,105,225,119,125,109,6,189,110,0,0,1,126,216,78,38,99,0,0,4,3,0,71,48,69,2,33,0,205,48,15,85,249,241,26,67,50,43,173,165,170,22,29,215,30,224,6,15,106,66,197,169,23,46,73,91,217,45,214,52,2,32,21,79,113,119,87,36,23,156,166,146,90,91,74,186,177,5,164,244,231,127,154,142,124,79,122,67,56,30,139,27,141,71,48,13,6,9,42,134,72,134,247,13,1,1,11,5,0,3,130,1,1,0,140,183,102,198,170,136,228,117,35,209,203,50,131,110,220,158,228,49,57,242,105,213,235,121,52,175,43,11,111,31,50,78,41,47,58,93,86,69,196,188,166,224,145,94,204,209,242,148,168,167,80,169,242,117,119,156,192,185,212,143,159,234,17,242,33,230,109,213,217,143,53,221,158,130,181,30,98,219,238,9,207,208,240,103,66,230,145,106,47,33,105,232,115,219,229,239,173,69,39,106,243,146,255,20,204,191,197,94,5,243,43,206,236,0,10,8,80,219,220,112,179,132,80,150,69,233,97,120,106,156,38,37,194,212,14,105,3,112,58,66,161,214,36,43,185,63,99,76,74,200,173,20,4,195,113,8,218,30,174,164,146,43,57,200,168,245,245,96,200,10,198,41,98,249,215,206,69,76,47,27,188,226,206,168,177,150,240,196,11,18,169,118,58,126,249,234,234,199,19,188,76,11,79,39,98,89,211,135,79,236,26,28,124,212,55,89,191,180,28,54,255,6,76,38,30,162,120,190,29,104,184,108,22,166,22,241,240,217,145,80,228,152,75,65,243,63,230,184,25,59,42,99,180,44,63,162,164,2,4,0,165,3,2,1,21,166,17,4,15,99,97,98,105,110,101,116,46,107,111,102,100,46,107,122,179,3,2,1,23]}},"_secureEstablished":true,"_securePending":false,"_newSessionPending":false,"_controlReleased":true,"secureConnecting":false,"_SNICallback":null,"servername":"cabinet.kofd.kz","alpnProtocol":false,"authorized":false,"authorizationError":"UNABLE_TO_VERIFY_LEAF_SIGNATURE","encrypted":true,"_events":{"close":[null,null,null,null],"end":[null,null],"timeout":[null,null]},"_eventsCount":11,"connecting":false,"_hadError":false,"_parent":null,"_host":"cabinet.kofd.kz","_closeAfterHandlingError":false,"_readableState":{"objectMode":false,"highWaterMark":16384,"buffer":{"head":null,"tail":null,"length":0},"length":0,"pipes":[],"flowing":true,"ended":false,"endEmitted":false,"reading":true,"constructed":true,"sync":false,"needReadable":true,"emittedReadable":false,"readableListening":false,"resumeScheduled":false,"errorEmitted":false,"emitClose":false,"autoDestroy":true,"destroyed":false,"errored":null,"closed":false,"closeEmitted":false,"defaultEncoding":"utf8","awaitDrainWriters":null,"multiAwaitDrain":false,"readingMore":false,"dataEmitted":false,"decoder":null,"encoding":null},"_writableState":{"objectMode":false,"highWaterMark":16384,"finalCalled":false,"needDrain":false,"ending":false,"ended":false,"finished":false,"destroyed":false,"decodeStrings":false,"defaultEncoding":"utf8","length":0,"writing":false,"corked":0,"sync":false,"bufferProcessing":false,"writecb":null,"writelen":0,"afterWriteTickInfo":null,"buffered":[],"bufferedIndex":0,"allBuffers":true,"allNoop":true,"pendingcb":0,"constructed":true,"prefinished":false,"errorEmitted":false,"emitClose":false,"autoDestroy":true,"errored":null,"closed":false,"closeEmitted":false},"allowHalfOpen":false,"_sockname":null,"_pendingData":null,"_pendingEncoding":"","_server":null,"ssl":{"_parent":{"reading":true,"onconnection":null},"_secureContext":{"context":{}},"reading":true},"_requestCert":true,"_rejectUnauthorized":false,"parser":{"0":null,"5":null,"6":null,"_headers":[],"_url":"","incoming":null,"outgoing":{"_events":{},"_eventsCount":7,"outputData":[],"outputSize":0,"writable":true,"destroyed":false,"_last":true,"chunkedEncoding":false,"shouldKeepAlive":false,"maxRequestsOnConnectionReached":false,"_defaultKeepAlive":true,"useChunkedEncodingByDefault":false,"sendDate":false,"_removedConnection":false,"_removedContLen":false,"_removedTE":false,"strictContentLength":false,"_contentLength":0,"_hasBody":true,"_trailer":"","finished":true,"_headerSent":true,"_closed":false,"_header":"GET /api/operations?skip=0&take=40&requireTotalCount=true&sort=%5B%7B%22selector%22%3A%22operationDate%22%2C%22desc%22%3Atrue%7D%5D&filter=%5B%5B%22operationDate%22%2C%22%3E=%22%2C%222022-12-01T00%3A00%3A00.000%2B06%3A00%22%5D%2C%22and%22%2C%5B%22operationDate%22%2C%22%3C=%22%2C%222022-12-31T23%3A59%3A59.999%2B06%3A00%22%5D%5D&cashboxId=8247 HTTP/1.1\r\nAccept: application/json, text/plain, */*\r\nContent-Type: application/json\r\nAuthorization: Bearer eyJhbGciOiJIUzI1NiIsInR5cCI6IkpXVCJ9.eyJodHRwOi8vc2NoZW1hcy54bWxzb2FwLm9yZy93cy8yMDA1LzA1L2lkZW50aXR5L2NsYWltcy9uYW1lIjoiSUlONzkwMTI1NDAwMzM2IiwiT3JnYW5pemF0aW9uWGluIjoiNzkwMTI1NDAwMzM2IiwiUHJvZmlsZUlkIjoiNTMwMyIsIlByb2ZpbGVJaW4iOiI3OTAxMjU0MDAzMzYiLCJodHRwOi8vc2NoZW1hcy5taWNyb3NvZnQuY29tL3dzLzIwMDgvMDYvaWRlbnRpdHkvY2xhaW1zL3JvbGUiOlsiMCIsIjEiLCIyIiwiMyIsIjQiLCI1IiwiNiIsIjgiLCI5IiwiNyIsIjExIiwiMTIiLCIxMyIsIjEwIiwiMjAiLCIyMSIsIjIyIl0sIm5iZiI6MTY3MTU0MDcwNywiZXhwIjoxNjcxNTQ0MzA3LCJpc3MiOiJLYXpUcmFuc2NvbSIsImF1ZCI6Imh0dHBzOi8vY2FiaW5ldC5rb2ZkLmt6In0.RKHmmOC96lwIsq4Rn0aeTZGM9PUm8Wrl-zohbGt_McU\r\nUser-Agent: axios/1.2.1\r\nAccept-Encoding: gzip, compress, deflate, br\r\nHost: cabinet.kofd.kz\r\nConnection: close\r\n\r\n","_keepAliveTimeout":0,"method":"GET","path":"/api/operations?skip=0&take=40&requireTotalCount=true&sort=%5B%7B%22selector%22%3A%22operationDate%22%2C%22desc%22%3Atrue%7D%5D&filter=%5B%5B%22operationDate%22%2C%22%3E=%22%2C%222022-12-01T00%3A00%3A00.000%2B06%3A00%22%5D%2C%22and%22%2C%5B%22operationDate%22%2C%22%3C=%22%2C%222022-12-31T23%3A59%3A59.999%2B06%3A00%22%5D%5D&cashboxId=8247","_ended":false,"res":null,"aborted":false,"timeoutCb":null,"upgradeOrConnect":false,"maxHeadersCount":null,"reusedSocket":false,"host":"cabinet.kofd.kz","protocol":"https:","_redirectable":{"_writableState":{"objectMode":false,"highWaterMark":16384,"finalCalled":false,"needDrain":false,"ending":false,"ended":false,"finished":false,"destroyed":false,"decodeStrings":true,"defaultEncoding":"utf8","length":0,"writing":false,"corked":0,"sync":true,"bufferProcessing":false,"writecb":null,"writelen":0,"afterWriteTickInfo":null,"buffered":[],"bufferedIndex":0,"allBuffers":true,"allNoop":true,"pendingcb":0,"constructed":true,"prefinished":false,"errorEmitted":false,"emitClose":true,"autoDestroy":true,"errored":null,"closed":false,"closeEmitted":false},"_events":{"socket":[null,null]},"_eventsCount":3,"_options":{"maxRedirects":21,"maxBodyLength":null,"protocol":"https:","path":"/api/operations?skip=0&take=40&requireTotalCount=true&sort=%5B%7B%22selector%22%3A%22operationDate%22%2C%22desc%22%3Atrue%7D%5D&filter=%5B%5B%22operationDate%22%2C%22%3E=%22%2C%222022-12-01T00%3A00%3A00.000%2B06%3A00%22%5D%2C%22and%22%2C%5B%22operationDate%22%2C%22%3C=%22%2C%222022-12-31T23%3A59%3A59.999%2B06%3A00%22%5D%5D&cashboxId=8247","method":"GET","headers":{"Accept":"application/json, text/plain, */*","Content-Type":"application/json","Authorization":"Bearer eyJhbGciOiJIUzI1NiIsInR5cCI6IkpXVCJ9.eyJodHRwOi8vc2NoZW1hcy54bWxzb2FwLm9yZy93cy8yMDA1LzA1L2lkZW50aXR5L2NsYWltcy9uYW1lIjoiSUlONzkwMTI1NDAwMzM2IiwiT3JnYW5pemF0aW9uWGluIjoiNzkwMTI1NDAwMzM2IiwiUHJvZmlsZUlkIjoiNTMwMyIsIlByb2ZpbGVJaW4iOiI3OTAxMjU0MDAzMzYiLCJodHRwOi8vc2NoZW1hcy5taWNyb3NvZnQuY29tL3dzLzIwMDgvMDYvaWRlbnRpdHkvY2xhaW1zL3JvbGUiOlsiMCIsIjEiLCIyIiwiMyIsIjQiLCI1IiwiNiIsIjgiLCI5IiwiNyIsIjExIiwiMTIiLCIxMyIsIjEwIiwiMjAiLCIyMSIsIjIyIl0sIm5iZiI6MTY3MTU0MDcwNywiZXhwIjoxNjcxNTQ0MzA3LCJpc3MiOiJLYXpUcmFuc2NvbSIsImF1ZCI6Imh0dHBzOi8vY2FiaW5ldC5rb2ZkLmt6In0.RKHmmOC96lwIsq4Rn0aeTZGM9PUm8Wrl-zohbGt_McU","User-Agent":"axios/1.2.1","Accept-Encoding":"gzip, compress, deflate, br"},"agents":{},"beforeRedirects":{},"hostname":"cabinet.kofd.kz","port":"","nativeProtocols":{"http:":{"METHODS":["ACL","BIND","CHECKOUT","CONNECT","COPY","DELETE","GET","HEAD","LINK","LOCK","M-SEARCH","MERGE","MKACTIVITY","MKCALENDAR","MKCOL","MOVE","NOTIFY","OPTIONS","PATCH","POST","PROPFIND","PROPPATCH","PURGE","PUT","REBIND","REPORT","SEARCH","SOURCE","SUBSCRIBE","TRACE","UNBIND","UNLINK","UNLOCK","UNSUBSCRIBE"],"STATUS_CODES":{"100":"Continue","101":"Switching Protocols","102":"Processing","103":"Early Hints","200":"OK","201":"Created","202":"Accepted","203":"Non-Authoritative Information","204":"No Content","205":"Reset Content","206":"Partial Content","207":"Multi-Status","208":"Already Reported","226":"IM Used","300":"Multiple Choices","301":"Moved Permanently","302":"Found","303":"See Other","304":"Not Modified","305":"Use Proxy","307":"Temporary Redirect","308":"Permanent Redirect","400":"Bad Request","401":"Unauthorized","402":"Payment Required","403":"Forbidden","404":"Not Found","405":"Method Not Allowed","406":"Not Acceptable","407":"Proxy Authentication Required","408":"Request Timeout","409":"Conflict","410":"Gone","411":"Length Required","412":"Precondition Failed","413":"Payload Too Large","414":"URI Too Long","415":"Unsupported Media Type","416":"Range Not Satisfiable","417":"Expectation Failed","418":"I'm a Teapot","421":"Misdirected Request","422":"Unprocessable Entity","423":"Locked","424":"Failed Dependency","425":"Too Early","426":"Upgrade Required","428":"Precondition Required","429":"Too Many Requests","431":"Request Header Fields Too Large","451":"Unavailable For Legal Reasons","500":"Internal Server Error","501":"Not Implemented","502":"Bad Gateway","503":"Service Unavailable","504":"Gateway Timeout","505":"HTTP Version Not Supported","506":"Variant Also Negotiates","507":"Insufficient Storage","508":"Loop Detected","509":"Bandwidth Limit Exceeded","510":"Not Extended","511":"Network Authentication Required"},"maxHeaderSize":16384,"globalAgent":{"_events":{},"_eventsCount":2,"defaultPort":80,"protocol":"http:","options":{"keepAlive":true,"scheduling":"lifo","timeout":5000,"noDelay":true,"path":null},"requests":{},"sockets":{},"freeSockets":{},"keepAliveMsecs":1000,"keepAlive":true,"maxSockets":null,"maxFreeSockets":256,"scheduling":"lifo","maxTotalSockets":null,"totalSocketCount":0}},"https:":{"globalAgent":{"_events":{},"_eventsCount":2,"defaultPort":443,"protocol":"https:","options":{"keepAlive":true,"scheduling":"lifo","timeout":5000,"noDelay":true,"path":null},"requests":{},"sockets":{},"freeSockets":{},"keepAliveMsecs":1000,"keepAlive":true,"maxSockets":null,"maxFreeSockets":256,"scheduling":"lifo","maxTotalSockets":null,"totalSocketCount":0,"maxCachedSessions":100,"_sessionCache":{"map":{},"list":[]}}}},"pathname":"/api/operations","search":"?skip=0&take=40&requireTotalCount=true&sort=%5B%7B%22selector%22%3A%22operationDate%22%2C%22desc%22%3Atrue%7D%5D&filter=%5B%5B%22operationDate%22%2C%22%3E=%22%2C%222022-12-01T00%3A00%3A00.000%2B06%3A00%22%5D%2C%22and%22%2C%5B%22operationDate%22%2C%22%3C=%22%2C%222022-12-31T23%3A59%3A59.999%2B06%3A00%22%5D%5D&cashboxId=8247"},"_ended":true,"_ending":true,"_redirectCount":0,"_redirects":[],"_requestBodyLength":0,"_requestBodyBuffers":[],"_currentUrl":"https://cabinet.kofd.kz/api/operations?skip=0&take=40&requireTotalCount=true&sort=%5B%7B%22selector%22%3A%22operationDate%22%2C%22desc%22%3Atrue%7D%5D&filter=%5B%5B%22operationDate%22%2C%22%3E=%22%2C%222022-12-01T00%3A00%3A00.000%2B06%3A00%22%5D%2C%22and%22%2C%5B%22operationDate%22%2C%22%3C=%22%2C%222022-12-31T23%3A59%3A59.999%2B06%3A00%22%5D%5D&cashboxId=8247","_timeout":null}},"maxHeaderPairs":2000,"_consumed":false},"_httpMessage":{"_events":{},"_eventsCount":7,"outputData":[],"outputSize":0,"writable":true,"destroyed":false,"_last":true,"chunkedEncoding":false,"shouldKeepAlive":false,"maxRequestsOnConnectionReached":false,"_defaultKeepAlive":true,"useChunkedEncodingByDefault":false,"sendDate":false,"_removedConnection":false,"_removedContLen":false,"_removedTE":false,"strictContentLength":false,"_contentLength":0,"_hasBody":true,"_trailer":"","finished":true,"_headerSent":true,"_closed":false,"_header":"GET /api/operations?skip=0&take=40&requireTotalCount=true&sort=%5B%7B%22selector%22%3A%22operationDate%22%2C%22desc%22%3Atrue%7D%5D&filter=%5B%5B%22operationDate%22%2C%22%3E=%22%2C%222022-12-01T00%3A00%3A00.000%2B06%3A00%22%5D%2C%22and%22%2C%5B%22operationDate%22%2C%22%3C=%22%2C%222022-12-31T23%3A59%3A59.999%2B06%3A00%22%5D%5D&cashboxId=8247 HTTP/1.1\r\nAccept: application/json, text/plain, */*\r\nContent-Type: application/json\r\nAuthorization: Bearer eyJhbGciOiJIUzI1NiIsInR5cCI6IkpXVCJ9.eyJodHRwOi8vc2NoZW1hcy54bWxzb2FwLm9yZy93cy8yMDA1LzA1L2lkZW50aXR5L2NsYWltcy9uYW1lIjoiSUlONzkwMTI1NDAwMzM2IiwiT3JnYW5pemF0aW9uWGluIjoiNzkwMTI1NDAwMzM2IiwiUHJvZmlsZUlkIjoiNTMwMyIsIlByb2ZpbGVJaW4iOiI3OTAxMjU0MDAzMzYiLCJodHRwOi8vc2NoZW1hcy5taWNyb3NvZnQuY29tL3dzLzIwMDgvMDYvaWRlbnRpdHkvY2xhaW1zL3JvbGUiOlsiMCIsIjEiLCIyIiwiMyIsIjQiLCI1IiwiNiIsIjgiLCI5IiwiNyIsIjExIiwiMTIiLCIxMyIsIjEwIiwiMjAiLCIyMSIsIjIyIl0sIm5iZiI6MTY3MTU0MDcwNywiZXhwIjoxNjcxNTQ0MzA3LCJpc3MiOiJLYXpUcmFuc2NvbSIsImF1ZCI6Imh0dHBzOi8vY2FiaW5ldC5rb2ZkLmt6In0.RKHmmOC96lwIsq4Rn0aeTZGM9PUm8Wrl-zohbGt_McU\r\nUser-Agent: axios/1.2.1\r\nAccept-Encoding: gzip, compress, deflate, br\r\nHost: cabinet.kofd.kz\r\nConnection: close\r\n\r\n","_keepAliveTimeout":0,"method":"GET","path":"/api/operations?skip=0&take=40&requireTotalCount=true&sort=%5B%7B%22selector%22%3A%22operationDate%22%2C%22desc%22%3Atrue%7D%5D&filter=%5B%5B%22operationDate%22%2C%22%3E=%22%2C%222022-12-01T00%3A00%3A00.000%2B06%3A00%22%5D%2C%22and%22%2C%5B%22operationDate%22%2C%22%3C=%22%2C%222022-12-31T23%3A59%3A59.999%2B06%3A00%22%5D%5D&cashboxId=8247","_ended":false,"res":null,"aborted":false,"timeoutCb":null,"upgradeOrConnect":false,"parser":{"0":null,"5":null,"6":null,"_headers":[],"_url":"","incoming":null,"maxHeaderPairs":2000,"_consumed":false},"maxHeadersCount":null,"reusedSocket":false,"host":"cabinet.kofd.kz","protocol":"https:","_redirectable":{"_writableState":{"objectMode":false,"highWaterMark":16384,"finalCalled":false,"needDrain":false,"ending":false,"ended":false,"finished":false,"destroyed":false,"decodeStrings":true,"defaultEncoding":"utf8","length":0,"writing":false,"corked":0,"sync":true,"bufferProcessing":false,"writecb":null,"writelen":0,"afterWriteTickInfo":null,"buffered":[],"bufferedIndex":0,"allBuffers":true,"allNoop":true,"pendingcb":0,"constructed":true,"prefinished":false,"errorEmitted":false,"emitClose":true,"autoDestroy":true,"errored":null,"closed":false,"closeEmitted":false},"_events":{"socket":[null,null]},"_eventsCount":3,"_options":{"maxRedirects":21,"maxBodyLength":null,"protocol":"https:","path":"/api/operations?skip=0&take=40&requireTotalCount=true&sort=%5B%7B%22selector%22%3A%22operationDate%22%2C%22desc%22%3Atrue%7D%5D&filter=%5B%5B%22operationDate%22%2C%22%3E=%22%2C%222022-12-01T00%3A00%3A00.000%2B06%3A00%22%5D%2C%22and%22%2C%5B%22operationDate%22%2C%22%3C=%22%2C%222022-12-31T23%3A59%3A59.999%2B06%3A00%22%5D%5D&cashboxId=8247","method":"GET","headers":{"Accept":"application/json, text/plain, */*","Content-Type":"application/json","Authorization":"Bearer eyJhbGciOiJIUzI1NiIsInR5cCI6IkpXVCJ9.eyJodHRwOi8vc2NoZW1hcy54bWxzb2FwLm9yZy93cy8yMDA1LzA1L2lkZW50aXR5L2NsYWltcy9uYW1lIjoiSUlONzkwMTI1NDAwMzM2IiwiT3JnYW5pemF0aW9uWGluIjoiNzkwMTI1NDAwMzM2IiwiUHJvZmlsZUlkIjoiNTMwMyIsIlByb2ZpbGVJaW4iOiI3OTAxMjU0MDAzMzYiLCJodHRwOi8vc2NoZW1hcy5taWNyb3NvZnQuY29tL3dzLzIwMDgvMDYvaWRlbnRpdHkvY2xhaW1zL3JvbGUiOlsiMCIsIjEiLCIyIiwiMyIsIjQiLCI1IiwiNiIsIjgiLCI5IiwiNyIsIjExIiwiMTIiLCIxMyIsIjEwIiwiMjAiLCIyMSIsIjIyIl0sIm5iZiI6MTY3MTU0MDcwNywiZXhwIjoxNjcxNTQ0MzA3LCJpc3MiOiJLYXpUcmFuc2NvbSIsImF1ZCI6Imh0dHBzOi8vY2FiaW5ldC5rb2ZkLmt6In0.RKHmmOC96lwIsq4Rn0aeTZGM9PUm8Wrl-zohbGt_McU","User-Agent":"axios/1.2.1","Accept-Encoding":"gzip, compress, deflate, br"},"agents":{},"beforeRedirects":{},"hostname":"cabinet.kofd.kz","port":"","nativeProtocols":{"http:":{"METHODS":["ACL","BIND","CHECKOUT","CONNECT","COPY","DELETE","GET","HEAD","LINK","LOCK","M-SEARCH","MERGE","MKACTIVITY","MKCALENDAR","MKCOL","MOVE","NOTIFY","OPTIONS","PATCH","POST","PROPFIND","PROPPATCH","PURGE","PUT","REBIND","REPORT","SEARCH","SOURCE","SUBSCRIBE","TRACE","UNBIND","UNLINK","UNLOCK","UNSUBSCRIBE"],"STATUS_CODES":{"100":"Continue","101":"Switching Protocols","102":"Processing","103":"Early Hints","200":"OK","201":"Created","202":"Accepted","203":"Non-Authoritative Information","204":"No Content","205":"Reset Content","206":"Partial Content","207":"Multi-Status","208":"Already Reported","226":"IM Used","300":"Multiple Choices","301":"Moved Permanently","302":"Found","303":"See Other","304":"Not Modified","305":"Use Proxy","307":"Temporary Redirect","308":"Permanent Redirect","400":"Bad Request","401":"Unauthorized","402":"Payment Required","403":"Forbidden","404":"Not Found","405":"Method Not Allowed","406":"Not Acceptable","407":"Proxy Authentication Required","408":"Request Timeout","409":"Conflict","410":"Gone","411":"Length Required","412":"Precondition Failed","413":"Payload Too Large","414":"URI Too Long","415":"Unsupported Media Type","416":"Range Not Satisfiable","417":"Expectation Failed","418":"I'm a Teapot","421":"Misdirected Request","422":"Unprocessable Entity","423":"Locked","424":"Failed Dependency","425":"Too Early","426":"Upgrade Required","428":"Precondition Required","429":"Too Many Requests","431":"Request Header Fields Too Large","451":"Unavailable For Legal Reasons","500":"Internal Server Error","501":"Not Implemented","502":"Bad Gateway","503":"Service Unavailable","504":"Gateway Timeout","505":"HTTP Version Not Supported","506":"Variant Also Negotiates","507":"Insufficient Storage","508":"Loop Detected","509":"Bandwidth Limit Exceeded","510":"Not Extended","511":"Network Authentication Required"},"maxHeaderSize":16384,"globalAgent":{"_events":{},"_eventsCount":2,"defaultPort":80,"protocol":"http:","options":{"keepAlive":true,"scheduling":"lifo","timeout":5000,"noDelay":true,"path":null},"requests":{},"sockets":{},"freeSockets":{},"keepAliveMsecs":1000,"keepAlive":true,"maxSockets":null,"maxFreeSockets":256,"scheduling":"lifo","maxTotalSockets":null,"totalSocketCount":0}},"https:":{"globalAgent":{"_events":{},"_eventsCount":2,"defaultPort":443,"protocol":"https:","options":{"keepAlive":true,"scheduling":"lifo","timeout":5000,"noDelay":true,"path":null},"requests":{},"sockets":{},"freeSockets":{},"keepAliveMsecs":1000,"keepAlive":true,"maxSockets":null,"maxFreeSockets":256,"scheduling":"lifo","maxTotalSockets":null,"totalSocketCount":0,"maxCachedSessions":100,"_sessionCache":{"map":{},"list":[]}}}},"pathname":"/api/operations","search":"?skip=0&take=40&requireTotalCount=true&sort=%5B%7B%22selector%22%3A%22operationDate%22%2C%22desc%22%3Atrue%7D%5D&filter=%5B%5B%22operationDate%22%2C%22%3E=%22%2C%222022-12-01T00%3A00%3A00.000%2B06%3A00%22%5D%2C%22and%22%2C%5B%22operationDate%22%2C%22%3C=%22%2C%222022-12-31T23%3A59%3A59.999%2B06%3A00%22%5D%5D&cashboxId=8247"},"_ended":true,"_ending":true,"_redirectCount":0,"_redirects":[],"_requestBodyLength":0,"_requestBodyBuffers":[],"_currentUrl":"https://cabinet.kofd.kz/api/operations?skip=0&take=40&requireTotalCount=true&sort=%5B%7B%22selector%22%3A%22operationDate%22%2C%22desc%22%3Atrue%7D%5D&filter=%5B%5B%22operationDate%22%2C%22%3E=%22%2C%222022-12-01T00%3A00%3A00.000%2B06%3A00%22%5D%2C%22and%22%2C%5B%22operationDate%22%2C%22%3C=%22%2C%222022-12-31T23%3A59%3A59.999%2B06%3A00%22%5D%5D&cashboxId=8247","_timeout":null}},"timeout":2000}]},"freeSockets":{},"keepAliveMsecs":1000,"keepAlive":false,"maxSockets":null,"maxFreeSockets":256,"scheduling":"lifo","maxTotalSockets":null,"totalSocketCount":2,"maxCachedSessions":100,"_sessionCache":{"map":{"cabinet.kofd.kz:443::::::::false:::::::::::::":{"type":"Buffer","data":[48,130,6,188,2,1,1,2,2,3,3,4,2,192,48,4,32,210,121,9,83,241,128,255,75,227,5,106,156,148,198,164,178,6,36,100,126,122,96,56,54,254,237,156,36,38,128,73,255,4,48,68,31,146,80,30,209,1,42,129,103,39,77,46,233,241,136,60,109,205,75,224,11,195,179,145,24,210,69,68,145,64,85,241,147,40,91,169,135,240,239,210,39,88,190,20,85,215,25,161,6,2,4,99,161,175,229,162,4,2,2,28,32,163,130,6,42,48,130,6,38,48,130,5,14,160,3,2,1,2,2,17,0,230,140,250,71,153,198,13,131,218,100,135,75,46,145,152,24,48,13,6,9,42,134,72,134,247,13,1,1,11,5,0,48,129,143,49,11,48,9,6,3,85,4,6,19,2,71,66,49,27,48,25,6,3,85,4,8,19,18,71,114,101,97,116,101,114,32,77,97,110,99,104,101,115,116,101,114,49,16,48,14,6,3,85,4,7,19,7,83,97,108,102,111,114,100,49,24,48,22,6,3,85,4,10,19,15,83,101,99,116,105,103,111,32,76,105,109,105,116,101,100,49,55,48,53,6,3,85,4,3,19,46,83,101,99,116,105,103,111,32,82,83,65,32,68,111,109,97,105,110,32,86,97,108,105,100,97,116,105,111,110,32,83,101,99,117,114,101,32,83,101,114,118,101,114,32,67,65,48,30,23,13,50,50,48,50,48,56,48,48,48,48,48,48,90,23,13,50,51,48,51,49,48,50,51,53,57,53,57,90,48,20,49,18,48,16,6,3,85,4,3,12,9,42,46,107,111,102,100,46,107,122,48,130,1,34,48,13,6,9,42,134,72,134,247,13,1,1,1,5,0,3,130,1,15,0,48,130,1,10,2,130,1,1,0,239,148,8,199,168,95,30,59,204,51,68,6,255,192,96,238,113,250,26,178,45,86,166,15,255,115,131,130,10,241,69,173,96,174,62,143,54,20,36,8,28,113,243,235,207,55,75,160,80,182,162,237,120,211,134,154,230,79,70,153,86,149,239,8,132,188,230,238,198,101,191,153,149,38,170,31,95,155,180,78,231,205,72,13,139,119,101,107,60,103,202,163,4,8,48,9,58,97,228,138,101,185,92,202,68,183,176,184,248,200,184,60,87,224,11,145,193,14,110,147,7,174,185,41,217,160,57,247,61,95,7,20,12,130,140,45,32,195,217,200,21,204,136,198,98,16,193,186,134,171,188,123,161,204,191,254,254,35,86,144,244,212,101,243,238,29,114,205,1,55,232,154,242,12,93,71,98,236,74,89,88,188,61,26,89,135,27,238,143,254,187,152,62,166,96,208,69,187,74,38,11,129,194,113,143,218,247,106,80,85,152,96,196,247,31,219,216,148,209,160,172,210,199,248,83,178,164,96,77,53,98,1,64,121,128,160,150,9,16,24,100,214,74,164,238,191,187,17,40,158,4,35,199,139,245,195,2,3,1,0,1,163,130,2,245,48,130,2,241,48,31,6,3,85,29,35,4,24,48,22,128,20,141,140,94,196,84,173,138,225,119,233,155,249,155,5,225,184,1,141,97,225,48,29,6,3,85,29,14,4,22,4,20,141,227,106,177,231,50,235,253,13,89,117,65,145,65,58,153,165,201,92,245,48,14,6,3,85,29,15,1,1,255,4,4,3,2,5,160,48,12,6,3,85,29,19,1,1,255,4,2,48,0,48,29,6,3,85,29,37,4,22,48,20,6,8,43,6,1,5,5,7,3,1,6,8,43,6,1,5,5,7,3,2,48,73,6,3,85,29,32,4,66,48,64,48,52,6,11,43,6,1,4,1,178,49,1,2,2,7,48,37,48,35,6,8,43,6,1,5,5,7,2,1,22,23,104,116,116,112,115,58,47,47,115,101,99,116,105,103,111,46,99,111,109,47,67,80,83,48,8,6,6,103,129,12,1,2,1,48,129,132,6,8,43,6,1,5,5,7,1,1,4,120,48,118,48,79,6,8,43,6,1,5,5,7,48,2,134,67,104,116,116,112,58,47,47,99,114,116,46,115,101,99,116,105,103,111,46,99,111,109,47,83,101,99,116,105,103,111,82,83,65,68,111,109,97,105,110,86,97,108,105,100,97,116,105,111,110,83,101,99,117,114,101,83,101,114,118,101,114,67,65,46,99,114,116,48,35,6,8,43,6,1,5,5,7,48,1,134,23,104,116,116,112,58,47,47,111,99,115,112,46,115,101,99,116,105,103,111,46,99,111,109,48,29,6,3,85,29,17,4,22,48,20,130,9,42,46,107,111,102,100,46,107,122,130,7,107,111,102,100,46,107,122,48,130,1,127,6,10,43,6,1,4,1,214,121,2,4,2,4,130,1,111,4,130,1,107,1,105,0,119,0,173,247,190,250,124,255,16,200,139,157,61,156,30,62,24,106,180,103,41,93,207,177,12,36,202,133,134,52,235,220,130,138,0,0,1,126,216,78,38,193,0,0,4,3,0,72,48,70,2,33,0,245,223,102,14,91,49,157,44,238,246,187,111,3,208,205,227,58,139,79,180,174,136,247,21,74,43,232,247,174,255,160,70,2,33,0,206,255,12,100,22,23,181,241,197,86,243,143,107,132,18,59,167,68,133,44,127,235,1,116,61,73,125,237,141,155,109,158,0,118,0,122,50,140,84,216,183,45,182,32,234,56,224,82,30,233,132,22,112,50,19,133,77,59,210,43,193,58,87,163,82,235,82,0,0,1,126,216,78,38,140,0,0,4,3,0,71,48,69,2,32,93,136,148,73,31,106,142,207,93,100,128,134,202,250,87,131,0,201,225,116,222,126,44,93,155,210,94,66,101,8,138,86,2,33,0,254,61,95,221,15,157,238,212,252,91,179,125,227,143,85,221,54,191,115,60,248,179,50,204,122,112,35,116,202,51,210,191,0,118,0,232,62,208,218,62,245,6,53,50,231,87,40,188,137,107,201,3,211,203,209,17,107,236,235,105,225,119,125,109,6,189,110,0,0,1,126,216,78,38,99,0,0,4,3,0,71,48,69,2,33,0,205,48,15,85,249,241,26,67,50,43,173,165,170,22,29,215,30,224,6,15,106,66,197,169,23,46,73,91,217,45,214,52,2,32,21,79,113,119,87,36,23,156,166,146,90,91,74,186,177,5,164,244,231,127,154,142,124,79,122,67,56,30,139,27,141,71,48,13,6,9,42,134,72,134,247,13,1,1,11,5,0,3,130,1,1,0,140,183,102,198,170,136,228,117,35,209,203,50,131,110,220,158,228,49,57,242,105,213,235,121,52,175,43,11,111,31,50,78,41,47,58,93,86,69,196,188,166,224,145,94,204,209,242,148,168,167,80,169,242,117,119,156,192,185,212,143,159,234,17,242,33,230,109,213,217,143,53,221,158,130,181,30,98,219,238,9,207,208,240,103,66,230,145,106,47,33,105,232,115,219,229,239,173,69,39,106,243,146,255,20,204,191,197,94,5,243,43,206,236,0,10,8,80,219,220,112,179,132,80,150,69,233,97,120,106,156,38,37,194,212,14,105,3,112,58,66,161,214,36,43,185,63,99,76,74,200,173,20,4,195,113,8,218,30,174,164,146,43,57,200,168,245,245,96,200,10,198,41,98,249,215,206,69,76,47,27,188,226,206,168,177,150,240,196,11,18,169,118,58,126,249,234,234,199,19,188,76,11,79,39,98,89,211,135,79,236,26,28,124,212,55,89,191,180,28,54,255,6,76,38,30,162,120,190,29,104,184,108,22,166,22,241,240,217,145,80,228,152,75,65,243,63,230,184,25,59,42,99,180,44,63,162,164,2,4,0,165,3,2,1,21,166,17,4,15,99,97,98,105,110,101,116,46,107,111,102,100,46,107,122,179,3,2,1,23]}},"list":["cabinet.kofd.kz:443::::::::false:::::::::::::"]}}},"code":"ECONNABORTED","status":null},"point":"getData"}
{"date":"2022-12-20T12:51:51.419Z","text":"Error: AxiosError: timeout of 2000ms exceeded\n    at getTransaction (/home/almas/js-kofd/get/api.js:105:13)\n    at async Promise.all (index 0)","point":"getTransaction"}
{"date":"2022-12-20T12:51:51.420Z","text":"Error: AxiosError: timeout of 2000ms exceeded\n    at getTransaction (/home/almas/js-kofd/get/api.js:105:13)\n    at async Promise.all (index 0)","point":"getTransaction"}
{"date":"2022-12-20T13:27:52.024Z","text":{"message":"timeout of 2000ms exceeded","name":"AxiosError","stack":"AxiosError: timeout of 2000ms exceeded\n    at RedirectableRequest.handleRequestTimeout (/home/almas/js-kofd/node_modules/axios/dist/node/axios.cjs:2770:16)\n    at RedirectableRequest.emit (node:events:513:28)\n    at Timeout.<anonymous> (/home/almas/js-kofd/node_modules/follow-redirects/index.js:169:12)\n    at listOnTimeout (node:internal/timers:564:17)\n    at process.processTimers (node:internal/timers:507:7)","config":{"transitional":{"silentJSONParsing":true,"forcedJSONParsing":true,"clarifyTimeoutError":false},"adapter":["xhr","http"],"transformRequest":[null],"transformResponse":[null],"timeout":2000,"xsrfCookieName":"XSRF-TOKEN","xsrfHeaderName":"X-XSRF-TOKEN","maxContentLength":-1,"maxBodyLength":-1,"env":{},"headers":{"Accept":"application/json, text/plain, */*","Content-Type":"application/json","Authorization":"Bearer eyJhbGciOiJIUzI1NiIsInR5cCI6IkpXVCJ9.eyJodHRwOi8vc2NoZW1hcy54bWxzb2FwLm9yZy93cy8yMDA1LzA1L2lkZW50aXR5L2NsYWltcy9uYW1lIjoiSUlONzkwMTI1NDAwMzM2IiwiT3JnYW5pemF0aW9uWGluIjoiNzkwMTI1NDAwMzM2IiwiUHJvZmlsZUlkIjoiNTMwMyIsIlByb2ZpbGVJaW4iOiI3OTAxMjU0MDAzMzYiLCJodHRwOi8vc2NoZW1hcy5taWNyb3NvZnQuY29tL3dzLzIwMDgvMDYvaWRlbnRpdHkvY2xhaW1zL3JvbGUiOlsiMCIsIjEiLCIyIiwiMyIsIjQiLCI1IiwiNiIsIjgiLCI5IiwiNyIsIjExIiwiMTIiLCIxMyIsIjEwIiwiMjAiLCIyMSIsIjIyIl0sIm5iZiI6MTY3MTU0Mjg2OCwiZXhwIjoxNjcxNTQ2NDY4LCJpc3MiOiJLYXpUcmFuc2NvbSIsImF1ZCI6Imh0dHBzOi8vY2FiaW5ldC5rb2ZkLmt6In0.tLNOjnKPvaurxt_RWFZs3K1WDBV7e40tFEYBKWChkms","User-Agent":"axios/1.2.1","Accept-Encoding":"gzip, compress, deflate, br"},"method":"get","url":"https://cabinet.kofd.kz/api/operations?skip=0&take=40&requireTotalCount=true&sort=%5B%7B%22selector%22%3A%22operationDate%22%2C%22desc%22%3Atrue%7D%5D&filter=%5B%5B%22operationDate%22%2C%22%3E=%22%2C%222022-12-01T00%3A00%3A00.000%2B06%3A00%22%5D%2C%22and%22%2C%5B%22operationDate%22%2C%22%3C=%22%2C%222022-12-31T23%3A59%3A59.999%2B06%3A00%22%5D%5D&cashboxId=8247","httpsAgent":{"_events":{},"_eventsCount":2,"defaultPort":443,"protocol":"https:","options":{"rejectUnauthorized":false,"noDelay":true,"path":null},"requests":{},"sockets":{"cabinet.kofd.kz:443::::::::false:::::::::::::":[{"_tlsOptions":{"pipe":false,"secureContext":{"context":{}},"isServer":false,"requestCert":true,"rejectUnauthorized":false,"session":{"type":"Buffer","data":[48,130,6,188,2,1,1,2,2,3,3,4,2,192,48,4,32,12,113,240,215,197,62,130,25,183,184,221,155,243,251,182,138,84,113,103,47,222,207,252,158,108,167,29,228,188,159,143,100,4,48,124,69,199,206,177,97,12,71,68,32,204,82,31,231,133,40,106,121,4,137,220,233,19,14,138,106,234,45,167,148,79,237,16,86,120,55,107,125,55,119,205,44,97,50,93,117,211,0,161,6,2,4,99,161,184,85,162,4,2,2,28,32,163,130,6,42,48,130,6,38,48,130,5,14,160,3,2,1,2,2,17,0,230,140,250,71,153,198,13,131,218,100,135,75,46,145,152,24,48,13,6,9,42,134,72,134,247,13,1,1,11,5,0,48,129,143,49,11,48,9,6,3,85,4,6,19,2,71,66,49,27,48,25,6,3,85,4,8,19,18,71,114,101,97,116,101,114,32,77,97,110,99,104,101,115,116,101,114,49,16,48,14,6,3,85,4,7,19,7,83,97,108,102,111,114,100,49,24,48,22,6,3,85,4,10,19,15,83,101,99,116,105,103,111,32,76,105,109,105,116,101,100,49,55,48,53,6,3,85,4,3,19,46,83,101,99,116,105,103,111,32,82,83,65,32,68,111,109,97,105,110,32,86,97,108,105,100,97,116,105,111,110,32,83,101,99,117,114,101,32,83,101,114,118,101,114,32,67,65,48,30,23,13,50,50,48,50,48,56,48,48,48,48,48,48,90,23,13,50,51,48,51,49,48,50,51,53,57,53,57,90,48,20,49,18,48,16,6,3,85,4,3,12,9,42,46,107,111,102,100,46,107,122,48,130,1,34,48,13,6,9,42,134,72,134,247,13,1,1,1,5,0,3,130,1,15,0,48,130,1,10,2,130,1,1,0,239,148,8,199,168,95,30,59,204,51,68,6,255,192,96,238,113,250,26,178,45,86,166,15,255,115,131,130,10,241,69,173,96,174,62,143,54,20,36,8,28,113,243,235,207,55,75,160,80,182,162,237,120,211,134,154,230,79,70,153,86,149,239,8,132,188,230,238,198,101,191,153,149,38,170,31,95,155,180,78,231,205,72,13,139,119,101,107,60,103,202,163,4,8,48,9,58,97,228,138,101,185,92,202,68,183,176,184,248,200,184,60,87,224,11,145,193,14,110,147,7,174,185,41,217,160,57,247,61,95,7,20,12,130,140,45,32,195,217,200,21,204,136,198,98,16,193,186,134,171,188,123,161,204,191,254,254,35,86,144,244,212,101,243,238,29,114,205,1,55,232,154,242,12,93,71,98,236,74,89,88,188,61,26,89,135,27,238,143,254,187,152,62,166,96,208,69,187,74,38,11,129,194,113,143,218,247,106,80,85,152,96,196,247,31,219,216,148,209,160,172,210,199,248,83,178,164,96,77,53,98,1,64,121,128,160,150,9,16,24,100,214,74,164,238,191,187,17,40,158,4,35,199,139,245,195,2,3,1,0,1,163,130,2,245,48,130,2,241,48,31,6,3,85,29,35,4,24,48,22,128,20,141,140,94,196,84,173,138,225,119,233,155,249,155,5,225,184,1,141,97,225,48,29,6,3,85,29,14,4,22,4,20,141,227,106,177,231,50,235,253,13,89,117,65,145,65,58,153,165,201,92,245,48,14,6,3,85,29,15,1,1,255,4,4,3,2,5,160,48,12,6,3,85,29,19,1,1,255,4,2,48,0,48,29,6,3,85,29,37,4,22,48,20,6,8,43,6,1,5,5,7,3,1,6,8,43,6,1,5,5,7,3,2,48,73,6,3,85,29,32,4,66,48,64,48,52,6,11,43,6,1,4,1,178,49,1,2,2,7,48,37,48,35,6,8,43,6,1,5,5,7,2,1,22,23,104,116,116,112,115,58,47,47,115,101,99,116,105,103,111,46,99,111,109,47,67,80,83,48,8,6,6,103,129,12,1,2,1,48,129,132,6,8,43,6,1,5,5,7,1,1,4,120,48,118,48,79,6,8,43,6,1,5,5,7,48,2,134,67,104,116,116,112,58,47,47,99,114,116,46,115,101,99,116,105,103,111,46,99,111,109,47,83,101,99,116,105,103,111,82,83,65,68,111,109,97,105,110,86,97,108,105,100,97,116,105,111,110,83,101,99,117,114,101,83,101,114,118,101,114,67,65,46,99,114,116,48,35,6,8,43,6,1,5,5,7,48,1,134,23,104,116,116,112,58,47,47,111,99,115,112,46,115,101,99,116,105,103,111,46,99,111,109,48,29,6,3,85,29,17,4,22,48,20,130,9,42,46,107,111,102,100,46,107,122,130,7,107,111,102,100,46,107,122,48,130,1,127,6,10,43,6,1,4,1,214,121,2,4,2,4,130,1,111,4,130,1,107,1,105,0,119,0,173,247,190,250,124,255,16,200,139,157,61,156,30,62,24,106,180,103,41,93,207,177,12,36,202,133,134,52,235,220,130,138,0,0,1,126,216,78,38,193,0,0,4,3,0,72,48,70,2,33,0,245,223,102,14,91,49,157,44,238,246,187,111,3,208,205,227,58,139,79,180,174,136,247,21,74,43,232,247,174,255,160,70,2,33,0,206,255,12,100,22,23,181,241,197,86,243,143,107,132,18,59,167,68,133,44,127,235,1,116,61,73,125,237,141,155,109,158,0,118,0,122,50,140,84,216,183,45,182,32,234,56,224,82,30,233,132,22,112,50,19,133,77,59,210,43,193,58,87,163,82,235,82,0,0,1,126,216,78,38,140,0,0,4,3,0,71,48,69,2,32,93,136,148,73,31,106,142,207,93,100,128,134,202,250,87,131,0,201,225,116,222,126,44,93,155,210,94,66,101,8,138,86,2,33,0,254,61,95,221,15,157,238,212,252,91,179,125,227,143,85,221,54,191,115,60,248,179,50,204,122,112,35,116,202,51,210,191,0,118,0,232,62,208,218,62,245,6,53,50,231,87,40,188,137,107,201,3,211,203,209,17,107,236,235,105,225,119,125,109,6,189,110,0,0,1,126,216,78,38,99,0,0,4,3,0,71,48,69,2,33,0,205,48,15,85,249,241,26,67,50,43,173,165,170,22,29,215,30,224,6,15,106,66,197,169,23,46,73,91,217,45,214,52,2,32,21,79,113,119,87,36,23,156,166,146,90,91,74,186,177,5,164,244,231,127,154,142,124,79,122,67,56,30,139,27,141,71,48,13,6,9,42,134,72,134,247,13,1,1,11,5,0,3,130,1,1,0,140,183,102,198,170,136,228,117,35,209,203,50,131,110,220,158,228,49,57,242,105,213,235,121,52,175,43,11,111,31,50,78,41,47,58,93,86,69,196,188,166,224,145,94,204,209,242,148,168,167,80,169,242,117,119,156,192,185,212,143,159,234,17,242,33,230,109,213,217,143,53,221,158,130,181,30,98,219,238,9,207,208,240,103,66,230,145,106,47,33,105,232,115,219,229,239,173,69,39,106,243,146,255,20,204,191,197,94,5,243,43,206,236,0,10,8,80,219,220,112,179,132,80,150,69,233,97,120,106,156,38,37,194,212,14,105,3,112,58,66,161,214,36,43,185,63,99,76,74,200,173,20,4,195,113,8,218,30,174,164,146,43,57,200,168,245,245,96,200,10,198,41,98,249,215,206,69,76,47,27,188,226,206,168,177,150,240,196,11,18,169,118,58,126,249,234,234,199,19,188,76,11,79,39,98,89,211,135,79,236,26,28,124,212,55,89,191,180,28,54,255,6,76,38,30,162,120,190,29,104,184,108,22,166,22,241,240,217,145,80,228,152,75,65,243,63,230,184,25,59,42,99,180,44,63,162,164,2,4,0,165,3,2,1,21,166,17,4,15,99,97,98,105,110,101,116,46,107,111,102,100,46,107,122,179,3,2,1,23]}},"_secureEstablished":true,"_securePending":false,"_newSessionPending":false,"_controlReleased":true,"secureConnecting":false,"_SNICallback":null,"servername":"cabinet.kofd.kz","alpnProtocol":false,"authorized":false,"authorizationError":"UNABLE_TO_VERIFY_LEAF_SIGNATURE","encrypted":true,"_events":{"close":[null,null,null,null],"end":[null,null],"timeout":[null,null]},"_eventsCount":11,"connecting":false,"_hadError":false,"_parent":null,"_host":"cabinet.kofd.kz","_closeAfterHandlingError":false,"_readableState":{"objectMode":false,"highWaterMark":16384,"buffer":{"head":null,"tail":null,"length":0},"length":0,"pipes":[],"flowing":true,"ended":false,"endEmitted":false,"reading":true,"constructed":true,"sync":false,"needReadable":true,"emittedReadable":false,"readableListening":false,"resumeScheduled":false,"errorEmitted":false,"emitClose":false,"autoDestroy":true,"destroyed":false,"errored":null,"closed":false,"closeEmitted":false,"defaultEncoding":"utf8","awaitDrainWriters":null,"multiAwaitDrain":false,"readingMore":false,"dataEmitted":false,"decoder":null,"encoding":null},"_writableState":{"objectMode":false,"highWaterMark":16384,"finalCalled":false,"needDrain":false,"ending":false,"ended":false,"finished":false,"destroyed":false,"decodeStrings":false,"defaultEncoding":"utf8","length":0,"writing":false,"corked":0,"sync":false,"bufferProcessing":false,"writecb":null,"writelen":0,"afterWriteTickInfo":null,"buffered":[],"bufferedIndex":0,"allBuffers":true,"allNoop":true,"pendingcb":0,"constructed":true,"prefinished":false,"errorEmitted":false,"emitClose":false,"autoDestroy":true,"errored":null,"closed":false,"closeEmitted":false},"allowHalfOpen":false,"_sockname":null,"_pendingData":null,"_pendingEncoding":"","_server":null,"ssl":{"_parent":{"reading":true,"onconnection":null},"_secureContext":{"context":{}},"reading":true},"_requestCert":true,"_rejectUnauthorized":false,"parser":{"0":null,"5":null,"6":null,"_headers":[],"_url":"","incoming":null,"outgoing":{"_events":{},"_eventsCount":7,"outputData":[],"outputSize":0,"writable":true,"destroyed":false,"_last":true,"chunkedEncoding":false,"shouldKeepAlive":false,"maxRequestsOnConnectionReached":false,"_defaultKeepAlive":true,"useChunkedEncodingByDefault":false,"sendDate":false,"_removedConnection":false,"_removedContLen":false,"_removedTE":false,"strictContentLength":false,"_contentLength":0,"_hasBody":true,"_trailer":"","finished":true,"_headerSent":true,"_closed":false,"_header":"GET /api/operations?skip=0&take=40&requireTotalCount=true&sort=%5B%7B%22selector%22%3A%22operationDate%22%2C%22desc%22%3Atrue%7D%5D&filter=%5B%5B%22operationDate%22%2C%22%3E=%22%2C%222022-12-01T00%3A00%3A00.000%2B06%3A00%22%5D%2C%22and%22%2C%5B%22operationDate%22%2C%22%3C=%22%2C%222022-12-31T23%3A59%3A59.999%2B06%3A00%22%5D%5D&cashboxId=8247 HTTP/1.1\r\nAccept: application/json, text/plain, */*\r\nContent-Type: application/json\r\nAuthorization: Bearer eyJhbGciOiJIUzI1NiIsInR5cCI6IkpXVCJ9.eyJodHRwOi8vc2NoZW1hcy54bWxzb2FwLm9yZy93cy8yMDA1LzA1L2lkZW50aXR5L2NsYWltcy9uYW1lIjoiSUlONzkwMTI1NDAwMzM2IiwiT3JnYW5pemF0aW9uWGluIjoiNzkwMTI1NDAwMzM2IiwiUHJvZmlsZUlkIjoiNTMwMyIsIlByb2ZpbGVJaW4iOiI3OTAxMjU0MDAzMzYiLCJodHRwOi8vc2NoZW1hcy5taWNyb3NvZnQuY29tL3dzLzIwMDgvMDYvaWRlbnRpdHkvY2xhaW1zL3JvbGUiOlsiMCIsIjEiLCIyIiwiMyIsIjQiLCI1IiwiNiIsIjgiLCI5IiwiNyIsIjExIiwiMTIiLCIxMyIsIjEwIiwiMjAiLCIyMSIsIjIyIl0sIm5iZiI6MTY3MTU0Mjg2OCwiZXhwIjoxNjcxNTQ2NDY4LCJpc3MiOiJLYXpUcmFuc2NvbSIsImF1ZCI6Imh0dHBzOi8vY2FiaW5ldC5rb2ZkLmt6In0.tLNOjnKPvaurxt_RWFZs3K1WDBV7e40tFEYBKWChkms\r\nUser-Agent: axios/1.2.1\r\nAccept-Encoding: gzip, compress, deflate, br\r\nHost: cabinet.kofd.kz\r\nConnection: close\r\n\r\n","_keepAliveTimeout":0,"method":"GET","path":"/api/operations?skip=0&take=40&requireTotalCount=true&sort=%5B%7B%22selector%22%3A%22operationDate%22%2C%22desc%22%3Atrue%7D%5D&filter=%5B%5B%22operationDate%22%2C%22%3E=%22%2C%222022-12-01T00%3A00%3A00.000%2B06%3A00%22%5D%2C%22and%22%2C%5B%22operationDate%22%2C%22%3C=%22%2C%222022-12-31T23%3A59%3A59.999%2B06%3A00%22%5D%5D&cashboxId=8247","_ended":false,"res":null,"aborted":false,"timeoutCb":null,"upgradeOrConnect":false,"maxHeadersCount":null,"reusedSocket":false,"host":"cabinet.kofd.kz","protocol":"https:","_redirectable":{"_writableState":{"objectMode":false,"highWaterMark":16384,"finalCalled":false,"needDrain":false,"ending":false,"ended":false,"finished":false,"destroyed":false,"decodeStrings":true,"defaultEncoding":"utf8","length":0,"writing":false,"corked":0,"sync":true,"bufferProcessing":false,"writecb":null,"writelen":0,"afterWriteTickInfo":null,"buffered":[],"bufferedIndex":0,"allBuffers":true,"allNoop":true,"pendingcb":0,"constructed":true,"prefinished":false,"errorEmitted":false,"emitClose":true,"autoDestroy":true,"errored":null,"closed":false,"closeEmitted":false},"_events":{"socket":[null,null]},"_eventsCount":3,"_options":{"maxRedirects":21,"maxBodyLength":null,"protocol":"https:","path":"/api/operations?skip=0&take=40&requireTotalCount=true&sort=%5B%7B%22selector%22%3A%22operationDate%22%2C%22desc%22%3Atrue%7D%5D&filter=%5B%5B%22operationDate%22%2C%22%3E=%22%2C%222022-12-01T00%3A00%3A00.000%2B06%3A00%22%5D%2C%22and%22%2C%5B%22operationDate%22%2C%22%3C=%22%2C%222022-12-31T23%3A59%3A59.999%2B06%3A00%22%5D%5D&cashboxId=8247","method":"GET","headers":{"Accept":"application/json, text/plain, */*","Content-Type":"application/json","Authorization":"Bearer eyJhbGciOiJIUzI1NiIsInR5cCI6IkpXVCJ9.eyJodHRwOi8vc2NoZW1hcy54bWxzb2FwLm9yZy93cy8yMDA1LzA1L2lkZW50aXR5L2NsYWltcy9uYW1lIjoiSUlONzkwMTI1NDAwMzM2IiwiT3JnYW5pemF0aW9uWGluIjoiNzkwMTI1NDAwMzM2IiwiUHJvZmlsZUlkIjoiNTMwMyIsIlByb2ZpbGVJaW4iOiI3OTAxMjU0MDAzMzYiLCJodHRwOi8vc2NoZW1hcy5taWNyb3NvZnQuY29tL3dzLzIwMDgvMDYvaWRlbnRpdHkvY2xhaW1zL3JvbGUiOlsiMCIsIjEiLCIyIiwiMyIsIjQiLCI1IiwiNiIsIjgiLCI5IiwiNyIsIjExIiwiMTIiLCIxMyIsIjEwIiwiMjAiLCIyMSIsIjIyIl0sIm5iZiI6MTY3MTU0Mjg2OCwiZXhwIjoxNjcxNTQ2NDY4LCJpc3MiOiJLYXpUcmFuc2NvbSIsImF1ZCI6Imh0dHBzOi8vY2FiaW5ldC5rb2ZkLmt6In0.tLNOjnKPvaurxt_RWFZs3K1WDBV7e40tFEYBKWChkms","User-Agent":"axios/1.2.1","Accept-Encoding":"gzip, compress, deflate, br"},"agents":{},"beforeRedirects":{},"hostname":"cabinet.kofd.kz","port":"","nativeProtocols":{"http:":{"METHODS":["ACL","BIND","CHECKOUT","CONNECT","COPY","DELETE","GET","HEAD","LINK","LOCK","M-SEARCH","MERGE","MKACTIVITY","MKCALENDAR","MKCOL","MOVE","NOTIFY","OPTIONS","PATCH","POST","PROPFIND","PROPPATCH","PURGE","PUT","REBIND","REPORT","SEARCH","SOURCE","SUBSCRIBE","TRACE","UNBIND","UNLINK","UNLOCK","UNSUBSCRIBE"],"STATUS_CODES":{"100":"Continue","101":"Switching Protocols","102":"Processing","103":"Early Hints","200":"OK","201":"Created","202":"Accepted","203":"Non-Authoritative Information","204":"No Content","205":"Reset Content","206":"Partial Content","207":"Multi-Status","208":"Already Reported","226":"IM Used","300":"Multiple Choices","301":"Moved Permanently","302":"Found","303":"See Other","304":"Not Modified","305":"Use Proxy","307":"Temporary Redirect","308":"Permanent Redirect","400":"Bad Request","401":"Unauthorized","402":"Payment Required","403":"Forbidden","404":"Not Found","405":"Method Not Allowed","406":"Not Acceptable","407":"Proxy Authentication Required","408":"Request Timeout","409":"Conflict","410":"Gone","411":"Length Required","412":"Precondition Failed","413":"Payload Too Large","414":"URI Too Long","415":"Unsupported Media Type","416":"Range Not Satisfiable","417":"Expectation Failed","418":"I'm a Teapot","421":"Misdirected Request","422":"Unprocessable Entity","423":"Locked","424":"Failed Dependency","425":"Too Early","426":"Upgrade Required","428":"Precondition Required","429":"Too Many Requests","431":"Request Header Fields Too Large","451":"Unavailable For Legal Reasons","500":"Internal Server Error","501":"Not Implemented","502":"Bad Gateway","503":"Service Unavailable","504":"Gateway Timeout","505":"HTTP Version Not Supported","506":"Variant Also Negotiates","507":"Insufficient Storage","508":"Loop Detected","509":"Bandwidth Limit Exceeded","510":"Not Extended","511":"Network Authentication Required"},"maxHeaderSize":16384,"globalAgent":{"_events":{},"_eventsCount":2,"defaultPort":80,"protocol":"http:","options":{"keepAlive":true,"scheduling":"lifo","timeout":5000,"noDelay":true,"path":null},"requests":{},"sockets":{},"freeSockets":{},"keepAliveMsecs":1000,"keepAlive":true,"maxSockets":null,"maxFreeSockets":256,"scheduling":"lifo","maxTotalSockets":null,"totalSocketCount":0}},"https:":{"globalAgent":{"_events":{},"_eventsCount":2,"defaultPort":443,"protocol":"https:","options":{"keepAlive":true,"scheduling":"lifo","timeout":5000,"noDelay":true,"path":null},"requests":{},"sockets":{},"freeSockets":{},"keepAliveMsecs":1000,"keepAlive":true,"maxSockets":null,"maxFreeSockets":256,"scheduling":"lifo","maxTotalSockets":null,"totalSocketCount":0,"maxCachedSessions":100,"_sessionCache":{"map":{},"list":[]}}}},"pathname":"/api/operations","search":"?skip=0&take=40&requireTotalCount=true&sort=%5B%7B%22selector%22%3A%22operationDate%22%2C%22desc%22%3Atrue%7D%5D&filter=%5B%5B%22operationDate%22%2C%22%3E=%22%2C%222022-12-01T00%3A00%3A00.000%2B06%3A00%22%5D%2C%22and%22%2C%5B%22operationDate%22%2C%22%3C=%22%2C%222022-12-31T23%3A59%3A59.999%2B06%3A00%22%5D%5D&cashboxId=8247"},"_ended":true,"_ending":true,"_redirectCount":0,"_redirects":[],"_requestBodyLength":0,"_requestBodyBuffers":[],"_currentUrl":"https://cabinet.kofd.kz/api/operations?skip=0&take=40&requireTotalCount=true&sort=%5B%7B%22selector%22%3A%22operationDate%22%2C%22desc%22%3Atrue%7D%5D&filter=%5B%5B%22operationDate%22%2C%22%3E=%22%2C%222022-12-01T00%3A00%3A00.000%2B06%3A00%22%5D%2C%22and%22%2C%5B%22operationDate%22%2C%22%3C=%22%2C%222022-12-31T23%3A59%3A59.999%2B06%3A00%22%5D%5D&cashboxId=8247","_timeout":null}},"maxHeaderPairs":2000,"_consumed":false},"_httpMessage":{"_events":{},"_eventsCount":7,"outputData":[],"outputSize":0,"writable":true,"destroyed":false,"_last":true,"chunkedEncoding":false,"shouldKeepAlive":false,"maxRequestsOnConnectionReached":false,"_defaultKeepAlive":true,"useChunkedEncodingByDefault":false,"sendDate":false,"_removedConnection":false,"_removedContLen":false,"_removedTE":false,"strictContentLength":false,"_contentLength":0,"_hasBody":true,"_trailer":"","finished":true,"_headerSent":true,"_closed":false,"_header":"GET /api/operations?skip=0&take=40&requireTotalCount=true&sort=%5B%7B%22selector%22%3A%22operationDate%22%2C%22desc%22%3Atrue%7D%5D&filter=%5B%5B%22operationDate%22%2C%22%3E=%22%2C%222022-12-01T00%3A00%3A00.000%2B06%3A00%22%5D%2C%22and%22%2C%5B%22operationDate%22%2C%22%3C=%22%2C%222022-12-31T23%3A59%3A59.999%2B06%3A00%22%5D%5D&cashboxId=8247 HTTP/1.1\r\nAccept: application/json, text/plain, */*\r\nContent-Type: application/json\r\nAuthorization: Bearer eyJhbGciOiJIUzI1NiIsInR5cCI6IkpXVCJ9.eyJodHRwOi8vc2NoZW1hcy54bWxzb2FwLm9yZy93cy8yMDA1LzA1L2lkZW50aXR5L2NsYWltcy9uYW1lIjoiSUlONzkwMTI1NDAwMzM2IiwiT3JnYW5pemF0aW9uWGluIjoiNzkwMTI1NDAwMzM2IiwiUHJvZmlsZUlkIjoiNTMwMyIsIlByb2ZpbGVJaW4iOiI3OTAxMjU0MDAzMzYiLCJodHRwOi8vc2NoZW1hcy5taWNyb3NvZnQuY29tL3dzLzIwMDgvMDYvaWRlbnRpdHkvY2xhaW1zL3JvbGUiOlsiMCIsIjEiLCIyIiwiMyIsIjQiLCI1IiwiNiIsIjgiLCI5IiwiNyIsIjExIiwiMTIiLCIxMyIsIjEwIiwiMjAiLCIyMSIsIjIyIl0sIm5iZiI6MTY3MTU0Mjg2OCwiZXhwIjoxNjcxNTQ2NDY4LCJpc3MiOiJLYXpUcmFuc2NvbSIsImF1ZCI6Imh0dHBzOi8vY2FiaW5ldC5rb2ZkLmt6In0.tLNOjnKPvaurxt_RWFZs3K1WDBV7e40tFEYBKWChkms\r\nUser-Agent: axios/1.2.1\r\nAccept-Encoding: gzip, compress, deflate, br\r\nHost: cabinet.kofd.kz\r\nConnection: close\r\n\r\n","_keepAliveTimeout":0,"method":"GET","path":"/api/operations?skip=0&take=40&requireTotalCount=true&sort=%5B%7B%22selector%22%3A%22operationDate%22%2C%22desc%22%3Atrue%7D%5D&filter=%5B%5B%22operationDate%22%2C%22%3E=%22%2C%222022-12-01T00%3A00%3A00.000%2B06%3A00%22%5D%2C%22and%22%2C%5B%22operationDate%22%2C%22%3C=%22%2C%222022-12-31T23%3A59%3A59.999%2B06%3A00%22%5D%5D&cashboxId=8247","_ended":false,"res":null,"aborted":false,"timeoutCb":null,"upgradeOrConnect":false,"parser":{"0":null,"5":null,"6":null,"_headers":[],"_url":"","incoming":null,"maxHeaderPairs":2000,"_consumed":false},"maxHeadersCount":null,"reusedSocket":false,"host":"cabinet.kofd.kz","protocol":"https:","_redirectable":{"_writableState":{"objectMode":false,"highWaterMark":16384,"finalCalled":false,"needDrain":false,"ending":false,"ended":false,"finished":false,"destroyed":false,"decodeStrings":true,"defaultEncoding":"utf8","length":0,"writing":false,"corked":0,"sync":true,"bufferProcessing":false,"writecb":null,"writelen":0,"afterWriteTickInfo":null,"buffered":[],"bufferedIndex":0,"allBuffers":true,"allNoop":true,"pendingcb":0,"constructed":true,"prefinished":false,"errorEmitted":false,"emitClose":true,"autoDestroy":true,"errored":null,"closed":false,"closeEmitted":false},"_events":{"socket":[null,null]},"_eventsCount":3,"_options":{"maxRedirects":21,"maxBodyLength":null,"protocol":"https:","path":"/api/operations?skip=0&take=40&requireTotalCount=true&sort=%5B%7B%22selector%22%3A%22operationDate%22%2C%22desc%22%3Atrue%7D%5D&filter=%5B%5B%22operationDate%22%2C%22%3E=%22%2C%222022-12-01T00%3A00%3A00.000%2B06%3A00%22%5D%2C%22and%22%2C%5B%22operationDate%22%2C%22%3C=%22%2C%222022-12-31T23%3A59%3A59.999%2B06%3A00%22%5D%5D&cashboxId=8247","method":"GET","headers":{"Accept":"application/json, text/plain, */*","Content-Type":"application/json","Authorization":"Bearer eyJhbGciOiJIUzI1NiIsInR5cCI6IkpXVCJ9.eyJodHRwOi8vc2NoZW1hcy54bWxzb2FwLm9yZy93cy8yMDA1LzA1L2lkZW50aXR5L2NsYWltcy9uYW1lIjoiSUlONzkwMTI1NDAwMzM2IiwiT3JnYW5pemF0aW9uWGluIjoiNzkwMTI1NDAwMzM2IiwiUHJvZmlsZUlkIjoiNTMwMyIsIlByb2ZpbGVJaW4iOiI3OTAxMjU0MDAzMzYiLCJodHRwOi8vc2NoZW1hcy5taWNyb3NvZnQuY29tL3dzLzIwMDgvMDYvaWRlbnRpdHkvY2xhaW1zL3JvbGUiOlsiMCIsIjEiLCIyIiwiMyIsIjQiLCI1IiwiNiIsIjgiLCI5IiwiNyIsIjExIiwiMTIiLCIxMyIsIjEwIiwiMjAiLCIyMSIsIjIyIl0sIm5iZiI6MTY3MTU0Mjg2OCwiZXhwIjoxNjcxNTQ2NDY4LCJpc3MiOiJLYXpUcmFuc2NvbSIsImF1ZCI6Imh0dHBzOi8vY2FiaW5ldC5rb2ZkLmt6In0.tLNOjnKPvaurxt_RWFZs3K1WDBV7e40tFEYBKWChkms","User-Agent":"axios/1.2.1","Accept-Encoding":"gzip, compress, deflate, br"},"agents":{},"beforeRedirects":{},"hostname":"cabinet.kofd.kz","port":"","nativeProtocols":{"http:":{"METHODS":["ACL","BIND","CHECKOUT","CONNECT","COPY","DELETE","GET","HEAD","LINK","LOCK","M-SEARCH","MERGE","MKACTIVITY","MKCALENDAR","MKCOL","MOVE","NOTIFY","OPTIONS","PATCH","POST","PROPFIND","PROPPATCH","PURGE","PUT","REBIND","REPORT","SEARCH","SOURCE","SUBSCRIBE","TRACE","UNBIND","UNLINK","UNLOCK","UNSUBSCRIBE"],"STATUS_CODES":{"100":"Continue","101":"Switching Protocols","102":"Processing","103":"Early Hints","200":"OK","201":"Created","202":"Accepted","203":"Non-Authoritative Information","204":"No Content","205":"Reset Content","206":"Partial Content","207":"Multi-Status","208":"Already Reported","226":"IM Used","300":"Multiple Choices","301":"Moved Permanently","302":"Found","303":"See Other","304":"Not Modified","305":"Use Proxy","307":"Temporary Redirect","308":"Permanent Redirect","400":"Bad Request","401":"Unauthorized","402":"Payment Required","403":"Forbidden","404":"Not Found","405":"Method Not Allowed","406":"Not Acceptable","407":"Proxy Authentication Required","408":"Request Timeout","409":"Conflict","410":"Gone","411":"Length Required","412":"Precondition Failed","413":"Payload Too Large","414":"URI Too Long","415":"Unsupported Media Type","416":"Range Not Satisfiable","417":"Expectation Failed","418":"I'm a Teapot","421":"Misdirected Request","422":"Unprocessable Entity","423":"Locked","424":"Failed Dependency","425":"Too Early","426":"Upgrade Required","428":"Precondition Required","429":"Too Many Requests","431":"Request Header Fields Too Large","451":"Unavailable For Legal Reasons","500":"Internal Server Error","501":"Not Implemented","502":"Bad Gateway","503":"Service Unavailable","504":"Gateway Timeout","505":"HTTP Version Not Supported","506":"Variant Also Negotiates","507":"Insufficient Storage","508":"Loop Detected","509":"Bandwidth Limit Exceeded","510":"Not Extended","511":"Network Authentication Required"},"maxHeaderSize":16384,"globalAgent":{"_events":{},"_eventsCount":2,"defaultPort":80,"protocol":"http:","options":{"keepAlive":true,"scheduling":"lifo","timeout":5000,"noDelay":true,"path":null},"requests":{},"sockets":{},"freeSockets":{},"keepAliveMsecs":1000,"keepAlive":true,"maxSockets":null,"maxFreeSockets":256,"scheduling":"lifo","maxTotalSockets":null,"totalSocketCount":0}},"https:":{"globalAgent":{"_events":{},"_eventsCount":2,"defaultPort":443,"protocol":"https:","options":{"keepAlive":true,"scheduling":"lifo","timeout":5000,"noDelay":true,"path":null},"requests":{},"sockets":{},"freeSockets":{},"keepAliveMsecs":1000,"keepAlive":true,"maxSockets":null,"maxFreeSockets":256,"scheduling":"lifo","maxTotalSockets":null,"totalSocketCount":0,"maxCachedSessions":100,"_sessionCache":{"map":{},"list":[]}}}},"pathname":"/api/operations","search":"?skip=0&take=40&requireTotalCount=true&sort=%5B%7B%22selector%22%3A%22operationDate%22%2C%22desc%22%3Atrue%7D%5D&filter=%5B%5B%22operationDate%22%2C%22%3E=%22%2C%222022-12-01T00%3A00%3A00.000%2B06%3A00%22%5D%2C%22and%22%2C%5B%22operationDate%22%2C%22%3C=%22%2C%222022-12-31T23%3A59%3A59.999%2B06%3A00%22%5D%5D&cashboxId=8247"},"_ended":true,"_ending":true,"_redirectCount":0,"_redirects":[],"_requestBodyLength":0,"_requestBodyBuffers":[],"_currentUrl":"https://cabinet.kofd.kz/api/operations?skip=0&take=40&requireTotalCount=true&sort=%5B%7B%22selector%22%3A%22operationDate%22%2C%22desc%22%3Atrue%7D%5D&filter=%5B%5B%22operationDate%22%2C%22%3E=%22%2C%222022-12-01T00%3A00%3A00.000%2B06%3A00%22%5D%2C%22and%22%2C%5B%22operationDate%22%2C%22%3C=%22%2C%222022-12-31T23%3A59%3A59.999%2B06%3A00%22%5D%5D&cashboxId=8247","_timeout":null}},"timeout":2000}]},"freeSockets":{},"keepAliveMsecs":1000,"keepAlive":false,"maxSockets":null,"maxFreeSockets":256,"scheduling":"lifo","maxTotalSockets":null,"totalSocketCount":1,"maxCachedSessions":100,"_sessionCache":{"map":{"cabinet.kofd.kz:443::::::::false:::::::::::::":{"type":"Buffer","data":[48,130,6,188,2,1,1,2,2,3,3,4,2,192,48,4,32,12,113,240,215,197,62,130,25,183,184,221,155,243,251,182,138,84,113,103,47,222,207,252,158,108,167,29,228,188,159,143,100,4,48,124,69,199,206,177,97,12,71,68,32,204,82,31,231,133,40,106,121,4,137,220,233,19,14,138,106,234,45,167,148,79,237,16,86,120,55,107,125,55,119,205,44,97,50,93,117,211,0,161,6,2,4,99,161,184,85,162,4,2,2,28,32,163,130,6,42,48,130,6,38,48,130,5,14,160,3,2,1,2,2,17,0,230,140,250,71,153,198,13,131,218,100,135,75,46,145,152,24,48,13,6,9,42,134,72,134,247,13,1,1,11,5,0,48,129,143,49,11,48,9,6,3,85,4,6,19,2,71,66,49,27,48,25,6,3,85,4,8,19,18,71,114,101,97,116,101,114,32,77,97,110,99,104,101,115,116,101,114,49,16,48,14,6,3,85,4,7,19,7,83,97,108,102,111,114,100,49,24,48,22,6,3,85,4,10,19,15,83,101,99,116,105,103,111,32,76,105,109,105,116,101,100,49,55,48,53,6,3,85,4,3,19,46,83,101,99,116,105,103,111,32,82,83,65,32,68,111,109,97,105,110,32,86,97,108,105,100,97,116,105,111,110,32,83,101,99,117,114,101,32,83,101,114,118,101,114,32,67,65,48,30,23,13,50,50,48,50,48,56,48,48,48,48,48,48,90,23,13,50,51,48,51,49,48,50,51,53,57,53,57,90,48,20,49,18,48,16,6,3,85,4,3,12,9,42,46,107,111,102,100,46,107,122,48,130,1,34,48,13,6,9,42,134,72,134,247,13,1,1,1,5,0,3,130,1,15,0,48,130,1,10,2,130,1,1,0,239,148,8,199,168,95,30,59,204,51,68,6,255,192,96,238,113,250,26,178,45,86,166,15,255,115,131,130,10,241,69,173,96,174,62,143,54,20,36,8,28,113,243,235,207,55,75,160,80,182,162,237,120,211,134,154,230,79,70,153,86,149,239,8,132,188,230,238,198,101,191,153,149,38,170,31,95,155,180,78,231,205,72,13,139,119,101,107,60,103,202,163,4,8,48,9,58,97,228,138,101,185,92,202,68,183,176,184,248,200,184,60,87,224,11,145,193,14,110,147,7,174,185,41,217,160,57,247,61,95,7,20,12,130,140,45,32,195,217,200,21,204,136,198,98,16,193,186,134,171,188,123,161,204,191,254,254,35,86,144,244,212,101,243,238,29,114,205,1,55,232,154,242,12,93,71,98,236,74,89,88,188,61,26,89,135,27,238,143,254,187,152,62,166,96,208,69,187,74,38,11,129,194,113,143,218,247,106,80,85,152,96,196,247,31,219,216,148,209,160,172,210,199,248,83,178,164,96,77,53,98,1,64,121,128,160,150,9,16,24,100,214,74,164,238,191,187,17,40,158,4,35,199,139,245,195,2,3,1,0,1,163,130,2,245,48,130,2,241,48,31,6,3,85,29,35,4,24,48,22,128,20,141,140,94,196,84,173,138,225,119,233,155,249,155,5,225,184,1,141,97,225,48,29,6,3,85,29,14,4,22,4,20,141,227,106,177,231,50,235,253,13,89,117,65,145,65,58,153,165,201,92,245,48,14,6,3,85,29,15,1,1,255,4,4,3,2,5,160,48,12,6,3,85,29,19,1,1,255,4,2,48,0,48,29,6,3,85,29,37,4,22,48,20,6,8,43,6,1,5,5,7,3,1,6,8,43,6,1,5,5,7,3,2,48,73,6,3,85,29,32,4,66,48,64,48,52,6,11,43,6,1,4,1,178,49,1,2,2,7,48,37,48,35,6,8,43,6,1,5,5,7,2,1,22,23,104,116,116,112,115,58,47,47,115,101,99,116,105,103,111,46,99,111,109,47,67,80,83,48,8,6,6,103,129,12,1,2,1,48,129,132,6,8,43,6,1,5,5,7,1,1,4,120,48,118,48,79,6,8,43,6,1,5,5,7,48,2,134,67,104,116,116,112,58,47,47,99,114,116,46,115,101,99,116,105,103,111,46,99,111,109,47,83,101,99,116,105,103,111,82,83,65,68,111,109,97,105,110,86,97,108,105,100,97,116,105,111,110,83,101,99,117,114,101,83,101,114,118,101,114,67,65,46,99,114,116,48,35,6,8,43,6,1,5,5,7,48,1,134,23,104,116,116,112,58,47,47,111,99,115,112,46,115,101,99,116,105,103,111,46,99,111,109,48,29,6,3,85,29,17,4,22,48,20,130,9,42,46,107,111,102,100,46,107,122,130,7,107,111,102,100,46,107,122,48,130,1,127,6,10,43,6,1,4,1,214,121,2,4,2,4,130,1,111,4,130,1,107,1,105,0,119,0,173,247,190,250,124,255,16,200,139,157,61,156,30,62,24,106,180,103,41,93,207,177,12,36,202,133,134,52,235,220,130,138,0,0,1,126,216,78,38,193,0,0,4,3,0,72,48,70,2,33,0,245,223,102,14,91,49,157,44,238,246,187,111,3,208,205,227,58,139,79,180,174,136,247,21,74,43,232,247,174,255,160,70,2,33,0,206,255,12,100,22,23,181,241,197,86,243,143,107,132,18,59,167,68,133,44,127,235,1,116,61,73,125,237,141,155,109,158,0,118,0,122,50,140,84,216,183,45,182,32,234,56,224,82,30,233,132,22,112,50,19,133,77,59,210,43,193,58,87,163,82,235,82,0,0,1,126,216,78,38,140,0,0,4,3,0,71,48,69,2,32,93,136,148,73,31,106,142,207,93,100,128,134,202,250,87,131,0,201,225,116,222,126,44,93,155,210,94,66,101,8,138,86,2,33,0,254,61,95,221,15,157,238,212,252,91,179,125,227,143,85,221,54,191,115,60,248,179,50,204,122,112,35,116,202,51,210,191,0,118,0,232,62,208,218,62,245,6,53,50,231,87,40,188,137,107,201,3,211,203,209,17,107,236,235,105,225,119,125,109,6,189,110,0,0,1,126,216,78,38,99,0,0,4,3,0,71,48,69,2,33,0,205,48,15,85,249,241,26,67,50,43,173,165,170,22,29,215,30,224,6,15,106,66,197,169,23,46,73,91,217,45,214,52,2,32,21,79,113,119,87,36,23,156,166,146,90,91,74,186,177,5,164,244,231,127,154,142,124,79,122,67,56,30,139,27,141,71,48,13,6,9,42,134,72,134,247,13,1,1,11,5,0,3,130,1,1,0,140,183,102,198,170,136,228,117,35,209,203,50,131,110,220,158,228,49,57,242,105,213,235,121,52,175,43,11,111,31,50,78,41,47,58,93,86,69,196,188,166,224,145,94,204,209,242,148,168,167,80,169,242,117,119,156,192,185,212,143,159,234,17,242,33,230,109,213,217,143,53,221,158,130,181,30,98,219,238,9,207,208,240,103,66,230,145,106,47,33,105,232,115,219,229,239,173,69,39,106,243,146,255,20,204,191,197,94,5,243,43,206,236,0,10,8,80,219,220,112,179,132,80,150,69,233,97,120,106,156,38,37,194,212,14,105,3,112,58,66,161,214,36,43,185,63,99,76,74,200,173,20,4,195,113,8,218,30,174,164,146,43,57,200,168,245,245,96,200,10,198,41,98,249,215,206,69,76,47,27,188,226,206,168,177,150,240,196,11,18,169,118,58,126,249,234,234,199,19,188,76,11,79,39,98,89,211,135,79,236,26,28,124,212,55,89,191,180,28,54,255,6,76,38,30,162,120,190,29,104,184,108,22,166,22,241,240,217,145,80,228,152,75,65,243,63,230,184,25,59,42,99,180,44,63,162,164,2,4,0,165,3,2,1,21,166,17,4,15,99,97,98,105,110,101,116,46,107,111,102,100,46,107,122,179,3,2,1,23]}},"list":["cabinet.kofd.kz:443::::::::false:::::::::::::"]}}},"code":"ECONNABORTED","status":null},"point":"getData"}
{"date":"2022-12-20T13:27:52.027Z","text":"Error: AxiosError: timeout of 2000ms exceeded\n    at getTransaction (/home/almas/js-kofd/get/api.js:104:13)\n    at async Promise.all (index 0)","point":"getTransaction"}
{"date":"2022-12-20T13:47:35.362Z","text":"\"error: syntax error at or near \\\"ON\\\"\\n    at Parser.parseErrorMessage (/home/almas/js-kofd/node_modules/pg-protocol/dist/parser.js:287:98)\\n    at Parser.handlePacket (/home/almas/js-kofd/node_modules/pg-protocol/dist/parser.js:126:29)\\n    at Parser.parse (/home/almas/js-kofd/node_modules/pg-protocol/dist/parser.js:39:38)\\n    at Socket.<anonymous> (/home/almas/js-kofd/node_modules/pg-protocol/dist/index.js:11:42)\\n    at Socket.emit (node:events:513:28)\\n    at addChunk (node:internal/streams/readable:324:12)\\n    at readableAddChunk (node:internal/streams/readable:297:9)\\n    at Readable.push (node:internal/streams/readable:234:10)\\n    at TCP.onStreamRead (node:internal/stream_base_commons:190:23)\"","point":"query"}
{"date":"2022-12-20T13:53:29.736Z","text":"\"error: syntax error at or near \\\"ON\\\"\\n    at Parser.parseErrorMessage (/home/almas/js-kofd/node_modules/pg-protocol/dist/parser.js:287:98)\\n    at Parser.handlePacket (/home/almas/js-kofd/node_modules/pg-protocol/dist/parser.js:126:29)\\n    at Parser.parse (/home/almas/js-kofd/node_modules/pg-protocol/dist/parser.js:39:38)\\n    at Socket.<anonymous> (/home/almas/js-kofd/node_modules/pg-protocol/dist/index.js:11:42)\\n    at Socket.emit (node:events:513:28)\\n    at addChunk (node:internal/streams/readable:324:12)\\n    at readableAddChunk (node:internal/streams/readable:297:9)\\n    at Readable.push (node:internal/streams/readable:234:10)\\n    at TCP.onStreamRead (node:internal/stream_base_commons:190:23)\"","point":"query"}
{"date":"2022-12-20T14:09:42.454Z","text":"\"error: syntax error at or near \\\"ON\\\"\\n    at Parser.parseErrorMessage (/home/almas/js-kofd/node_modules/pg-protocol/dist/parser.js:287:98)\\n    at Parser.handlePacket (/home/almas/js-kofd/node_modules/pg-protocol/dist/parser.js:126:29)\\n    at Parser.parse (/home/almas/js-kofd/node_modules/pg-protocol/dist/parser.js:39:38)\\n    at Socket.<anonymous> (/home/almas/js-kofd/node_modules/pg-protocol/dist/index.js:11:42)\\n    at Socket.emit (node:events:513:28)\\n    at addChunk (node:internal/streams/readable:324:12)\\n    at readableAddChunk (node:internal/streams/readable:297:9)\\n    at Readable.push (node:internal/streams/readable:234:10)\\n    at TCP.onStreamRead (node:internal/stream_base_commons:190:23)\"","point":"query"}
{"date":"2022-12-20T14:14:18.187Z","text":"\"error: syntax error at or near \\\"ON\\\"\\n    at Parser.parseErrorMessage (/home/almas/js-kofd/node_modules/pg-protocol/dist/parser.js:287:98)\\n    at Parser.handlePacket (/home/almas/js-kofd/node_modules/pg-protocol/dist/parser.js:126:29)\\n    at Parser.parse (/home/almas/js-kofd/node_modules/pg-protocol/dist/parser.js:39:38)\\n    at Socket.<anonymous> (/home/almas/js-kofd/node_modules/pg-protocol/dist/index.js:11:42)\\n    at Socket.emit (node:events:513:28)\\n    at addChunk (node:internal/streams/readable:324:12)\\n    at readableAddChunk (node:internal/streams/readable:297:9)\\n    at Readable.push (node:internal/streams/readable:234:10)\\n    at TCP.onStreamRead (node:internal/stream_base_commons:190:23)\"","point":"query"}
{"date":"2022-12-20T14:15:57.648Z","text":"\"error: syntax error at or near \\\"ON\\\"\\n    at Parser.parseErrorMessage (/home/almas/js-kofd/node_modules/pg-protocol/dist/parser.js:287:98)\\n    at Parser.handlePacket (/home/almas/js-kofd/node_modules/pg-protocol/dist/parser.js:126:29)\\n    at Parser.parse (/home/almas/js-kofd/node_modules/pg-protocol/dist/parser.js:39:38)\\n    at Socket.<anonymous> (/home/almas/js-kofd/node_modules/pg-protocol/dist/index.js:11:42)\\n    at Socket.emit (node:events:513:28)\\n    at addChunk (node:internal/streams/readable:324:12)\\n    at readableAddChunk (node:internal/streams/readable:297:9)\\n    at Readable.push (node:internal/streams/readable:234:10)\\n    at TCP.onStreamRead (node:internal/stream_base_commons:190:23)\"","point":"query"}
{"date":"2022-12-20T14:16:56.489Z","text":"\"error: syntax error at or near \\\"ON\\\"\\n    at Parser.parseErrorMessage (/home/almas/js-kofd/node_modules/pg-protocol/dist/parser.js:287:98)\\n    at Parser.handlePacket (/home/almas/js-kofd/node_modules/pg-protocol/dist/parser.js:126:29)\\n    at Parser.parse (/home/almas/js-kofd/node_modules/pg-protocol/dist/parser.js:39:38)\\n    at Socket.<anonymous> (/home/almas/js-kofd/node_modules/pg-protocol/dist/index.js:11:42)\\n    at Socket.emit (node:events:513:28)\\n    at addChunk (node:internal/streams/readable:324:12)\\n    at readableAddChunk (node:internal/streams/readable:297:9)\\n    at Readable.push (node:internal/streams/readable:234:10)\\n    at TCP.onStreamRead (node:internal/stream_base_commons:190:23)\"","point":"query"}
{"date":"2022-12-20T14:30:14.554Z","text":"ReferenceError: elementKassa is not defined\n    at /home/almas/js-kofd/get/load.js:54:54\n    at Array.forEach (<anonymous>)\n    at /home/almas/js-kofd/get/load.js:53:13\n    at process.processTicksAndRejections (node:internal/process/task_queues:95:5)","point":"getTransaction"}
{"date":"2022-12-20T14:35:24.120Z","text":"ReferenceError: elementKassa is not defined\n    at /home/almas/js-kofd/get/load.js:54:54\n    at Array.forEach (<anonymous>)\n    at /home/almas/js-kofd/get/load.js:53:13\n    at process.processTicksAndRejections (node:internal/process/task_queues:95:5)","point":"getTransaction"}
{"date":"2022-12-20T14:39:20.596Z","text":"ReferenceError: elementKassa is not defined\n    at /home/almas/js-kofd/get/load.js:54:54\n    at Array.forEach (<anonymous>)\n    at /home/almas/js-kofd/get/load.js:53:13\n    at process.processTicksAndRejections (node:internal/process/task_queues:95:5)","point":"getTransaction"}
{"date":"2022-12-20T14:39:30.056Z","text":"ReferenceError: elementKassa is not defined\n    at /home/almas/js-kofd/get/load.js:54:54\n    at Array.forEach (<anonymous>)\n    at /home/almas/js-kofd/get/load.js:53:13\n    at process.processTicksAndRejections (node:internal/process/task_queues:95:5)","point":"getTransaction"}
{"date":"2022-12-20T14:40:11.268Z","text":"ReferenceError: elementKassa is not defined\n    at /home/almas/js-kofd/get/load.js:54:54\n    at Array.forEach (<anonymous>)\n    at /home/almas/js-kofd/get/load.js:53:13\n    at process.processTicksAndRejections (node:internal/process/task_queues:95:5)","point":"getTransaction"}
{"date":"2022-12-20T14:41:25.679Z","text":"ReferenceError: elementKassa is not defined\n    at /home/almas/js-kofd/get/load.js:54:54\n    at Array.forEach (<anonymous>)\n    at /home/almas/js-kofd/get/load.js:53:13\n    at process.processTicksAndRejections (node:internal/process/task_queues:95:5)","point":"getTransaction"}
{"date":"2022-12-20T14:43:37.419Z","text":"ReferenceError: elementKassa is not defined\n    at /home/almas/js-kofd/get/load.js:55:54\n    at Array.forEach (<anonymous>)\n    at /home/almas/js-kofd/get/load.js:54:13\n    at process.processTicksAndRejections (node:internal/process/task_queues:95:5)","point":"getTransaction"}
{"date":"2022-12-20T14:44:43.508Z","text":"ReferenceError: elementKassa is not defined\n    at /home/almas/js-kofd/get/load.js:55:54\n    at Array.forEach (<anonymous>)\n    at /home/almas/js-kofd/get/load.js:54:13\n    at process.processTicksAndRejections (node:internal/process/task_queues:95:5)","point":"getTransaction"}
{"date":"2022-12-20T14:45:15.539Z","text":"ReferenceError: elementKassa is not defined\n    at /home/almas/js-kofd/get/load.js:56:54\n    at Array.forEach (<anonymous>)\n    at /home/almas/js-kofd/get/load.js:54:13\n    at process.processTicksAndRejections (node:internal/process/task_queues:95:5)","point":"getTransaction"}
{"date":"2022-12-20T14:46:55.147Z","text":"ReferenceError: elementKassa is not defined\n    at /home/almas/js-kofd/get/load.js:56:54\n    at Array.forEach (<anonymous>)\n    at /home/almas/js-kofd/get/load.js:54:13\n    at process.processTicksAndRejections (node:internal/process/task_queues:95:5)","point":"getTransaction"}
{"date":"2022-12-20T14:48:03.530Z","text":"ReferenceError: elementKassa is not defined\n    at /home/almas/js-kofd/get/load.js:56:54\n    at Array.forEach (<anonymous>)\n    at /home/almas/js-kofd/get/load.js:54:13\n    at process.processTicksAndRejections (node:internal/process/task_queues:95:5)","point":"getTransaction"}
{"date":"2022-12-20T14:49:13.588Z","text":"ReferenceError: elementKassa is not defined\n    at /home/almas/js-kofd/get/load.js:56:54\n    at Array.forEach (<anonymous>)\n    at /home/almas/js-kofd/get/load.js:54:13\n    at process.processTicksAndRejections (node:internal/process/task_queues:95:5)","point":"getTransaction"}
{"date":"2022-12-20T14:53:01.249Z","text":"ReferenceError: elementKassa is not defined\n    at /home/almas/js-kofd/get/load.js:56:54\n    at Array.forEach (<anonymous>)\n    at /home/almas/js-kofd/get/load.js:54:13\n    at process.processTicksAndRejections (node:internal/process/task_queues:95:5)","point":"getTransaction"}
{"date":"2022-12-20T14:53:50.799Z","text":"ReferenceError: elementKassa is not defined\n    at /home/almas/js-kofd/get/load.js:56:54\n    at Array.forEach (<anonymous>)\n    at /home/almas/js-kofd/get/load.js:54:13\n    at process.processTicksAndRejections (node:internal/process/task_queues:95:5)","point":"getTransaction"}
{"date":"2022-12-20T14:59:05.075Z","text":"ReferenceError: element is not defined\n    at /home/almas/js-kofd/get/load.js:58:51\n    at Array.forEach (<anonymous>)\n    at /home/almas/js-kofd/get/load.js:54:13\n    at process.processTicksAndRejections (node:internal/process/task_queues:95:5)","point":"getTransaction"}
{"date":"2022-12-20T14:59:05.092Z","text":"\"error: syntax error at or near \\\")\\\"\\n    at Parser.parseErrorMessage (/home/almas/js-kofd/node_modules/pg-protocol/dist/parser.js:287:98)\\n    at Parser.handlePacket (/home/almas/js-kofd/node_modules/pg-protocol/dist/parser.js:126:29)\\n    at Parser.parse (/home/almas/js-kofd/node_modules/pg-protocol/dist/parser.js:39:38)\\n    at Socket.<anonymous> (/home/almas/js-kofd/node_modules/pg-protocol/dist/index.js:11:42)\\n    at Socket.emit (node:events:513:28)\\n    at addChunk (node:internal/streams/readable:324:12)\\n    at readableAddChunk (node:internal/streams/readable:297:9)\\n    at Readable.push (node:internal/streams/readable:234:10)\\n    at TCP.onStreamRead (node:internal/stream_base_commons:190:23)\"","point":"query"}
{"date":"2022-12-20T15:03:51.506Z","text":{"message":"timeout of 2000ms exceeded","name":"AxiosError","stack":"AxiosError: timeout of 2000ms exceeded\n    at RedirectableRequest.handleRequestTimeout (/home/almas/js-kofd/node_modules/axios/dist/node/axios.cjs:2770:16)\n    at RedirectableRequest.emit (node:events:513:28)\n    at Timeout.<anonymous> (/home/almas/js-kofd/node_modules/follow-redirects/index.js:169:12)\n    at listOnTimeout (node:internal/timers:564:17)\n    at process.processTimers (node:internal/timers:507:7)","config":{"transitional":{"silentJSONParsing":true,"forcedJSONParsing":true,"clarifyTimeoutError":false},"adapter":["xhr","http"],"transformRequest":[null],"transformResponse":[null],"timeout":2000,"xsrfCookieName":"XSRF-TOKEN","xsrfHeaderName":"X-XSRF-TOKEN","maxContentLength":-1,"maxBodyLength":-1,"env":{},"headers":{"Accept":"application/json, text/plain, */*","Content-Type":"application/json","Authorization":"Bearer eyJhbGciOiJIUzI1NiIsInR5cCI6IkpXVCJ9.eyJodHRwOi8vc2NoZW1hcy54bWxzb2FwLm9yZy93cy8yMDA1LzA1L2lkZW50aXR5L2NsYWltcy9uYW1lIjoiSUlONzkwMTI1NDAwMzM2IiwiT3JnYW5pemF0aW9uWGluIjoiNzkwMTI1NDAwMzM2IiwiUHJvZmlsZUlkIjoiNTMwMyIsIlByb2ZpbGVJaW4iOiI3OTAxMjU0MDAzMzYiLCJodHRwOi8vc2NoZW1hcy5taWNyb3NvZnQuY29tL3dzLzIwMDgvMDYvaWRlbnRpdHkvY2xhaW1zL3JvbGUiOlsiMCIsIjEiLCIyIiwiMyIsIjQiLCI1IiwiNiIsIjgiLCI5IiwiNyIsIjExIiwiMTIiLCIxMyIsIjEwIiwiMjAiLCIyMSIsIjIyIl0sIm5iZiI6MTY3MTU0ODYyNywiZXhwIjoxNjcxNTUyMjI3LCJpc3MiOiJLYXpUcmFuc2NvbSIsImF1ZCI6Imh0dHBzOi8vY2FiaW5ldC5rb2ZkLmt6In0.0XUG5YqEEWzPjhmvbEB5zYpu1BQh4759pppyO3y7oEU","User-Agent":"axios/1.2.1","Accept-Encoding":"gzip, compress, deflate, br"},"method":"get","url":"https://cabinet.kofd.kz/api/operations?skip=0&take=1000&requireTotalCount=true&sort=%5B%7B%22selector%22%3A%22operationDate%22%2C%22desc%22%3Atrue%7D%5D&filter=%5B%5B%22operationDate%22%2C%22%3E=%22%2C%222022-12-01T00%3A00%3A00.000%2B06%3A00%22%5D%2C%22and%22%2C%5B%22operationDate%22%2C%22%3C=%22%2C%222022-12-31T23%3A59%3A59.999%2B06%3A00%22%5D%5D&cashboxId=8247","httpsAgent":{"_events":{},"_eventsCount":2,"defaultPort":443,"protocol":"https:","options":{"rejectUnauthorized":false,"noDelay":true,"path":null},"requests":{},"sockets":{"cabinet.kofd.kz:443::::::::false:::::::::::::":[{"_tlsOptions":{"pipe":false,"secureContext":{"context":{}},"isServer":false,"requestCert":true,"rejectUnauthorized":false,"session":{"type":"Buffer","data":[48,130,6,188,2,1,1,2,2,3,3,4,2,192,48,4,32,20,234,218,217,5,168,199,59,225,253,101,236,211,102,181,107,85,187,186,32,61,187,203,70,105,234,173,65,99,140,133,188,4,48,1,212,123,48,151,237,224,50,9,214,23,31,25,1,202,135,136,109,228,61,139,183,192,205,63,15,248,202,209,71,67,157,118,171,54,121,117,193,191,20,23,201,24,230,128,75,238,187,161,6,2,4,99,161,206,213,162,4,2,2,28,32,163,130,6,42,48,130,6,38,48,130,5,14,160,3,2,1,2,2,17,0,230,140,250,71,153,198,13,131,218,100,135,75,46,145,152,24,48,13,6,9,42,134,72,134,247,13,1,1,11,5,0,48,129,143,49,11,48,9,6,3,85,4,6,19,2,71,66,49,27,48,25,6,3,85,4,8,19,18,71,114,101,97,116,101,114,32,77,97,110,99,104,101,115,116,101,114,49,16,48,14,6,3,85,4,7,19,7,83,97,108,102,111,114,100,49,24,48,22,6,3,85,4,10,19,15,83,101,99,116,105,103,111,32,76,105,109,105,116,101,100,49,55,48,53,6,3,85,4,3,19,46,83,101,99,116,105,103,111,32,82,83,65,32,68,111,109,97,105,110,32,86,97,108,105,100,97,116,105,111,110,32,83,101,99,117,114,101,32,83,101,114,118,101,114,32,67,65,48,30,23,13,50,50,48,50,48,56,48,48,48,48,48,48,90,23,13,50,51,48,51,49,48,50,51,53,57,53,57,90,48,20,49,18,48,16,6,3,85,4,3,12,9,42,46,107,111,102,100,46,107,122,48,130,1,34,48,13,6,9,42,134,72,134,247,13,1,1,1,5,0,3,130,1,15,0,48,130,1,10,2,130,1,1,0,239,148,8,199,168,95,30,59,204,51,68,6,255,192,96,238,113,250,26,178,45,86,166,15,255,115,131,130,10,241,69,173,96,174,62,143,54,20,36,8,28,113,243,235,207,55,75,160,80,182,162,237,120,211,134,154,230,79,70,153,86,149,239,8,132,188,230,238,198,101,191,153,149,38,170,31,95,155,180,78,231,205,72,13,139,119,101,107,60,103,202,163,4,8,48,9,58,97,228,138,101,185,92,202,68,183,176,184,248,200,184,60,87,224,11,145,193,14,110,147,7,174,185,41,217,160,57,247,61,95,7,20,12,130,140,45,32,195,217,200,21,204,136,198,98,16,193,186,134,171,188,123,161,204,191,254,254,35,86,144,244,212,101,243,238,29,114,205,1,55,232,154,242,12,93,71,98,236,74,89,88,188,61,26,89,135,27,238,143,254,187,152,62,166,96,208,69,187,74,38,11,129,194,113,143,218,247,106,80,85,152,96,196,247,31,219,216,148,209,160,172,210,199,248,83,178,164,96,77,53,98,1,64,121,128,160,150,9,16,24,100,214,74,164,238,191,187,17,40,158,4,35,199,139,245,195,2,3,1,0,1,163,130,2,245,48,130,2,241,48,31,6,3,85,29,35,4,24,48,22,128,20,141,140,94,196,84,173,138,225,119,233,155,249,155,5,225,184,1,141,97,225,48,29,6,3,85,29,14,4,22,4,20,141,227,106,177,231,50,235,253,13,89,117,65,145,65,58,153,165,201,92,245,48,14,6,3,85,29,15,1,1,255,4,4,3,2,5,160,48,12,6,3,85,29,19,1,1,255,4,2,48,0,48,29,6,3,85,29,37,4,22,48,20,6,8,43,6,1,5,5,7,3,1,6,8,43,6,1,5,5,7,3,2,48,73,6,3,85,29,32,4,66,48,64,48,52,6,11,43,6,1,4,1,178,49,1,2,2,7,48,37,48,35,6,8,43,6,1,5,5,7,2,1,22,23,104,116,116,112,115,58,47,47,115,101,99,116,105,103,111,46,99,111,109,47,67,80,83,48,8,6,6,103,129,12,1,2,1,48,129,132,6,8,43,6,1,5,5,7,1,1,4,120,48,118,48,79,6,8,43,6,1,5,5,7,48,2,134,67,104,116,116,112,58,47,47,99,114,116,46,115,101,99,116,105,103,111,46,99,111,109,47,83,101,99,116,105,103,111,82,83,65,68,111,109,97,105,110,86,97,108,105,100,97,116,105,111,110,83,101,99,117,114,101,83,101,114,118,101,114,67,65,46,99,114,116,48,35,6,8,43,6,1,5,5,7,48,1,134,23,104,116,116,112,58,47,47,111,99,115,112,46,115,101,99,116,105,103,111,46,99,111,109,48,29,6,3,85,29,17,4,22,48,20,130,9,42,46,107,111,102,100,46,107,122,130,7,107,111,102,100,46,107,122,48,130,1,127,6,10,43,6,1,4,1,214,121,2,4,2,4,130,1,111,4,130,1,107,1,105,0,119,0,173,247,190,250,124,255,16,200,139,157,61,156,30,62,24,106,180,103,41,93,207,177,12,36,202,133,134,52,235,220,130,138,0,0,1,126,216,78,38,193,0,0,4,3,0,72,48,70,2,33,0,245,223,102,14,91,49,157,44,238,246,187,111,3,208,205,227,58,139,79,180,174,136,247,21,74,43,232,247,174,255,160,70,2,33,0,206,255,12,100,22,23,181,241,197,86,243,143,107,132,18,59,167,68,133,44,127,235,1,116,61,73,125,237,141,155,109,158,0,118,0,122,50,140,84,216,183,45,182,32,234,56,224,82,30,233,132,22,112,50,19,133,77,59,210,43,193,58,87,163,82,235,82,0,0,1,126,216,78,38,140,0,0,4,3,0,71,48,69,2,32,93,136,148,73,31,106,142,207,93,100,128,134,202,250,87,131,0,201,225,116,222,126,44,93,155,210,94,66,101,8,138,86,2,33,0,254,61,95,221,15,157,238,212,252,91,179,125,227,143,85,221,54,191,115,60,248,179,50,204,122,112,35,116,202,51,210,191,0,118,0,232,62,208,218,62,245,6,53,50,231,87,40,188,137,107,201,3,211,203,209,17,107,236,235,105,225,119,125,109,6,189,110,0,0,1,126,216,78,38,99,0,0,4,3,0,71,48,69,2,33,0,205,48,15,85,249,241,26,67,50,43,173,165,170,22,29,215,30,224,6,15,106,66,197,169,23,46,73,91,217,45,214,52,2,32,21,79,113,119,87,36,23,156,166,146,90,91,74,186,177,5,164,244,231,127,154,142,124,79,122,67,56,30,139,27,141,71,48,13,6,9,42,134,72,134,247,13,1,1,11,5,0,3,130,1,1,0,140,183,102,198,170,136,228,117,35,209,203,50,131,110,220,158,228,49,57,242,105,213,235,121,52,175,43,11,111,31,50,78,41,47,58,93,86,69,196,188,166,224,145,94,204,209,242,148,168,167,80,169,242,117,119,156,192,185,212,143,159,234,17,242,33,230,109,213,217,143,53,221,158,130,181,30,98,219,238,9,207,208,240,103,66,230,145,106,47,33,105,232,115,219,229,239,173,69,39,106,243,146,255,20,204,191,197,94,5,243,43,206,236,0,10,8,80,219,220,112,179,132,80,150,69,233,97,120,106,156,38,37,194,212,14,105,3,112,58,66,161,214,36,43,185,63,99,76,74,200,173,20,4,195,113,8,218,30,174,164,146,43,57,200,168,245,245,96,200,10,198,41,98,249,215,206,69,76,47,27,188,226,206,168,177,150,240,196,11,18,169,118,58,126,249,234,234,199,19,188,76,11,79,39,98,89,211,135,79,236,26,28,124,212,55,89,191,180,28,54,255,6,76,38,30,162,120,190,29,104,184,108,22,166,22,241,240,217,145,80,228,152,75,65,243,63,230,184,25,59,42,99,180,44,63,162,164,2,4,0,165,3,2,1,21,166,17,4,15,99,97,98,105,110,101,116,46,107,111,102,100,46,107,122,179,3,2,1,23]}},"_secureEstablished":true,"_securePending":false,"_newSessionPending":false,"_controlReleased":true,"secureConnecting":false,"_SNICallback":null,"servername":"cabinet.kofd.kz","alpnProtocol":false,"authorized":false,"authorizationError":"UNABLE_TO_VERIFY_LEAF_SIGNATURE","encrypted":true,"_events":{"close":[null,null,null,null],"end":[null,null],"timeout":[null,null]},"_eventsCount":11,"connecting":false,"_hadError":false,"_parent":null,"_host":"cabinet.kofd.kz","_closeAfterHandlingError":false,"_readableState":{"objectMode":false,"highWaterMark":16384,"buffer":{"head":null,"tail":null,"length":0},"length":0,"pipes":[],"flowing":true,"ended":false,"endEmitted":false,"reading":true,"constructed":true,"sync":false,"needReadable":true,"emittedReadable":false,"readableListening":false,"resumeScheduled":false,"errorEmitted":false,"emitClose":false,"autoDestroy":true,"destroyed":false,"errored":null,"closed":false,"closeEmitted":false,"defaultEncoding":"utf8","awaitDrainWriters":null,"multiAwaitDrain":false,"readingMore":false,"dataEmitted":false,"decoder":null,"encoding":null},"_writableState":{"objectMode":false,"highWaterMark":16384,"finalCalled":false,"needDrain":false,"ending":false,"ended":false,"finished":false,"destroyed":false,"decodeStrings":false,"defaultEncoding":"utf8","length":0,"writing":false,"corked":0,"sync":false,"bufferProcessing":false,"writecb":null,"writelen":0,"afterWriteTickInfo":null,"buffered":[],"bufferedIndex":0,"allBuffers":true,"allNoop":true,"pendingcb":0,"constructed":true,"prefinished":false,"errorEmitted":false,"emitClose":false,"autoDestroy":true,"errored":null,"closed":false,"closeEmitted":false},"allowHalfOpen":false,"_sockname":null,"_pendingData":null,"_pendingEncoding":"","_server":null,"ssl":{"_parent":{"reading":true,"onconnection":null},"_secureContext":{"context":{}},"reading":true},"_requestCert":true,"_rejectUnauthorized":false,"parser":{"0":null,"5":null,"6":null,"_headers":[],"_url":"","incoming":null,"outgoing":{"_events":{},"_eventsCount":7,"outputData":[],"outputSize":0,"writable":true,"destroyed":false,"_last":true,"chunkedEncoding":false,"shouldKeepAlive":false,"maxRequestsOnConnectionReached":false,"_defaultKeepAlive":true,"useChunkedEncodingByDefault":false,"sendDate":false,"_removedConnection":false,"_removedContLen":false,"_removedTE":false,"strictContentLength":false,"_contentLength":0,"_hasBody":true,"_trailer":"","finished":true,"_headerSent":true,"_closed":false,"_header":"GET /api/operations?skip=0&take=1000&requireTotalCount=true&sort=%5B%7B%22selector%22%3A%22operationDate%22%2C%22desc%22%3Atrue%7D%5D&filter=%5B%5B%22operationDate%22%2C%22%3E=%22%2C%222022-12-01T00%3A00%3A00.000%2B06%3A00%22%5D%2C%22and%22%2C%5B%22operationDate%22%2C%22%3C=%22%2C%222022-12-31T23%3A59%3A59.999%2B06%3A00%22%5D%5D&cashboxId=8247 HTTP/1.1\r\nAccept: application/json, text/plain, */*\r\nContent-Type: application/json\r\nAuthorization: Bearer eyJhbGciOiJIUzI1NiIsInR5cCI6IkpXVCJ9.eyJodHRwOi8vc2NoZW1hcy54bWxzb2FwLm9yZy93cy8yMDA1LzA1L2lkZW50aXR5L2NsYWltcy9uYW1lIjoiSUlONzkwMTI1NDAwMzM2IiwiT3JnYW5pemF0aW9uWGluIjoiNzkwMTI1NDAwMzM2IiwiUHJvZmlsZUlkIjoiNTMwMyIsIlByb2ZpbGVJaW4iOiI3OTAxMjU0MDAzMzYiLCJodHRwOi8vc2NoZW1hcy5taWNyb3NvZnQuY29tL3dzLzIwMDgvMDYvaWRlbnRpdHkvY2xhaW1zL3JvbGUiOlsiMCIsIjEiLCIyIiwiMyIsIjQiLCI1IiwiNiIsIjgiLCI5IiwiNyIsIjExIiwiMTIiLCIxMyIsIjEwIiwiMjAiLCIyMSIsIjIyIl0sIm5iZiI6MTY3MTU0ODYyNywiZXhwIjoxNjcxNTUyMjI3LCJpc3MiOiJLYXpUcmFuc2NvbSIsImF1ZCI6Imh0dHBzOi8vY2FiaW5ldC5rb2ZkLmt6In0.0XUG5YqEEWzPjhmvbEB5zYpu1BQh4759pppyO3y7oEU\r\nUser-Agent: axios/1.2.1\r\nAccept-Encoding: gzip, compress, deflate, br\r\nHost: cabinet.kofd.kz\r\nConnection: close\r\n\r\n","_keepAliveTimeout":0,"method":"GET","path":"/api/operations?skip=0&take=1000&requireTotalCount=true&sort=%5B%7B%22selector%22%3A%22operationDate%22%2C%22desc%22%3Atrue%7D%5D&filter=%5B%5B%22operationDate%22%2C%22%3E=%22%2C%222022-12-01T00%3A00%3A00.000%2B06%3A00%22%5D%2C%22and%22%2C%5B%22operationDate%22%2C%22%3C=%22%2C%222022-12-31T23%3A59%3A59.999%2B06%3A00%22%5D%5D&cashboxId=8247","_ended":false,"res":null,"aborted":false,"timeoutCb":null,"upgradeOrConnect":false,"maxHeadersCount":null,"reusedSocket":false,"host":"cabinet.kofd.kz","protocol":"https:","_redirectable":{"_writableState":{"objectMode":false,"highWaterMark":16384,"finalCalled":false,"needDrain":false,"ending":false,"ended":false,"finished":false,"destroyed":false,"decodeStrings":true,"defaultEncoding":"utf8","length":0,"writing":false,"corked":0,"sync":true,"bufferProcessing":false,"writecb":null,"writelen":0,"afterWriteTickInfo":null,"buffered":[],"bufferedIndex":0,"allBuffers":true,"allNoop":true,"pendingcb":0,"constructed":true,"prefinished":false,"errorEmitted":false,"emitClose":true,"autoDestroy":true,"errored":null,"closed":false,"closeEmitted":false},"_events":{"socket":[null,null]},"_eventsCount":3,"_options":{"maxRedirects":21,"maxBodyLength":null,"protocol":"https:","path":"/api/operations?skip=0&take=1000&requireTotalCount=true&sort=%5B%7B%22selector%22%3A%22operationDate%22%2C%22desc%22%3Atrue%7D%5D&filter=%5B%5B%22operationDate%22%2C%22%3E=%22%2C%222022-12-01T00%3A00%3A00.000%2B06%3A00%22%5D%2C%22and%22%2C%5B%22operationDate%22%2C%22%3C=%22%2C%222022-12-31T23%3A59%3A59.999%2B06%3A00%22%5D%5D&cashboxId=8247","method":"GET","headers":{"Accept":"application/json, text/plain, */*","Content-Type":"application/json","Authorization":"Bearer eyJhbGciOiJIUzI1NiIsInR5cCI6IkpXVCJ9.eyJodHRwOi8vc2NoZW1hcy54bWxzb2FwLm9yZy93cy8yMDA1LzA1L2lkZW50aXR5L2NsYWltcy9uYW1lIjoiSUlONzkwMTI1NDAwMzM2IiwiT3JnYW5pemF0aW9uWGluIjoiNzkwMTI1NDAwMzM2IiwiUHJvZmlsZUlkIjoiNTMwMyIsIlByb2ZpbGVJaW4iOiI3OTAxMjU0MDAzMzYiLCJodHRwOi8vc2NoZW1hcy5taWNyb3NvZnQuY29tL3dzLzIwMDgvMDYvaWRlbnRpdHkvY2xhaW1zL3JvbGUiOlsiMCIsIjEiLCIyIiwiMyIsIjQiLCI1IiwiNiIsIjgiLCI5IiwiNyIsIjExIiwiMTIiLCIxMyIsIjEwIiwiMjAiLCIyMSIsIjIyIl0sIm5iZiI6MTY3MTU0ODYyNywiZXhwIjoxNjcxNTUyMjI3LCJpc3MiOiJLYXpUcmFuc2NvbSIsImF1ZCI6Imh0dHBzOi8vY2FiaW5ldC5rb2ZkLmt6In0.0XUG5YqEEWzPjhmvbEB5zYpu1BQh4759pppyO3y7oEU","User-Agent":"axios/1.2.1","Accept-Encoding":"gzip, compress, deflate, br"},"agents":{},"beforeRedirects":{},"hostname":"cabinet.kofd.kz","port":"","nativeProtocols":{"http:":{"METHODS":["ACL","BIND","CHECKOUT","CONNECT","COPY","DELETE","GET","HEAD","LINK","LOCK","M-SEARCH","MERGE","MKACTIVITY","MKCALENDAR","MKCOL","MOVE","NOTIFY","OPTIONS","PATCH","POST","PROPFIND","PROPPATCH","PURGE","PUT","REBIND","REPORT","SEARCH","SOURCE","SUBSCRIBE","TRACE","UNBIND","UNLINK","UNLOCK","UNSUBSCRIBE"],"STATUS_CODES":{"100":"Continue","101":"Switching Protocols","102":"Processing","103":"Early Hints","200":"OK","201":"Created","202":"Accepted","203":"Non-Authoritative Information","204":"No Content","205":"Reset Content","206":"Partial Content","207":"Multi-Status","208":"Already Reported","226":"IM Used","300":"Multiple Choices","301":"Moved Permanently","302":"Found","303":"See Other","304":"Not Modified","305":"Use Proxy","307":"Temporary Redirect","308":"Permanent Redirect","400":"Bad Request","401":"Unauthorized","402":"Payment Required","403":"Forbidden","404":"Not Found","405":"Method Not Allowed","406":"Not Acceptable","407":"Proxy Authentication Required","408":"Request Timeout","409":"Conflict","410":"Gone","411":"Length Required","412":"Precondition Failed","413":"Payload Too Large","414":"URI Too Long","415":"Unsupported Media Type","416":"Range Not Satisfiable","417":"Expectation Failed","418":"I'm a Teapot","421":"Misdirected Request","422":"Unprocessable Entity","423":"Locked","424":"Failed Dependency","425":"Too Early","426":"Upgrade Required","428":"Precondition Required","429":"Too Many Requests","431":"Request Header Fields Too Large","451":"Unavailable For Legal Reasons","500":"Internal Server Error","501":"Not Implemented","502":"Bad Gateway","503":"Service Unavailable","504":"Gateway Timeout","505":"HTTP Version Not Supported","506":"Variant Also Negotiates","507":"Insufficient Storage","508":"Loop Detected","509":"Bandwidth Limit Exceeded","510":"Not Extended","511":"Network Authentication Required"},"maxHeaderSize":16384,"globalAgent":{"_events":{},"_eventsCount":2,"defaultPort":80,"protocol":"http:","options":{"keepAlive":true,"scheduling":"lifo","timeout":5000,"noDelay":true,"path":null},"requests":{},"sockets":{},"freeSockets":{},"keepAliveMsecs":1000,"keepAlive":true,"maxSockets":null,"maxFreeSockets":256,"scheduling":"lifo","maxTotalSockets":null,"totalSocketCount":0}},"https:":{"globalAgent":{"_events":{},"_eventsCount":2,"defaultPort":443,"protocol":"https:","options":{"keepAlive":true,"scheduling":"lifo","timeout":5000,"noDelay":true,"path":null},"requests":{},"sockets":{},"freeSockets":{},"keepAliveMsecs":1000,"keepAlive":true,"maxSockets":null,"maxFreeSockets":256,"scheduling":"lifo","maxTotalSockets":null,"totalSocketCount":0,"maxCachedSessions":100,"_sessionCache":{"map":{},"list":[]}}}},"pathname":"/api/operations","search":"?skip=0&take=1000&requireTotalCount=true&sort=%5B%7B%22selector%22%3A%22operationDate%22%2C%22desc%22%3Atrue%7D%5D&filter=%5B%5B%22operationDate%22%2C%22%3E=%22%2C%222022-12-01T00%3A00%3A00.000%2B06%3A00%22%5D%2C%22and%22%2C%5B%22operationDate%22%2C%22%3C=%22%2C%222022-12-31T23%3A59%3A59.999%2B06%3A00%22%5D%5D&cashboxId=8247"},"_ended":true,"_ending":true,"_redirectCount":0,"_redirects":[],"_requestBodyLength":0,"_requestBodyBuffers":[],"_currentUrl":"https://cabinet.kofd.kz/api/operations?skip=0&take=1000&requireTotalCount=true&sort=%5B%7B%22selector%22%3A%22operationDate%22%2C%22desc%22%3Atrue%7D%5D&filter=%5B%5B%22operationDate%22%2C%22%3E=%22%2C%222022-12-01T00%3A00%3A00.000%2B06%3A00%22%5D%2C%22and%22%2C%5B%22operationDate%22%2C%22%3C=%22%2C%222022-12-31T23%3A59%3A59.999%2B06%3A00%22%5D%5D&cashboxId=8247","_timeout":null}},"maxHeaderPairs":2000,"_consumed":false},"_httpMessage":{"_events":{},"_eventsCount":7,"outputData":[],"outputSize":0,"writable":true,"destroyed":false,"_last":true,"chunkedEncoding":false,"shouldKeepAlive":false,"maxRequestsOnConnectionReached":false,"_defaultKeepAlive":true,"useChunkedEncodingByDefault":false,"sendDate":false,"_removedConnection":false,"_removedContLen":false,"_removedTE":false,"strictContentLength":false,"_contentLength":0,"_hasBody":true,"_trailer":"","finished":true,"_headerSent":true,"_closed":false,"_header":"GET /api/operations?skip=0&take=1000&requireTotalCount=true&sort=%5B%7B%22selector%22%3A%22operationDate%22%2C%22desc%22%3Atrue%7D%5D&filter=%5B%5B%22operationDate%22%2C%22%3E=%22%2C%222022-12-01T00%3A00%3A00.000%2B06%3A00%22%5D%2C%22and%22%2C%5B%22operationDate%22%2C%22%3C=%22%2C%222022-12-31T23%3A59%3A59.999%2B06%3A00%22%5D%5D&cashboxId=8247 HTTP/1.1\r\nAccept: application/json, text/plain, */*\r\nContent-Type: application/json\r\nAuthorization: Bearer eyJhbGciOiJIUzI1NiIsInR5cCI6IkpXVCJ9.eyJodHRwOi8vc2NoZW1hcy54bWxzb2FwLm9yZy93cy8yMDA1LzA1L2lkZW50aXR5L2NsYWltcy9uYW1lIjoiSUlONzkwMTI1NDAwMzM2IiwiT3JnYW5pemF0aW9uWGluIjoiNzkwMTI1NDAwMzM2IiwiUHJvZmlsZUlkIjoiNTMwMyIsIlByb2ZpbGVJaW4iOiI3OTAxMjU0MDAzMzYiLCJodHRwOi8vc2NoZW1hcy5taWNyb3NvZnQuY29tL3dzLzIwMDgvMDYvaWRlbnRpdHkvY2xhaW1zL3JvbGUiOlsiMCIsIjEiLCIyIiwiMyIsIjQiLCI1IiwiNiIsIjgiLCI5IiwiNyIsIjExIiwiMTIiLCIxMyIsIjEwIiwiMjAiLCIyMSIsIjIyIl0sIm5iZiI6MTY3MTU0ODYyNywiZXhwIjoxNjcxNTUyMjI3LCJpc3MiOiJLYXpUcmFuc2NvbSIsImF1ZCI6Imh0dHBzOi8vY2FiaW5ldC5rb2ZkLmt6In0.0XUG5YqEEWzPjhmvbEB5zYpu1BQh4759pppyO3y7oEU\r\nUser-Agent: axios/1.2.1\r\nAccept-Encoding: gzip, compress, deflate, br\r\nHost: cabinet.kofd.kz\r\nConnection: close\r\n\r\n","_keepAliveTimeout":0,"method":"GET","path":"/api/operations?skip=0&take=1000&requireTotalCount=true&sort=%5B%7B%22selector%22%3A%22operationDate%22%2C%22desc%22%3Atrue%7D%5D&filter=%5B%5B%22operationDate%22%2C%22%3E=%22%2C%222022-12-01T00%3A00%3A00.000%2B06%3A00%22%5D%2C%22and%22%2C%5B%22operationDate%22%2C%22%3C=%22%2C%222022-12-31T23%3A59%3A59.999%2B06%3A00%22%5D%5D&cashboxId=8247","_ended":false,"res":null,"aborted":false,"timeoutCb":null,"upgradeOrConnect":false,"parser":{"0":null,"5":null,"6":null,"_headers":[],"_url":"","incoming":null,"maxHeaderPairs":2000,"_consumed":false},"maxHeadersCount":null,"reusedSocket":false,"host":"cabinet.kofd.kz","protocol":"https:","_redirectable":{"_writableState":{"objectMode":false,"highWaterMark":16384,"finalCalled":false,"needDrain":false,"ending":false,"ended":false,"finished":false,"destroyed":false,"decodeStrings":true,"defaultEncoding":"utf8","length":0,"writing":false,"corked":0,"sync":true,"bufferProcessing":false,"writecb":null,"writelen":0,"afterWriteTickInfo":null,"buffered":[],"bufferedIndex":0,"allBuffers":true,"allNoop":true,"pendingcb":0,"constructed":true,"prefinished":false,"errorEmitted":false,"emitClose":true,"autoDestroy":true,"errored":null,"closed":false,"closeEmitted":false},"_events":{"socket":[null,null]},"_eventsCount":3,"_options":{"maxRedirects":21,"maxBodyLength":null,"protocol":"https:","path":"/api/operations?skip=0&take=1000&requireTotalCount=true&sort=%5B%7B%22selector%22%3A%22operationDate%22%2C%22desc%22%3Atrue%7D%5D&filter=%5B%5B%22operationDate%22%2C%22%3E=%22%2C%222022-12-01T00%3A00%3A00.000%2B06%3A00%22%5D%2C%22and%22%2C%5B%22operationDate%22%2C%22%3C=%22%2C%222022-12-31T23%3A59%3A59.999%2B06%3A00%22%5D%5D&cashboxId=8247","method":"GET","headers":{"Accept":"application/json, text/plain, */*","Content-Type":"application/json","Authorization":"Bearer eyJhbGciOiJIUzI1NiIsInR5cCI6IkpXVCJ9.eyJodHRwOi8vc2NoZW1hcy54bWxzb2FwLm9yZy93cy8yMDA1LzA1L2lkZW50aXR5L2NsYWltcy9uYW1lIjoiSUlONzkwMTI1NDAwMzM2IiwiT3JnYW5pemF0aW9uWGluIjoiNzkwMTI1NDAwMzM2IiwiUHJvZmlsZUlkIjoiNTMwMyIsIlByb2ZpbGVJaW4iOiI3OTAxMjU0MDAzMzYiLCJodHRwOi8vc2NoZW1hcy5taWNyb3NvZnQuY29tL3dzLzIwMDgvMDYvaWRlbnRpdHkvY2xhaW1zL3JvbGUiOlsiMCIsIjEiLCIyIiwiMyIsIjQiLCI1IiwiNiIsIjgiLCI5IiwiNyIsIjExIiwiMTIiLCIxMyIsIjEwIiwiMjAiLCIyMSIsIjIyIl0sIm5iZiI6MTY3MTU0ODYyNywiZXhwIjoxNjcxNTUyMjI3LCJpc3MiOiJLYXpUcmFuc2NvbSIsImF1ZCI6Imh0dHBzOi8vY2FiaW5ldC5rb2ZkLmt6In0.0XUG5YqEEWzPjhmvbEB5zYpu1BQh4759pppyO3y7oEU","User-Agent":"axios/1.2.1","Accept-Encoding":"gzip, compress, deflate, br"},"agents":{},"beforeRedirects":{},"hostname":"cabinet.kofd.kz","port":"","nativeProtocols":{"http:":{"METHODS":["ACL","BIND","CHECKOUT","CONNECT","COPY","DELETE","GET","HEAD","LINK","LOCK","M-SEARCH","MERGE","MKACTIVITY","MKCALENDAR","MKCOL","MOVE","NOTIFY","OPTIONS","PATCH","POST","PROPFIND","PROPPATCH","PURGE","PUT","REBIND","REPORT","SEARCH","SOURCE","SUBSCRIBE","TRACE","UNBIND","UNLINK","UNLOCK","UNSUBSCRIBE"],"STATUS_CODES":{"100":"Continue","101":"Switching Protocols","102":"Processing","103":"Early Hints","200":"OK","201":"Created","202":"Accepted","203":"Non-Authoritative Information","204":"No Content","205":"Reset Content","206":"Partial Content","207":"Multi-Status","208":"Already Reported","226":"IM Used","300":"Multiple Choices","301":"Moved Permanently","302":"Found","303":"See Other","304":"Not Modified","305":"Use Proxy","307":"Temporary Redirect","308":"Permanent Redirect","400":"Bad Request","401":"Unauthorized","402":"Payment Required","403":"Forbidden","404":"Not Found","405":"Method Not Allowed","406":"Not Acceptable","407":"Proxy Authentication Required","408":"Request Timeout","409":"Conflict","410":"Gone","411":"Length Required","412":"Precondition Failed","413":"Payload Too Large","414":"URI Too Long","415":"Unsupported Media Type","416":"Range Not Satisfiable","417":"Expectation Failed","418":"I'm a Teapot","421":"Misdirected Request","422":"Unprocessable Entity","423":"Locked","424":"Failed Dependency","425":"Too Early","426":"Upgrade Required","428":"Precondition Required","429":"Too Many Requests","431":"Request Header Fields Too Large","451":"Unavailable For Legal Reasons","500":"Internal Server Error","501":"Not Implemented","502":"Bad Gateway","503":"Service Unavailable","504":"Gateway Timeout","505":"HTTP Version Not Supported","506":"Variant Also Negotiates","507":"Insufficient Storage","508":"Loop Detected","509":"Bandwidth Limit Exceeded","510":"Not Extended","511":"Network Authentication Required"},"maxHeaderSize":16384,"globalAgent":{"_events":{},"_eventsCount":2,"defaultPort":80,"protocol":"http:","options":{"keepAlive":true,"scheduling":"lifo","timeout":5000,"noDelay":true,"path":null},"requests":{},"sockets":{},"freeSockets":{},"keepAliveMsecs":1000,"keepAlive":true,"maxSockets":null,"maxFreeSockets":256,"scheduling":"lifo","maxTotalSockets":null,"totalSocketCount":0}},"https:":{"globalAgent":{"_events":{},"_eventsCount":2,"defaultPort":443,"protocol":"https:","options":{"keepAlive":true,"scheduling":"lifo","timeout":5000,"noDelay":true,"path":null},"requests":{},"sockets":{},"freeSockets":{},"keepAliveMsecs":1000,"keepAlive":true,"maxSockets":null,"maxFreeSockets":256,"scheduling":"lifo","maxTotalSockets":null,"totalSocketCount":0,"maxCachedSessions":100,"_sessionCache":{"map":{},"list":[]}}}},"pathname":"/api/operations","search":"?skip=0&take=1000&requireTotalCount=true&sort=%5B%7B%22selector%22%3A%22operationDate%22%2C%22desc%22%3Atrue%7D%5D&filter=%5B%5B%22operationDate%22%2C%22%3E=%22%2C%222022-12-01T00%3A00%3A00.000%2B06%3A00%22%5D%2C%22and%22%2C%5B%22operationDate%22%2C%22%3C=%22%2C%222022-12-31T23%3A59%3A59.999%2B06%3A00%22%5D%5D&cashboxId=8247"},"_ended":true,"_ending":true,"_redirectCount":0,"_redirects":[],"_requestBodyLength":0,"_requestBodyBuffers":[],"_currentUrl":"https://cabinet.kofd.kz/api/operations?skip=0&take=1000&requireTotalCount=true&sort=%5B%7B%22selector%22%3A%22operationDate%22%2C%22desc%22%3Atrue%7D%5D&filter=%5B%5B%22operationDate%22%2C%22%3E=%22%2C%222022-12-01T00%3A00%3A00.000%2B06%3A00%22%5D%2C%22and%22%2C%5B%22operationDate%22%2C%22%3C=%22%2C%222022-12-31T23%3A59%3A59.999%2B06%3A00%22%5D%5D&cashboxId=8247","_timeout":null}},"timeout":2000}]},"freeSockets":{},"keepAliveMsecs":1000,"keepAlive":false,"maxSockets":null,"maxFreeSockets":256,"scheduling":"lifo","maxTotalSockets":null,"totalSocketCount":1,"maxCachedSessions":100,"_sessionCache":{"map":{"cabinet.kofd.kz:443::::::::false:::::::::::::":{"type":"Buffer","data":[48,130,6,188,2,1,1,2,2,3,3,4,2,192,48,4,32,20,234,218,217,5,168,199,59,225,253,101,236,211,102,181,107,85,187,186,32,61,187,203,70,105,234,173,65,99,140,133,188,4,48,1,212,123,48,151,237,224,50,9,214,23,31,25,1,202,135,136,109,228,61,139,183,192,205,63,15,248,202,209,71,67,157,118,171,54,121,117,193,191,20,23,201,24,230,128,75,238,187,161,6,2,4,99,161,206,213,162,4,2,2,28,32,163,130,6,42,48,130,6,38,48,130,5,14,160,3,2,1,2,2,17,0,230,140,250,71,153,198,13,131,218,100,135,75,46,145,152,24,48,13,6,9,42,134,72,134,247,13,1,1,11,5,0,48,129,143,49,11,48,9,6,3,85,4,6,19,2,71,66,49,27,48,25,6,3,85,4,8,19,18,71,114,101,97,116,101,114,32,77,97,110,99,104,101,115,116,101,114,49,16,48,14,6,3,85,4,7,19,7,83,97,108,102,111,114,100,49,24,48,22,6,3,85,4,10,19,15,83,101,99,116,105,103,111,32,76,105,109,105,116,101,100,49,55,48,53,6,3,85,4,3,19,46,83,101,99,116,105,103,111,32,82,83,65,32,68,111,109,97,105,110,32,86,97,108,105,100,97,116,105,111,110,32,83,101,99,117,114,101,32,83,101,114,118,101,114,32,67,65,48,30,23,13,50,50,48,50,48,56,48,48,48,48,48,48,90,23,13,50,51,48,51,49,48,50,51,53,57,53,57,90,48,20,49,18,48,16,6,3,85,4,3,12,9,42,46,107,111,102,100,46,107,122,48,130,1,34,48,13,6,9,42,134,72,134,247,13,1,1,1,5,0,3,130,1,15,0,48,130,1,10,2,130,1,1,0,239,148,8,199,168,95,30,59,204,51,68,6,255,192,96,238,113,250,26,178,45,86,166,15,255,115,131,130,10,241,69,173,96,174,62,143,54,20,36,8,28,113,243,235,207,55,75,160,80,182,162,237,120,211,134,154,230,79,70,153,86,149,239,8,132,188,230,238,198,101,191,153,149,38,170,31,95,155,180,78,231,205,72,13,139,119,101,107,60,103,202,163,4,8,48,9,58,97,228,138,101,185,92,202,68,183,176,184,248,200,184,60,87,224,11,145,193,14,110,147,7,174,185,41,217,160,57,247,61,95,7,20,12,130,140,45,32,195,217,200,21,204,136,198,98,16,193,186,134,171,188,123,161,204,191,254,254,35,86,144,244,212,101,243,238,29,114,205,1,55,232,154,242,12,93,71,98,236,74,89,88,188,61,26,89,135,27,238,143,254,187,152,62,166,96,208,69,187,74,38,11,129,194,113,143,218,247,106,80,85,152,96,196,247,31,219,216,148,209,160,172,210,199,248,83,178,164,96,77,53,98,1,64,121,128,160,150,9,16,24,100,214,74,164,238,191,187,17,40,158,4,35,199,139,245,195,2,3,1,0,1,163,130,2,245,48,130,2,241,48,31,6,3,85,29,35,4,24,48,22,128,20,141,140,94,196,84,173,138,225,119,233,155,249,155,5,225,184,1,141,97,225,48,29,6,3,85,29,14,4,22,4,20,141,227,106,177,231,50,235,253,13,89,117,65,145,65,58,153,165,201,92,245,48,14,6,3,85,29,15,1,1,255,4,4,3,2,5,160,48,12,6,3,85,29,19,1,1,255,4,2,48,0,48,29,6,3,85,29,37,4,22,48,20,6,8,43,6,1,5,5,7,3,1,6,8,43,6,1,5,5,7,3,2,48,73,6,3,85,29,32,4,66,48,64,48,52,6,11,43,6,1,4,1,178,49,1,2,2,7,48,37,48,35,6,8,43,6,1,5,5,7,2,1,22,23,104,116,116,112,115,58,47,47,115,101,99,116,105,103,111,46,99,111,109,47,67,80,83,48,8,6,6,103,129,12,1,2,1,48,129,132,6,8,43,6,1,5,5,7,1,1,4,120,48,118,48,79,6,8,43,6,1,5,5,7,48,2,134,67,104,116,116,112,58,47,47,99,114,116,46,115,101,99,116,105,103,111,46,99,111,109,47,83,101,99,116,105,103,111,82,83,65,68,111,109,97,105,110,86,97,108,105,100,97,116,105,111,110,83,101,99,117,114,101,83,101,114,118,101,114,67,65,46,99,114,116,48,35,6,8,43,6,1,5,5,7,48,1,134,23,104,116,116,112,58,47,47,111,99,115,112,46,115,101,99,116,105,103,111,46,99,111,109,48,29,6,3,85,29,17,4,22,48,20,130,9,42,46,107,111,102,100,46,107,122,130,7,107,111,102,100,46,107,122,48,130,1,127,6,10,43,6,1,4,1,214,121,2,4,2,4,130,1,111,4,130,1,107,1,105,0,119,0,173,247,190,250,124,255,16,200,139,157,61,156,30,62,24,106,180,103,41,93,207,177,12,36,202,133,134,52,235,220,130,138,0,0,1,126,216,78,38,193,0,0,4,3,0,72,48,70,2,33,0,245,223,102,14,91,49,157,44,238,246,187,111,3,208,205,227,58,139,79,180,174,136,247,21,74,43,232,247,174,255,160,70,2,33,0,206,255,12,100,22,23,181,241,197,86,243,143,107,132,18,59,167,68,133,44,127,235,1,116,61,73,125,237,141,155,109,158,0,118,0,122,50,140,84,216,183,45,182,32,234,56,224,82,30,233,132,22,112,50,19,133,77,59,210,43,193,58,87,163,82,235,82,0,0,1,126,216,78,38,140,0,0,4,3,0,71,48,69,2,32,93,136,148,73,31,106,142,207,93,100,128,134,202,250,87,131,0,201,225,116,222,126,44,93,155,210,94,66,101,8,138,86,2,33,0,254,61,95,221,15,157,238,212,252,91,179,125,227,143,85,221,54,191,115,60,248,179,50,204,122,112,35,116,202,51,210,191,0,118,0,232,62,208,218,62,245,6,53,50,231,87,40,188,137,107,201,3,211,203,209,17,107,236,235,105,225,119,125,109,6,189,110,0,0,1,126,216,78,38,99,0,0,4,3,0,71,48,69,2,33,0,205,48,15,85,249,241,26,67,50,43,173,165,170,22,29,215,30,224,6,15,106,66,197,169,23,46,73,91,217,45,214,52,2,32,21,79,113,119,87,36,23,156,166,146,90,91,74,186,177,5,164,244,231,127,154,142,124,79,122,67,56,30,139,27,141,71,48,13,6,9,42,134,72,134,247,13,1,1,11,5,0,3,130,1,1,0,140,183,102,198,170,136,228,117,35,209,203,50,131,110,220,158,228,49,57,242,105,213,235,121,52,175,43,11,111,31,50,78,41,47,58,93,86,69,196,188,166,224,145,94,204,209,242,148,168,167,80,169,242,117,119,156,192,185,212,143,159,234,17,242,33,230,109,213,217,143,53,221,158,130,181,30,98,219,238,9,207,208,240,103,66,230,145,106,47,33,105,232,115,219,229,239,173,69,39,106,243,146,255,20,204,191,197,94,5,243,43,206,236,0,10,8,80,219,220,112,179,132,80,150,69,233,97,120,106,156,38,37,194,212,14,105,3,112,58,66,161,214,36,43,185,63,99,76,74,200,173,20,4,195,113,8,218,30,174,164,146,43,57,200,168,245,245,96,200,10,198,41,98,249,215,206,69,76,47,27,188,226,206,168,177,150,240,196,11,18,169,118,58,126,249,234,234,199,19,188,76,11,79,39,98,89,211,135,79,236,26,28,124,212,55,89,191,180,28,54,255,6,76,38,30,162,120,190,29,104,184,108,22,166,22,241,240,217,145,80,228,152,75,65,243,63,230,184,25,59,42,99,180,44,63,162,164,2,4,0,165,3,2,1,21,166,17,4,15,99,97,98,105,110,101,116,46,107,111,102,100,46,107,122,179,3,2,1,23]}},"list":["cabinet.kofd.kz:443::::::::false:::::::::::::"]}}},"code":"ECONNABORTED","status":null},"point":"getData"}
{"date":"2022-12-20T15:03:51.508Z","text":"Error: AxiosError: timeout of 2000ms exceeded\n    at getTransaction (/home/almas/js-kofd/get/api.js:106:13)\n    at async Promise.all (index 3)","point":"getTransaction"}
{"date":"2022-12-20T15:30:14.320Z","text":"ReferenceError: element is not defined\n    at /home/almas/js-kofd/get/load.js:58:51\n    at Array.forEach (<anonymous>)\n    at /home/almas/js-kofd/get/load.js:54:14\n    at process.processTicksAndRejections (node:internal/process/task_queues:95:5)","point":"getTransaction"}
{"date":"2022-12-20T15:30:14.336Z","text":"\"error: syntax error at or near \\\",\\\"\\n    at Parser.parseErrorMessage (/home/almas/js-kofd/node_modules/pg-protocol/dist/parser.js:287:98)\\n    at Parser.handlePacket (/home/almas/js-kofd/node_modules/pg-protocol/dist/parser.js:126:29)\\n    at Parser.parse (/home/almas/js-kofd/node_modules/pg-protocol/dist/parser.js:39:38)\\n    at Socket.<anonymous> (/home/almas/js-kofd/node_modules/pg-protocol/dist/index.js:11:42)\\n    at Socket.emit (node:events:513:28)\\n    at addChunk (node:internal/streams/readable:324:12)\\n    at readableAddChunk (node:internal/streams/readable:297:9)\\n    at Readable.push (node:internal/streams/readable:234:10)\\n    at TCP.onStreamRead (node:internal/stream_base_commons:190:23)\"","point":"query"}
{"date":"2022-12-20T15:31:37.593Z","text":"ReferenceError: element is not defined\n    at /home/almas/js-kofd/get/load.js:58:51\n    at Array.forEach (<anonymous>)\n    at /home/almas/js-kofd/get/load.js:54:14\n    at process.processTicksAndRejections (node:internal/process/task_queues:95:5)","point":"getTransaction"}
{"date":"2022-12-20T15:31:37.614Z","text":"\"error: syntax error at or near \\\",\\\"\\n    at Parser.parseErrorMessage (/home/almas/js-kofd/node_modules/pg-protocol/dist/parser.js:287:98)\\n    at Parser.handlePacket (/home/almas/js-kofd/node_modules/pg-protocol/dist/parser.js:126:29)\\n    at Parser.parse (/home/almas/js-kofd/node_modules/pg-protocol/dist/parser.js:39:38)\\n    at Socket.<anonymous> (/home/almas/js-kofd/node_modules/pg-protocol/dist/index.js:11:42)\\n    at Socket.emit (node:events:513:28)\\n    at addChunk (node:internal/streams/readable:324:12)\\n    at readableAddChunk (node:internal/streams/readable:297:9)\\n    at Readable.push (node:internal/streams/readable:234:10)\\n    at TCP.onStreamRead (node:internal/stream_base_commons:190:23)\"","point":"query"}
{"date":"2022-12-20T15:33:22.643Z","text":"ReferenceError: element is not defined\n    at /home/almas/js-kofd/get/load.js:58:51\n    at Array.forEach (<anonymous>)\n    at /home/almas/js-kofd/get/load.js:54:14\n    at process.processTicksAndRejections (node:internal/process/task_queues:95:5)","point":"getTransaction"}
{"date":"2022-12-20T15:33:22.660Z","text":"\"error: syntax error at or near \\\",\\\"\\n    at Parser.parseErrorMessage (/home/almas/js-kofd/node_modules/pg-protocol/dist/parser.js:287:98)\\n    at Parser.handlePacket (/home/almas/js-kofd/node_modules/pg-protocol/dist/parser.js:126:29)\\n    at Parser.parse (/home/almas/js-kofd/node_modules/pg-protocol/dist/parser.js:39:38)\\n    at Socket.<anonymous> (/home/almas/js-kofd/node_modules/pg-protocol/dist/index.js:11:42)\\n    at Socket.emit (node:events:513:28)\\n    at addChunk (node:internal/streams/readable:324:12)\\n    at readableAddChunk (node:internal/streams/readable:297:9)\\n    at Readable.push (node:internal/streams/readable:234:10)\\n    at TCP.onStreamRead (node:internal/stream_base_commons:190:23)\"","point":"query"}
{"date":"2022-12-20T15:33:56.918Z","text":"ReferenceError: element is not defined\n    at /home/almas/js-kofd/get/load.js:58:51\n    at Array.forEach (<anonymous>)\n    at /home/almas/js-kofd/get/load.js:54:14\n    at process.processTicksAndRejections (node:internal/process/task_queues:95:5)","point":"getTransaction"}
{"date":"2022-12-20T15:33:56.934Z","text":"\"error: smallint out of range\\n    at Parser.parseErrorMessage (/home/almas/js-kofd/node_modules/pg-protocol/dist/parser.js:287:98)\\n    at Parser.handlePacket (/home/almas/js-kofd/node_modules/pg-protocol/dist/parser.js:126:29)\\n    at Parser.parse (/home/almas/js-kofd/node_modules/pg-protocol/dist/parser.js:39:38)\\n    at Socket.<anonymous> (/home/almas/js-kofd/node_modules/pg-protocol/dist/index.js:11:42)\\n    at Socket.emit (node:events:513:28)\\n    at addChunk (node:internal/streams/readable:324:12)\\n    at readableAddChunk (node:internal/streams/readable:297:9)\\n    at Readable.push (node:internal/streams/readable:234:10)\\n    at TCP.onStreamRead (node:internal/stream_base_commons:190:23)\"","point":"query"}
{"date":"2022-12-20T15:40:36.227Z","text":{"message":"timeout of 2000ms exceeded","name":"AxiosError","stack":"AxiosError: timeout of 2000ms exceeded\n    at RedirectableRequest.handleRequestTimeout (/home/almas/js-kofd/node_modules/axios/dist/node/axios.cjs:2770:16)\n    at RedirectableRequest.emit (node:events:513:28)\n    at Timeout.<anonymous> (/home/almas/js-kofd/node_modules/follow-redirects/index.js:169:12)\n    at listOnTimeout (node:internal/timers:564:17)\n    at process.processTimers (node:internal/timers:507:7)","config":{"transitional":{"silentJSONParsing":true,"forcedJSONParsing":true,"clarifyTimeoutError":false},"adapter":["xhr","http"],"transformRequest":[null],"transformResponse":[null],"timeout":2000,"xsrfCookieName":"XSRF-TOKEN","xsrfHeaderName":"X-XSRF-TOKEN","maxContentLength":-1,"maxBodyLength":-1,"env":{},"headers":{"Accept":"application/json, text/plain, */*","Content-Type":"application/json","User-Agent":"axios/1.2.1","Content-Length":"96","Accept-Encoding":"gzip, compress, deflate, br"},"method":"post","url":"https://cabinet.kofd.kz/api/authenticate/byIinAndPassword","data":"{\"credentials\":{\"iin\":\"800727301256\",\"password\":\"Aw31415926!\"},\"organizationXin\":\"800727301256\"}","httpsAgent":{"_events":{},"_eventsCount":2,"defaultPort":443,"protocol":"https:","options":{"rejectUnauthorized":false,"noDelay":true,"path":null},"requests":{},"sockets":{"cabinet.kofd.kz:443::::::::false:::::::::::::":[{"_tlsOptions":{"pipe":false,"secureContext":{"context":{}},"isServer":false,"requestCert":true,"rejectUnauthorized":false},"_secureEstablished":true,"_securePending":false,"_newSessionPending":false,"_controlReleased":true,"secureConnecting":false,"_SNICallback":null,"servername":"cabinet.kofd.kz","alpnProtocol":false,"authorized":false,"authorizationError":"UNABLE_TO_VERIFY_LEAF_SIGNATURE","encrypted":true,"_events":{"close":[null,null,null,null],"end":[null,null],"timeout":[null,null]},"_eventsCount":11,"connecting":false,"_hadError":false,"_parent":null,"_host":"cabinet.kofd.kz","_closeAfterHandlingError":false,"_readableState":{"objectMode":false,"highWaterMark":16384,"buffer":{"head":null,"tail":null,"length":0},"length":0,"pipes":[],"flowing":true,"ended":false,"endEmitted":false,"reading":true,"constructed":true,"sync":false,"needReadable":true,"emittedReadable":false,"readableListening":false,"resumeScheduled":false,"errorEmitted":false,"emitClose":false,"autoDestroy":true,"destroyed":false,"errored":null,"closed":false,"closeEmitted":false,"defaultEncoding":"utf8","awaitDrainWriters":null,"multiAwaitDrain":false,"readingMore":false,"dataEmitted":false,"decoder":null,"encoding":null},"_writableState":{"objectMode":false,"highWaterMark":16384,"finalCalled":false,"needDrain":false,"ending":false,"ended":false,"finished":false,"destroyed":false,"decodeStrings":false,"defaultEncoding":"utf8","length":0,"writing":false,"corked":0,"sync":false,"bufferProcessing":false,"writecb":null,"writelen":0,"afterWriteTickInfo":null,"buffered":[],"bufferedIndex":0,"allBuffers":true,"allNoop":true,"pendingcb":0,"constructed":true,"prefinished":false,"errorEmitted":false,"emitClose":false,"autoDestroy":true,"errored":null,"closed":false,"closeEmitted":false},"allowHalfOpen":false,"_sockname":null,"_pendingData":null,"_pendingEncoding":"","_server":null,"ssl":{"_parent":{"reading":true,"onconnection":null},"_secureContext":{"context":{}},"reading":true},"_requestCert":true,"_rejectUnauthorized":false,"parser":{"0":null,"5":null,"6":null,"_headers":[],"_url":"","incoming":null,"outgoing":{"_events":{},"_eventsCount":7,"outputData":[],"outputSize":0,"writable":true,"destroyed":false,"_last":true,"chunkedEncoding":false,"shouldKeepAlive":false,"maxRequestsOnConnectionReached":false,"_defaultKeepAlive":true,"useChunkedEncodingByDefault":true,"sendDate":false,"_removedConnection":false,"_removedContLen":false,"_removedTE":false,"strictContentLength":false,"_contentLength":"96","_hasBody":true,"_trailer":"","finished":true,"_headerSent":true,"_closed":false,"_header":"POST /api/authenticate/byIinAndPassword HTTP/1.1\r\nAccept: application/json, text/plain, */*\r\nContent-Type: application/json\r\nUser-Agent: axios/1.2.1\r\nContent-Length: 96\r\nAccept-Encoding: gzip, compress, deflate, br\r\nHost: cabinet.kofd.kz\r\nConnection: close\r\n\r\n","_keepAliveTimeout":0,"method":"POST","path":"/api/authenticate/byIinAndPassword","_ended":false,"res":null,"aborted":false,"timeoutCb":null,"upgradeOrConnect":false,"maxHeadersCount":null,"reusedSocket":false,"host":"cabinet.kofd.kz","protocol":"https:","_redirectable":{"_writableState":{"objectMode":false,"highWaterMark":16384,"finalCalled":false,"needDrain":false,"ending":false,"ended":false,"finished":false,"destroyed":false,"decodeStrings":true,"defaultEncoding":"utf8","length":0,"writing":false,"corked":0,"sync":true,"bufferProcessing":false,"writecb":null,"writelen":0,"afterWriteTickInfo":null,"buffered":[],"bufferedIndex":0,"allBuffers":true,"allNoop":true,"pendingcb":0,"constructed":true,"prefinished":false,"errorEmitted":false,"emitClose":true,"autoDestroy":true,"errored":null,"closed":false,"closeEmitted":false},"_events":{"socket":[null,null]},"_eventsCount":3,"_options":{"maxRedirects":21,"maxBodyLength":null,"protocol":"https:","path":"/api/authenticate/byIinAndPassword","method":"POST","headers":{"Accept":"application/json, text/plain, */*","Content-Type":"application/json","User-Agent":"axios/1.2.1","Content-Length":"96","Accept-Encoding":"gzip, compress, deflate, br"},"agents":{},"beforeRedirects":{},"hostname":"cabinet.kofd.kz","port":"","nativeProtocols":{"http:":{"METHODS":["ACL","BIND","CHECKOUT","CONNECT","COPY","DELETE","GET","HEAD","LINK","LOCK","M-SEARCH","MERGE","MKACTIVITY","MKCALENDAR","MKCOL","MOVE","NOTIFY","OPTIONS","PATCH","POST","PROPFIND","PROPPATCH","PURGE","PUT","REBIND","REPORT","SEARCH","SOURCE","SUBSCRIBE","TRACE","UNBIND","UNLINK","UNLOCK","UNSUBSCRIBE"],"STATUS_CODES":{"100":"Continue","101":"Switching Protocols","102":"Processing","103":"Early Hints","200":"OK","201":"Created","202":"Accepted","203":"Non-Authoritative Information","204":"No Content","205":"Reset Content","206":"Partial Content","207":"Multi-Status","208":"Already Reported","226":"IM Used","300":"Multiple Choices","301":"Moved Permanently","302":"Found","303":"See Other","304":"Not Modified","305":"Use Proxy","307":"Temporary Redirect","308":"Permanent Redirect","400":"Bad Request","401":"Unauthorized","402":"Payment Required","403":"Forbidden","404":"Not Found","405":"Method Not Allowed","406":"Not Acceptable","407":"Proxy Authentication Required","408":"Request Timeout","409":"Conflict","410":"Gone","411":"Length Required","412":"Precondition Failed","413":"Payload Too Large","414":"URI Too Long","415":"Unsupported Media Type","416":"Range Not Satisfiable","417":"Expectation Failed","418":"I'm a Teapot","421":"Misdirected Request","422":"Unprocessable Entity","423":"Locked","424":"Failed Dependency","425":"Too Early","426":"Upgrade Required","428":"Precondition Required","429":"Too Many Requests","431":"Request Header Fields Too Large","451":"Unavailable For Legal Reasons","500":"Internal Server Error","501":"Not Implemented","502":"Bad Gateway","503":"Service Unavailable","504":"Gateway Timeout","505":"HTTP Version Not Supported","506":"Variant Also Negotiates","507":"Insufficient Storage","508":"Loop Detected","509":"Bandwidth Limit Exceeded","510":"Not Extended","511":"Network Authentication Required"},"maxHeaderSize":16384,"globalAgent":{"_events":{},"_eventsCount":2,"defaultPort":80,"protocol":"http:","options":{"keepAlive":true,"scheduling":"lifo","timeout":5000,"noDelay":true,"path":null},"requests":{},"sockets":{},"freeSockets":{},"keepAliveMsecs":1000,"keepAlive":true,"maxSockets":null,"maxFreeSockets":256,"scheduling":"lifo","maxTotalSockets":null,"totalSocketCount":0}},"https:":{"globalAgent":{"_events":{},"_eventsCount":2,"defaultPort":443,"protocol":"https:","options":{"keepAlive":true,"scheduling":"lifo","timeout":5000,"noDelay":true,"path":null},"requests":{},"sockets":{},"freeSockets":{},"keepAliveMsecs":1000,"keepAlive":true,"maxSockets":null,"maxFreeSockets":256,"scheduling":"lifo","maxTotalSockets":null,"totalSocketCount":0,"maxCachedSessions":100,"_sessionCache":{"map":{},"list":[]}}}},"pathname":"/api/authenticate/byIinAndPassword"},"_ended":true,"_ending":true,"_redirectCount":0,"_redirects":[],"_requestBodyLength":96,"_requestBodyBuffers":[{"data":{"type":"Buffer","data":[123,34,99,114,101,100,101,110,116,105,97,108,115,34,58,123,34,105,105,110,34,58,34,56,48,48,55,50,55,51,48,49,50,53,54,34,44,34,112,97,115,115,119,111,114,100,34,58,34,65,119,51,49,52,49,53,57,50,54,33,34,125,44,34,111,114,103,97,110,105,122,97,116,105,111,110,88,105,110,34,58,34,56,48,48,55,50,55,51,48,49,50,53,54,34,125]}}],"_currentUrl":"https://cabinet.kofd.kz/api/authenticate/byIinAndPassword","_timeout":null}},"maxHeaderPairs":2000,"_consumed":false},"_httpMessage":{"_events":{},"_eventsCount":7,"outputData":[],"outputSize":0,"writable":true,"destroyed":false,"_last":true,"chunkedEncoding":false,"shouldKeepAlive":false,"maxRequestsOnConnectionReached":false,"_defaultKeepAlive":true,"useChunkedEncodingByDefault":true,"sendDate":false,"_removedConnection":false,"_removedContLen":false,"_removedTE":false,"strictContentLength":false,"_contentLength":"96","_hasBody":true,"_trailer":"","finished":true,"_headerSent":true,"_closed":false,"_header":"POST /api/authenticate/byIinAndPassword HTTP/1.1\r\nAccept: application/json, text/plain, */*\r\nContent-Type: application/json\r\nUser-Agent: axios/1.2.1\r\nContent-Length: 96\r\nAccept-Encoding: gzip, compress, deflate, br\r\nHost: cabinet.kofd.kz\r\nConnection: close\r\n\r\n","_keepAliveTimeout":0,"method":"POST","path":"/api/authenticate/byIinAndPassword","_ended":false,"res":null,"aborted":false,"timeoutCb":null,"upgradeOrConnect":false,"parser":{"0":null,"5":null,"6":null,"_headers":[],"_url":"","incoming":null,"maxHeaderPairs":2000,"_consumed":false},"maxHeadersCount":null,"reusedSocket":false,"host":"cabinet.kofd.kz","protocol":"https:","_redirectable":{"_writableState":{"objectMode":false,"highWaterMark":16384,"finalCalled":false,"needDrain":false,"ending":false,"ended":false,"finished":false,"destroyed":false,"decodeStrings":true,"defaultEncoding":"utf8","length":0,"writing":false,"corked":0,"sync":true,"bufferProcessing":false,"writecb":null,"writelen":0,"afterWriteTickInfo":null,"buffered":[],"bufferedIndex":0,"allBuffers":true,"allNoop":true,"pendingcb":0,"constructed":true,"prefinished":false,"errorEmitted":false,"emitClose":true,"autoDestroy":true,"errored":null,"closed":false,"closeEmitted":false},"_events":{"socket":[null,null]},"_eventsCount":3,"_options":{"maxRedirects":21,"maxBodyLength":null,"protocol":"https:","path":"/api/authenticate/byIinAndPassword","method":"POST","headers":{"Accept":"application/json, text/plain, */*","Content-Type":"application/json","User-Agent":"axios/1.2.1","Content-Length":"96","Accept-Encoding":"gzip, compress, deflate, br"},"agents":{},"beforeRedirects":{},"hostname":"cabinet.kofd.kz","port":"","nativeProtocols":{"http:":{"METHODS":["ACL","BIND","CHECKOUT","CONNECT","COPY","DELETE","GET","HEAD","LINK","LOCK","M-SEARCH","MERGE","MKACTIVITY","MKCALENDAR","MKCOL","MOVE","NOTIFY","OPTIONS","PATCH","POST","PROPFIND","PROPPATCH","PURGE","PUT","REBIND","REPORT","SEARCH","SOURCE","SUBSCRIBE","TRACE","UNBIND","UNLINK","UNLOCK","UNSUBSCRIBE"],"STATUS_CODES":{"100":"Continue","101":"Switching Protocols","102":"Processing","103":"Early Hints","200":"OK","201":"Created","202":"Accepted","203":"Non-Authoritative Information","204":"No Content","205":"Reset Content","206":"Partial Content","207":"Multi-Status","208":"Already Reported","226":"IM Used","300":"Multiple Choices","301":"Moved Permanently","302":"Found","303":"See Other","304":"Not Modified","305":"Use Proxy","307":"Temporary Redirect","308":"Permanent Redirect","400":"Bad Request","401":"Unauthorized","402":"Payment Required","403":"Forbidden","404":"Not Found","405":"Method Not Allowed","406":"Not Acceptable","407":"Proxy Authentication Required","408":"Request Timeout","409":"Conflict","410":"Gone","411":"Length Required","412":"Precondition Failed","413":"Payload Too Large","414":"URI Too Long","415":"Unsupported Media Type","416":"Range Not Satisfiable","417":"Expectation Failed","418":"I'm a Teapot","421":"Misdirected Request","422":"Unprocessable Entity","423":"Locked","424":"Failed Dependency","425":"Too Early","426":"Upgrade Required","428":"Precondition Required","429":"Too Many Requests","431":"Request Header Fields Too Large","451":"Unavailable For Legal Reasons","500":"Internal Server Error","501":"Not Implemented","502":"Bad Gateway","503":"Service Unavailable","504":"Gateway Timeout","505":"HTTP Version Not Supported","506":"Variant Also Negotiates","507":"Insufficient Storage","508":"Loop Detected","509":"Bandwidth Limit Exceeded","510":"Not Extended","511":"Network Authentication Required"},"maxHeaderSize":16384,"globalAgent":{"_events":{},"_eventsCount":2,"defaultPort":80,"protocol":"http:","options":{"keepAlive":true,"scheduling":"lifo","timeout":5000,"noDelay":true,"path":null},"requests":{},"sockets":{},"freeSockets":{},"keepAliveMsecs":1000,"keepAlive":true,"maxSockets":null,"maxFreeSockets":256,"scheduling":"lifo","maxTotalSockets":null,"totalSocketCount":0}},"https:":{"globalAgent":{"_events":{},"_eventsCount":2,"defaultPort":443,"protocol":"https:","options":{"keepAlive":true,"scheduling":"lifo","timeout":5000,"noDelay":true,"path":null},"requests":{},"sockets":{},"freeSockets":{},"keepAliveMsecs":1000,"keepAlive":true,"maxSockets":null,"maxFreeSockets":256,"scheduling":"lifo","maxTotalSockets":null,"totalSocketCount":0,"maxCachedSessions":100,"_sessionCache":{"map":{},"list":[]}}}},"pathname":"/api/authenticate/byIinAndPassword"},"_ended":true,"_ending":true,"_redirectCount":0,"_redirects":[],"_requestBodyLength":96,"_requestBodyBuffers":[{"data":{"type":"Buffer","data":[123,34,99,114,101,100,101,110,116,105,97,108,115,34,58,123,34,105,105,110,34,58,34,56,48,48,55,50,55,51,48,49,50,53,54,34,44,34,112,97,115,115,119,111,114,100,34,58,34,65,119,51,49,52,49,53,57,50,54,33,34,125,44,34,111,114,103,97,110,105,122,97,116,105,111,110,88,105,110,34,58,34,56,48,48,55,50,55,51,48,49,50,53,54,34,125]}}],"_currentUrl":"https://cabinet.kofd.kz/api/authenticate/byIinAndPassword","_timeout":null}},"timeout":2000},{"_tlsOptions":{"pipe":false,"secureContext":{"context":{}},"isServer":false,"requestCert":true,"rejectUnauthorized":false},"_secureEstablished":true,"_securePending":false,"_newSessionPending":false,"_controlReleased":true,"secureConnecting":false,"_SNICallback":null,"servername":"cabinet.kofd.kz","alpnProtocol":false,"authorized":false,"authorizationError":"UNABLE_TO_VERIFY_LEAF_SIGNATURE","encrypted":true,"_events":{"close":[null,null,null,null],"end":[null,null],"timeout":[null,null]},"_eventsCount":11,"connecting":false,"_hadError":false,"_parent":null,"_host":"cabinet.kofd.kz","_closeAfterHandlingError":false,"_readableState":{"objectMode":false,"highWaterMark":16384,"buffer":{"head":null,"tail":null,"length":0},"length":0,"pipes":[],"flowing":true,"ended":false,"endEmitted":false,"reading":true,"constructed":true,"sync":false,"needReadable":true,"emittedReadable":false,"readableListening":false,"resumeScheduled":false,"errorEmitted":false,"emitClose":false,"autoDestroy":true,"destroyed":false,"errored":null,"closed":false,"closeEmitted":false,"defaultEncoding":"utf8","awaitDrainWriters":null,"multiAwaitDrain":false,"readingMore":false,"dataEmitted":false,"decoder":null,"encoding":null},"_writableState":{"objectMode":false,"highWaterMark":16384,"finalCalled":false,"needDrain":false,"ending":false,"ended":false,"finished":false,"destroyed":false,"decodeStrings":false,"defaultEncoding":"utf8","length":0,"writing":false,"corked":0,"sync":false,"bufferProcessing":false,"writecb":null,"writelen":0,"afterWriteTickInfo":null,"buffered":[],"bufferedIndex":0,"allBuffers":true,"allNoop":true,"pendingcb":0,"constructed":true,"prefinished":false,"errorEmitted":false,"emitClose":false,"autoDestroy":true,"errored":null,"closed":false,"closeEmitted":false},"allowHalfOpen":false,"_sockname":null,"_pendingData":null,"_pendingEncoding":"","_server":null,"ssl":{"_parent":{"reading":true,"onconnection":null},"_secureContext":{"context":{}},"reading":true},"_requestCert":true,"_rejectUnauthorized":false,"parser":{"0":null,"5":null,"6":null,"_headers":[],"_url":"","incoming":null,"outgoing":{"_events":{},"_eventsCount":7,"outputData":[],"outputSize":0,"writable":true,"destroyed":false,"_last":true,"chunkedEncoding":false,"shouldKeepAlive":false,"maxRequestsOnConnectionReached":false,"_defaultKeepAlive":true,"useChunkedEncodingByDefault":true,"sendDate":false,"_removedConnection":false,"_removedContLen":false,"_removedTE":false,"strictContentLength":false,"_contentLength":"96","_hasBody":true,"_trailer":"","finished":true,"_headerSent":true,"_closed":false,"_header":"POST /api/authenticate/byIinAndPassword HTTP/1.1\r\nAccept: application/json, text/plain, */*\r\nContent-Type: application/json\r\nUser-Agent: axios/1.2.1\r\nContent-Length: 96\r\nAccept-Encoding: gzip, compress, deflate, br\r\nHost: cabinet.kofd.kz\r\nConnection: close\r\n\r\n","_keepAliveTimeout":0,"method":"POST","path":"/api/authenticate/byIinAndPassword","_ended":false,"res":null,"aborted":false,"timeoutCb":null,"upgradeOrConnect":false,"maxHeadersCount":null,"reusedSocket":false,"host":"cabinet.kofd.kz","protocol":"https:","_redirectable":{"_writableState":{"objectMode":false,"highWaterMark":16384,"finalCalled":false,"needDrain":false,"ending":false,"ended":false,"finished":false,"destroyed":false,"decodeStrings":true,"defaultEncoding":"utf8","length":0,"writing":false,"corked":0,"sync":true,"bufferProcessing":false,"writecb":null,"writelen":0,"afterWriteTickInfo":null,"buffered":[],"bufferedIndex":0,"allBuffers":true,"allNoop":true,"pendingcb":0,"constructed":true,"prefinished":false,"errorEmitted":false,"emitClose":true,"autoDestroy":true,"errored":null,"closed":false,"closeEmitted":false},"_events":{"response":[null,null],"error":[null,null],"socket":[null,null]},"_eventsCount":5,"_options":{"maxRedirects":21,"maxBodyLength":null,"protocol":"https:","path":"/api/authenticate/byIinAndPassword","method":"POST","headers":{"Accept":"application/json, text/plain, */*","Content-Type":"application/json","User-Agent":"axios/1.2.1","Content-Length":"96","Accept-Encoding":"gzip, compress, deflate, br"},"agents":{},"beforeRedirects":{},"hostname":"cabinet.kofd.kz","port":"","nativeProtocols":{"http:":{"METHODS":["ACL","BIND","CHECKOUT","CONNECT","COPY","DELETE","GET","HEAD","LINK","LOCK","M-SEARCH","MERGE","MKACTIVITY","MKCALENDAR","MKCOL","MOVE","NOTIFY","OPTIONS","PATCH","POST","PROPFIND","PROPPATCH","PURGE","PUT","REBIND","REPORT","SEARCH","SOURCE","SUBSCRIBE","TRACE","UNBIND","UNLINK","UNLOCK","UNSUBSCRIBE"],"STATUS_CODES":{"100":"Continue","101":"Switching Protocols","102":"Processing","103":"Early Hints","200":"OK","201":"Created","202":"Accepted","203":"Non-Authoritative Information","204":"No Content","205":"Reset Content","206":"Partial Content","207":"Multi-Status","208":"Already Reported","226":"IM Used","300":"Multiple Choices","301":"Moved Permanently","302":"Found","303":"See Other","304":"Not Modified","305":"Use Proxy","307":"Temporary Redirect","308":"Permanent Redirect","400":"Bad Request","401":"Unauthorized","402":"Payment Required","403":"Forbidden","404":"Not Found","405":"Method Not Allowed","406":"Not Acceptable","407":"Proxy Authentication Required","408":"Request Timeout","409":"Conflict","410":"Gone","411":"Length Required","412":"Precondition Failed","413":"Payload Too Large","414":"URI Too Long","415":"Unsupported Media Type","416":"Range Not Satisfiable","417":"Expectation Failed","418":"I'm a Teapot","421":"Misdirected Request","422":"Unprocessable Entity","423":"Locked","424":"Failed Dependency","425":"Too Early","426":"Upgrade Required","428":"Precondition Required","429":"Too Many Requests","431":"Request Header Fields Too Large","451":"Unavailable For Legal Reasons","500":"Internal Server Error","501":"Not Implemented","502":"Bad Gateway","503":"Service Unavailable","504":"Gateway Timeout","505":"HTTP Version Not Supported","506":"Variant Also Negotiates","507":"Insufficient Storage","508":"Loop Detected","509":"Bandwidth Limit Exceeded","510":"Not Extended","511":"Network Authentication Required"},"maxHeaderSize":16384,"globalAgent":{"_events":{},"_eventsCount":2,"defaultPort":80,"protocol":"http:","options":{"keepAlive":true,"scheduling":"lifo","timeout":5000,"noDelay":true,"path":null},"requests":{},"sockets":{},"freeSockets":{},"keepAliveMsecs":1000,"keepAlive":true,"maxSockets":null,"maxFreeSockets":256,"scheduling":"lifo","maxTotalSockets":null,"totalSocketCount":0}},"https:":{"globalAgent":{"_events":{},"_eventsCount":2,"defaultPort":443,"protocol":"https:","options":{"keepAlive":true,"scheduling":"lifo","timeout":5000,"noDelay":true,"path":null},"requests":{},"sockets":{},"freeSockets":{},"keepAliveMsecs":1000,"keepAlive":true,"maxSockets":null,"maxFreeSockets":256,"scheduling":"lifo","maxTotalSockets":null,"totalSocketCount":0,"maxCachedSessions":100,"_sessionCache":{"map":{},"list":[]}}}},"pathname":"/api/authenticate/byIinAndPassword"},"_ended":true,"_ending":true,"_redirectCount":0,"_redirects":[],"_requestBodyLength":96,"_requestBodyBuffers":[{"data":{"type":"Buffer","data":[123,34,99,114,101,100,101,110,116,105,97,108,115,34,58,123,34,105,105,110,34,58,34,55,57,48,49,50,53,52,48,48,51,51,54,34,44,34,112,97,115,115,119,111,114,100,34,58,34,65,119,51,49,52,49,53,57,50,54,33,34,125,44,34,111,114,103,97,110,105,122,97,116,105,111,110,88,105,110,34,58,34,55,57,48,49,50,53,52,48,48,51,51,54,34,125]}}],"_currentUrl":"https://cabinet.kofd.kz/api/authenticate/byIinAndPassword","_timeout":{"_idleTimeout":2000,"_idlePrev":{"_idleTimeout":2000,"_idlePrev":{"_idleTimeout":2000,"_idlePrev":{"expiry":2117,"id":-9007199254740990,"msecs":2000,"priorityQueuePosition":1},"_idleStart":207,"_repeat":null,"_destroyed":false},"_idleStart":206,"_repeat":null,"_destroyed":false},"_idleNext":{"_idleNext":{"_idleTimeout":2000,"_idleNext":{"_idleTimeout":2000,"_idleStart":206,"_repeat":null,"_destroyed":false},"_idleStart":207,"_repeat":null,"_destroyed":false},"expiry":2117,"id":-9007199254740990,"msecs":2000,"priorityQueuePosition":1},"_idleStart":117,"_repeat":null,"_destroyed":false}}},"maxHeaderPairs":2000,"_consumed":false},"_httpMessage":{"_events":{},"_eventsCount":7,"outputData":[],"outputSize":0,"writable":true,"destroyed":false,"_last":true,"chunkedEncoding":false,"shouldKeepAlive":false,"maxRequestsOnConnectionReached":false,"_defaultKeepAlive":true,"useChunkedEncodingByDefault":true,"sendDate":false,"_removedConnection":false,"_removedContLen":false,"_removedTE":false,"strictContentLength":false,"_contentLength":"96","_hasBody":true,"_trailer":"","finished":true,"_headerSent":true,"_closed":false,"_header":"POST /api/authenticate/byIinAndPassword HTTP/1.1\r\nAccept: application/json, text/plain, */*\r\nContent-Type: application/json\r\nUser-Agent: axios/1.2.1\r\nContent-Length: 96\r\nAccept-Encoding: gzip, compress, deflate, br\r\nHost: cabinet.kofd.kz\r\nConnection: close\r\n\r\n","_keepAliveTimeout":0,"method":"POST","path":"/api/authenticate/byIinAndPassword","_ended":false,"res":null,"aborted":false,"timeoutCb":null,"upgradeOrConnect":false,"parser":{"0":null,"5":null,"6":null,"_headers":[],"_url":"","incoming":null,"maxHeaderPairs":2000,"_consumed":false},"maxHeadersCount":null,"reusedSocket":false,"host":"cabinet.kofd.kz","protocol":"https:","_redirectable":{"_writableState":{"objectMode":false,"highWaterMark":16384,"finalCalled":false,"needDrain":false,"ending":false,"ended":false,"finished":false,"destroyed":false,"decodeStrings":true,"defaultEncoding":"utf8","length":0,"writing":false,"corked":0,"sync":true,"bufferProcessing":false,"writecb":null,"writelen":0,"afterWriteTickInfo":null,"buffered":[],"bufferedIndex":0,"allBuffers":true,"allNoop":true,"pendingcb":0,"constructed":true,"prefinished":false,"errorEmitted":false,"emitClose":true,"autoDestroy":true,"errored":null,"closed":false,"closeEmitted":false},"_events":{"response":[null,null],"error":[null,null],"socket":[null,null]},"_eventsCount":5,"_options":{"maxRedirects":21,"maxBodyLength":null,"protocol":"https:","path":"/api/authenticate/byIinAndPassword","method":"POST","headers":{"Accept":"application/json, text/plain, */*","Content-Type":"application/json","User-Agent":"axios/1.2.1","Content-Length":"96","Accept-Encoding":"gzip, compress, deflate, br"},"agents":{},"beforeRedirects":{},"hostname":"cabinet.kofd.kz","port":"","nativeProtocols":{"http:":{"METHODS":["ACL","BIND","CHECKOUT","CONNECT","COPY","DELETE","GET","HEAD","LINK","LOCK","M-SEARCH","MERGE","MKACTIVITY","MKCALENDAR","MKCOL","MOVE","NOTIFY","OPTIONS","PATCH","POST","PROPFIND","PROPPATCH","PURGE","PUT","REBIND","REPORT","SEARCH","SOURCE","SUBSCRIBE","TRACE","UNBIND","UNLINK","UNLOCK","UNSUBSCRIBE"],"STATUS_CODES":{"100":"Continue","101":"Switching Protocols","102":"Processing","103":"Early Hints","200":"OK","201":"Created","202":"Accepted","203":"Non-Authoritative Information","204":"No Content","205":"Reset Content","206":"Partial Content","207":"Multi-Status","208":"Already Reported","226":"IM Used","300":"Multiple Choices","301":"Moved Permanently","302":"Found","303":"See Other","304":"Not Modified","305":"Use Proxy","307":"Temporary Redirect","308":"Permanent Redirect","400":"Bad Request","401":"Unauthorized","402":"Payment Required","403":"Forbidden","404":"Not Found","405":"Method Not Allowed","406":"Not Acceptable","407":"Proxy Authentication Required","408":"Request Timeout","409":"Conflict","410":"Gone","411":"Length Required","412":"Precondition Failed","413":"Payload Too Large","414":"URI Too Long","415":"Unsupported Media Type","416":"Range Not Satisfiable","417":"Expectation Failed","418":"I'm a Teapot","421":"Misdirected Request","422":"Unprocessable Entity","423":"Locked","424":"Failed Dependency","425":"Too Early","426":"Upgrade Required","428":"Precondition Required","429":"Too Many Requests","431":"Request Header Fields Too Large","451":"Unavailable For Legal Reasons","500":"Internal Server Error","501":"Not Implemented","502":"Bad Gateway","503":"Service Unavailable","504":"Gateway Timeout","505":"HTTP Version Not Supported","506":"Variant Also Negotiates","507":"Insufficient Storage","508":"Loop Detected","509":"Bandwidth Limit Exceeded","510":"Not Extended","511":"Network Authentication Required"},"maxHeaderSize":16384,"globalAgent":{"_events":{},"_eventsCount":2,"defaultPort":80,"protocol":"http:","options":{"keepAlive":true,"scheduling":"lifo","timeout":5000,"noDelay":true,"path":null},"requests":{},"sockets":{},"freeSockets":{},"keepAliveMsecs":1000,"keepAlive":true,"maxSockets":null,"maxFreeSockets":256,"scheduling":"lifo","maxTotalSockets":null,"totalSocketCount":0}},"https:":{"globalAgent":{"_events":{},"_eventsCount":2,"defaultPort":443,"protocol":"https:","options":{"keepAlive":true,"scheduling":"lifo","timeout":5000,"noDelay":true,"path":null},"requests":{},"sockets":{},"freeSockets":{},"keepAliveMsecs":1000,"keepAlive":true,"maxSockets":null,"maxFreeSockets":256,"scheduling":"lifo","maxTotalSockets":null,"totalSocketCount":0,"maxCachedSessions":100,"_sessionCache":{"map":{},"list":[]}}}},"pathname":"/api/authenticate/byIinAndPassword"},"_ended":true,"_ending":true,"_redirectCount":0,"_redirects":[],"_requestBodyLength":96,"_requestBodyBuffers":[{"data":{"type":"Buffer","data":[123,34,99,114,101,100,101,110,116,105,97,108,115,34,58,123,34,105,105,110,34,58,34,55,57,48,49,50,53,52,48,48,51,51,54,34,44,34,112,97,115,115,119,111,114,100,34,58,34,65,119,51,49,52,49,53,57,50,54,33,34,125,44,34,111,114,103,97,110,105,122,97,116,105,111,110,88,105,110,34,58,34,55,57,48,49,50,53,52,48,48,51,51,54,34,125]}}],"_currentUrl":"https://cabinet.kofd.kz/api/authenticate/byIinAndPassword","_timeout":{"_idleTimeout":2000,"_idlePrev":{"_idleTimeout":2000,"_idlePrev":{"_idleTimeout":2000,"_idlePrev":{"expiry":2117,"id":-9007199254740990,"msecs":2000,"priorityQueuePosition":1},"_idleStart":207,"_repeat":null,"_destroyed":false},"_idleStart":206,"_repeat":null,"_destroyed":false},"_idleNext":{"_idleNext":{"_idleTimeout":2000,"_idleNext":{"_idleTimeout":2000,"_idleStart":206,"_repeat":null,"_destroyed":false},"_idleStart":207,"_repeat":null,"_destroyed":false},"expiry":2117,"id":-9007199254740990,"msecs":2000,"priorityQueuePosition":1},"_idleStart":117,"_repeat":null,"_destroyed":false}}},"timeout":2000}]},"freeSockets":{},"keepAliveMsecs":1000,"keepAlive":false,"maxSockets":null,"maxFreeSockets":256,"scheduling":"lifo","maxTotalSockets":null,"totalSocketCount":2,"maxCachedSessions":100,"_sessionCache":{"map":{"cabinet.kofd.kz:443::::::::false:::::::::::::":{"type":"Buffer","data":[48,130,6,188,2,1,1,2,2,3,3,4,2,192,48,4,32,196,134,162,186,142,106,181,187,177,159,3,196,96,128,100,186,137,53,157,64,225,152,39,109,103,146,223,254,225,145,55,199,4,48,229,28,222,173,148,84,250,33,7,162,61,154,19,74,39,99,78,140,62,150,226,58,184,114,108,117,76,36,243,13,91,123,182,96,7,142,186,19,93,196,154,180,42,42,196,243,96,23,161,6,2,4,99,161,215,114,162,4,2,2,28,32,163,130,6,42,48,130,6,38,48,130,5,14,160,3,2,1,2,2,17,0,230,140,250,71,153,198,13,131,218,100,135,75,46,145,152,24,48,13,6,9,42,134,72,134,247,13,1,1,11,5,0,48,129,143,49,11,48,9,6,3,85,4,6,19,2,71,66,49,27,48,25,6,3,85,4,8,19,18,71,114,101,97,116,101,114,32,77,97,110,99,104,101,115,116,101,114,49,16,48,14,6,3,85,4,7,19,7,83,97,108,102,111,114,100,49,24,48,22,6,3,85,4,10,19,15,83,101,99,116,105,103,111,32,76,105,109,105,116,101,100,49,55,48,53,6,3,85,4,3,19,46,83,101,99,116,105,103,111,32,82,83,65,32,68,111,109,97,105,110,32,86,97,108,105,100,97,116,105,111,110,32,83,101,99,117,114,101,32,83,101,114,118,101,114,32,67,65,48,30,23,13,50,50,48,50,48,56,48,48,48,48,48,48,90,23,13,50,51,48,51,49,48,50,51,53,57,53,57,90,48,20,49,18,48,16,6,3,85,4,3,12,9,42,46,107,111,102,100,46,107,122,48,130,1,34,48,13,6,9,42,134,72,134,247,13,1,1,1,5,0,3,130,1,15,0,48,130,1,10,2,130,1,1,0,239,148,8,199,168,95,30,59,204,51,68,6,255,192,96,238,113,250,26,178,45,86,166,15,255,115,131,130,10,241,69,173,96,174,62,143,54,20,36,8,28,113,243,235,207,55,75,160,80,182,162,237,120,211,134,154,230,79,70,153,86,149,239,8,132,188,230,238,198,101,191,153,149,38,170,31,95,155,180,78,231,205,72,13,139,119,101,107,60,103,202,163,4,8,48,9,58,97,228,138,101,185,92,202,68,183,176,184,248,200,184,60,87,224,11,145,193,14,110,147,7,174,185,41,217,160,57,247,61,95,7,20,12,130,140,45,32,195,217,200,21,204,136,198,98,16,193,186,134,171,188,123,161,204,191,254,254,35,86,144,244,212,101,243,238,29,114,205,1,55,232,154,242,12,93,71,98,236,74,89,88,188,61,26,89,135,27,238,143,254,187,152,62,166,96,208,69,187,74,38,11,129,194,113,143,218,247,106,80,85,152,96,196,247,31,219,216,148,209,160,172,210,199,248,83,178,164,96,77,53,98,1,64,121,128,160,150,9,16,24,100,214,74,164,238,191,187,17,40,158,4,35,199,139,245,195,2,3,1,0,1,163,130,2,245,48,130,2,241,48,31,6,3,85,29,35,4,24,48,22,128,20,141,140,94,196,84,173,138,225,119,233,155,249,155,5,225,184,1,141,97,225,48,29,6,3,85,29,14,4,22,4,20,141,227,106,177,231,50,235,253,13,89,117,65,145,65,58,153,165,201,92,245,48,14,6,3,85,29,15,1,1,255,4,4,3,2,5,160,48,12,6,3,85,29,19,1,1,255,4,2,48,0,48,29,6,3,85,29,37,4,22,48,20,6,8,43,6,1,5,5,7,3,1,6,8,43,6,1,5,5,7,3,2,48,73,6,3,85,29,32,4,66,48,64,48,52,6,11,43,6,1,4,1,178,49,1,2,2,7,48,37,48,35,6,8,43,6,1,5,5,7,2,1,22,23,104,116,116,112,115,58,47,47,115,101,99,116,105,103,111,46,99,111,109,47,67,80,83,48,8,6,6,103,129,12,1,2,1,48,129,132,6,8,43,6,1,5,5,7,1,1,4,120,48,118,48,79,6,8,43,6,1,5,5,7,48,2,134,67,104,116,116,112,58,47,47,99,114,116,46,115,101,99,116,105,103,111,46,99,111,109,47,83,101,99,116,105,103,111,82,83,65,68,111,109,97,105,110,86,97,108,105,100,97,116,105,111,110,83,101,99,117,114,101,83,101,114,118,101,114,67,65,46,99,114,116,48,35,6,8,43,6,1,5,5,7,48,1,134,23,104,116,116,112,58,47,47,111,99,115,112,46,115,101,99,116,105,103,111,46,99,111,109,48,29,6,3,85,29,17,4,22,48,20,130,9,42,46,107,111,102,100,46,107,122,130,7,107,111,102,100,46,107,122,48,130,1,127,6,10,43,6,1,4,1,214,121,2,4,2,4,130,1,111,4,130,1,107,1,105,0,119,0,173,247,190,250,124,255,16,200,139,157,61,156,30,62,24,106,180,103,41,93,207,177,12,36,202,133,134,52,235,220,130,138,0,0,1,126,216,78,38,193,0,0,4,3,0,72,48,70,2,33,0,245,223,102,14,91,49,157,44,238,246,187,111,3,208,205,227,58,139,79,180,174,136,247,21,74,43,232,247,174,255,160,70,2,33,0,206,255,12,100,22,23,181,241,197,86,243,143,107,132,18,59,167,68,133,44,127,235,1,116,61,73,125,237,141,155,109,158,0,118,0,122,50,140,84,216,183,45,182,32,234,56,224,82,30,233,132,22,112,50,19,133,77,59,210,43,193,58,87,163,82,235,82,0,0,1,126,216,78,38,140,0,0,4,3,0,71,48,69,2,32,93,136,148,73,31,106,142,207,93,100,128,134,202,250,87,131,0,201,225,116,222,126,44,93,155,210,94,66,101,8,138,86,2,33,0,254,61,95,221,15,157,238,212,252,91,179,125,227,143,85,221,54,191,115,60,248,179,50,204,122,112,35,116,202,51,210,191,0,118,0,232,62,208,218,62,245,6,53,50,231,87,40,188,137,107,201,3,211,203,209,17,107,236,235,105,225,119,125,109,6,189,110,0,0,1,126,216,78,38,99,0,0,4,3,0,71,48,69,2,33,0,205,48,15,85,249,241,26,67,50,43,173,165,170,22,29,215,30,224,6,15,106,66,197,169,23,46,73,91,217,45,214,52,2,32,21,79,113,119,87,36,23,156,166,146,90,91,74,186,177,5,164,244,231,127,154,142,124,79,122,67,56,30,139,27,141,71,48,13,6,9,42,134,72,134,247,13,1,1,11,5,0,3,130,1,1,0,140,183,102,198,170,136,228,117,35,209,203,50,131,110,220,158,228,49,57,242,105,213,235,121,52,175,43,11,111,31,50,78,41,47,58,93,86,69,196,188,166,224,145,94,204,209,242,148,168,167,80,169,242,117,119,156,192,185,212,143,159,234,17,242,33,230,109,213,217,143,53,221,158,130,181,30,98,219,238,9,207,208,240,103,66,230,145,106,47,33,105,232,115,219,229,239,173,69,39,106,243,146,255,20,204,191,197,94,5,243,43,206,236,0,10,8,80,219,220,112,179,132,80,150,69,233,97,120,106,156,38,37,194,212,14,105,3,112,58,66,161,214,36,43,185,63,99,76,74,200,173,20,4,195,113,8,218,30,174,164,146,43,57,200,168,245,245,96,200,10,198,41,98,249,215,206,69,76,47,27,188,226,206,168,177,150,240,196,11,18,169,118,58,126,249,234,234,199,19,188,76,11,79,39,98,89,211,135,79,236,26,28,124,212,55,89,191,180,28,54,255,6,76,38,30,162,120,190,29,104,184,108,22,166,22,241,240,217,145,80,228,152,75,65,243,63,230,184,25,59,42,99,180,44,63,162,164,2,4,0,165,3,2,1,21,166,17,4,15,99,97,98,105,110,101,116,46,107,111,102,100,46,107,122,179,3,2,1,23]}},"list":["cabinet.kofd.kz:443::::::::false:::::::::::::"]}}},"code":"ECONNABORTED","status":null},"point":"getJWT"}
{"date":"2022-12-20T15:40:36.230Z","text":{"message":"timeout of 2000ms exceeded","name":"AxiosError","stack":"AxiosError: timeout of 2000ms exceeded\n    at RedirectableRequest.handleRequestTimeout (/home/almas/js-kofd/node_modules/axios/dist/node/axios.cjs:2770:16)\n    at RedirectableRequest.emit (node:events:513:28)\n    at Timeout.<anonymous> (/home/almas/js-kofd/node_modules/follow-redirects/index.js:169:12)\n    at listOnTimeout (node:internal/timers:564:17)\n    at process.processTimers (node:internal/timers:507:7)","config":{"transitional":{"silentJSONParsing":true,"forcedJSONParsing":true,"clarifyTimeoutError":false},"adapter":["xhr","http"],"transformRequest":[null],"transformResponse":[null],"timeout":2000,"xsrfCookieName":"XSRF-TOKEN","xsrfHeaderName":"X-XSRF-TOKEN","maxContentLength":-1,"maxBodyLength":-1,"env":{},"headers":{"Accept":"application/json, text/plain, */*","Content-Type":"application/json","User-Agent":"axios/1.2.1","Content-Length":"96","Accept-Encoding":"gzip, compress, deflate, br"},"method":"post","url":"https://cabinet.kofd.kz/api/authenticate/byIinAndPassword","data":"{\"credentials\":{\"iin\":\"790125400336\",\"password\":\"Aw31415926!\"},\"organizationXin\":\"790125400336\"}","httpsAgent":{"_events":{},"_eventsCount":2,"defaultPort":443,"protocol":"https:","options":{"rejectUnauthorized":false,"noDelay":true,"path":null},"requests":{},"sockets":{"cabinet.kofd.kz:443::::::::false:::::::::::::":[{"_tlsOptions":{"pipe":false,"secureContext":{"context":{}},"isServer":false,"requestCert":true,"rejectUnauthorized":false},"_secureEstablished":true,"_securePending":false,"_newSessionPending":false,"_controlReleased":true,"secureConnecting":false,"_SNICallback":null,"servername":"cabinet.kofd.kz","alpnProtocol":false,"authorized":false,"authorizationError":"UNABLE_TO_VERIFY_LEAF_SIGNATURE","encrypted":true,"_events":{"close":[null,null,null,null],"end":[null,null],"timeout":[null,null]},"_eventsCount":11,"connecting":false,"_hadError":false,"_parent":null,"_host":"cabinet.kofd.kz","_closeAfterHandlingError":false,"_readableState":{"objectMode":false,"highWaterMark":16384,"buffer":{"head":null,"tail":null,"length":0},"length":0,"pipes":[],"flowing":true,"ended":false,"endEmitted":false,"reading":true,"constructed":true,"sync":false,"needReadable":true,"emittedReadable":false,"readableListening":false,"resumeScheduled":false,"errorEmitted":false,"emitClose":false,"autoDestroy":true,"destroyed":false,"errored":null,"closed":false,"closeEmitted":false,"defaultEncoding":"utf8","awaitDrainWriters":null,"multiAwaitDrain":false,"readingMore":false,"dataEmitted":false,"decoder":null,"encoding":null},"_writableState":{"objectMode":false,"highWaterMark":16384,"finalCalled":false,"needDrain":false,"ending":false,"ended":false,"finished":false,"destroyed":false,"decodeStrings":false,"defaultEncoding":"utf8","length":0,"writing":false,"corked":0,"sync":false,"bufferProcessing":false,"writecb":null,"writelen":0,"afterWriteTickInfo":null,"buffered":[],"bufferedIndex":0,"allBuffers":true,"allNoop":true,"pendingcb":0,"constructed":true,"prefinished":false,"errorEmitted":false,"emitClose":false,"autoDestroy":true,"errored":null,"closed":false,"closeEmitted":false},"allowHalfOpen":false,"_sockname":null,"_pendingData":null,"_pendingEncoding":"","_server":null,"ssl":{"_parent":{"reading":true,"onconnection":null},"_secureContext":{"context":{}},"reading":true},"_requestCert":true,"_rejectUnauthorized":false,"parser":{"0":null,"5":null,"6":null,"_headers":[],"_url":"","incoming":null,"outgoing":{"_events":{},"_eventsCount":7,"outputData":[],"outputSize":0,"writable":true,"destroyed":false,"_last":true,"chunkedEncoding":false,"shouldKeepAlive":false,"maxRequestsOnConnectionReached":false,"_defaultKeepAlive":true,"useChunkedEncodingByDefault":true,"sendDate":false,"_removedConnection":false,"_removedContLen":false,"_removedTE":false,"strictContentLength":false,"_contentLength":"96","_hasBody":true,"_trailer":"","finished":true,"_headerSent":true,"_closed":false,"_header":"POST /api/authenticate/byIinAndPassword HTTP/1.1\r\nAccept: application/json, text/plain, */*\r\nContent-Type: application/json\r\nUser-Agent: axios/1.2.1\r\nContent-Length: 96\r\nAccept-Encoding: gzip, compress, deflate, br\r\nHost: cabinet.kofd.kz\r\nConnection: close\r\n\r\n","_keepAliveTimeout":0,"method":"POST","path":"/api/authenticate/byIinAndPassword","_ended":false,"res":null,"aborted":false,"timeoutCb":null,"upgradeOrConnect":false,"maxHeadersCount":null,"reusedSocket":false,"host":"cabinet.kofd.kz","protocol":"https:","_redirectable":{"_writableState":{"objectMode":false,"highWaterMark":16384,"finalCalled":false,"needDrain":false,"ending":false,"ended":false,"finished":false,"destroyed":false,"decodeStrings":true,"defaultEncoding":"utf8","length":0,"writing":false,"corked":0,"sync":true,"bufferProcessing":false,"writecb":null,"writelen":0,"afterWriteTickInfo":null,"buffered":[],"bufferedIndex":0,"allBuffers":true,"allNoop":true,"pendingcb":0,"constructed":true,"prefinished":false,"errorEmitted":false,"emitClose":true,"autoDestroy":true,"errored":null,"closed":false,"closeEmitted":false},"_events":{"socket":[null,null]},"_eventsCount":3,"_options":{"maxRedirects":21,"maxBodyLength":null,"protocol":"https:","path":"/api/authenticate/byIinAndPassword","method":"POST","headers":{"Accept":"application/json, text/plain, */*","Content-Type":"application/json","User-Agent":"axios/1.2.1","Content-Length":"96","Accept-Encoding":"gzip, compress, deflate, br"},"agents":{},"beforeRedirects":{},"hostname":"cabinet.kofd.kz","port":"","nativeProtocols":{"http:":{"METHODS":["ACL","BIND","CHECKOUT","CONNECT","COPY","DELETE","GET","HEAD","LINK","LOCK","M-SEARCH","MERGE","MKACTIVITY","MKCALENDAR","MKCOL","MOVE","NOTIFY","OPTIONS","PATCH","POST","PROPFIND","PROPPATCH","PURGE","PUT","REBIND","REPORT","SEARCH","SOURCE","SUBSCRIBE","TRACE","UNBIND","UNLINK","UNLOCK","UNSUBSCRIBE"],"STATUS_CODES":{"100":"Continue","101":"Switching Protocols","102":"Processing","103":"Early Hints","200":"OK","201":"Created","202":"Accepted","203":"Non-Authoritative Information","204":"No Content","205":"Reset Content","206":"Partial Content","207":"Multi-Status","208":"Already Reported","226":"IM Used","300":"Multiple Choices","301":"Moved Permanently","302":"Found","303":"See Other","304":"Not Modified","305":"Use Proxy","307":"Temporary Redirect","308":"Permanent Redirect","400":"Bad Request","401":"Unauthorized","402":"Payment Required","403":"Forbidden","404":"Not Found","405":"Method Not Allowed","406":"Not Acceptable","407":"Proxy Authentication Required","408":"Request Timeout","409":"Conflict","410":"Gone","411":"Length Required","412":"Precondition Failed","413":"Payload Too Large","414":"URI Too Long","415":"Unsupported Media Type","416":"Range Not Satisfiable","417":"Expectation Failed","418":"I'm a Teapot","421":"Misdirected Request","422":"Unprocessable Entity","423":"Locked","424":"Failed Dependency","425":"Too Early","426":"Upgrade Required","428":"Precondition Required","429":"Too Many Requests","431":"Request Header Fields Too Large","451":"Unavailable For Legal Reasons","500":"Internal Server Error","501":"Not Implemented","502":"Bad Gateway","503":"Service Unavailable","504":"Gateway Timeout","505":"HTTP Version Not Supported","506":"Variant Also Negotiates","507":"Insufficient Storage","508":"Loop Detected","509":"Bandwidth Limit Exceeded","510":"Not Extended","511":"Network Authentication Required"},"maxHeaderSize":16384,"globalAgent":{"_events":{},"_eventsCount":2,"defaultPort":80,"protocol":"http:","options":{"keepAlive":true,"scheduling":"lifo","timeout":5000,"noDelay":true,"path":null},"requests":{},"sockets":{},"freeSockets":{},"keepAliveMsecs":1000,"keepAlive":true,"maxSockets":null,"maxFreeSockets":256,"scheduling":"lifo","maxTotalSockets":null,"totalSocketCount":0}},"https:":{"globalAgent":{"_events":{},"_eventsCount":2,"defaultPort":443,"protocol":"https:","options":{"keepAlive":true,"scheduling":"lifo","timeout":5000,"noDelay":true,"path":null},"requests":{},"sockets":{},"freeSockets":{},"keepAliveMsecs":1000,"keepAlive":true,"maxSockets":null,"maxFreeSockets":256,"scheduling":"lifo","maxTotalSockets":null,"totalSocketCount":0,"maxCachedSessions":100,"_sessionCache":{"map":{},"list":[]}}}},"pathname":"/api/authenticate/byIinAndPassword"},"_ended":true,"_ending":true,"_redirectCount":0,"_redirects":[],"_requestBodyLength":96,"_requestBodyBuffers":[{"data":{"type":"Buffer","data":[123,34,99,114,101,100,101,110,116,105,97,108,115,34,58,123,34,105,105,110,34,58,34,56,48,48,55,50,55,51,48,49,50,53,54,34,44,34,112,97,115,115,119,111,114,100,34,58,34,65,119,51,49,52,49,53,57,50,54,33,34,125,44,34,111,114,103,97,110,105,122,97,116,105,111,110,88,105,110,34,58,34,56,48,48,55,50,55,51,48,49,50,53,54,34,125]}}],"_currentUrl":"https://cabinet.kofd.kz/api/authenticate/byIinAndPassword","_timeout":null}},"maxHeaderPairs":2000,"_consumed":false},"_httpMessage":{"_events":{},"_eventsCount":7,"outputData":[],"outputSize":0,"writable":true,"destroyed":false,"_last":true,"chunkedEncoding":false,"shouldKeepAlive":false,"maxRequestsOnConnectionReached":false,"_defaultKeepAlive":true,"useChunkedEncodingByDefault":true,"sendDate":false,"_removedConnection":false,"_removedContLen":false,"_removedTE":false,"strictContentLength":false,"_contentLength":"96","_hasBody":true,"_trailer":"","finished":true,"_headerSent":true,"_closed":false,"_header":"POST /api/authenticate/byIinAndPassword HTTP/1.1\r\nAccept: application/json, text/plain, */*\r\nContent-Type: application/json\r\nUser-Agent: axios/1.2.1\r\nContent-Length: 96\r\nAccept-Encoding: gzip, compress, deflate, br\r\nHost: cabinet.kofd.kz\r\nConnection: close\r\n\r\n","_keepAliveTimeout":0,"method":"POST","path":"/api/authenticate/byIinAndPassword","_ended":false,"res":null,"aborted":false,"timeoutCb":null,"upgradeOrConnect":false,"parser":{"0":null,"5":null,"6":null,"_headers":[],"_url":"","incoming":null,"maxHeaderPairs":2000,"_consumed":false},"maxHeadersCount":null,"reusedSocket":false,"host":"cabinet.kofd.kz","protocol":"https:","_redirectable":{"_writableState":{"objectMode":false,"highWaterMark":16384,"finalCalled":false,"needDrain":false,"ending":false,"ended":false,"finished":false,"destroyed":false,"decodeStrings":true,"defaultEncoding":"utf8","length":0,"writing":false,"corked":0,"sync":true,"bufferProcessing":false,"writecb":null,"writelen":0,"afterWriteTickInfo":null,"buffered":[],"bufferedIndex":0,"allBuffers":true,"allNoop":true,"pendingcb":0,"constructed":true,"prefinished":false,"errorEmitted":false,"emitClose":true,"autoDestroy":true,"errored":null,"closed":false,"closeEmitted":false},"_events":{"socket":[null,null]},"_eventsCount":3,"_options":{"maxRedirects":21,"maxBodyLength":null,"protocol":"https:","path":"/api/authenticate/byIinAndPassword","method":"POST","headers":{"Accept":"application/json, text/plain, */*","Content-Type":"application/json","User-Agent":"axios/1.2.1","Content-Length":"96","Accept-Encoding":"gzip, compress, deflate, br"},"agents":{},"beforeRedirects":{},"hostname":"cabinet.kofd.kz","port":"","nativeProtocols":{"http:":{"METHODS":["ACL","BIND","CHECKOUT","CONNECT","COPY","DELETE","GET","HEAD","LINK","LOCK","M-SEARCH","MERGE","MKACTIVITY","MKCALENDAR","MKCOL","MOVE","NOTIFY","OPTIONS","PATCH","POST","PROPFIND","PROPPATCH","PURGE","PUT","REBIND","REPORT","SEARCH","SOURCE","SUBSCRIBE","TRACE","UNBIND","UNLINK","UNLOCK","UNSUBSCRIBE"],"STATUS_CODES":{"100":"Continue","101":"Switching Protocols","102":"Processing","103":"Early Hints","200":"OK","201":"Created","202":"Accepted","203":"Non-Authoritative Information","204":"No Content","205":"Reset Content","206":"Partial Content","207":"Multi-Status","208":"Already Reported","226":"IM Used","300":"Multiple Choices","301":"Moved Permanently","302":"Found","303":"See Other","304":"Not Modified","305":"Use Proxy","307":"Temporary Redirect","308":"Permanent Redirect","400":"Bad Request","401":"Unauthorized","402":"Payment Required","403":"Forbidden","404":"Not Found","405":"Method Not Allowed","406":"Not Acceptable","407":"Proxy Authentication Required","408":"Request Timeout","409":"Conflict","410":"Gone","411":"Length Required","412":"Precondition Failed","413":"Payload Too Large","414":"URI Too Long","415":"Unsupported Media Type","416":"Range Not Satisfiable","417":"Expectation Failed","418":"I'm a Teapot","421":"Misdirected Request","422":"Unprocessable Entity","423":"Locked","424":"Failed Dependency","425":"Too Early","426":"Upgrade Required","428":"Precondition Required","429":"Too Many Requests","431":"Request Header Fields Too Large","451":"Unavailable For Legal Reasons","500":"Internal Server Error","501":"Not Implemented","502":"Bad Gateway","503":"Service Unavailable","504":"Gateway Timeout","505":"HTTP Version Not Supported","506":"Variant Also Negotiates","507":"Insufficient Storage","508":"Loop Detected","509":"Bandwidth Limit Exceeded","510":"Not Extended","511":"Network Authentication Required"},"maxHeaderSize":16384,"globalAgent":{"_events":{},"_eventsCount":2,"defaultPort":80,"protocol":"http:","options":{"keepAlive":true,"scheduling":"lifo","timeout":5000,"noDelay":true,"path":null},"requests":{},"sockets":{},"freeSockets":{},"keepAliveMsecs":1000,"keepAlive":true,"maxSockets":null,"maxFreeSockets":256,"scheduling":"lifo","maxTotalSockets":null,"totalSocketCount":0}},"https:":{"globalAgent":{"_events":{},"_eventsCount":2,"defaultPort":443,"protocol":"https:","options":{"keepAlive":true,"scheduling":"lifo","timeout":5000,"noDelay":true,"path":null},"requests":{},"sockets":{},"freeSockets":{},"keepAliveMsecs":1000,"keepAlive":true,"maxSockets":null,"maxFreeSockets":256,"scheduling":"lifo","maxTotalSockets":null,"totalSocketCount":0,"maxCachedSessions":100,"_sessionCache":{"map":{},"list":[]}}}},"pathname":"/api/authenticate/byIinAndPassword"},"_ended":true,"_ending":true,"_redirectCount":0,"_redirects":[],"_requestBodyLength":96,"_requestBodyBuffers":[{"data":{"type":"Buffer","data":[123,34,99,114,101,100,101,110,116,105,97,108,115,34,58,123,34,105,105,110,34,58,34,56,48,48,55,50,55,51,48,49,50,53,54,34,44,34,112,97,115,115,119,111,114,100,34,58,34,65,119,51,49,52,49,53,57,50,54,33,34,125,44,34,111,114,103,97,110,105,122,97,116,105,111,110,88,105,110,34,58,34,56,48,48,55,50,55,51,48,49,50,53,54,34,125]}}],"_currentUrl":"https://cabinet.kofd.kz/api/authenticate/byIinAndPassword","_timeout":null}},"timeout":2000},{"_tlsOptions":{"pipe":false,"secureContext":{"context":{}},"isServer":false,"requestCert":true,"rejectUnauthorized":false},"_secureEstablished":true,"_securePending":false,"_newSessionPending":false,"_controlReleased":true,"secureConnecting":false,"_SNICallback":null,"servername":"cabinet.kofd.kz","alpnProtocol":false,"authorized":false,"authorizationError":"UNABLE_TO_VERIFY_LEAF_SIGNATURE","encrypted":true,"_events":{"close":[null,null,null,null],"end":[null,null],"timeout":[null,null]},"_eventsCount":11,"connecting":false,"_hadError":false,"_parent":null,"_host":"cabinet.kofd.kz","_closeAfterHandlingError":false,"_readableState":{"objectMode":false,"highWaterMark":16384,"buffer":{"head":null,"tail":null,"length":0},"length":0,"pipes":[],"flowing":true,"ended":false,"endEmitted":false,"reading":true,"constructed":true,"sync":false,"needReadable":true,"emittedReadable":false,"readableListening":false,"resumeScheduled":false,"errorEmitted":false,"emitClose":false,"autoDestroy":true,"destroyed":false,"errored":null,"closed":false,"closeEmitted":false,"defaultEncoding":"utf8","awaitDrainWriters":null,"multiAwaitDrain":false,"readingMore":false,"dataEmitted":false,"decoder":null,"encoding":null},"_writableState":{"objectMode":false,"highWaterMark":16384,"finalCalled":false,"needDrain":false,"ending":false,"ended":false,"finished":false,"destroyed":false,"decodeStrings":false,"defaultEncoding":"utf8","length":0,"writing":false,"corked":0,"sync":false,"bufferProcessing":false,"writecb":null,"writelen":0,"afterWriteTickInfo":null,"buffered":[],"bufferedIndex":0,"allBuffers":true,"allNoop":true,"pendingcb":0,"constructed":true,"prefinished":false,"errorEmitted":false,"emitClose":false,"autoDestroy":true,"errored":null,"closed":false,"closeEmitted":false},"allowHalfOpen":false,"_sockname":null,"_pendingData":null,"_pendingEncoding":"","_server":null,"ssl":{"_parent":{"reading":true,"onconnection":null},"_secureContext":{"context":{}},"reading":true},"_requestCert":true,"_rejectUnauthorized":false,"parser":{"0":null,"5":null,"6":null,"_headers":[],"_url":"","incoming":null,"outgoing":{"_events":{},"_eventsCount":7,"outputData":[],"outputSize":0,"writable":true,"destroyed":false,"_last":true,"chunkedEncoding":false,"shouldKeepAlive":false,"maxRequestsOnConnectionReached":false,"_defaultKeepAlive":true,"useChunkedEncodingByDefault":true,"sendDate":false,"_removedConnection":false,"_removedContLen":false,"_removedTE":false,"strictContentLength":false,"_contentLength":"96","_hasBody":true,"_trailer":"","finished":true,"_headerSent":true,"_closed":false,"_header":"POST /api/authenticate/byIinAndPassword HTTP/1.1\r\nAccept: application/json, text/plain, */*\r\nContent-Type: application/json\r\nUser-Agent: axios/1.2.1\r\nContent-Length: 96\r\nAccept-Encoding: gzip, compress, deflate, br\r\nHost: cabinet.kofd.kz\r\nConnection: close\r\n\r\n","_keepAliveTimeout":0,"method":"POST","path":"/api/authenticate/byIinAndPassword","_ended":false,"res":null,"aborted":false,"timeoutCb":null,"upgradeOrConnect":false,"maxHeadersCount":null,"reusedSocket":false,"host":"cabinet.kofd.kz","protocol":"https:","_redirectable":{"_writableState":{"objectMode":false,"highWaterMark":16384,"finalCalled":false,"needDrain":false,"ending":false,"ended":false,"finished":false,"destroyed":false,"decodeStrings":true,"defaultEncoding":"utf8","length":0,"writing":false,"corked":0,"sync":true,"bufferProcessing":false,"writecb":null,"writelen":0,"afterWriteTickInfo":null,"buffered":[],"bufferedIndex":0,"allBuffers":true,"allNoop":true,"pendingcb":0,"constructed":true,"prefinished":false,"errorEmitted":false,"emitClose":true,"autoDestroy":true,"errored":null,"closed":false,"closeEmitted":false},"_events":{"socket":[null,null]},"_eventsCount":3,"_options":{"maxRedirects":21,"maxBodyLength":null,"protocol":"https:","path":"/api/authenticate/byIinAndPassword","method":"POST","headers":{"Accept":"application/json, text/plain, */*","Content-Type":"application/json","User-Agent":"axios/1.2.1","Content-Length":"96","Accept-Encoding":"gzip, compress, deflate, br"},"agents":{},"beforeRedirects":{},"hostname":"cabinet.kofd.kz","port":"","nativeProtocols":{"http:":{"METHODS":["ACL","BIND","CHECKOUT","CONNECT","COPY","DELETE","GET","HEAD","LINK","LOCK","M-SEARCH","MERGE","MKACTIVITY","MKCALENDAR","MKCOL","MOVE","NOTIFY","OPTIONS","PATCH","POST","PROPFIND","PROPPATCH","PURGE","PUT","REBIND","REPORT","SEARCH","SOURCE","SUBSCRIBE","TRACE","UNBIND","UNLINK","UNLOCK","UNSUBSCRIBE"],"STATUS_CODES":{"100":"Continue","101":"Switching Protocols","102":"Processing","103":"Early Hints","200":"OK","201":"Created","202":"Accepted","203":"Non-Authoritative Information","204":"No Content","205":"Reset Content","206":"Partial Content","207":"Multi-Status","208":"Already Reported","226":"IM Used","300":"Multiple Choices","301":"Moved Permanently","302":"Found","303":"See Other","304":"Not Modified","305":"Use Proxy","307":"Temporary Redirect","308":"Permanent Redirect","400":"Bad Request","401":"Unauthorized","402":"Payment Required","403":"Forbidden","404":"Not Found","405":"Method Not Allowed","406":"Not Acceptable","407":"Proxy Authentication Required","408":"Request Timeout","409":"Conflict","410":"Gone","411":"Length Required","412":"Precondition Failed","413":"Payload Too Large","414":"URI Too Long","415":"Unsupported Media Type","416":"Range Not Satisfiable","417":"Expectation Failed","418":"I'm a Teapot","421":"Misdirected Request","422":"Unprocessable Entity","423":"Locked","424":"Failed Dependency","425":"Too Early","426":"Upgrade Required","428":"Precondition Required","429":"Too Many Requests","431":"Request Header Fields Too Large","451":"Unavailable For Legal Reasons","500":"Internal Server Error","501":"Not Implemented","502":"Bad Gateway","503":"Service Unavailable","504":"Gateway Timeout","505":"HTTP Version Not Supported","506":"Variant Also Negotiates","507":"Insufficient Storage","508":"Loop Detected","509":"Bandwidth Limit Exceeded","510":"Not Extended","511":"Network Authentication Required"},"maxHeaderSize":16384,"globalAgent":{"_events":{},"_eventsCount":2,"defaultPort":80,"protocol":"http:","options":{"keepAlive":true,"scheduling":"lifo","timeout":5000,"noDelay":true,"path":null},"requests":{},"sockets":{},"freeSockets":{},"keepAliveMsecs":1000,"keepAlive":true,"maxSockets":null,"maxFreeSockets":256,"scheduling":"lifo","maxTotalSockets":null,"totalSocketCount":0}},"https:":{"globalAgent":{"_events":{},"_eventsCount":2,"defaultPort":443,"protocol":"https:","options":{"keepAlive":true,"scheduling":"lifo","timeout":5000,"noDelay":true,"path":null},"requests":{},"sockets":{},"freeSockets":{},"keepAliveMsecs":1000,"keepAlive":true,"maxSockets":null,"maxFreeSockets":256,"scheduling":"lifo","maxTotalSockets":null,"totalSocketCount":0,"maxCachedSessions":100,"_sessionCache":{"map":{},"list":[]}}}},"pathname":"/api/authenticate/byIinAndPassword"},"_ended":true,"_ending":true,"_redirectCount":0,"_redirects":[],"_requestBodyLength":96,"_requestBodyBuffers":[{"data":{"type":"Buffer","data":[123,34,99,114,101,100,101,110,116,105,97,108,115,34,58,123,34,105,105,110,34,58,34,55,57,48,49,50,53,52,48,48,51,51,54,34,44,34,112,97,115,115,119,111,114,100,34,58,34,65,119,51,49,52,49,53,57,50,54,33,34,125,44,34,111,114,103,97,110,105,122,97,116,105,111,110,88,105,110,34,58,34,55,57,48,49,50,53,52,48,48,51,51,54,34,125]}}],"_currentUrl":"https://cabinet.kofd.kz/api/authenticate/byIinAndPassword","_timeout":null}},"maxHeaderPairs":2000,"_consumed":false},"_httpMessage":{"_events":{},"_eventsCount":7,"outputData":[],"outputSize":0,"writable":true,"destroyed":false,"_last":true,"chunkedEncoding":false,"shouldKeepAlive":false,"maxRequestsOnConnectionReached":false,"_defaultKeepAlive":true,"useChunkedEncodingByDefault":true,"sendDate":false,"_removedConnection":false,"_removedContLen":false,"_removedTE":false,"strictContentLength":false,"_contentLength":"96","_hasBody":true,"_trailer":"","finished":true,"_headerSent":true,"_closed":false,"_header":"POST /api/authenticate/byIinAndPassword HTTP/1.1\r\nAccept: application/json, text/plain, */*\r\nContent-Type: application/json\r\nUser-Agent: axios/1.2.1\r\nContent-Length: 96\r\nAccept-Encoding: gzip, compress, deflate, br\r\nHost: cabinet.kofd.kz\r\nConnection: close\r\n\r\n","_keepAliveTimeout":0,"method":"POST","path":"/api/authenticate/byIinAndPassword","_ended":false,"res":null,"aborted":false,"timeoutCb":null,"upgradeOrConnect":false,"parser":{"0":null,"5":null,"6":null,"_headers":[],"_url":"","incoming":null,"maxHeaderPairs":2000,"_consumed":false},"maxHeadersCount":null,"reusedSocket":false,"host":"cabinet.kofd.kz","protocol":"https:","_redirectable":{"_writableState":{"objectMode":false,"highWaterMark":16384,"finalCalled":false,"needDrain":false,"ending":false,"ended":false,"finished":false,"destroyed":false,"decodeStrings":true,"defaultEncoding":"utf8","length":0,"writing":false,"corked":0,"sync":true,"bufferProcessing":false,"writecb":null,"writelen":0,"afterWriteTickInfo":null,"buffered":[],"bufferedIndex":0,"allBuffers":true,"allNoop":true,"pendingcb":0,"constructed":true,"prefinished":false,"errorEmitted":false,"emitClose":true,"autoDestroy":true,"errored":null,"closed":false,"closeEmitted":false},"_events":{"socket":[null,null]},"_eventsCount":3,"_options":{"maxRedirects":21,"maxBodyLength":null,"protocol":"https:","path":"/api/authenticate/byIinAndPassword","method":"POST","headers":{"Accept":"application/json, text/plain, */*","Content-Type":"application/json","User-Agent":"axios/1.2.1","Content-Length":"96","Accept-Encoding":"gzip, compress, deflate, br"},"agents":{},"beforeRedirects":{},"hostname":"cabinet.kofd.kz","port":"","nativeProtocols":{"http:":{"METHODS":["ACL","BIND","CHECKOUT","CONNECT","COPY","DELETE","GET","HEAD","LINK","LOCK","M-SEARCH","MERGE","MKACTIVITY","MKCALENDAR","MKCOL","MOVE","NOTIFY","OPTIONS","PATCH","POST","PROPFIND","PROPPATCH","PURGE","PUT","REBIND","REPORT","SEARCH","SOURCE","SUBSCRIBE","TRACE","UNBIND","UNLINK","UNLOCK","UNSUBSCRIBE"],"STATUS_CODES":{"100":"Continue","101":"Switching Protocols","102":"Processing","103":"Early Hints","200":"OK","201":"Created","202":"Accepted","203":"Non-Authoritative Information","204":"No Content","205":"Reset Content","206":"Partial Content","207":"Multi-Status","208":"Already Reported","226":"IM Used","300":"Multiple Choices","301":"Moved Permanently","302":"Found","303":"See Other","304":"Not Modified","305":"Use Proxy","307":"Temporary Redirect","308":"Permanent Redirect","400":"Bad Request","401":"Unauthorized","402":"Payment Required","403":"Forbidden","404":"Not Found","405":"Method Not Allowed","406":"Not Acceptable","407":"Proxy Authentication Required","408":"Request Timeout","409":"Conflict","410":"Gone","411":"Length Required","412":"Precondition Failed","413":"Payload Too Large","414":"URI Too Long","415":"Unsupported Media Type","416":"Range Not Satisfiable","417":"Expectation Failed","418":"I'm a Teapot","421":"Misdirected Request","422":"Unprocessable Entity","423":"Locked","424":"Failed Dependency","425":"Too Early","426":"Upgrade Required","428":"Precondition Required","429":"Too Many Requests","431":"Request Header Fields Too Large","451":"Unavailable For Legal Reasons","500":"Internal Server Error","501":"Not Implemented","502":"Bad Gateway","503":"Service Unavailable","504":"Gateway Timeout","505":"HTTP Version Not Supported","506":"Variant Also Negotiates","507":"Insufficient Storage","508":"Loop Detected","509":"Bandwidth Limit Exceeded","510":"Not Extended","511":"Network Authentication Required"},"maxHeaderSize":16384,"globalAgent":{"_events":{},"_eventsCount":2,"defaultPort":80,"protocol":"http:","options":{"keepAlive":true,"scheduling":"lifo","timeout":5000,"noDelay":true,"path":null},"requests":{},"sockets":{},"freeSockets":{},"keepAliveMsecs":1000,"keepAlive":true,"maxSockets":null,"maxFreeSockets":256,"scheduling":"lifo","maxTotalSockets":null,"totalSocketCount":0}},"https:":{"globalAgent":{"_events":{},"_eventsCount":2,"defaultPort":443,"protocol":"https:","options":{"keepAlive":true,"scheduling":"lifo","timeout":5000,"noDelay":true,"path":null},"requests":{},"sockets":{},"freeSockets":{},"keepAliveMsecs":1000,"keepAlive":true,"maxSockets":null,"maxFreeSockets":256,"scheduling":"lifo","maxTotalSockets":null,"totalSocketCount":0,"maxCachedSessions":100,"_sessionCache":{"map":{},"list":[]}}}},"pathname":"/api/authenticate/byIinAndPassword"},"_ended":true,"_ending":true,"_redirectCount":0,"_redirects":[],"_requestBodyLength":96,"_requestBodyBuffers":[{"data":{"type":"Buffer","data":[123,34,99,114,101,100,101,110,116,105,97,108,115,34,58,123,34,105,105,110,34,58,34,55,57,48,49,50,53,52,48,48,51,51,54,34,44,34,112,97,115,115,119,111,114,100,34,58,34,65,119,51,49,52,49,53,57,50,54,33,34,125,44,34,111,114,103,97,110,105,122,97,116,105,111,110,88,105,110,34,58,34,55,57,48,49,50,53,52,48,48,51,51,54,34,125]}}],"_currentUrl":"https://cabinet.kofd.kz/api/authenticate/byIinAndPassword","_timeout":null}},"timeout":2000}]},"freeSockets":{},"keepAliveMsecs":1000,"keepAlive":false,"maxSockets":null,"maxFreeSockets":256,"scheduling":"lifo","maxTotalSockets":null,"totalSocketCount":2,"maxCachedSessions":100,"_sessionCache":{"map":{"cabinet.kofd.kz:443::::::::false:::::::::::::":{"type":"Buffer","data":[48,130,6,188,2,1,1,2,2,3,3,4,2,192,48,4,32,196,134,162,186,142,106,181,187,177,159,3,196,96,128,100,186,137,53,157,64,225,152,39,109,103,146,223,254,225,145,55,199,4,48,229,28,222,173,148,84,250,33,7,162,61,154,19,74,39,99,78,140,62,150,226,58,184,114,108,117,76,36,243,13,91,123,182,96,7,142,186,19,93,196,154,180,42,42,196,243,96,23,161,6,2,4,99,161,215,114,162,4,2,2,28,32,163,130,6,42,48,130,6,38,48,130,5,14,160,3,2,1,2,2,17,0,230,140,250,71,153,198,13,131,218,100,135,75,46,145,152,24,48,13,6,9,42,134,72,134,247,13,1,1,11,5,0,48,129,143,49,11,48,9,6,3,85,4,6,19,2,71,66,49,27,48,25,6,3,85,4,8,19,18,71,114,101,97,116,101,114,32,77,97,110,99,104,101,115,116,101,114,49,16,48,14,6,3,85,4,7,19,7,83,97,108,102,111,114,100,49,24,48,22,6,3,85,4,10,19,15,83,101,99,116,105,103,111,32,76,105,109,105,116,101,100,49,55,48,53,6,3,85,4,3,19,46,83,101,99,116,105,103,111,32,82,83,65,32,68,111,109,97,105,110,32,86,97,108,105,100,97,116,105,111,110,32,83,101,99,117,114,101,32,83,101,114,118,101,114,32,67,65,48,30,23,13,50,50,48,50,48,56,48,48,48,48,48,48,90,23,13,50,51,48,51,49,48,50,51,53,57,53,57,90,48,20,49,18,48,16,6,3,85,4,3,12,9,42,46,107,111,102,100,46,107,122,48,130,1,34,48,13,6,9,42,134,72,134,247,13,1,1,1,5,0,3,130,1,15,0,48,130,1,10,2,130,1,1,0,239,148,8,199,168,95,30,59,204,51,68,6,255,192,96,238,113,250,26,178,45,86,166,15,255,115,131,130,10,241,69,173,96,174,62,143,54,20,36,8,28,113,243,235,207,55,75,160,80,182,162,237,120,211,134,154,230,79,70,153,86,149,239,8,132,188,230,238,198,101,191,153,149,38,170,31,95,155,180,78,231,205,72,13,139,119,101,107,60,103,202,163,4,8,48,9,58,97,228,138,101,185,92,202,68,183,176,184,248,200,184,60,87,224,11,145,193,14,110,147,7,174,185,41,217,160,57,247,61,95,7,20,12,130,140,45,32,195,217,200,21,204,136,198,98,16,193,186,134,171,188,123,161,204,191,254,254,35,86,144,244,212,101,243,238,29,114,205,1,55,232,154,242,12,93,71,98,236,74,89,88,188,61,26,89,135,27,238,143,254,187,152,62,166,96,208,69,187,74,38,11,129,194,113,143,218,247,106,80,85,152,96,196,247,31,219,216,148,209,160,172,210,199,248,83,178,164,96,77,53,98,1,64,121,128,160,150,9,16,24,100,214,74,164,238,191,187,17,40,158,4,35,199,139,245,195,2,3,1,0,1,163,130,2,245,48,130,2,241,48,31,6,3,85,29,35,4,24,48,22,128,20,141,140,94,196,84,173,138,225,119,233,155,249,155,5,225,184,1,141,97,225,48,29,6,3,85,29,14,4,22,4,20,141,227,106,177,231,50,235,253,13,89,117,65,145,65,58,153,165,201,92,245,48,14,6,3,85,29,15,1,1,255,4,4,3,2,5,160,48,12,6,3,85,29,19,1,1,255,4,2,48,0,48,29,6,3,85,29,37,4,22,48,20,6,8,43,6,1,5,5,7,3,1,6,8,43,6,1,5,5,7,3,2,48,73,6,3,85,29,32,4,66,48,64,48,52,6,11,43,6,1,4,1,178,49,1,2,2,7,48,37,48,35,6,8,43,6,1,5,5,7,2,1,22,23,104,116,116,112,115,58,47,47,115,101,99,116,105,103,111,46,99,111,109,47,67,80,83,48,8,6,6,103,129,12,1,2,1,48,129,132,6,8,43,6,1,5,5,7,1,1,4,120,48,118,48,79,6,8,43,6,1,5,5,7,48,2,134,67,104,116,116,112,58,47,47,99,114,116,46,115,101,99,116,105,103,111,46,99,111,109,47,83,101,99,116,105,103,111,82,83,65,68,111,109,97,105,110,86,97,108,105,100,97,116,105,111,110,83,101,99,117,114,101,83,101,114,118,101,114,67,65,46,99,114,116,48,35,6,8,43,6,1,5,5,7,48,1,134,23,104,116,116,112,58,47,47,111,99,115,112,46,115,101,99,116,105,103,111,46,99,111,109,48,29,6,3,85,29,17,4,22,48,20,130,9,42,46,107,111,102,100,46,107,122,130,7,107,111,102,100,46,107,122,48,130,1,127,6,10,43,6,1,4,1,214,121,2,4,2,4,130,1,111,4,130,1,107,1,105,0,119,0,173,247,190,250,124,255,16,200,139,157,61,156,30,62,24,106,180,103,41,93,207,177,12,36,202,133,134,52,235,220,130,138,0,0,1,126,216,78,38,193,0,0,4,3,0,72,48,70,2,33,0,245,223,102,14,91,49,157,44,238,246,187,111,3,208,205,227,58,139,79,180,174,136,247,21,74,43,232,247,174,255,160,70,2,33,0,206,255,12,100,22,23,181,241,197,86,243,143,107,132,18,59,167,68,133,44,127,235,1,116,61,73,125,237,141,155,109,158,0,118,0,122,50,140,84,216,183,45,182,32,234,56,224,82,30,233,132,22,112,50,19,133,77,59,210,43,193,58,87,163,82,235,82,0,0,1,126,216,78,38,140,0,0,4,3,0,71,48,69,2,32,93,136,148,73,31,106,142,207,93,100,128,134,202,250,87,131,0,201,225,116,222,126,44,93,155,210,94,66,101,8,138,86,2,33,0,254,61,95,221,15,157,238,212,252,91,179,125,227,143,85,221,54,191,115,60,248,179,50,204,122,112,35,116,202,51,210,191,0,118,0,232,62,208,218,62,245,6,53,50,231,87,40,188,137,107,201,3,211,203,209,17,107,236,235,105,225,119,125,109,6,189,110,0,0,1,126,216,78,38,99,0,0,4,3,0,71,48,69,2,33,0,205,48,15,85,249,241,26,67,50,43,173,165,170,22,29,215,30,224,6,15,106,66,197,169,23,46,73,91,217,45,214,52,2,32,21,79,113,119,87,36,23,156,166,146,90,91,74,186,177,5,164,244,231,127,154,142,124,79,122,67,56,30,139,27,141,71,48,13,6,9,42,134,72,134,247,13,1,1,11,5,0,3,130,1,1,0,140,183,102,198,170,136,228,117,35,209,203,50,131,110,220,158,228,49,57,242,105,213,235,121,52,175,43,11,111,31,50,78,41,47,58,93,86,69,196,188,166,224,145,94,204,209,242,148,168,167,80,169,242,117,119,156,192,185,212,143,159,234,17,242,33,230,109,213,217,143,53,221,158,130,181,30,98,219,238,9,207,208,240,103,66,230,145,106,47,33,105,232,115,219,229,239,173,69,39,106,243,146,255,20,204,191,197,94,5,243,43,206,236,0,10,8,80,219,220,112,179,132,80,150,69,233,97,120,106,156,38,37,194,212,14,105,3,112,58,66,161,214,36,43,185,63,99,76,74,200,173,20,4,195,113,8,218,30,174,164,146,43,57,200,168,245,245,96,200,10,198,41,98,249,215,206,69,76,47,27,188,226,206,168,177,150,240,196,11,18,169,118,58,126,249,234,234,199,19,188,76,11,79,39,98,89,211,135,79,236,26,28,124,212,55,89,191,180,28,54,255,6,76,38,30,162,120,190,29,104,184,108,22,166,22,241,240,217,145,80,228,152,75,65,243,63,230,184,25,59,42,99,180,44,63,162,164,2,4,0,165,3,2,1,21,166,17,4,15,99,97,98,105,110,101,116,46,107,111,102,100,46,107,122,179,3,2,1,23]}},"list":["cabinet.kofd.kz:443::::::::false:::::::::::::"]}}},"code":"ECONNABORTED","status":null},"point":"getJWT"}
{"date":"2022-12-20T15:40:36.232Z","text":"Error: AxiosError: timeout of 2000ms exceeded\n    at getJWT (/home/almas/js-kofd/get/api.js:63:11)\n    at async Promise.all (index 0)","point":"getTransaction"}
{"date":"2022-12-20T15:41:03.360Z","text":"ReferenceError: kassa_id is not defined\n    at getTransaction (/home/almas/js-kofd/get/api.js:84:98)\n    at async Promise.all (index 1)","point":"getTransaction"}
{"date":"2022-12-20T15:43:23.184Z","text":{"code":5,"text":"Организация не имеет доступа к некоторым из указанных касс"},"point":"getData"}
{"date":"2022-12-20T15:43:23.184Z","text":{"code":5,"text":"Организация не имеет доступа к некоторым из указанных касс"},"point":"getData"}
{"date":"2022-12-20T15:43:23.206Z","text":{"code":5,"text":"Организация не имеет доступа к некоторым из указанных касс"},"point":"getData"}
{"date":"2022-12-20T15:43:23.206Z","text":{"code":5,"text":"Организация не имеет доступа к некоторым из указанных касс"},"point":"getData"}
{"date":"2022-12-20T15:43:23.206Z","text":"TypeError: Cannot read properties of undefined (reading 'data')\n    at /home/almas/js-kofd/get/load.js:55:32\n    at Array.forEach (<anonymous>)\n    at /home/almas/js-kofd/get/load.js:54:14","point":"getTransaction"}
{"date":"2022-12-20T15:45:02.968Z","text":{"message":"timeout of 4000ms exceeded","name":"AxiosError","stack":"AxiosError: timeout of 4000ms exceeded\n    at RedirectableRequest.handleRequestTimeout (/home/almas/js-kofd/node_modules/axios/dist/node/axios.cjs:2770:16)\n    at RedirectableRequest.emit (node:events:513:28)\n    at Timeout.<anonymous> (/home/almas/js-kofd/node_modules/follow-redirects/index.js:169:12)\n    at listOnTimeout (node:internal/timers:564:17)\n    at process.processTimers (node:internal/timers:507:7)","config":{"transitional":{"silentJSONParsing":true,"forcedJSONParsing":true,"clarifyTimeoutError":false},"adapter":["xhr","http"],"transformRequest":[null],"transformResponse":[null],"timeout":4000,"xsrfCookieName":"XSRF-TOKEN","xsrfHeaderName":"X-XSRF-TOKEN","maxContentLength":-1,"maxBodyLength":-1,"env":{},"headers":{"Accept":"application/json, text/plain, */*","Content-Type":"application/json","User-Agent":"axios/1.2.1","Content-Length":"96","Accept-Encoding":"gzip, compress, deflate, br"},"method":"post","url":"https://cabinet.kofd.kz/api/authenticate/byIinAndPassword","data":"{\"credentials\":{\"iin\":\"800727301256\",\"password\":\"Aw31415926!\"},\"organizationXin\":\"800727301256\"}","httpsAgent":{"_events":{},"_eventsCount":2,"defaultPort":443,"protocol":"https:","options":{"rejectUnauthorized":false,"noDelay":true,"path":null},"requests":{},"sockets":{"cabinet.kofd.kz:443::::::::false:::::::::::::":[{"_tlsOptions":{"pipe":false,"secureContext":{"context":{}},"isServer":false,"requestCert":true,"rejectUnauthorized":false},"_secureEstablished":true,"_securePending":false,"_newSessionPending":false,"_controlReleased":true,"secureConnecting":false,"_SNICallback":null,"servername":"cabinet.kofd.kz","alpnProtocol":false,"authorized":false,"authorizationError":"UNABLE_TO_VERIFY_LEAF_SIGNATURE","encrypted":true,"_events":{"close":[null,null,null,null],"end":[null,null],"timeout":[null,null]},"_eventsCount":11,"connecting":false,"_hadError":false,"_parent":null,"_host":"cabinet.kofd.kz","_closeAfterHandlingError":false,"_readableState":{"objectMode":false,"highWaterMark":16384,"buffer":{"head":null,"tail":null,"length":0},"length":0,"pipes":[],"flowing":true,"ended":false,"endEmitted":false,"reading":true,"constructed":true,"sync":false,"needReadable":true,"emittedReadable":false,"readableListening":false,"resumeScheduled":false,"errorEmitted":false,"emitClose":false,"autoDestroy":true,"destroyed":false,"errored":null,"closed":false,"closeEmitted":false,"defaultEncoding":"utf8","awaitDrainWriters":null,"multiAwaitDrain":false,"readingMore":false,"dataEmitted":false,"decoder":null,"encoding":null},"_writableState":{"objectMode":false,"highWaterMark":16384,"finalCalled":false,"needDrain":false,"ending":false,"ended":false,"finished":false,"destroyed":false,"decodeStrings":false,"defaultEncoding":"utf8","length":0,"writing":false,"corked":0,"sync":false,"bufferProcessing":false,"writecb":null,"writelen":0,"afterWriteTickInfo":null,"buffered":[],"bufferedIndex":0,"allBuffers":true,"allNoop":true,"pendingcb":0,"constructed":true,"prefinished":false,"errorEmitted":false,"emitClose":false,"autoDestroy":true,"errored":null,"closed":false,"closeEmitted":false},"allowHalfOpen":false,"_sockname":null,"_pendingData":null,"_pendingEncoding":"","_server":null,"ssl":{"_parent":{"reading":true,"onconnection":null},"_secureContext":{"context":{}},"reading":true},"_requestCert":true,"_rejectUnauthorized":false,"parser":{"0":null,"5":null,"6":null,"_headers":[],"_url":"","incoming":null,"outgoing":{"_events":{},"_eventsCount":7,"outputData":[],"outputSize":0,"writable":true,"destroyed":false,"_last":true,"chunkedEncoding":false,"shouldKeepAlive":false,"maxRequestsOnConnectionReached":false,"_defaultKeepAlive":true,"useChunkedEncodingByDefault":true,"sendDate":false,"_removedConnection":false,"_removedContLen":false,"_removedTE":false,"strictContentLength":false,"_contentLength":"96","_hasBody":true,"_trailer":"","finished":true,"_headerSent":true,"_closed":false,"_header":"POST /api/authenticate/byIinAndPassword HTTP/1.1\r\nAccept: application/json, text/plain, */*\r\nContent-Type: application/json\r\nUser-Agent: axios/1.2.1\r\nContent-Length: 96\r\nAccept-Encoding: gzip, compress, deflate, br\r\nHost: cabinet.kofd.kz\r\nConnection: close\r\n\r\n","_keepAliveTimeout":0,"method":"POST","path":"/api/authenticate/byIinAndPassword","_ended":false,"res":null,"aborted":false,"timeoutCb":null,"upgradeOrConnect":false,"maxHeadersCount":null,"reusedSocket":false,"host":"cabinet.kofd.kz","protocol":"https:","_redirectable":{"_writableState":{"objectMode":false,"highWaterMark":16384,"finalCalled":false,"needDrain":false,"ending":false,"ended":false,"finished":false,"destroyed":false,"decodeStrings":true,"defaultEncoding":"utf8","length":0,"writing":false,"corked":0,"sync":true,"bufferProcessing":false,"writecb":null,"writelen":0,"afterWriteTickInfo":null,"buffered":[],"bufferedIndex":0,"allBuffers":true,"allNoop":true,"pendingcb":0,"constructed":true,"prefinished":false,"errorEmitted":false,"emitClose":true,"autoDestroy":true,"errored":null,"closed":false,"closeEmitted":false},"_events":{"socket":[null,null]},"_eventsCount":3,"_options":{"maxRedirects":21,"maxBodyLength":null,"protocol":"https:","path":"/api/authenticate/byIinAndPassword","method":"POST","headers":{"Accept":"application/json, text/plain, */*","Content-Type":"application/json","User-Agent":"axios/1.2.1","Content-Length":"96","Accept-Encoding":"gzip, compress, deflate, br"},"agents":{},"beforeRedirects":{},"hostname":"cabinet.kofd.kz","port":"","nativeProtocols":{"http:":{"METHODS":["ACL","BIND","CHECKOUT","CONNECT","COPY","DELETE","GET","HEAD","LINK","LOCK","M-SEARCH","MERGE","MKACTIVITY","MKCALENDAR","MKCOL","MOVE","NOTIFY","OPTIONS","PATCH","POST","PROPFIND","PROPPATCH","PURGE","PUT","REBIND","REPORT","SEARCH","SOURCE","SUBSCRIBE","TRACE","UNBIND","UNLINK","UNLOCK","UNSUBSCRIBE"],"STATUS_CODES":{"100":"Continue","101":"Switching Protocols","102":"Processing","103":"Early Hints","200":"OK","201":"Created","202":"Accepted","203":"Non-Authoritative Information","204":"No Content","205":"Reset Content","206":"Partial Content","207":"Multi-Status","208":"Already Reported","226":"IM Used","300":"Multiple Choices","301":"Moved Permanently","302":"Found","303":"See Other","304":"Not Modified","305":"Use Proxy","307":"Temporary Redirect","308":"Permanent Redirect","400":"Bad Request","401":"Unauthorized","402":"Payment Required","403":"Forbidden","404":"Not Found","405":"Method Not Allowed","406":"Not Acceptable","407":"Proxy Authentication Required","408":"Request Timeout","409":"Conflict","410":"Gone","411":"Length Required","412":"Precondition Failed","413":"Payload Too Large","414":"URI Too Long","415":"Unsupported Media Type","416":"Range Not Satisfiable","417":"Expectation Failed","418":"I'm a Teapot","421":"Misdirected Request","422":"Unprocessable Entity","423":"Locked","424":"Failed Dependency","425":"Too Early","426":"Upgrade Required","428":"Precondition Required","429":"Too Many Requests","431":"Request Header Fields Too Large","451":"Unavailable For Legal Reasons","500":"Internal Server Error","501":"Not Implemented","502":"Bad Gateway","503":"Service Unavailable","504":"Gateway Timeout","505":"HTTP Version Not Supported","506":"Variant Also Negotiates","507":"Insufficient Storage","508":"Loop Detected","509":"Bandwidth Limit Exceeded","510":"Not Extended","511":"Network Authentication Required"},"maxHeaderSize":16384,"globalAgent":{"_events":{},"_eventsCount":2,"defaultPort":80,"protocol":"http:","options":{"keepAlive":true,"scheduling":"lifo","timeout":5000,"noDelay":true,"path":null},"requests":{},"sockets":{},"freeSockets":{},"keepAliveMsecs":1000,"keepAlive":true,"maxSockets":null,"maxFreeSockets":256,"scheduling":"lifo","maxTotalSockets":null,"totalSocketCount":0}},"https:":{"globalAgent":{"_events":{},"_eventsCount":2,"defaultPort":443,"protocol":"https:","options":{"keepAlive":true,"scheduling":"lifo","timeout":5000,"noDelay":true,"path":null},"requests":{},"sockets":{},"freeSockets":{},"keepAliveMsecs":1000,"keepAlive":true,"maxSockets":null,"maxFreeSockets":256,"scheduling":"lifo","maxTotalSockets":null,"totalSocketCount":0,"maxCachedSessions":100,"_sessionCache":{"map":{},"list":[]}}}},"pathname":"/api/authenticate/byIinAndPassword"},"_ended":true,"_ending":true,"_redirectCount":0,"_redirects":[],"_requestBodyLength":96,"_requestBodyBuffers":[{"data":{"type":"Buffer","data":[123,34,99,114,101,100,101,110,116,105,97,108,115,34,58,123,34,105,105,110,34,58,34,56,48,48,55,50,55,51,48,49,50,53,54,34,44,34,112,97,115,115,119,111,114,100,34,58,34,65,119,51,49,52,49,53,57,50,54,33,34,125,44,34,111,114,103,97,110,105,122,97,116,105,111,110,88,105,110,34,58,34,56,48,48,55,50,55,51,48,49,50,53,54,34,125]}}],"_currentUrl":"https://cabinet.kofd.kz/api/authenticate/byIinAndPassword","_timeout":null}},"maxHeaderPairs":2000,"_consumed":false},"_httpMessage":{"_events":{},"_eventsCount":7,"outputData":[],"outputSize":0,"writable":true,"destroyed":false,"_last":true,"chunkedEncoding":false,"shouldKeepAlive":false,"maxRequestsOnConnectionReached":false,"_defaultKeepAlive":true,"useChunkedEncodingByDefault":true,"sendDate":false,"_removedConnection":false,"_removedContLen":false,"_removedTE":false,"strictContentLength":false,"_contentLength":"96","_hasBody":true,"_trailer":"","finished":true,"_headerSent":true,"_closed":false,"_header":"POST /api/authenticate/byIinAndPassword HTTP/1.1\r\nAccept: application/json, text/plain, */*\r\nContent-Type: application/json\r\nUser-Agent: axios/1.2.1\r\nContent-Length: 96\r\nAccept-Encoding: gzip, compress, deflate, br\r\nHost: cabinet.kofd.kz\r\nConnection: close\r\n\r\n","_keepAliveTimeout":0,"method":"POST","path":"/api/authenticate/byIinAndPassword","_ended":false,"res":null,"aborted":false,"timeoutCb":null,"upgradeOrConnect":false,"parser":{"0":null,"5":null,"6":null,"_headers":[],"_url":"","incoming":null,"maxHeaderPairs":2000,"_consumed":false},"maxHeadersCount":null,"reusedSocket":false,"host":"cabinet.kofd.kz","protocol":"https:","_redirectable":{"_writableState":{"objectMode":false,"highWaterMark":16384,"finalCalled":false,"needDrain":false,"ending":false,"ended":false,"finished":false,"destroyed":false,"decodeStrings":true,"defaultEncoding":"utf8","length":0,"writing":false,"corked":0,"sync":true,"bufferProcessing":false,"writecb":null,"writelen":0,"afterWriteTickInfo":null,"buffered":[],"bufferedIndex":0,"allBuffers":true,"allNoop":true,"pendingcb":0,"constructed":true,"prefinished":false,"errorEmitted":false,"emitClose":true,"autoDestroy":true,"errored":null,"closed":false,"closeEmitted":false},"_events":{"socket":[null,null]},"_eventsCount":3,"_options":{"maxRedirects":21,"maxBodyLength":null,"protocol":"https:","path":"/api/authenticate/byIinAndPassword","method":"POST","headers":{"Accept":"application/json, text/plain, */*","Content-Type":"application/json","User-Agent":"axios/1.2.1","Content-Length":"96","Accept-Encoding":"gzip, compress, deflate, br"},"agents":{},"beforeRedirects":{},"hostname":"cabinet.kofd.kz","port":"","nativeProtocols":{"http:":{"METHODS":["ACL","BIND","CHECKOUT","CONNECT","COPY","DELETE","GET","HEAD","LINK","LOCK","M-SEARCH","MERGE","MKACTIVITY","MKCALENDAR","MKCOL","MOVE","NOTIFY","OPTIONS","PATCH","POST","PROPFIND","PROPPATCH","PURGE","PUT","REBIND","REPORT","SEARCH","SOURCE","SUBSCRIBE","TRACE","UNBIND","UNLINK","UNLOCK","UNSUBSCRIBE"],"STATUS_CODES":{"100":"Continue","101":"Switching Protocols","102":"Processing","103":"Early Hints","200":"OK","201":"Created","202":"Accepted","203":"Non-Authoritative Information","204":"No Content","205":"Reset Content","206":"Partial Content","207":"Multi-Status","208":"Already Reported","226":"IM Used","300":"Multiple Choices","301":"Moved Permanently","302":"Found","303":"See Other","304":"Not Modified","305":"Use Proxy","307":"Temporary Redirect","308":"Permanent Redirect","400":"Bad Request","401":"Unauthorized","402":"Payment Required","403":"Forbidden","404":"Not Found","405":"Method Not Allowed","406":"Not Acceptable","407":"Proxy Authentication Required","408":"Request Timeout","409":"Conflict","410":"Gone","411":"Length Required","412":"Precondition Failed","413":"Payload Too Large","414":"URI Too Long","415":"Unsupported Media Type","416":"Range Not Satisfiable","417":"Expectation Failed","418":"I'm a Teapot","421":"Misdirected Request","422":"Unprocessable Entity","423":"Locked","424":"Failed Dependency","425":"Too Early","426":"Upgrade Required","428":"Precondition Required","429":"Too Many Requests","431":"Request Header Fields Too Large","451":"Unavailable For Legal Reasons","500":"Internal Server Error","501":"Not Implemented","502":"Bad Gateway","503":"Service Unavailable","504":"Gateway Timeout","505":"HTTP Version Not Supported","506":"Variant Also Negotiates","507":"Insufficient Storage","508":"Loop Detected","509":"Bandwidth Limit Exceeded","510":"Not Extended","511":"Network Authentication Required"},"maxHeaderSize":16384,"globalAgent":{"_events":{},"_eventsCount":2,"defaultPort":80,"protocol":"http:","options":{"keepAlive":true,"scheduling":"lifo","timeout":5000,"noDelay":true,"path":null},"requests":{},"sockets":{},"freeSockets":{},"keepAliveMsecs":1000,"keepAlive":true,"maxSockets":null,"maxFreeSockets":256,"scheduling":"lifo","maxTotalSockets":null,"totalSocketCount":0}},"https:":{"globalAgent":{"_events":{},"_eventsCount":2,"defaultPort":443,"protocol":"https:","options":{"keepAlive":true,"scheduling":"lifo","timeout":5000,"noDelay":true,"path":null},"requests":{},"sockets":{},"freeSockets":{},"keepAliveMsecs":1000,"keepAlive":true,"maxSockets":null,"maxFreeSockets":256,"scheduling":"lifo","maxTotalSockets":null,"totalSocketCount":0,"maxCachedSessions":100,"_sessionCache":{"map":{},"list":[]}}}},"pathname":"/api/authenticate/byIinAndPassword"},"_ended":true,"_ending":true,"_redirectCount":0,"_redirects":[],"_requestBodyLength":96,"_requestBodyBuffers":[{"data":{"type":"Buffer","data":[123,34,99,114,101,100,101,110,116,105,97,108,115,34,58,123,34,105,105,110,34,58,34,56,48,48,55,50,55,51,48,49,50,53,54,34,44,34,112,97,115,115,119,111,114,100,34,58,34,65,119,51,49,52,49,53,57,50,54,33,34,125,44,34,111,114,103,97,110,105,122,97,116,105,111,110,88,105,110,34,58,34,56,48,48,55,50,55,51,48,49,50,53,54,34,125]}}],"_currentUrl":"https://cabinet.kofd.kz/api/authenticate/byIinAndPassword","_timeout":null}},"timeout":4000},{"_tlsOptions":{"pipe":false,"secureContext":{"context":{}},"isServer":false,"requestCert":true,"rejectUnauthorized":false},"_secureEstablished":true,"_securePending":false,"_newSessionPending":false,"_controlReleased":true,"secureConnecting":false,"_SNICallback":null,"servername":"cabinet.kofd.kz","alpnProtocol":false,"authorized":false,"authorizationError":"UNABLE_TO_VERIFY_LEAF_SIGNATURE","encrypted":true,"_events":{"close":[null,null,null,null],"end":[null,null],"timeout":[null,null]},"_eventsCount":11,"connecting":false,"_hadError":false,"_parent":null,"_host":"cabinet.kofd.kz","_closeAfterHandlingError":false,"_readableState":{"objectMode":false,"highWaterMark":16384,"buffer":{"head":null,"tail":null,"length":0},"length":0,"pipes":[],"flowing":true,"ended":false,"endEmitted":false,"reading":true,"constructed":true,"sync":false,"needReadable":true,"emittedReadable":false,"readableListening":false,"resumeScheduled":false,"errorEmitted":false,"emitClose":false,"autoDestroy":true,"destroyed":false,"errored":null,"closed":false,"closeEmitted":false,"defaultEncoding":"utf8","awaitDrainWriters":null,"multiAwaitDrain":false,"readingMore":false,"dataEmitted":false,"decoder":null,"encoding":null},"_writableState":{"objectMode":false,"highWaterMark":16384,"finalCalled":false,"needDrain":false,"ending":false,"ended":false,"finished":false,"destroyed":false,"decodeStrings":false,"defaultEncoding":"utf8","length":0,"writing":false,"corked":0,"sync":false,"bufferProcessing":false,"writecb":null,"writelen":0,"afterWriteTickInfo":null,"buffered":[],"bufferedIndex":0,"allBuffers":true,"allNoop":true,"pendingcb":0,"constructed":true,"prefinished":false,"errorEmitted":false,"emitClose":false,"autoDestroy":true,"errored":null,"closed":false,"closeEmitted":false},"allowHalfOpen":false,"_sockname":null,"_pendingData":null,"_pendingEncoding":"","_server":null,"ssl":{"_parent":{"reading":true,"onconnection":null},"_secureContext":{"context":{}},"reading":true},"_requestCert":true,"_rejectUnauthorized":false,"parser":{"0":null,"5":null,"6":null,"_headers":[],"_url":"","incoming":null,"outgoing":{"_events":{},"_eventsCount":7,"outputData":[],"outputSize":0,"writable":true,"destroyed":false,"_last":true,"chunkedEncoding":false,"shouldKeepAlive":false,"maxRequestsOnConnectionReached":false,"_defaultKeepAlive":true,"useChunkedEncodingByDefault":true,"sendDate":false,"_removedConnection":false,"_removedContLen":false,"_removedTE":false,"strictContentLength":false,"_contentLength":"96","_hasBody":true,"_trailer":"","finished":true,"_headerSent":true,"_closed":false,"_header":"POST /api/authenticate/byIinAndPassword HTTP/1.1\r\nAccept: application/json, text/plain, */*\r\nContent-Type: application/json\r\nUser-Agent: axios/1.2.1\r\nContent-Length: 96\r\nAccept-Encoding: gzip, compress, deflate, br\r\nHost: cabinet.kofd.kz\r\nConnection: close\r\n\r\n","_keepAliveTimeout":0,"method":"POST","path":"/api/authenticate/byIinAndPassword","_ended":false,"res":null,"aborted":false,"timeoutCb":null,"upgradeOrConnect":false,"maxHeadersCount":null,"reusedSocket":false,"host":"cabinet.kofd.kz","protocol":"https:","_redirectable":{"_writableState":{"objectMode":false,"highWaterMark":16384,"finalCalled":false,"needDrain":false,"ending":false,"ended":false,"finished":false,"destroyed":false,"decodeStrings":true,"defaultEncoding":"utf8","length":0,"writing":false,"corked":0,"sync":true,"bufferProcessing":false,"writecb":null,"writelen":0,"afterWriteTickInfo":null,"buffered":[],"bufferedIndex":0,"allBuffers":true,"allNoop":true,"pendingcb":0,"constructed":true,"prefinished":false,"errorEmitted":false,"emitClose":true,"autoDestroy":true,"errored":null,"closed":false,"closeEmitted":false},"_events":{"response":[null,null],"error":[null,null],"socket":[null,null]},"_eventsCount":5,"_options":{"maxRedirects":21,"maxBodyLength":null,"protocol":"https:","path":"/api/authenticate/byIinAndPassword","method":"POST","headers":{"Accept":"application/json, text/plain, */*","Content-Type":"application/json","User-Agent":"axios/1.2.1","Content-Length":"96","Accept-Encoding":"gzip, compress, deflate, br"},"agents":{},"beforeRedirects":{},"hostname":"cabinet.kofd.kz","port":"","nativeProtocols":{"http:":{"METHODS":["ACL","BIND","CHECKOUT","CONNECT","COPY","DELETE","GET","HEAD","LINK","LOCK","M-SEARCH","MERGE","MKACTIVITY","MKCALENDAR","MKCOL","MOVE","NOTIFY","OPTIONS","PATCH","POST","PROPFIND","PROPPATCH","PURGE","PUT","REBIND","REPORT","SEARCH","SOURCE","SUBSCRIBE","TRACE","UNBIND","UNLINK","UNLOCK","UNSUBSCRIBE"],"STATUS_CODES":{"100":"Continue","101":"Switching Protocols","102":"Processing","103":"Early Hints","200":"OK","201":"Created","202":"Accepted","203":"Non-Authoritative Information","204":"No Content","205":"Reset Content","206":"Partial Content","207":"Multi-Status","208":"Already Reported","226":"IM Used","300":"Multiple Choices","301":"Moved Permanently","302":"Found","303":"See Other","304":"Not Modified","305":"Use Proxy","307":"Temporary Redirect","308":"Permanent Redirect","400":"Bad Request","401":"Unauthorized","402":"Payment Required","403":"Forbidden","404":"Not Found","405":"Method Not Allowed","406":"Not Acceptable","407":"Proxy Authentication Required","408":"Request Timeout","409":"Conflict","410":"Gone","411":"Length Required","412":"Precondition Failed","413":"Payload Too Large","414":"URI Too Long","415":"Unsupported Media Type","416":"Range Not Satisfiable","417":"Expectation Failed","418":"I'm a Teapot","421":"Misdirected Request","422":"Unprocessable Entity","423":"Locked","424":"Failed Dependency","425":"Too Early","426":"Upgrade Required","428":"Precondition Required","429":"Too Many Requests","431":"Request Header Fields Too Large","451":"Unavailable For Legal Reasons","500":"Internal Server Error","501":"Not Implemented","502":"Bad Gateway","503":"Service Unavailable","504":"Gateway Timeout","505":"HTTP Version Not Supported","506":"Variant Also Negotiates","507":"Insufficient Storage","508":"Loop Detected","509":"Bandwidth Limit Exceeded","510":"Not Extended","511":"Network Authentication Required"},"maxHeaderSize":16384,"globalAgent":{"_events":{},"_eventsCount":2,"defaultPort":80,"protocol":"http:","options":{"keepAlive":true,"scheduling":"lifo","timeout":5000,"noDelay":true,"path":null},"requests":{},"sockets":{},"freeSockets":{},"keepAliveMsecs":1000,"keepAlive":true,"maxSockets":null,"maxFreeSockets":256,"scheduling":"lifo","maxTotalSockets":null,"totalSocketCount":0}},"https:":{"globalAgent":{"_events":{},"_eventsCount":2,"defaultPort":443,"protocol":"https:","options":{"keepAlive":true,"scheduling":"lifo","timeout":5000,"noDelay":true,"path":null},"requests":{},"sockets":{},"freeSockets":{},"keepAliveMsecs":1000,"keepAlive":true,"maxSockets":null,"maxFreeSockets":256,"scheduling":"lifo","maxTotalSockets":null,"totalSocketCount":0,"maxCachedSessions":100,"_sessionCache":{"map":{},"list":[]}}}},"pathname":"/api/authenticate/byIinAndPassword"},"_ended":true,"_ending":true,"_redirectCount":0,"_redirects":[],"_requestBodyLength":96,"_requestBodyBuffers":[{"data":{"type":"Buffer","data":[123,34,99,114,101,100,101,110,116,105,97,108,115,34,58,123,34,105,105,110,34,58,34,55,57,48,49,50,53,52,48,48,51,51,54,34,44,34,112,97,115,115,119,111,114,100,34,58,34,65,119,51,49,52,49,53,57,50,54,33,34,125,44,34,111,114,103,97,110,105,122,97,116,105,111,110,88,105,110,34,58,34,55,57,48,49,50,53,52,48,48,51,51,54,34,125]}}],"_currentUrl":"https://cabinet.kofd.kz/api/authenticate/byIinAndPassword","_timeout":{"_idleTimeout":4000,"_idlePrev":{"_idleTimeout":4000,"_idlePrev":{"_idleTimeout":4000,"_idlePrev":{"expiry":4114,"id":-9007199254740989,"msecs":4000,"priorityQueuePosition":1},"_idleStart":194,"_repeat":null,"_destroyed":false},"_idleStart":194,"_repeat":null,"_destroyed":false},"_idleNext":{"_idleNext":{"_idleTimeout":4000,"_idleNext":{"_idleTimeout":4000,"_idleStart":194,"_repeat":null,"_destroyed":false},"_idleStart":194,"_repeat":null,"_destroyed":false},"expiry":4114,"id":-9007199254740989,"msecs":4000,"priorityQueuePosition":1},"_idleStart":114,"_repeat":null,"_destroyed":false}}},"maxHeaderPairs":2000,"_consumed":false},"_httpMessage":{"_events":{},"_eventsCount":7,"outputData":[],"outputSize":0,"writable":true,"destroyed":false,"_last":true,"chunkedEncoding":false,"shouldKeepAlive":false,"maxRequestsOnConnectionReached":false,"_defaultKeepAlive":true,"useChunkedEncodingByDefault":true,"sendDate":false,"_removedConnection":false,"_removedContLen":false,"_removedTE":false,"strictContentLength":false,"_contentLength":"96","_hasBody":true,"_trailer":"","finished":true,"_headerSent":true,"_closed":false,"_header":"POST /api/authenticate/byIinAndPassword HTTP/1.1\r\nAccept: application/json, text/plain, */*\r\nContent-Type: application/json\r\nUser-Agent: axios/1.2.1\r\nContent-Length: 96\r\nAccept-Encoding: gzip, compress, deflate, br\r\nHost: cabinet.kofd.kz\r\nConnection: close\r\n\r\n","_keepAliveTimeout":0,"method":"POST","path":"/api/authenticate/byIinAndPassword","_ended":false,"res":null,"aborted":false,"timeoutCb":null,"upgradeOrConnect":false,"parser":{"0":null,"5":null,"6":null,"_headers":[],"_url":"","incoming":null,"maxHeaderPairs":2000,"_consumed":false},"maxHeadersCount":null,"reusedSocket":false,"host":"cabinet.kofd.kz","protocol":"https:","_redirectable":{"_writableState":{"objectMode":false,"highWaterMark":16384,"finalCalled":false,"needDrain":false,"ending":false,"ended":false,"finished":false,"destroyed":false,"decodeStrings":true,"defaultEncoding":"utf8","length":0,"writing":false,"corked":0,"sync":true,"bufferProcessing":false,"writecb":null,"writelen":0,"afterWriteTickInfo":null,"buffered":[],"bufferedIndex":0,"allBuffers":true,"allNoop":true,"pendingcb":0,"constructed":true,"prefinished":false,"errorEmitted":false,"emitClose":true,"autoDestroy":true,"errored":null,"closed":false,"closeEmitted":false},"_events":{"response":[null,null],"error":[null,null],"socket":[null,null]},"_eventsCount":5,"_options":{"maxRedirects":21,"maxBodyLength":null,"protocol":"https:","path":"/api/authenticate/byIinAndPassword","method":"POST","headers":{"Accept":"application/json, text/plain, */*","Content-Type":"application/json","User-Agent":"axios/1.2.1","Content-Length":"96","Accept-Encoding":"gzip, compress, deflate, br"},"agents":{},"beforeRedirects":{},"hostname":"cabinet.kofd.kz","port":"","nativeProtocols":{"http:":{"METHODS":["ACL","BIND","CHECKOUT","CONNECT","COPY","DELETE","GET","HEAD","LINK","LOCK","M-SEARCH","MERGE","MKACTIVITY","MKCALENDAR","MKCOL","MOVE","NOTIFY","OPTIONS","PATCH","POST","PROPFIND","PROPPATCH","PURGE","PUT","REBIND","REPORT","SEARCH","SOURCE","SUBSCRIBE","TRACE","UNBIND","UNLINK","UNLOCK","UNSUBSCRIBE"],"STATUS_CODES":{"100":"Continue","101":"Switching Protocols","102":"Processing","103":"Early Hints","200":"OK","201":"Created","202":"Accepted","203":"Non-Authoritative Information","204":"No Content","205":"Reset Content","206":"Partial Content","207":"Multi-Status","208":"Already Reported","226":"IM Used","300":"Multiple Choices","301":"Moved Permanently","302":"Found","303":"See Other","304":"Not Modified","305":"Use Proxy","307":"Temporary Redirect","308":"Permanent Redirect","400":"Bad Request","401":"Unauthorized","402":"Payment Required","403":"Forbidden","404":"Not Found","405":"Method Not Allowed","406":"Not Acceptable","407":"Proxy Authentication Required","408":"Request Timeout","409":"Conflict","410":"Gone","411":"Length Required","412":"Precondition Failed","413":"Payload Too Large","414":"URI Too Long","415":"Unsupported Media Type","416":"Range Not Satisfiable","417":"Expectation Failed","418":"I'm a Teapot","421":"Misdirected Request","422":"Unprocessable Entity","423":"Locked","424":"Failed Dependency","425":"Too Early","426":"Upgrade Required","428":"Precondition Required","429":"Too Many Requests","431":"Request Header Fields Too Large","451":"Unavailable For Legal Reasons","500":"Internal Server Error","501":"Not Implemented","502":"Bad Gateway","503":"Service Unavailable","504":"Gateway Timeout","505":"HTTP Version Not Supported","506":"Variant Also Negotiates","507":"Insufficient Storage","508":"Loop Detected","509":"Bandwidth Limit Exceeded","510":"Not Extended","511":"Network Authentication Required"},"maxHeaderSize":16384,"globalAgent":{"_events":{},"_eventsCount":2,"defaultPort":80,"protocol":"http:","options":{"keepAlive":true,"scheduling":"lifo","timeout":5000,"noDelay":true,"path":null},"requests":{},"sockets":{},"freeSockets":{},"keepAliveMsecs":1000,"keepAlive":true,"maxSockets":null,"maxFreeSockets":256,"scheduling":"lifo","maxTotalSockets":null,"totalSocketCount":0}},"https:":{"globalAgent":{"_events":{},"_eventsCount":2,"defaultPort":443,"protocol":"https:","options":{"keepAlive":true,"scheduling":"lifo","timeout":5000,"noDelay":true,"path":null},"requests":{},"sockets":{},"freeSockets":{},"keepAliveMsecs":1000,"keepAlive":true,"maxSockets":null,"maxFreeSockets":256,"scheduling":"lifo","maxTotalSockets":null,"totalSocketCount":0,"maxCachedSessions":100,"_sessionCache":{"map":{},"list":[]}}}},"pathname":"/api/authenticate/byIinAndPassword"},"_ended":true,"_ending":true,"_redirectCount":0,"_redirects":[],"_requestBodyLength":96,"_requestBodyBuffers":[{"data":{"type":"Buffer","data":[123,34,99,114,101,100,101,110,116,105,97,108,115,34,58,123,34,105,105,110,34,58,34,55,57,48,49,50,53,52,48,48,51,51,54,34,44,34,112,97,115,115,119,111,114,100,34,58,34,65,119,51,49,52,49,53,57,50,54,33,34,125,44,34,111,114,103,97,110,105,122,97,116,105,111,110,88,105,110,34,58,34,55,57,48,49,50,53,52,48,48,51,51,54,34,125]}}],"_currentUrl":"https://cabinet.kofd.kz/api/authenticate/byIinAndPassword","_timeout":{"_idleTimeout":4000,"_idlePrev":{"_idleTimeout":4000,"_idlePrev":{"_idleTimeout":4000,"_idlePrev":{"expiry":4114,"id":-9007199254740989,"msecs":4000,"priorityQueuePosition":1},"_idleStart":194,"_repeat":null,"_destroyed":false},"_idleStart":194,"_repeat":null,"_destroyed":false},"_idleNext":{"_idleNext":{"_idleTimeout":4000,"_idleNext":{"_idleTimeout":4000,"_idleStart":194,"_repeat":null,"_destroyed":false},"_idleStart":194,"_repeat":null,"_destroyed":false},"expiry":4114,"id":-9007199254740989,"msecs":4000,"priorityQueuePosition":1},"_idleStart":114,"_repeat":null,"_destroyed":false}}},"timeout":4000}]},"freeSockets":{},"keepAliveMsecs":1000,"keepAlive":false,"maxSockets":null,"maxFreeSockets":256,"scheduling":"lifo","maxTotalSockets":null,"totalSocketCount":2,"maxCachedSessions":100,"_sessionCache":{"map":{"cabinet.kofd.kz:443::::::::false:::::::::::::":{"type":"Buffer","data":[48,130,6,188,2,1,1,2,2,3,3,4,2,192,48,4,32,0,122,138,51,72,52,87,92,6,188,191,95,162,217,146,5,234,184,163,207,180,70,193,153,220,188,193,210,55,128,167,1,4,48,192,172,87,175,77,20,196,184,107,213,31,184,9,159,109,119,136,0,70,64,65,243,0,38,206,18,246,126,113,98,151,193,180,156,139,67,196,216,14,90,244,177,177,219,158,143,37,148,161,6,2,4,99,161,216,123,162,4,2,2,28,32,163,130,6,42,48,130,6,38,48,130,5,14,160,3,2,1,2,2,17,0,230,140,250,71,153,198,13,131,218,100,135,75,46,145,152,24,48,13,6,9,42,134,72,134,247,13,1,1,11,5,0,48,129,143,49,11,48,9,6,3,85,4,6,19,2,71,66,49,27,48,25,6,3,85,4,8,19,18,71,114,101,97,116,101,114,32,77,97,110,99,104,101,115,116,101,114,49,16,48,14,6,3,85,4,7,19,7,83,97,108,102,111,114,100,49,24,48,22,6,3,85,4,10,19,15,83,101,99,116,105,103,111,32,76,105,109,105,116,101,100,49,55,48,53,6,3,85,4,3,19,46,83,101,99,116,105,103,111,32,82,83,65,32,68,111,109,97,105,110,32,86,97,108,105,100,97,116,105,111,110,32,83,101,99,117,114,101,32,83,101,114,118,101,114,32,67,65,48,30,23,13,50,50,48,50,48,56,48,48,48,48,48,48,90,23,13,50,51,48,51,49,48,50,51,53,57,53,57,90,48,20,49,18,48,16,6,3,85,4,3,12,9,42,46,107,111,102,100,46,107,122,48,130,1,34,48,13,6,9,42,134,72,134,247,13,1,1,1,5,0,3,130,1,15,0,48,130,1,10,2,130,1,1,0,239,148,8,199,168,95,30,59,204,51,68,6,255,192,96,238,113,250,26,178,45,86,166,15,255,115,131,130,10,241,69,173,96,174,62,143,54,20,36,8,28,113,243,235,207,55,75,160,80,182,162,237,120,211,134,154,230,79,70,153,86,149,239,8,132,188,230,238,198,101,191,153,149,38,170,31,95,155,180,78,231,205,72,13,139,119,101,107,60,103,202,163,4,8,48,9,58,97,228,138,101,185,92,202,68,183,176,184,248,200,184,60,87,224,11,145,193,14,110,147,7,174,185,41,217,160,57,247,61,95,7,20,12,130,140,45,32,195,217,200,21,204,136,198,98,16,193,186,134,171,188,123,161,204,191,254,254,35,86,144,244,212,101,243,238,29,114,205,1,55,232,154,242,12,93,71,98,236,74,89,88,188,61,26,89,135,27,238,143,254,187,152,62,166,96,208,69,187,74,38,11,129,194,113,143,218,247,106,80,85,152,96,196,247,31,219,216,148,209,160,172,210,199,248,83,178,164,96,77,53,98,1,64,121,128,160,150,9,16,24,100,214,74,164,238,191,187,17,40,158,4,35,199,139,245,195,2,3,1,0,1,163,130,2,245,48,130,2,241,48,31,6,3,85,29,35,4,24,48,22,128,20,141,140,94,196,84,173,138,225,119,233,155,249,155,5,225,184,1,141,97,225,48,29,6,3,85,29,14,4,22,4,20,141,227,106,177,231,50,235,253,13,89,117,65,145,65,58,153,165,201,92,245,48,14,6,3,85,29,15,1,1,255,4,4,3,2,5,160,48,12,6,3,85,29,19,1,1,255,4,2,48,0,48,29,6,3,85,29,37,4,22,48,20,6,8,43,6,1,5,5,7,3,1,6,8,43,6,1,5,5,7,3,2,48,73,6,3,85,29,32,4,66,48,64,48,52,6,11,43,6,1,4,1,178,49,1,2,2,7,48,37,48,35,6,8,43,6,1,5,5,7,2,1,22,23,104,116,116,112,115,58,47,47,115,101,99,116,105,103,111,46,99,111,109,47,67,80,83,48,8,6,6,103,129,12,1,2,1,48,129,132,6,8,43,6,1,5,5,7,1,1,4,120,48,118,48,79,6,8,43,6,1,5,5,7,48,2,134,67,104,116,116,112,58,47,47,99,114,116,46,115,101,99,116,105,103,111,46,99,111,109,47,83,101,99,116,105,103,111,82,83,65,68,111,109,97,105,110,86,97,108,105,100,97,116,105,111,110,83,101,99,117,114,101,83,101,114,118,101,114,67,65,46,99,114,116,48,35,6,8,43,6,1,5,5,7,48,1,134,23,104,116,116,112,58,47,47,111,99,115,112,46,115,101,99,116,105,103,111,46,99,111,109,48,29,6,3,85,29,17,4,22,48,20,130,9,42,46,107,111,102,100,46,107,122,130,7,107,111,102,100,46,107,122,48,130,1,127,6,10,43,6,1,4,1,214,121,2,4,2,4,130,1,111,4,130,1,107,1,105,0,119,0,173,247,190,250,124,255,16,200,139,157,61,156,30,62,24,106,180,103,41,93,207,177,12,36,202,133,134,52,235,220,130,138,0,0,1,126,216,78,38,193,0,0,4,3,0,72,48,70,2,33,0,245,223,102,14,91,49,157,44,238,246,187,111,3,208,205,227,58,139,79,180,174,136,247,21,74,43,232,247,174,255,160,70,2,33,0,206,255,12,100,22,23,181,241,197,86,243,143,107,132,18,59,167,68,133,44,127,235,1,116,61,73,125,237,141,155,109,158,0,118,0,122,50,140,84,216,183,45,182,32,234,56,224,82,30,233,132,22,112,50,19,133,77,59,210,43,193,58,87,163,82,235,82,0,0,1,126,216,78,38,140,0,0,4,3,0,71,48,69,2,32,93,136,148,73,31,106,142,207,93,100,128,134,202,250,87,131,0,201,225,116,222,126,44,93,155,210,94,66,101,8,138,86,2,33,0,254,61,95,221,15,157,238,212,252,91,179,125,227,143,85,221,54,191,115,60,248,179,50,204,122,112,35,116,202,51,210,191,0,118,0,232,62,208,218,62,245,6,53,50,231,87,40,188,137,107,201,3,211,203,209,17,107,236,235,105,225,119,125,109,6,189,110,0,0,1,126,216,78,38,99,0,0,4,3,0,71,48,69,2,33,0,205,48,15,85,249,241,26,67,50,43,173,165,170,22,29,215,30,224,6,15,106,66,197,169,23,46,73,91,217,45,214,52,2,32,21,79,113,119,87,36,23,156,166,146,90,91,74,186,177,5,164,244,231,127,154,142,124,79,122,67,56,30,139,27,141,71,48,13,6,9,42,134,72,134,247,13,1,1,11,5,0,3,130,1,1,0,140,183,102,198,170,136,228,117,35,209,203,50,131,110,220,158,228,49,57,242,105,213,235,121,52,175,43,11,111,31,50,78,41,47,58,93,86,69,196,188,166,224,145,94,204,209,242,148,168,167,80,169,242,117,119,156,192,185,212,143,159,234,17,242,33,230,109,213,217,143,53,221,158,130,181,30,98,219,238,9,207,208,240,103,66,230,145,106,47,33,105,232,115,219,229,239,173,69,39,106,243,146,255,20,204,191,197,94,5,243,43,206,236,0,10,8,80,219,220,112,179,132,80,150,69,233,97,120,106,156,38,37,194,212,14,105,3,112,58,66,161,214,36,43,185,63,99,76,74,200,173,20,4,195,113,8,218,30,174,164,146,43,57,200,168,245,245,96,200,10,198,41,98,249,215,206,69,76,47,27,188,226,206,168,177,150,240,196,11,18,169,118,58,126,249,234,234,199,19,188,76,11,79,39,98,89,211,135,79,236,26,28,124,212,55,89,191,180,28,54,255,6,76,38,30,162,120,190,29,104,184,108,22,166,22,241,240,217,145,80,228,152,75,65,243,63,230,184,25,59,42,99,180,44,63,162,164,2,4,0,165,3,2,1,21,166,17,4,15,99,97,98,105,110,101,116,46,107,111,102,100,46,107,122,179,3,2,1,23]}},"list":["cabinet.kofd.kz:443::::::::false:::::::::::::"]}}},"code":"ECONNABORTED","status":null},"point":"getJWT"}
{"date":"2022-12-20T15:45:02.970Z","text":{"message":"timeout of 4000ms exceeded","name":"AxiosError","stack":"AxiosError: timeout of 4000ms exceeded\n    at RedirectableRequest.handleRequestTimeout (/home/almas/js-kofd/node_modules/axios/dist/node/axios.cjs:2770:16)\n    at RedirectableRequest.emit (node:events:513:28)\n    at Timeout.<anonymous> (/home/almas/js-kofd/node_modules/follow-redirects/index.js:169:12)\n    at listOnTimeout (node:internal/timers:564:17)\n    at process.processTimers (node:internal/timers:507:7)","config":{"transitional":{"silentJSONParsing":true,"forcedJSONParsing":true,"clarifyTimeoutError":false},"adapter":["xhr","http"],"transformRequest":[null],"transformResponse":[null],"timeout":4000,"xsrfCookieName":"XSRF-TOKEN","xsrfHeaderName":"X-XSRF-TOKEN","maxContentLength":-1,"maxBodyLength":-1,"env":{},"headers":{"Accept":"application/json, text/plain, */*","Content-Type":"application/json","User-Agent":"axios/1.2.1","Content-Length":"96","Accept-Encoding":"gzip, compress, deflate, br"},"method":"post","url":"https://cabinet.kofd.kz/api/authenticate/byIinAndPassword","data":"{\"credentials\":{\"iin\":\"790125400336\",\"password\":\"Aw31415926!\"},\"organizationXin\":\"790125400336\"}","httpsAgent":{"_events":{},"_eventsCount":2,"defaultPort":443,"protocol":"https:","options":{"rejectUnauthorized":false,"noDelay":true,"path":null},"requests":{},"sockets":{"cabinet.kofd.kz:443::::::::false:::::::::::::":[{"_tlsOptions":{"pipe":false,"secureContext":{"context":{}},"isServer":false,"requestCert":true,"rejectUnauthorized":false},"_secureEstablished":true,"_securePending":false,"_newSessionPending":false,"_controlReleased":true,"secureConnecting":false,"_SNICallback":null,"servername":"cabinet.kofd.kz","alpnProtocol":false,"authorized":false,"authorizationError":"UNABLE_TO_VERIFY_LEAF_SIGNATURE","encrypted":true,"_events":{"close":[null,null,null,null],"end":[null,null],"timeout":[null,null]},"_eventsCount":11,"connecting":false,"_hadError":false,"_parent":null,"_host":"cabinet.kofd.kz","_closeAfterHandlingError":false,"_readableState":{"objectMode":false,"highWaterMark":16384,"buffer":{"head":null,"tail":null,"length":0},"length":0,"pipes":[],"flowing":true,"ended":false,"endEmitted":false,"reading":true,"constructed":true,"sync":false,"needReadable":true,"emittedReadable":false,"readableListening":false,"resumeScheduled":false,"errorEmitted":false,"emitClose":false,"autoDestroy":true,"destroyed":false,"errored":null,"closed":false,"closeEmitted":false,"defaultEncoding":"utf8","awaitDrainWriters":null,"multiAwaitDrain":false,"readingMore":false,"dataEmitted":false,"decoder":null,"encoding":null},"_writableState":{"objectMode":false,"highWaterMark":16384,"finalCalled":false,"needDrain":false,"ending":false,"ended":false,"finished":false,"destroyed":false,"decodeStrings":false,"defaultEncoding":"utf8","length":0,"writing":false,"corked":0,"sync":false,"bufferProcessing":false,"writecb":null,"writelen":0,"afterWriteTickInfo":null,"buffered":[],"bufferedIndex":0,"allBuffers":true,"allNoop":true,"pendingcb":0,"constructed":true,"prefinished":false,"errorEmitted":false,"emitClose":false,"autoDestroy":true,"errored":null,"closed":false,"closeEmitted":false},"allowHalfOpen":false,"_sockname":null,"_pendingData":null,"_pendingEncoding":"","_server":null,"ssl":{"_parent":{"reading":true,"onconnection":null},"_secureContext":{"context":{}},"reading":true},"_requestCert":true,"_rejectUnauthorized":false,"parser":{"0":null,"5":null,"6":null,"_headers":[],"_url":"","incoming":null,"outgoing":{"_events":{},"_eventsCount":7,"outputData":[],"outputSize":0,"writable":true,"destroyed":false,"_last":true,"chunkedEncoding":false,"shouldKeepAlive":false,"maxRequestsOnConnectionReached":false,"_defaultKeepAlive":true,"useChunkedEncodingByDefault":true,"sendDate":false,"_removedConnection":false,"_removedContLen":false,"_removedTE":false,"strictContentLength":false,"_contentLength":"96","_hasBody":true,"_trailer":"","finished":true,"_headerSent":true,"_closed":false,"_header":"POST /api/authenticate/byIinAndPassword HTTP/1.1\r\nAccept: application/json, text/plain, */*\r\nContent-Type: application/json\r\nUser-Agent: axios/1.2.1\r\nContent-Length: 96\r\nAccept-Encoding: gzip, compress, deflate, br\r\nHost: cabinet.kofd.kz\r\nConnection: close\r\n\r\n","_keepAliveTimeout":0,"method":"POST","path":"/api/authenticate/byIinAndPassword","_ended":false,"res":null,"aborted":false,"timeoutCb":null,"upgradeOrConnect":false,"maxHeadersCount":null,"reusedSocket":false,"host":"cabinet.kofd.kz","protocol":"https:","_redirectable":{"_writableState":{"objectMode":false,"highWaterMark":16384,"finalCalled":false,"needDrain":false,"ending":false,"ended":false,"finished":false,"destroyed":false,"decodeStrings":true,"defaultEncoding":"utf8","length":0,"writing":false,"corked":0,"sync":true,"bufferProcessing":false,"writecb":null,"writelen":0,"afterWriteTickInfo":null,"buffered":[],"bufferedIndex":0,"allBuffers":true,"allNoop":true,"pendingcb":0,"constructed":true,"prefinished":false,"errorEmitted":false,"emitClose":true,"autoDestroy":true,"errored":null,"closed":false,"closeEmitted":false},"_events":{"socket":[null,null]},"_eventsCount":3,"_options":{"maxRedirects":21,"maxBodyLength":null,"protocol":"https:","path":"/api/authenticate/byIinAndPassword","method":"POST","headers":{"Accept":"application/json, text/plain, */*","Content-Type":"application/json","User-Agent":"axios/1.2.1","Content-Length":"96","Accept-Encoding":"gzip, compress, deflate, br"},"agents":{},"beforeRedirects":{},"hostname":"cabinet.kofd.kz","port":"","nativeProtocols":{"http:":{"METHODS":["ACL","BIND","CHECKOUT","CONNECT","COPY","DELETE","GET","HEAD","LINK","LOCK","M-SEARCH","MERGE","MKACTIVITY","MKCALENDAR","MKCOL","MOVE","NOTIFY","OPTIONS","PATCH","POST","PROPFIND","PROPPATCH","PURGE","PUT","REBIND","REPORT","SEARCH","SOURCE","SUBSCRIBE","TRACE","UNBIND","UNLINK","UNLOCK","UNSUBSCRIBE"],"STATUS_CODES":{"100":"Continue","101":"Switching Protocols","102":"Processing","103":"Early Hints","200":"OK","201":"Created","202":"Accepted","203":"Non-Authoritative Information","204":"No Content","205":"Reset Content","206":"Partial Content","207":"Multi-Status","208":"Already Reported","226":"IM Used","300":"Multiple Choices","301":"Moved Permanently","302":"Found","303":"See Other","304":"Not Modified","305":"Use Proxy","307":"Temporary Redirect","308":"Permanent Redirect","400":"Bad Request","401":"Unauthorized","402":"Payment Required","403":"Forbidden","404":"Not Found","405":"Method Not Allowed","406":"Not Acceptable","407":"Proxy Authentication Required","408":"Request Timeout","409":"Conflict","410":"Gone","411":"Length Required","412":"Precondition Failed","413":"Payload Too Large","414":"URI Too Long","415":"Unsupported Media Type","416":"Range Not Satisfiable","417":"Expectation Failed","418":"I'm a Teapot","421":"Misdirected Request","422":"Unprocessable Entity","423":"Locked","424":"Failed Dependency","425":"Too Early","426":"Upgrade Required","428":"Precondition Required","429":"Too Many Requests","431":"Request Header Fields Too Large","451":"Unavailable For Legal Reasons","500":"Internal Server Error","501":"Not Implemented","502":"Bad Gateway","503":"Service Unavailable","504":"Gateway Timeout","505":"HTTP Version Not Supported","506":"Variant Also Negotiates","507":"Insufficient Storage","508":"Loop Detected","509":"Bandwidth Limit Exceeded","510":"Not Extended","511":"Network Authentication Required"},"maxHeaderSize":16384,"globalAgent":{"_events":{},"_eventsCount":2,"defaultPort":80,"protocol":"http:","options":{"keepAlive":true,"scheduling":"lifo","timeout":5000,"noDelay":true,"path":null},"requests":{},"sockets":{},"freeSockets":{},"keepAliveMsecs":1000,"keepAlive":true,"maxSockets":null,"maxFreeSockets":256,"scheduling":"lifo","maxTotalSockets":null,"totalSocketCount":0}},"https:":{"globalAgent":{"_events":{},"_eventsCount":2,"defaultPort":443,"protocol":"https:","options":{"keepAlive":true,"scheduling":"lifo","timeout":5000,"noDelay":true,"path":null},"requests":{},"sockets":{},"freeSockets":{},"keepAliveMsecs":1000,"keepAlive":true,"maxSockets":null,"maxFreeSockets":256,"scheduling":"lifo","maxTotalSockets":null,"totalSocketCount":0,"maxCachedSessions":100,"_sessionCache":{"map":{},"list":[]}}}},"pathname":"/api/authenticate/byIinAndPassword"},"_ended":true,"_ending":true,"_redirectCount":0,"_redirects":[],"_requestBodyLength":96,"_requestBodyBuffers":[{"data":{"type":"Buffer","data":[123,34,99,114,101,100,101,110,116,105,97,108,115,34,58,123,34,105,105,110,34,58,34,56,48,48,55,50,55,51,48,49,50,53,54,34,44,34,112,97,115,115,119,111,114,100,34,58,34,65,119,51,49,52,49,53,57,50,54,33,34,125,44,34,111,114,103,97,110,105,122,97,116,105,111,110,88,105,110,34,58,34,56,48,48,55,50,55,51,48,49,50,53,54,34,125]}}],"_currentUrl":"https://cabinet.kofd.kz/api/authenticate/byIinAndPassword","_timeout":null}},"maxHeaderPairs":2000,"_consumed":false},"_httpMessage":{"_events":{},"_eventsCount":7,"outputData":[],"outputSize":0,"writable":true,"destroyed":false,"_last":true,"chunkedEncoding":false,"shouldKeepAlive":false,"maxRequestsOnConnectionReached":false,"_defaultKeepAlive":true,"useChunkedEncodingByDefault":true,"sendDate":false,"_removedConnection":false,"_removedContLen":false,"_removedTE":false,"strictContentLength":false,"_contentLength":"96","_hasBody":true,"_trailer":"","finished":true,"_headerSent":true,"_closed":false,"_header":"POST /api/authenticate/byIinAndPassword HTTP/1.1\r\nAccept: application/json, text/plain, */*\r\nContent-Type: application/json\r\nUser-Agent: axios/1.2.1\r\nContent-Length: 96\r\nAccept-Encoding: gzip, compress, deflate, br\r\nHost: cabinet.kofd.kz\r\nConnection: close\r\n\r\n","_keepAliveTimeout":0,"method":"POST","path":"/api/authenticate/byIinAndPassword","_ended":false,"res":null,"aborted":false,"timeoutCb":null,"upgradeOrConnect":false,"parser":{"0":null,"5":null,"6":null,"_headers":[],"_url":"","incoming":null,"maxHeaderPairs":2000,"_consumed":false},"maxHeadersCount":null,"reusedSocket":false,"host":"cabinet.kofd.kz","protocol":"https:","_redirectable":{"_writableState":{"objectMode":false,"highWaterMark":16384,"finalCalled":false,"needDrain":false,"ending":false,"ended":false,"finished":false,"destroyed":false,"decodeStrings":true,"defaultEncoding":"utf8","length":0,"writing":false,"corked":0,"sync":true,"bufferProcessing":false,"writecb":null,"writelen":0,"afterWriteTickInfo":null,"buffered":[],"bufferedIndex":0,"allBuffers":true,"allNoop":true,"pendingcb":0,"constructed":true,"prefinished":false,"errorEmitted":false,"emitClose":true,"autoDestroy":true,"errored":null,"closed":false,"closeEmitted":false},"_events":{"socket":[null,null]},"_eventsCount":3,"_options":{"maxRedirects":21,"maxBodyLength":null,"protocol":"https:","path":"/api/authenticate/byIinAndPassword","method":"POST","headers":{"Accept":"application/json, text/plain, */*","Content-Type":"application/json","User-Agent":"axios/1.2.1","Content-Length":"96","Accept-Encoding":"gzip, compress, deflate, br"},"agents":{},"beforeRedirects":{},"hostname":"cabinet.kofd.kz","port":"","nativeProtocols":{"http:":{"METHODS":["ACL","BIND","CHECKOUT","CONNECT","COPY","DELETE","GET","HEAD","LINK","LOCK","M-SEARCH","MERGE","MKACTIVITY","MKCALENDAR","MKCOL","MOVE","NOTIFY","OPTIONS","PATCH","POST","PROPFIND","PROPPATCH","PURGE","PUT","REBIND","REPORT","SEARCH","SOURCE","SUBSCRIBE","TRACE","UNBIND","UNLINK","UNLOCK","UNSUBSCRIBE"],"STATUS_CODES":{"100":"Continue","101":"Switching Protocols","102":"Processing","103":"Early Hints","200":"OK","201":"Created","202":"Accepted","203":"Non-Authoritative Information","204":"No Content","205":"Reset Content","206":"Partial Content","207":"Multi-Status","208":"Already Reported","226":"IM Used","300":"Multiple Choices","301":"Moved Permanently","302":"Found","303":"See Other","304":"Not Modified","305":"Use Proxy","307":"Temporary Redirect","308":"Permanent Redirect","400":"Bad Request","401":"Unauthorized","402":"Payment Required","403":"Forbidden","404":"Not Found","405":"Method Not Allowed","406":"Not Acceptable","407":"Proxy Authentication Required","408":"Request Timeout","409":"Conflict","410":"Gone","411":"Length Required","412":"Precondition Failed","413":"Payload Too Large","414":"URI Too Long","415":"Unsupported Media Type","416":"Range Not Satisfiable","417":"Expectation Failed","418":"I'm a Teapot","421":"Misdirected Request","422":"Unprocessable Entity","423":"Locked","424":"Failed Dependency","425":"Too Early","426":"Upgrade Required","428":"Precondition Required","429":"Too Many Requests","431":"Request Header Fields Too Large","451":"Unavailable For Legal Reasons","500":"Internal Server Error","501":"Not Implemented","502":"Bad Gateway","503":"Service Unavailable","504":"Gateway Timeout","505":"HTTP Version Not Supported","506":"Variant Also Negotiates","507":"Insufficient Storage","508":"Loop Detected","509":"Bandwidth Limit Exceeded","510":"Not Extended","511":"Network Authentication Required"},"maxHeaderSize":16384,"globalAgent":{"_events":{},"_eventsCount":2,"defaultPort":80,"protocol":"http:","options":{"keepAlive":true,"scheduling":"lifo","timeout":5000,"noDelay":true,"path":null},"requests":{},"sockets":{},"freeSockets":{},"keepAliveMsecs":1000,"keepAlive":true,"maxSockets":null,"maxFreeSockets":256,"scheduling":"lifo","maxTotalSockets":null,"totalSocketCount":0}},"https:":{"globalAgent":{"_events":{},"_eventsCount":2,"defaultPort":443,"protocol":"https:","options":{"keepAlive":true,"scheduling":"lifo","timeout":5000,"noDelay":true,"path":null},"requests":{},"sockets":{},"freeSockets":{},"keepAliveMsecs":1000,"keepAlive":true,"maxSockets":null,"maxFreeSockets":256,"scheduling":"lifo","maxTotalSockets":null,"totalSocketCount":0,"maxCachedSessions":100,"_sessionCache":{"map":{},"list":[]}}}},"pathname":"/api/authenticate/byIinAndPassword"},"_ended":true,"_ending":true,"_redirectCount":0,"_redirects":[],"_requestBodyLength":96,"_requestBodyBuffers":[{"data":{"type":"Buffer","data":[123,34,99,114,101,100,101,110,116,105,97,108,115,34,58,123,34,105,105,110,34,58,34,56,48,48,55,50,55,51,48,49,50,53,54,34,44,34,112,97,115,115,119,111,114,100,34,58,34,65,119,51,49,52,49,53,57,50,54,33,34,125,44,34,111,114,103,97,110,105,122,97,116,105,111,110,88,105,110,34,58,34,56,48,48,55,50,55,51,48,49,50,53,54,34,125]}}],"_currentUrl":"https://cabinet.kofd.kz/api/authenticate/byIinAndPassword","_timeout":null}},"timeout":4000},{"_tlsOptions":{"pipe":false,"secureContext":{"context":{}},"isServer":false,"requestCert":true,"rejectUnauthorized":false},"_secureEstablished":true,"_securePending":false,"_newSessionPending":false,"_controlReleased":true,"secureConnecting":false,"_SNICallback":null,"servername":"cabinet.kofd.kz","alpnProtocol":false,"authorized":false,"authorizationError":"UNABLE_TO_VERIFY_LEAF_SIGNATURE","encrypted":true,"_events":{"close":[null,null,null,null],"end":[null,null],"timeout":[null,null]},"_eventsCount":11,"connecting":false,"_hadError":false,"_parent":null,"_host":"cabinet.kofd.kz","_closeAfterHandlingError":false,"_readableState":{"objectMode":false,"highWaterMark":16384,"buffer":{"head":null,"tail":null,"length":0},"length":0,"pipes":[],"flowing":true,"ended":false,"endEmitted":false,"reading":true,"constructed":true,"sync":false,"needReadable":true,"emittedReadable":false,"readableListening":false,"resumeScheduled":false,"errorEmitted":false,"emitClose":false,"autoDestroy":true,"destroyed":false,"errored":null,"closed":false,"closeEmitted":false,"defaultEncoding":"utf8","awaitDrainWriters":null,"multiAwaitDrain":false,"readingMore":false,"dataEmitted":false,"decoder":null,"encoding":null},"_writableState":{"objectMode":false,"highWaterMark":16384,"finalCalled":false,"needDrain":false,"ending":false,"ended":false,"finished":false,"destroyed":false,"decodeStrings":false,"defaultEncoding":"utf8","length":0,"writing":false,"corked":0,"sync":false,"bufferProcessing":false,"writecb":null,"writelen":0,"afterWriteTickInfo":null,"buffered":[],"bufferedIndex":0,"allBuffers":true,"allNoop":true,"pendingcb":0,"constructed":true,"prefinished":false,"errorEmitted":false,"emitClose":false,"autoDestroy":true,"errored":null,"closed":false,"closeEmitted":false},"allowHalfOpen":false,"_sockname":null,"_pendingData":null,"_pendingEncoding":"","_server":null,"ssl":{"_parent":{"reading":true,"onconnection":null},"_secureContext":{"context":{}},"reading":true},"_requestCert":true,"_rejectUnauthorized":false,"parser":{"0":null,"5":null,"6":null,"_headers":[],"_url":"","incoming":null,"outgoing":{"_events":{},"_eventsCount":7,"outputData":[],"outputSize":0,"writable":true,"destroyed":false,"_last":true,"chunkedEncoding":false,"shouldKeepAlive":false,"maxRequestsOnConnectionReached":false,"_defaultKeepAlive":true,"useChunkedEncodingByDefault":true,"sendDate":false,"_removedConnection":false,"_removedContLen":false,"_removedTE":false,"strictContentLength":false,"_contentLength":"96","_hasBody":true,"_trailer":"","finished":true,"_headerSent":true,"_closed":false,"_header":"POST /api/authenticate/byIinAndPassword HTTP/1.1\r\nAccept: application/json, text/plain, */*\r\nContent-Type: application/json\r\nUser-Agent: axios/1.2.1\r\nContent-Length: 96\r\nAccept-Encoding: gzip, compress, deflate, br\r\nHost: cabinet.kofd.kz\r\nConnection: close\r\n\r\n","_keepAliveTimeout":0,"method":"POST","path":"/api/authenticate/byIinAndPassword","_ended":false,"res":null,"aborted":false,"timeoutCb":null,"upgradeOrConnect":false,"maxHeadersCount":null,"reusedSocket":false,"host":"cabinet.kofd.kz","protocol":"https:","_redirectable":{"_writableState":{"objectMode":false,"highWaterMark":16384,"finalCalled":false,"needDrain":false,"ending":false,"ended":false,"finished":false,"destroyed":false,"decodeStrings":true,"defaultEncoding":"utf8","length":0,"writing":false,"corked":0,"sync":true,"bufferProcessing":false,"writecb":null,"writelen":0,"afterWriteTickInfo":null,"buffered":[],"bufferedIndex":0,"allBuffers":true,"allNoop":true,"pendingcb":0,"constructed":true,"prefinished":false,"errorEmitted":false,"emitClose":true,"autoDestroy":true,"errored":null,"closed":false,"closeEmitted":false},"_events":{"socket":[null,null]},"_eventsCount":3,"_options":{"maxRedirects":21,"maxBodyLength":null,"protocol":"https:","path":"/api/authenticate/byIinAndPassword","method":"POST","headers":{"Accept":"application/json, text/plain, */*","Content-Type":"application/json","User-Agent":"axios/1.2.1","Content-Length":"96","Accept-Encoding":"gzip, compress, deflate, br"},"agents":{},"beforeRedirects":{},"hostname":"cabinet.kofd.kz","port":"","nativeProtocols":{"http:":{"METHODS":["ACL","BIND","CHECKOUT","CONNECT","COPY","DELETE","GET","HEAD","LINK","LOCK","M-SEARCH","MERGE","MKACTIVITY","MKCALENDAR","MKCOL","MOVE","NOTIFY","OPTIONS","PATCH","POST","PROPFIND","PROPPATCH","PURGE","PUT","REBIND","REPORT","SEARCH","SOURCE","SUBSCRIBE","TRACE","UNBIND","UNLINK","UNLOCK","UNSUBSCRIBE"],"STATUS_CODES":{"100":"Continue","101":"Switching Protocols","102":"Processing","103":"Early Hints","200":"OK","201":"Created","202":"Accepted","203":"Non-Authoritative Information","204":"No Content","205":"Reset Content","206":"Partial Content","207":"Multi-Status","208":"Already Reported","226":"IM Used","300":"Multiple Choices","301":"Moved Permanently","302":"Found","303":"See Other","304":"Not Modified","305":"Use Proxy","307":"Temporary Redirect","308":"Permanent Redirect","400":"Bad Request","401":"Unauthorized","402":"Payment Required","403":"Forbidden","404":"Not Found","405":"Method Not Allowed","406":"Not Acceptable","407":"Proxy Authentication Required","408":"Request Timeout","409":"Conflict","410":"Gone","411":"Length Required","412":"Precondition Failed","413":"Payload Too Large","414":"URI Too Long","415":"Unsupported Media Type","416":"Range Not Satisfiable","417":"Expectation Failed","418":"I'm a Teapot","421":"Misdirected Request","422":"Unprocessable Entity","423":"Locked","424":"Failed Dependency","425":"Too Early","426":"Upgrade Required","428":"Precondition Required","429":"Too Many Requests","431":"Request Header Fields Too Large","451":"Unavailable For Legal Reasons","500":"Internal Server Error","501":"Not Implemented","502":"Bad Gateway","503":"Service Unavailable","504":"Gateway Timeout","505":"HTTP Version Not Supported","506":"Variant Also Negotiates","507":"Insufficient Storage","508":"Loop Detected","509":"Bandwidth Limit Exceeded","510":"Not Extended","511":"Network Authentication Required"},"maxHeaderSize":16384,"globalAgent":{"_events":{},"_eventsCount":2,"defaultPort":80,"protocol":"http:","options":{"keepAlive":true,"scheduling":"lifo","timeout":5000,"noDelay":true,"path":null},"requests":{},"sockets":{},"freeSockets":{},"keepAliveMsecs":1000,"keepAlive":true,"maxSockets":null,"maxFreeSockets":256,"scheduling":"lifo","maxTotalSockets":null,"totalSocketCount":0}},"https:":{"globalAgent":{"_events":{},"_eventsCount":2,"defaultPort":443,"protocol":"https:","options":{"keepAlive":true,"scheduling":"lifo","timeout":5000,"noDelay":true,"path":null},"requests":{},"sockets":{},"freeSockets":{},"keepAliveMsecs":1000,"keepAlive":true,"maxSockets":null,"maxFreeSockets":256,"scheduling":"lifo","maxTotalSockets":null,"totalSocketCount":0,"maxCachedSessions":100,"_sessionCache":{"map":{},"list":[]}}}},"pathname":"/api/authenticate/byIinAndPassword"},"_ended":true,"_ending":true,"_redirectCount":0,"_redirects":[],"_requestBodyLength":96,"_requestBodyBuffers":[{"data":{"type":"Buffer","data":[123,34,99,114,101,100,101,110,116,105,97,108,115,34,58,123,34,105,105,110,34,58,34,55,57,48,49,50,53,52,48,48,51,51,54,34,44,34,112,97,115,115,119,111,114,100,34,58,34,65,119,51,49,52,49,53,57,50,54,33,34,125,44,34,111,114,103,97,110,105,122,97,116,105,111,110,88,105,110,34,58,34,55,57,48,49,50,53,52,48,48,51,51,54,34,125]}}],"_currentUrl":"https://cabinet.kofd.kz/api/authenticate/byIinAndPassword","_timeout":null}},"maxHeaderPairs":2000,"_consumed":false},"_httpMessage":{"_events":{},"_eventsCount":7,"outputData":[],"outputSize":0,"writable":true,"destroyed":false,"_last":true,"chunkedEncoding":false,"shouldKeepAlive":false,"maxRequestsOnConnectionReached":false,"_defaultKeepAlive":true,"useChunkedEncodingByDefault":true,"sendDate":false,"_removedConnection":false,"_removedContLen":false,"_removedTE":false,"strictContentLength":false,"_contentLength":"96","_hasBody":true,"_trailer":"","finished":true,"_headerSent":true,"_closed":false,"_header":"POST /api/authenticate/byIinAndPassword HTTP/1.1\r\nAccept: application/json, text/plain, */*\r\nContent-Type: application/json\r\nUser-Agent: axios/1.2.1\r\nContent-Length: 96\r\nAccept-Encoding: gzip, compress, deflate, br\r\nHost: cabinet.kofd.kz\r\nConnection: close\r\n\r\n","_keepAliveTimeout":0,"method":"POST","path":"/api/authenticate/byIinAndPassword","_ended":false,"res":null,"aborted":false,"timeoutCb":null,"upgradeOrConnect":false,"parser":{"0":null,"5":null,"6":null,"_headers":[],"_url":"","incoming":null,"maxHeaderPairs":2000,"_consumed":false},"maxHeadersCount":null,"reusedSocket":false,"host":"cabinet.kofd.kz","protocol":"https:","_redirectable":{"_writableState":{"objectMode":false,"highWaterMark":16384,"finalCalled":false,"needDrain":false,"ending":false,"ended":false,"finished":false,"destroyed":false,"decodeStrings":true,"defaultEncoding":"utf8","length":0,"writing":false,"corked":0,"sync":true,"bufferProcessing":false,"writecb":null,"writelen":0,"afterWriteTickInfo":null,"buffered":[],"bufferedIndex":0,"allBuffers":true,"allNoop":true,"pendingcb":0,"constructed":true,"prefinished":false,"errorEmitted":false,"emitClose":true,"autoDestroy":true,"errored":null,"closed":false,"closeEmitted":false},"_events":{"socket":[null,null]},"_eventsCount":3,"_options":{"maxRedirects":21,"maxBodyLength":null,"protocol":"https:","path":"/api/authenticate/byIinAndPassword","method":"POST","headers":{"Accept":"application/json, text/plain, */*","Content-Type":"application/json","User-Agent":"axios/1.2.1","Content-Length":"96","Accept-Encoding":"gzip, compress, deflate, br"},"agents":{},"beforeRedirects":{},"hostname":"cabinet.kofd.kz","port":"","nativeProtocols":{"http:":{"METHODS":["ACL","BIND","CHECKOUT","CONNECT","COPY","DELETE","GET","HEAD","LINK","LOCK","M-SEARCH","MERGE","MKACTIVITY","MKCALENDAR","MKCOL","MOVE","NOTIFY","OPTIONS","PATCH","POST","PROPFIND","PROPPATCH","PURGE","PUT","REBIND","REPORT","SEARCH","SOURCE","SUBSCRIBE","TRACE","UNBIND","UNLINK","UNLOCK","UNSUBSCRIBE"],"STATUS_CODES":{"100":"Continue","101":"Switching Protocols","102":"Processing","103":"Early Hints","200":"OK","201":"Created","202":"Accepted","203":"Non-Authoritative Information","204":"No Content","205":"Reset Content","206":"Partial Content","207":"Multi-Status","208":"Already Reported","226":"IM Used","300":"Multiple Choices","301":"Moved Permanently","302":"Found","303":"See Other","304":"Not Modified","305":"Use Proxy","307":"Temporary Redirect","308":"Permanent Redirect","400":"Bad Request","401":"Unauthorized","402":"Payment Required","403":"Forbidden","404":"Not Found","405":"Method Not Allowed","406":"Not Acceptable","407":"Proxy Authentication Required","408":"Request Timeout","409":"Conflict","410":"Gone","411":"Length Required","412":"Precondition Failed","413":"Payload Too Large","414":"URI Too Long","415":"Unsupported Media Type","416":"Range Not Satisfiable","417":"Expectation Failed","418":"I'm a Teapot","421":"Misdirected Request","422":"Unprocessable Entity","423":"Locked","424":"Failed Dependency","425":"Too Early","426":"Upgrade Required","428":"Precondition Required","429":"Too Many Requests","431":"Request Header Fields Too Large","451":"Unavailable For Legal Reasons","500":"Internal Server Error","501":"Not Implemented","502":"Bad Gateway","503":"Service Unavailable","504":"Gateway Timeout","505":"HTTP Version Not Supported","506":"Variant Also Negotiates","507":"Insufficient Storage","508":"Loop Detected","509":"Bandwidth Limit Exceeded","510":"Not Extended","511":"Network Authentication Required"},"maxHeaderSize":16384,"globalAgent":{"_events":{},"_eventsCount":2,"defaultPort":80,"protocol":"http:","options":{"keepAlive":true,"scheduling":"lifo","timeout":5000,"noDelay":true,"path":null},"requests":{},"sockets":{},"freeSockets":{},"keepAliveMsecs":1000,"keepAlive":true,"maxSockets":null,"maxFreeSockets":256,"scheduling":"lifo","maxTotalSockets":null,"totalSocketCount":0}},"https:":{"globalAgent":{"_events":{},"_eventsCount":2,"defaultPort":443,"protocol":"https:","options":{"keepAlive":true,"scheduling":"lifo","timeout":5000,"noDelay":true,"path":null},"requests":{},"sockets":{},"freeSockets":{},"keepAliveMsecs":1000,"keepAlive":true,"maxSockets":null,"maxFreeSockets":256,"scheduling":"lifo","maxTotalSockets":null,"totalSocketCount":0,"maxCachedSessions":100,"_sessionCache":{"map":{},"list":[]}}}},"pathname":"/api/authenticate/byIinAndPassword"},"_ended":true,"_ending":true,"_redirectCount":0,"_redirects":[],"_requestBodyLength":96,"_requestBodyBuffers":[{"data":{"type":"Buffer","data":[123,34,99,114,101,100,101,110,116,105,97,108,115,34,58,123,34,105,105,110,34,58,34,55,57,48,49,50,53,52,48,48,51,51,54,34,44,34,112,97,115,115,119,111,114,100,34,58,34,65,119,51,49,52,49,53,57,50,54,33,34,125,44,34,111,114,103,97,110,105,122,97,116,105,111,110,88,105,110,34,58,34,55,57,48,49,50,53,52,48,48,51,51,54,34,125]}}],"_currentUrl":"https://cabinet.kofd.kz/api/authenticate/byIinAndPassword","_timeout":null}},"timeout":4000}]},"freeSockets":{},"keepAliveMsecs":1000,"keepAlive":false,"maxSockets":null,"maxFreeSockets":256,"scheduling":"lifo","maxTotalSockets":null,"totalSocketCount":2,"maxCachedSessions":100,"_sessionCache":{"map":{"cabinet.kofd.kz:443::::::::false:::::::::::::":{"type":"Buffer","data":[48,130,6,188,2,1,1,2,2,3,3,4,2,192,48,4,32,0,122,138,51,72,52,87,92,6,188,191,95,162,217,146,5,234,184,163,207,180,70,193,153,220,188,193,210,55,128,167,1,4,48,192,172,87,175,77,20,196,184,107,213,31,184,9,159,109,119,136,0,70,64,65,243,0,38,206,18,246,126,113,98,151,193,180,156,139,67,196,216,14,90,244,177,177,219,158,143,37,148,161,6,2,4,99,161,216,123,162,4,2,2,28,32,163,130,6,42,48,130,6,38,48,130,5,14,160,3,2,1,2,2,17,0,230,140,250,71,153,198,13,131,218,100,135,75,46,145,152,24,48,13,6,9,42,134,72,134,247,13,1,1,11,5,0,48,129,143,49,11,48,9,6,3,85,4,6,19,2,71,66,49,27,48,25,6,3,85,4,8,19,18,71,114,101,97,116,101,114,32,77,97,110,99,104,101,115,116,101,114,49,16,48,14,6,3,85,4,7,19,7,83,97,108,102,111,114,100,49,24,48,22,6,3,85,4,10,19,15,83,101,99,116,105,103,111,32,76,105,109,105,116,101,100,49,55,48,53,6,3,85,4,3,19,46,83,101,99,116,105,103,111,32,82,83,65,32,68,111,109,97,105,110,32,86,97,108,105,100,97,116,105,111,110,32,83,101,99,117,114,101,32,83,101,114,118,101,114,32,67,65,48,30,23,13,50,50,48,50,48,56,48,48,48,48,48,48,90,23,13,50,51,48,51,49,48,50,51,53,57,53,57,90,48,20,49,18,48,16,6,3,85,4,3,12,9,42,46,107,111,102,100,46,107,122,48,130,1,34,48,13,6,9,42,134,72,134,247,13,1,1,1,5,0,3,130,1,15,0,48,130,1,10,2,130,1,1,0,239,148,8,199,168,95,30,59,204,51,68,6,255,192,96,238,113,250,26,178,45,86,166,15,255,115,131,130,10,241,69,173,96,174,62,143,54,20,36,8,28,113,243,235,207,55,75,160,80,182,162,237,120,211,134,154,230,79,70,153,86,149,239,8,132,188,230,238,198,101,191,153,149,38,170,31,95,155,180,78,231,205,72,13,139,119,101,107,60,103,202,163,4,8,48,9,58,97,228,138,101,185,92,202,68,183,176,184,248,200,184,60,87,224,11,145,193,14,110,147,7,174,185,41,217,160,57,247,61,95,7,20,12,130,140,45,32,195,217,200,21,204,136,198,98,16,193,186,134,171,188,123,161,204,191,254,254,35,86,144,244,212,101,243,238,29,114,205,1,55,232,154,242,12,93,71,98,236,74,89,88,188,61,26,89,135,27,238,143,254,187,152,62,166,96,208,69,187,74,38,11,129,194,113,143,218,247,106,80,85,152,96,196,247,31,219,216,148,209,160,172,210,199,248,83,178,164,96,77,53,98,1,64,121,128,160,150,9,16,24,100,214,74,164,238,191,187,17,40,158,4,35,199,139,245,195,2,3,1,0,1,163,130,2,245,48,130,2,241,48,31,6,3,85,29,35,4,24,48,22,128,20,141,140,94,196,84,173,138,225,119,233,155,249,155,5,225,184,1,141,97,225,48,29,6,3,85,29,14,4,22,4,20,141,227,106,177,231,50,235,253,13,89,117,65,145,65,58,153,165,201,92,245,48,14,6,3,85,29,15,1,1,255,4,4,3,2,5,160,48,12,6,3,85,29,19,1,1,255,4,2,48,0,48,29,6,3,85,29,37,4,22,48,20,6,8,43,6,1,5,5,7,3,1,6,8,43,6,1,5,5,7,3,2,48,73,6,3,85,29,32,4,66,48,64,48,52,6,11,43,6,1,4,1,178,49,1,2,2,7,48,37,48,35,6,8,43,6,1,5,5,7,2,1,22,23,104,116,116,112,115,58,47,47,115,101,99,116,105,103,111,46,99,111,109,47,67,80,83,48,8,6,6,103,129,12,1,2,1,48,129,132,6,8,43,6,1,5,5,7,1,1,4,120,48,118,48,79,6,8,43,6,1,5,5,7,48,2,134,67,104,116,116,112,58,47,47,99,114,116,46,115,101,99,116,105,103,111,46,99,111,109,47,83,101,99,116,105,103,111,82,83,65,68,111,109,97,105,110,86,97,108,105,100,97,116,105,111,110,83,101,99,117,114,101,83,101,114,118,101,114,67,65,46,99,114,116,48,35,6,8,43,6,1,5,5,7,48,1,134,23,104,116,116,112,58,47,47,111,99,115,112,46,115,101,99,116,105,103,111,46,99,111,109,48,29,6,3,85,29,17,4,22,48,20,130,9,42,46,107,111,102,100,46,107,122,130,7,107,111,102,100,46,107,122,48,130,1,127,6,10,43,6,1,4,1,214,121,2,4,2,4,130,1,111,4,130,1,107,1,105,0,119,0,173,247,190,250,124,255,16,200,139,157,61,156,30,62,24,106,180,103,41,93,207,177,12,36,202,133,134,52,235,220,130,138,0,0,1,126,216,78,38,193,0,0,4,3,0,72,48,70,2,33,0,245,223,102,14,91,49,157,44,238,246,187,111,3,208,205,227,58,139,79,180,174,136,247,21,74,43,232,247,174,255,160,70,2,33,0,206,255,12,100,22,23,181,241,197,86,243,143,107,132,18,59,167,68,133,44,127,235,1,116,61,73,125,237,141,155,109,158,0,118,0,122,50,140,84,216,183,45,182,32,234,56,224,82,30,233,132,22,112,50,19,133,77,59,210,43,193,58,87,163,82,235,82,0,0,1,126,216,78,38,140,0,0,4,3,0,71,48,69,2,32,93,136,148,73,31,106,142,207,93,100,128,134,202,250,87,131,0,201,225,116,222,126,44,93,155,210,94,66,101,8,138,86,2,33,0,254,61,95,221,15,157,238,212,252,91,179,125,227,143,85,221,54,191,115,60,248,179,50,204,122,112,35,116,202,51,210,191,0,118,0,232,62,208,218,62,245,6,53,50,231,87,40,188,137,107,201,3,211,203,209,17,107,236,235,105,225,119,125,109,6,189,110,0,0,1,126,216,78,38,99,0,0,4,3,0,71,48,69,2,33,0,205,48,15,85,249,241,26,67,50,43,173,165,170,22,29,215,30,224,6,15,106,66,197,169,23,46,73,91,217,45,214,52,2,32,21,79,113,119,87,36,23,156,166,146,90,91,74,186,177,5,164,244,231,127,154,142,124,79,122,67,56,30,139,27,141,71,48,13,6,9,42,134,72,134,247,13,1,1,11,5,0,3,130,1,1,0,140,183,102,198,170,136,228,117,35,209,203,50,131,110,220,158,228,49,57,242,105,213,235,121,52,175,43,11,111,31,50,78,41,47,58,93,86,69,196,188,166,224,145,94,204,209,242,148,168,167,80,169,242,117,119,156,192,185,212,143,159,234,17,242,33,230,109,213,217,143,53,221,158,130,181,30,98,219,238,9,207,208,240,103,66,230,145,106,47,33,105,232,115,219,229,239,173,69,39,106,243,146,255,20,204,191,197,94,5,243,43,206,236,0,10,8,80,219,220,112,179,132,80,150,69,233,97,120,106,156,38,37,194,212,14,105,3,112,58,66,161,214,36,43,185,63,99,76,74,200,173,20,4,195,113,8,218,30,174,164,146,43,57,200,168,245,245,96,200,10,198,41,98,249,215,206,69,76,47,27,188,226,206,168,177,150,240,196,11,18,169,118,58,126,249,234,234,199,19,188,76,11,79,39,98,89,211,135,79,236,26,28,124,212,55,89,191,180,28,54,255,6,76,38,30,162,120,190,29,104,184,108,22,166,22,241,240,217,145,80,228,152,75,65,243,63,230,184,25,59,42,99,180,44,63,162,164,2,4,0,165,3,2,1,21,166,17,4,15,99,97,98,105,110,101,116,46,107,111,102,100,46,107,122,179,3,2,1,23]}},"list":["cabinet.kofd.kz:443::::::::false:::::::::::::"]}}},"code":"ECONNABORTED","status":null},"point":"getJWT"}
{"date":"2022-12-20T15:45:02.971Z","text":"Error: AxiosError: timeout of 4000ms exceeded\n    at getJWT (/home/almas/js-kofd/get/api.js:63:11)\n    at async Promise.all (index 0)","point":"getTransaction"}
{"date":"2022-12-20T15:47:36.972Z","text":{"code":5,"text":"Организация не имеет доступа к некоторым из указанных касс"},"point":"getData"}
{"date":"2022-12-20T15:47:36.974Z","text":{"code":5,"text":"Организация не имеет доступа к некоторым из указанных касс"},"point":"getData"}
{"date":"2022-12-20T15:47:37.006Z","text":{"code":5,"text":"Организация не имеет доступа к некоторым из указанных касс"},"point":"getData"}
{"date":"2022-12-20T15:47:37.008Z","text":{"code":5,"text":"Организация не имеет доступа к некоторым из указанных касс"},"point":"getData"}
{"date":"2022-12-20T15:47:37.009Z","text":"TypeError: Cannot read properties of undefined (reading 'data')\n    at /home/almas/js-kofd/get/load.js:55:32\n    at Array.forEach (<anonymous>)\n    at /home/almas/js-kofd/get/load.js:54:14","point":"getTransaction"}
{"date":"2022-12-20T15:50:37.868Z","text":{"code":5,"text":"Организация не имеет доступа к некоторым из указанных касс"},"point":"getData"}
{"date":"2022-12-20T15:50:37.868Z","text":{"code":5,"text":"Организация не имеет доступа к некоторым из указанных касс"},"point":"getData"}
{"date":"2022-12-20T15:50:37.901Z","text":{"code":5,"text":"Организация не имеет доступа к некоторым из указанных касс"},"point":"getData"}
{"date":"2022-12-20T15:50:37.901Z","text":{"code":5,"text":"Организация не имеет доступа к некоторым из указанных касс"},"point":"getData"}
{"date":"2022-12-20T15:50:37.902Z","text":"TypeError: Cannot read properties of undefined (reading 'data')\n    at /home/almas/js-kofd/get/load.js:56:32\n    at Array.forEach (<anonymous>)\n    at /home/almas/js-kofd/get/load.js:55:14","point":"getTransaction"}
{"date":"2022-12-20T15:53:34.594Z","text":{},"point":"getData"}
{"date":"2022-12-20T15:53:34.595Z","text":"Error: ReferenceError: kassa_id is not defined\n    at getTransaction (/home/almas/js-kofd/get/api.js:107:13)\n    at async Promise.all (index 0)","point":"getTransaction"}
{"date":"2022-12-20T15:53:34.660Z","text":{},"point":"getData"}
{"date":"2022-12-20T15:53:34.765Z","text":{},"point":"getData"}
{"date":"2022-12-20T15:53:35.248Z","text":{},"point":"getData"}
{"date":"2022-12-20T15:55:30.097Z","text":{},"point":"getData"}
{"date":"2022-12-20T15:55:30.098Z","text":"Error: ReferenceError: kassa_id is not defined\n    at getTransaction (/home/almas/js-kofd/get/api.js:107:13)\n    at async Promise.all (index 0)","point":"getTransaction"}
{"date":"2022-12-20T15:55:30.179Z","text":{},"point":"getData"}
{"date":"2022-12-20T15:55:30.261Z","text":{},"point":"getData"}
{"date":"2022-12-20T15:55:30.329Z","text":{},"point":"getData"}
{"date":"2022-12-20T15:56:22.819Z","text":"ReferenceError: element is not defined\n    at /home/almas/js-kofd/get/load.js:59:51\n    at Array.forEach (<anonymous>)\n    at /home/almas/js-kofd/get/load.js:55:14\n    at process.processTicksAndRejections (node:internal/process/task_queues:95:5)","point":"getTransaction"}
{"date":"2022-12-21T03:17:27.576Z","text":"TypeError: [0,1] is not a constructor\n    at /home/almas/js-kofd/get/load.js:178:38\n    at Array.forEach (<anonymous>)\n    at summaryData (/home/almas/js-kofd/get/load.js:172:12)\n    at /home/almas/js-kofd/get/load.js:57:11\n    at Array.forEach (<anonymous>)\n    at /home/almas/js-kofd/get/load.js:55:14\n    at process.processTicksAndRejections (node:internal/process/task_queues:95:5)","point":"getTransaction"}
{"date":"2022-12-21T03:25:54.688Z","text":{"message":"timeout of 2000ms exceeded","name":"AxiosError","stack":"AxiosError: timeout of 2000ms exceeded\n    at RedirectableRequest.handleRequestTimeout (/home/almas/js-kofd/node_modules/axios/dist/node/axios.cjs:2770:16)\n    at RedirectableRequest.emit (node:events:513:28)\n    at Timeout.<anonymous> (/home/almas/js-kofd/node_modules/follow-redirects/index.js:169:12)\n    at listOnTimeout (node:internal/timers:564:17)\n    at process.processTimers (node:internal/timers:507:7)","config":{"transitional":{"silentJSONParsing":true,"forcedJSONParsing":true,"clarifyTimeoutError":false},"adapter":["xhr","http"],"transformRequest":[null],"transformResponse":[null],"timeout":2000,"xsrfCookieName":"XSRF-TOKEN","xsrfHeaderName":"X-XSRF-TOKEN","maxContentLength":-1,"maxBodyLength":-1,"env":{},"headers":{"Accept":"application/json, text/plain, */*","Content-Type":"application/json","Authorization":"Bearer eyJhbGciOiJIUzI1NiIsInR5cCI6IkpXVCJ9.eyJodHRwOi8vc2NoZW1hcy54bWxzb2FwLm9yZy93cy8yMDA1LzA1L2lkZW50aXR5L2NsYWltcy9uYW1lIjoiSUlONzkwMTI1NDAwMzM2IiwiT3JnYW5pemF0aW9uWGluIjoiNzkwMTI1NDAwMzM2IiwiUHJvZmlsZUlkIjoiNTMwMyIsIlByb2ZpbGVJaW4iOiI3OTAxMjU0MDAzMzYiLCJodHRwOi8vc2NoZW1hcy5taWNyb3NvZnQuY29tL3dzLzIwMDgvMDYvaWRlbnRpdHkvY2xhaW1zL3JvbGUiOlsiMCIsIjEiLCIyIiwiMyIsIjQiLCI1IiwiNiIsIjgiLCI5IiwiNyIsIjExIiwiMTIiLCIxMyIsIjEwIiwiMjAiLCIyMSIsIjIyIl0sIm5iZiI6MTY3MTU5MzE1MiwiZXhwIjoxNjcxNTk2NzUyLCJpc3MiOiJLYXpUcmFuc2NvbSIsImF1ZCI6Imh0dHBzOi8vY2FiaW5ldC5rb2ZkLmt6In0.qvRI9F9ZckU8K6Zh986AmxsdT6-r__s_PXEWp5sXfl0","User-Agent":"axios/1.2.1","Accept-Encoding":"gzip, compress, deflate, br"},"method":"get","url":"https://cabinet.kofd.kz/api/operations?&requireTotalCount=true&sort=%5B%7B%22selector%22%3A%22operationDate%22%2C%22desc%22%3Atrue%7D%5D&filter=%5B%5B%22operationDate%22%2C%22%3E=%22%2C%222022-12-01T00%3A00%3A00.000%2B06%3A00%22%5D%2C%22and%22%2C%5B%22operationDate%22%2C%22%3C=%22%2C%222022-12-31T23%3A59%3A59.999%2B06%3A00%22%5D%5D&cashboxId=8247","httpsAgent":{"_events":{},"_eventsCount":2,"defaultPort":443,"protocol":"https:","options":{"rejectUnauthorized":false,"noDelay":true,"path":null},"requests":{},"sockets":{"cabinet.kofd.kz:443::::::::false:::::::::::::":[{"_tlsOptions":{"pipe":false,"secureContext":{"context":{}},"isServer":false,"requestCert":true,"rejectUnauthorized":false,"session":{"type":"Buffer","data":[48,130,6,188,2,1,1,2,2,3,3,4,2,192,48,4,32,185,66,230,112,147,159,35,171,210,213,164,169,0,54,95,180,79,53,205,233,244,220,150,246,226,159,114,52,85,124,50,14,4,48,26,88,207,132,235,152,35,250,232,148,8,114,228,118,52,54,253,187,58,183,55,21,86,111,198,253,24,23,106,211,178,198,225,216,204,84,54,181,116,72,205,51,169,24,183,186,130,177,161,6,2,4,99,162,124,192,162,4,2,2,28,32,163,130,6,42,48,130,6,38,48,130,5,14,160,3,2,1,2,2,17,0,230,140,250,71,153,198,13,131,218,100,135,75,46,145,152,24,48,13,6,9,42,134,72,134,247,13,1,1,11,5,0,48,129,143,49,11,48,9,6,3,85,4,6,19,2,71,66,49,27,48,25,6,3,85,4,8,19,18,71,114,101,97,116,101,114,32,77,97,110,99,104,101,115,116,101,114,49,16,48,14,6,3,85,4,7,19,7,83,97,108,102,111,114,100,49,24,48,22,6,3,85,4,10,19,15,83,101,99,116,105,103,111,32,76,105,109,105,116,101,100,49,55,48,53,6,3,85,4,3,19,46,83,101,99,116,105,103,111,32,82,83,65,32,68,111,109,97,105,110,32,86,97,108,105,100,97,116,105,111,110,32,83,101,99,117,114,101,32,83,101,114,118,101,114,32,67,65,48,30,23,13,50,50,48,50,48,56,48,48,48,48,48,48,90,23,13,50,51,48,51,49,48,50,51,53,57,53,57,90,48,20,49,18,48,16,6,3,85,4,3,12,9,42,46,107,111,102,100,46,107,122,48,130,1,34,48,13,6,9,42,134,72,134,247,13,1,1,1,5,0,3,130,1,15,0,48,130,1,10,2,130,1,1,0,239,148,8,199,168,95,30,59,204,51,68,6,255,192,96,238,113,250,26,178,45,86,166,15,255,115,131,130,10,241,69,173,96,174,62,143,54,20,36,8,28,113,243,235,207,55,75,160,80,182,162,237,120,211,134,154,230,79,70,153,86,149,239,8,132,188,230,238,198,101,191,153,149,38,170,31,95,155,180,78,231,205,72,13,139,119,101,107,60,103,202,163,4,8,48,9,58,97,228,138,101,185,92,202,68,183,176,184,248,200,184,60,87,224,11,145,193,14,110,147,7,174,185,41,217,160,57,247,61,95,7,20,12,130,140,45,32,195,217,200,21,204,136,198,98,16,193,186,134,171,188,123,161,204,191,254,254,35,86,144,244,212,101,243,238,29,114,205,1,55,232,154,242,12,93,71,98,236,74,89,88,188,61,26,89,135,27,238,143,254,187,152,62,166,96,208,69,187,74,38,11,129,194,113,143,218,247,106,80,85,152,96,196,247,31,219,216,148,209,160,172,210,199,248,83,178,164,96,77,53,98,1,64,121,128,160,150,9,16,24,100,214,74,164,238,191,187,17,40,158,4,35,199,139,245,195,2,3,1,0,1,163,130,2,245,48,130,2,241,48,31,6,3,85,29,35,4,24,48,22,128,20,141,140,94,196,84,173,138,225,119,233,155,249,155,5,225,184,1,141,97,225,48,29,6,3,85,29,14,4,22,4,20,141,227,106,177,231,50,235,253,13,89,117,65,145,65,58,153,165,201,92,245,48,14,6,3,85,29,15,1,1,255,4,4,3,2,5,160,48,12,6,3,85,29,19,1,1,255,4,2,48,0,48,29,6,3,85,29,37,4,22,48,20,6,8,43,6,1,5,5,7,3,1,6,8,43,6,1,5,5,7,3,2,48,73,6,3,85,29,32,4,66,48,64,48,52,6,11,43,6,1,4,1,178,49,1,2,2,7,48,37,48,35,6,8,43,6,1,5,5,7,2,1,22,23,104,116,116,112,115,58,47,47,115,101,99,116,105,103,111,46,99,111,109,47,67,80,83,48,8,6,6,103,129,12,1,2,1,48,129,132,6,8,43,6,1,5,5,7,1,1,4,120,48,118,48,79,6,8,43,6,1,5,5,7,48,2,134,67,104,116,116,112,58,47,47,99,114,116,46,115,101,99,116,105,103,111,46,99,111,109,47,83,101,99,116,105,103,111,82,83,65,68,111,109,97,105,110,86,97,108,105,100,97,116,105,111,110,83,101,99,117,114,101,83,101,114,118,101,114,67,65,46,99,114,116,48,35,6,8,43,6,1,5,5,7,48,1,134,23,104,116,116,112,58,47,47,111,99,115,112,46,115,101,99,116,105,103,111,46,99,111,109,48,29,6,3,85,29,17,4,22,48,20,130,9,42,46,107,111,102,100,46,107,122,130,7,107,111,102,100,46,107,122,48,130,1,127,6,10,43,6,1,4,1,214,121,2,4,2,4,130,1,111,4,130,1,107,1,105,0,119,0,173,247,190,250,124,255,16,200,139,157,61,156,30,62,24,106,180,103,41,93,207,177,12,36,202,133,134,52,235,220,130,138,0,0,1,126,216,78,38,193,0,0,4,3,0,72,48,70,2,33,0,245,223,102,14,91,49,157,44,238,246,187,111,3,208,205,227,58,139,79,180,174,136,247,21,74,43,232,247,174,255,160,70,2,33,0,206,255,12,100,22,23,181,241,197,86,243,143,107,132,18,59,167,68,133,44,127,235,1,116,61,73,125,237,141,155,109,158,0,118,0,122,50,140,84,216,183,45,182,32,234,56,224,82,30,233,132,22,112,50,19,133,77,59,210,43,193,58,87,163,82,235,82,0,0,1,126,216,78,38,140,0,0,4,3,0,71,48,69,2,32,93,136,148,73,31,106,142,207,93,100,128,134,202,250,87,131,0,201,225,116,222,126,44,93,155,210,94,66,101,8,138,86,2,33,0,254,61,95,221,15,157,238,212,252,91,179,125,227,143,85,221,54,191,115,60,248,179,50,204,122,112,35,116,202,51,210,191,0,118,0,232,62,208,218,62,245,6,53,50,231,87,40,188,137,107,201,3,211,203,209,17,107,236,235,105,225,119,125,109,6,189,110,0,0,1,126,216,78,38,99,0,0,4,3,0,71,48,69,2,33,0,205,48,15,85,249,241,26,67,50,43,173,165,170,22,29,215,30,224,6,15,106,66,197,169,23,46,73,91,217,45,214,52,2,32,21,79,113,119,87,36,23,156,166,146,90,91,74,186,177,5,164,244,231,127,154,142,124,79,122,67,56,30,139,27,141,71,48,13,6,9,42,134,72,134,247,13,1,1,11,5,0,3,130,1,1,0,140,183,102,198,170,136,228,117,35,209,203,50,131,110,220,158,228,49,57,242,105,213,235,121,52,175,43,11,111,31,50,78,41,47,58,93,86,69,196,188,166,224,145,94,204,209,242,148,168,167,80,169,242,117,119,156,192,185,212,143,159,234,17,242,33,230,109,213,217,143,53,221,158,130,181,30,98,219,238,9,207,208,240,103,66,230,145,106,47,33,105,232,115,219,229,239,173,69,39,106,243,146,255,20,204,191,197,94,5,243,43,206,236,0,10,8,80,219,220,112,179,132,80,150,69,233,97,120,106,156,38,37,194,212,14,105,3,112,58,66,161,214,36,43,185,63,99,76,74,200,173,20,4,195,113,8,218,30,174,164,146,43,57,200,168,245,245,96,200,10,198,41,98,249,215,206,69,76,47,27,188,226,206,168,177,150,240,196,11,18,169,118,58,126,249,234,234,199,19,188,76,11,79,39,98,89,211,135,79,236,26,28,124,212,55,89,191,180,28,54,255,6,76,38,30,162,120,190,29,104,184,108,22,166,22,241,240,217,145,80,228,152,75,65,243,63,230,184,25,59,42,99,180,44,63,162,164,2,4,0,165,3,2,1,21,166,17,4,15,99,97,98,105,110,101,116,46,107,111,102,100,46,107,122,179,3,2,1,23]}},"_secureEstablished":true,"_securePending":false,"_newSessionPending":false,"_controlReleased":true,"secureConnecting":false,"_SNICallback":null,"servername":"cabinet.kofd.kz","alpnProtocol":false,"authorized":false,"authorizationError":"UNABLE_TO_VERIFY_LEAF_SIGNATURE","encrypted":true,"_events":{"close":[null,null,null,null],"end":[null,null],"timeout":[null,null]},"_eventsCount":11,"connecting":false,"_hadError":false,"_parent":null,"_host":"cabinet.kofd.kz","_closeAfterHandlingError":false,"_readableState":{"objectMode":false,"highWaterMark":16384,"buffer":{"head":null,"tail":null,"length":0},"length":0,"pipes":[],"flowing":true,"ended":false,"endEmitted":false,"reading":true,"constructed":true,"sync":false,"needReadable":true,"emittedReadable":false,"readableListening":false,"resumeScheduled":false,"errorEmitted":false,"emitClose":false,"autoDestroy":true,"destroyed":false,"errored":null,"closed":false,"closeEmitted":false,"defaultEncoding":"utf8","awaitDrainWriters":null,"multiAwaitDrain":false,"readingMore":false,"dataEmitted":false,"decoder":null,"encoding":null},"_writableState":{"objectMode":false,"highWaterMark":16384,"finalCalled":false,"needDrain":false,"ending":false,"ended":false,"finished":false,"destroyed":false,"decodeStrings":false,"defaultEncoding":"utf8","length":0,"writing":false,"corked":0,"sync":false,"bufferProcessing":false,"writecb":null,"writelen":0,"afterWriteTickInfo":null,"buffered":[],"bufferedIndex":0,"allBuffers":true,"allNoop":true,"pendingcb":0,"constructed":true,"prefinished":false,"errorEmitted":false,"emitClose":false,"autoDestroy":true,"errored":null,"closed":false,"closeEmitted":false},"allowHalfOpen":false,"_sockname":null,"_pendingData":null,"_pendingEncoding":"","_server":null,"ssl":{"_parent":{"reading":true,"onconnection":null},"_secureContext":{"context":{}},"reading":true},"_requestCert":true,"_rejectUnauthorized":false,"parser":{"0":null,"5":null,"6":null,"_headers":[],"_url":"","incoming":null,"outgoing":{"_events":{},"_eventsCount":7,"outputData":[],"outputSize":0,"writable":true,"destroyed":false,"_last":true,"chunkedEncoding":false,"shouldKeepAlive":false,"maxRequestsOnConnectionReached":false,"_defaultKeepAlive":true,"useChunkedEncodingByDefault":false,"sendDate":false,"_removedConnection":false,"_removedContLen":false,"_removedTE":false,"strictContentLength":false,"_contentLength":0,"_hasBody":true,"_trailer":"","finished":true,"_headerSent":true,"_closed":false,"_header":"GET /api/operations?&requireTotalCount=true&sort=%5B%7B%22selector%22%3A%22operationDate%22%2C%22desc%22%3Atrue%7D%5D&filter=%5B%5B%22operationDate%22%2C%22%3E=%22%2C%222022-12-01T00%3A00%3A00.000%2B06%3A00%22%5D%2C%22and%22%2C%5B%22operationDate%22%2C%22%3C=%22%2C%222022-12-31T23%3A59%3A59.999%2B06%3A00%22%5D%5D&cashboxId=8247 HTTP/1.1\r\nAccept: application/json, text/plain, */*\r\nContent-Type: application/json\r\nAuthorization: Bearer eyJhbGciOiJIUzI1NiIsInR5cCI6IkpXVCJ9.eyJodHRwOi8vc2NoZW1hcy54bWxzb2FwLm9yZy93cy8yMDA1LzA1L2lkZW50aXR5L2NsYWltcy9uYW1lIjoiSUlONzkwMTI1NDAwMzM2IiwiT3JnYW5pemF0aW9uWGluIjoiNzkwMTI1NDAwMzM2IiwiUHJvZmlsZUlkIjoiNTMwMyIsIlByb2ZpbGVJaW4iOiI3OTAxMjU0MDAzMzYiLCJodHRwOi8vc2NoZW1hcy5taWNyb3NvZnQuY29tL3dzLzIwMDgvMDYvaWRlbnRpdHkvY2xhaW1zL3JvbGUiOlsiMCIsIjEiLCIyIiwiMyIsIjQiLCI1IiwiNiIsIjgiLCI5IiwiNyIsIjExIiwiMTIiLCIxMyIsIjEwIiwiMjAiLCIyMSIsIjIyIl0sIm5iZiI6MTY3MTU5MzE1MiwiZXhwIjoxNjcxNTk2NzUyLCJpc3MiOiJLYXpUcmFuc2NvbSIsImF1ZCI6Imh0dHBzOi8vY2FiaW5ldC5rb2ZkLmt6In0.qvRI9F9ZckU8K6Zh986AmxsdT6-r__s_PXEWp5sXfl0\r\nUser-Agent: axios/1.2.1\r\nAccept-Encoding: gzip, compress, deflate, br\r\nHost: cabinet.kofd.kz\r\nConnection: close\r\n\r\n","_keepAliveTimeout":0,"method":"GET","path":"/api/operations?&requireTotalCount=true&sort=%5B%7B%22selector%22%3A%22operationDate%22%2C%22desc%22%3Atrue%7D%5D&filter=%5B%5B%22operationDate%22%2C%22%3E=%22%2C%222022-12-01T00%3A00%3A00.000%2B06%3A00%22%5D%2C%22and%22%2C%5B%22operationDate%22%2C%22%3C=%22%2C%222022-12-31T23%3A59%3A59.999%2B06%3A00%22%5D%5D&cashboxId=8247","_ended":false,"res":null,"aborted":false,"timeoutCb":null,"upgradeOrConnect":false,"maxHeadersCount":null,"reusedSocket":false,"host":"cabinet.kofd.kz","protocol":"https:","_redirectable":{"_writableState":{"objectMode":false,"highWaterMark":16384,"finalCalled":false,"needDrain":false,"ending":false,"ended":false,"finished":false,"destroyed":false,"decodeStrings":true,"defaultEncoding":"utf8","length":0,"writing":false,"corked":0,"sync":true,"bufferProcessing":false,"writecb":null,"writelen":0,"afterWriteTickInfo":null,"buffered":[],"bufferedIndex":0,"allBuffers":true,"allNoop":true,"pendingcb":0,"constructed":true,"prefinished":false,"errorEmitted":false,"emitClose":true,"autoDestroy":true,"errored":null,"closed":false,"closeEmitted":false},"_events":{"socket":[null,null]},"_eventsCount":3,"_options":{"maxRedirects":21,"maxBodyLength":null,"protocol":"https:","path":"/api/operations?&requireTotalCount=true&sort=%5B%7B%22selector%22%3A%22operationDate%22%2C%22desc%22%3Atrue%7D%5D&filter=%5B%5B%22operationDate%22%2C%22%3E=%22%2C%222022-12-01T00%3A00%3A00.000%2B06%3A00%22%5D%2C%22and%22%2C%5B%22operationDate%22%2C%22%3C=%22%2C%222022-12-31T23%3A59%3A59.999%2B06%3A00%22%5D%5D&cashboxId=8247","method":"GET","headers":{"Accept":"application/json, text/plain, */*","Content-Type":"application/json","Authorization":"Bearer eyJhbGciOiJIUzI1NiIsInR5cCI6IkpXVCJ9.eyJodHRwOi8vc2NoZW1hcy54bWxzb2FwLm9yZy93cy8yMDA1LzA1L2lkZW50aXR5L2NsYWltcy9uYW1lIjoiSUlONzkwMTI1NDAwMzM2IiwiT3JnYW5pemF0aW9uWGluIjoiNzkwMTI1NDAwMzM2IiwiUHJvZmlsZUlkIjoiNTMwMyIsIlByb2ZpbGVJaW4iOiI3OTAxMjU0MDAzMzYiLCJodHRwOi8vc2NoZW1hcy5taWNyb3NvZnQuY29tL3dzLzIwMDgvMDYvaWRlbnRpdHkvY2xhaW1zL3JvbGUiOlsiMCIsIjEiLCIyIiwiMyIsIjQiLCI1IiwiNiIsIjgiLCI5IiwiNyIsIjExIiwiMTIiLCIxMyIsIjEwIiwiMjAiLCIyMSIsIjIyIl0sIm5iZiI6MTY3MTU5MzE1MiwiZXhwIjoxNjcxNTk2NzUyLCJpc3MiOiJLYXpUcmFuc2NvbSIsImF1ZCI6Imh0dHBzOi8vY2FiaW5ldC5rb2ZkLmt6In0.qvRI9F9ZckU8K6Zh986AmxsdT6-r__s_PXEWp5sXfl0","User-Agent":"axios/1.2.1","Accept-Encoding":"gzip, compress, deflate, br"},"agents":{},"beforeRedirects":{},"hostname":"cabinet.kofd.kz","port":"","nativeProtocols":{"http:":{"METHODS":["ACL","BIND","CHECKOUT","CONNECT","COPY","DELETE","GET","HEAD","LINK","LOCK","M-SEARCH","MERGE","MKACTIVITY","MKCALENDAR","MKCOL","MOVE","NOTIFY","OPTIONS","PATCH","POST","PROPFIND","PROPPATCH","PURGE","PUT","REBIND","REPORT","SEARCH","SOURCE","SUBSCRIBE","TRACE","UNBIND","UNLINK","UNLOCK","UNSUBSCRIBE"],"STATUS_CODES":{"100":"Continue","101":"Switching Protocols","102":"Processing","103":"Early Hints","200":"OK","201":"Created","202":"Accepted","203":"Non-Authoritative Information","204":"No Content","205":"Reset Content","206":"Partial Content","207":"Multi-Status","208":"Already Reported","226":"IM Used","300":"Multiple Choices","301":"Moved Permanently","302":"Found","303":"See Other","304":"Not Modified","305":"Use Proxy","307":"Temporary Redirect","308":"Permanent Redirect","400":"Bad Request","401":"Unauthorized","402":"Payment Required","403":"Forbidden","404":"Not Found","405":"Method Not Allowed","406":"Not Acceptable","407":"Proxy Authentication Required","408":"Request Timeout","409":"Conflict","410":"Gone","411":"Length Required","412":"Precondition Failed","413":"Payload Too Large","414":"URI Too Long","415":"Unsupported Media Type","416":"Range Not Satisfiable","417":"Expectation Failed","418":"I'm a Teapot","421":"Misdirected Request","422":"Unprocessable Entity","423":"Locked","424":"Failed Dependency","425":"Too Early","426":"Upgrade Required","428":"Precondition Required","429":"Too Many Requests","431":"Request Header Fields Too Large","451":"Unavailable For Legal Reasons","500":"Internal Server Error","501":"Not Implemented","502":"Bad Gateway","503":"Service Unavailable","504":"Gateway Timeout","505":"HTTP Version Not Supported","506":"Variant Also Negotiates","507":"Insufficient Storage","508":"Loop Detected","509":"Bandwidth Limit Exceeded","510":"Not Extended","511":"Network Authentication Required"},"maxHeaderSize":16384,"globalAgent":{"_events":{},"_eventsCount":2,"defaultPort":80,"protocol":"http:","options":{"keepAlive":true,"scheduling":"lifo","timeout":5000,"noDelay":true,"path":null},"requests":{},"sockets":{},"freeSockets":{},"keepAliveMsecs":1000,"keepAlive":true,"maxSockets":null,"maxFreeSockets":256,"scheduling":"lifo","maxTotalSockets":null,"totalSocketCount":0}},"https:":{"globalAgent":{"_events":{},"_eventsCount":2,"defaultPort":443,"protocol":"https:","options":{"keepAlive":true,"scheduling":"lifo","timeout":5000,"noDelay":true,"path":null},"requests":{},"sockets":{},"freeSockets":{},"keepAliveMsecs":1000,"keepAlive":true,"maxSockets":null,"maxFreeSockets":256,"scheduling":"lifo","maxTotalSockets":null,"totalSocketCount":0,"maxCachedSessions":100,"_sessionCache":{"map":{},"list":[]}}}},"pathname":"/api/operations","search":"?&requireTotalCount=true&sort=%5B%7B%22selector%22%3A%22operationDate%22%2C%22desc%22%3Atrue%7D%5D&filter=%5B%5B%22operationDate%22%2C%22%3E=%22%2C%222022-12-01T00%3A00%3A00.000%2B06%3A00%22%5D%2C%22and%22%2C%5B%22operationDate%22%2C%22%3C=%22%2C%222022-12-31T23%3A59%3A59.999%2B06%3A00%22%5D%5D&cashboxId=8247"},"_ended":true,"_ending":true,"_redirectCount":0,"_redirects":[],"_requestBodyLength":0,"_requestBodyBuffers":[],"_currentUrl":"https://cabinet.kofd.kz/api/operations?&requireTotalCount=true&sort=%5B%7B%22selector%22%3A%22operationDate%22%2C%22desc%22%3Atrue%7D%5D&filter=%5B%5B%22operationDate%22%2C%22%3E=%22%2C%222022-12-01T00%3A00%3A00.000%2B06%3A00%22%5D%2C%22and%22%2C%5B%22operationDate%22%2C%22%3C=%22%2C%222022-12-31T23%3A59%3A59.999%2B06%3A00%22%5D%5D&cashboxId=8247","_timeout":null}},"maxHeaderPairs":2000,"_consumed":false},"_httpMessage":{"_events":{},"_eventsCount":7,"outputData":[],"outputSize":0,"writable":true,"destroyed":false,"_last":true,"chunkedEncoding":false,"shouldKeepAlive":false,"maxRequestsOnConnectionReached":false,"_defaultKeepAlive":true,"useChunkedEncodingByDefault":false,"sendDate":false,"_removedConnection":false,"_removedContLen":false,"_removedTE":false,"strictContentLength":false,"_contentLength":0,"_hasBody":true,"_trailer":"","finished":true,"_headerSent":true,"_closed":false,"_header":"GET /api/operations?&requireTotalCount=true&sort=%5B%7B%22selector%22%3A%22operationDate%22%2C%22desc%22%3Atrue%7D%5D&filter=%5B%5B%22operationDate%22%2C%22%3E=%22%2C%222022-12-01T00%3A00%3A00.000%2B06%3A00%22%5D%2C%22and%22%2C%5B%22operationDate%22%2C%22%3C=%22%2C%222022-12-31T23%3A59%3A59.999%2B06%3A00%22%5D%5D&cashboxId=8247 HTTP/1.1\r\nAccept: application/json, text/plain, */*\r\nContent-Type: application/json\r\nAuthorization: Bearer eyJhbGciOiJIUzI1NiIsInR5cCI6IkpXVCJ9.eyJodHRwOi8vc2NoZW1hcy54bWxzb2FwLm9yZy93cy8yMDA1LzA1L2lkZW50aXR5L2NsYWltcy9uYW1lIjoiSUlONzkwMTI1NDAwMzM2IiwiT3JnYW5pemF0aW9uWGluIjoiNzkwMTI1NDAwMzM2IiwiUHJvZmlsZUlkIjoiNTMwMyIsIlByb2ZpbGVJaW4iOiI3OTAxMjU0MDAzMzYiLCJodHRwOi8vc2NoZW1hcy5taWNyb3NvZnQuY29tL3dzLzIwMDgvMDYvaWRlbnRpdHkvY2xhaW1zL3JvbGUiOlsiMCIsIjEiLCIyIiwiMyIsIjQiLCI1IiwiNiIsIjgiLCI5IiwiNyIsIjExIiwiMTIiLCIxMyIsIjEwIiwiMjAiLCIyMSIsIjIyIl0sIm5iZiI6MTY3MTU5MzE1MiwiZXhwIjoxNjcxNTk2NzUyLCJpc3MiOiJLYXpUcmFuc2NvbSIsImF1ZCI6Imh0dHBzOi8vY2FiaW5ldC5rb2ZkLmt6In0.qvRI9F9ZckU8K6Zh986AmxsdT6-r__s_PXEWp5sXfl0\r\nUser-Agent: axios/1.2.1\r\nAccept-Encoding: gzip, compress, deflate, br\r\nHost: cabinet.kofd.kz\r\nConnection: close\r\n\r\n","_keepAliveTimeout":0,"method":"GET","path":"/api/operations?&requireTotalCount=true&sort=%5B%7B%22selector%22%3A%22operationDate%22%2C%22desc%22%3Atrue%7D%5D&filter=%5B%5B%22operationDate%22%2C%22%3E=%22%2C%222022-12-01T00%3A00%3A00.000%2B06%3A00%22%5D%2C%22and%22%2C%5B%22operationDate%22%2C%22%3C=%22%2C%222022-12-31T23%3A59%3A59.999%2B06%3A00%22%5D%5D&cashboxId=8247","_ended":false,"res":null,"aborted":false,"timeoutCb":null,"upgradeOrConnect":false,"parser":{"0":null,"5":null,"6":null,"_headers":[],"_url":"","incoming":null,"maxHeaderPairs":2000,"_consumed":false},"maxHeadersCount":null,"reusedSocket":false,"host":"cabinet.kofd.kz","protocol":"https:","_redirectable":{"_writableState":{"objectMode":false,"highWaterMark":16384,"finalCalled":false,"needDrain":false,"ending":false,"ended":false,"finished":false,"destroyed":false,"decodeStrings":true,"defaultEncoding":"utf8","length":0,"writing":false,"corked":0,"sync":true,"bufferProcessing":false,"writecb":null,"writelen":0,"afterWriteTickInfo":null,"buffered":[],"bufferedIndex":0,"allBuffers":true,"allNoop":true,"pendingcb":0,"constructed":true,"prefinished":false,"errorEmitted":false,"emitClose":true,"autoDestroy":true,"errored":null,"closed":false,"closeEmitted":false},"_events":{"socket":[null,null]},"_eventsCount":3,"_options":{"maxRedirects":21,"maxBodyLength":null,"protocol":"https:","path":"/api/operations?&requireTotalCount=true&sort=%5B%7B%22selector%22%3A%22operationDate%22%2C%22desc%22%3Atrue%7D%5D&filter=%5B%5B%22operationDate%22%2C%22%3E=%22%2C%222022-12-01T00%3A00%3A00.000%2B06%3A00%22%5D%2C%22and%22%2C%5B%22operationDate%22%2C%22%3C=%22%2C%222022-12-31T23%3A59%3A59.999%2B06%3A00%22%5D%5D&cashboxId=8247","method":"GET","headers":{"Accept":"application/json, text/plain, */*","Content-Type":"application/json","Authorization":"Bearer eyJhbGciOiJIUzI1NiIsInR5cCI6IkpXVCJ9.eyJodHRwOi8vc2NoZW1hcy54bWxzb2FwLm9yZy93cy8yMDA1LzA1L2lkZW50aXR5L2NsYWltcy9uYW1lIjoiSUlONzkwMTI1NDAwMzM2IiwiT3JnYW5pemF0aW9uWGluIjoiNzkwMTI1NDAwMzM2IiwiUHJvZmlsZUlkIjoiNTMwMyIsIlByb2ZpbGVJaW4iOiI3OTAxMjU0MDAzMzYiLCJodHRwOi8vc2NoZW1hcy5taWNyb3NvZnQuY29tL3dzLzIwMDgvMDYvaWRlbnRpdHkvY2xhaW1zL3JvbGUiOlsiMCIsIjEiLCIyIiwiMyIsIjQiLCI1IiwiNiIsIjgiLCI5IiwiNyIsIjExIiwiMTIiLCIxMyIsIjEwIiwiMjAiLCIyMSIsIjIyIl0sIm5iZiI6MTY3MTU5MzE1MiwiZXhwIjoxNjcxNTk2NzUyLCJpc3MiOiJLYXpUcmFuc2NvbSIsImF1ZCI6Imh0dHBzOi8vY2FiaW5ldC5rb2ZkLmt6In0.qvRI9F9ZckU8K6Zh986AmxsdT6-r__s_PXEWp5sXfl0","User-Agent":"axios/1.2.1","Accept-Encoding":"gzip, compress, deflate, br"},"agents":{},"beforeRedirects":{},"hostname":"cabinet.kofd.kz","port":"","nativeProtocols":{"http:":{"METHODS":["ACL","BIND","CHECKOUT","CONNECT","COPY","DELETE","GET","HEAD","LINK","LOCK","M-SEARCH","MERGE","MKACTIVITY","MKCALENDAR","MKCOL","MOVE","NOTIFY","OPTIONS","PATCH","POST","PROPFIND","PROPPATCH","PURGE","PUT","REBIND","REPORT","SEARCH","SOURCE","SUBSCRIBE","TRACE","UNBIND","UNLINK","UNLOCK","UNSUBSCRIBE"],"STATUS_CODES":{"100":"Continue","101":"Switching Protocols","102":"Processing","103":"Early Hints","200":"OK","201":"Created","202":"Accepted","203":"Non-Authoritative Information","204":"No Content","205":"Reset Content","206":"Partial Content","207":"Multi-Status","208":"Already Reported","226":"IM Used","300":"Multiple Choices","301":"Moved Permanently","302":"Found","303":"See Other","304":"Not Modified","305":"Use Proxy","307":"Temporary Redirect","308":"Permanent Redirect","400":"Bad Request","401":"Unauthorized","402":"Payment Required","403":"Forbidden","404":"Not Found","405":"Method Not Allowed","406":"Not Acceptable","407":"Proxy Authentication Required","408":"Request Timeout","409":"Conflict","410":"Gone","411":"Length Required","412":"Precondition Failed","413":"Payload Too Large","414":"URI Too Long","415":"Unsupported Media Type","416":"Range Not Satisfiable","417":"Expectation Failed","418":"I'm a Teapot","421":"Misdirected Request","422":"Unprocessable Entity","423":"Locked","424":"Failed Dependency","425":"Too Early","426":"Upgrade Required","428":"Precondition Required","429":"Too Many Requests","431":"Request Header Fields Too Large","451":"Unavailable For Legal Reasons","500":"Internal Server Error","501":"Not Implemented","502":"Bad Gateway","503":"Service Unavailable","504":"Gateway Timeout","505":"HTTP Version Not Supported","506":"Variant Also Negotiates","507":"Insufficient Storage","508":"Loop Detected","509":"Bandwidth Limit Exceeded","510":"Not Extended","511":"Network Authentication Required"},"maxHeaderSize":16384,"globalAgent":{"_events":{},"_eventsCount":2,"defaultPort":80,"protocol":"http:","options":{"keepAlive":true,"scheduling":"lifo","timeout":5000,"noDelay":true,"path":null},"requests":{},"sockets":{},"freeSockets":{},"keepAliveMsecs":1000,"keepAlive":true,"maxSockets":null,"maxFreeSockets":256,"scheduling":"lifo","maxTotalSockets":null,"totalSocketCount":0}},"https:":{"globalAgent":{"_events":{},"_eventsCount":2,"defaultPort":443,"protocol":"https:","options":{"keepAlive":true,"scheduling":"lifo","timeout":5000,"noDelay":true,"path":null},"requests":{},"sockets":{},"freeSockets":{},"keepAliveMsecs":1000,"keepAlive":true,"maxSockets":null,"maxFreeSockets":256,"scheduling":"lifo","maxTotalSockets":null,"totalSocketCount":0,"maxCachedSessions":100,"_sessionCache":{"map":{},"list":[]}}}},"pathname":"/api/operations","search":"?&requireTotalCount=true&sort=%5B%7B%22selector%22%3A%22operationDate%22%2C%22desc%22%3Atrue%7D%5D&filter=%5B%5B%22operationDate%22%2C%22%3E=%22%2C%222022-12-01T00%3A00%3A00.000%2B06%3A00%22%5D%2C%22and%22%2C%5B%22operationDate%22%2C%22%3C=%22%2C%222022-12-31T23%3A59%3A59.999%2B06%3A00%22%5D%5D&cashboxId=8247"},"_ended":true,"_ending":true,"_redirectCount":0,"_redirects":[],"_requestBodyLength":0,"_requestBodyBuffers":[],"_currentUrl":"https://cabinet.kofd.kz/api/operations?&requireTotalCount=true&sort=%5B%7B%22selector%22%3A%22operationDate%22%2C%22desc%22%3Atrue%7D%5D&filter=%5B%5B%22operationDate%22%2C%22%3E=%22%2C%222022-12-01T00%3A00%3A00.000%2B06%3A00%22%5D%2C%22and%22%2C%5B%22operationDate%22%2C%22%3C=%22%2C%222022-12-31T23%3A59%3A59.999%2B06%3A00%22%5D%5D&cashboxId=8247","_timeout":null}},"timeout":2000}]},"freeSockets":{},"keepAliveMsecs":1000,"keepAlive":false,"maxSockets":null,"maxFreeSockets":256,"scheduling":"lifo","maxTotalSockets":null,"totalSocketCount":1,"maxCachedSessions":100,"_sessionCache":{"map":{"cabinet.kofd.kz:443::::::::false:::::::::::::":{"type":"Buffer","data":[48,130,6,188,2,1,1,2,2,3,3,4,2,192,48,4,32,185,66,230,112,147,159,35,171,210,213,164,169,0,54,95,180,79,53,205,233,244,220,150,246,226,159,114,52,85,124,50,14,4,48,26,88,207,132,235,152,35,250,232,148,8,114,228,118,52,54,253,187,58,183,55,21,86,111,198,253,24,23,106,211,178,198,225,216,204,84,54,181,116,72,205,51,169,24,183,186,130,177,161,6,2,4,99,162,124,192,162,4,2,2,28,32,163,130,6,42,48,130,6,38,48,130,5,14,160,3,2,1,2,2,17,0,230,140,250,71,153,198,13,131,218,100,135,75,46,145,152,24,48,13,6,9,42,134,72,134,247,13,1,1,11,5,0,48,129,143,49,11,48,9,6,3,85,4,6,19,2,71,66,49,27,48,25,6,3,85,4,8,19,18,71,114,101,97,116,101,114,32,77,97,110,99,104,101,115,116,101,114,49,16,48,14,6,3,85,4,7,19,7,83,97,108,102,111,114,100,49,24,48,22,6,3,85,4,10,19,15,83,101,99,116,105,103,111,32,76,105,109,105,116,101,100,49,55,48,53,6,3,85,4,3,19,46,83,101,99,116,105,103,111,32,82,83,65,32,68,111,109,97,105,110,32,86,97,108,105,100,97,116,105,111,110,32,83,101,99,117,114,101,32,83,101,114,118,101,114,32,67,65,48,30,23,13,50,50,48,50,48,56,48,48,48,48,48,48,90,23,13,50,51,48,51,49,48,50,51,53,57,53,57,90,48,20,49,18,48,16,6,3,85,4,3,12,9,42,46,107,111,102,100,46,107,122,48,130,1,34,48,13,6,9,42,134,72,134,247,13,1,1,1,5,0,3,130,1,15,0,48,130,1,10,2,130,1,1,0,239,148,8,199,168,95,30,59,204,51,68,6,255,192,96,238,113,250,26,178,45,86,166,15,255,115,131,130,10,241,69,173,96,174,62,143,54,20,36,8,28,113,243,235,207,55,75,160,80,182,162,237,120,211,134,154,230,79,70,153,86,149,239,8,132,188,230,238,198,101,191,153,149,38,170,31,95,155,180,78,231,205,72,13,139,119,101,107,60,103,202,163,4,8,48,9,58,97,228,138,101,185,92,202,68,183,176,184,248,200,184,60,87,224,11,145,193,14,110,147,7,174,185,41,217,160,57,247,61,95,7,20,12,130,140,45,32,195,217,200,21,204,136,198,98,16,193,186,134,171,188,123,161,204,191,254,254,35,86,144,244,212,101,243,238,29,114,205,1,55,232,154,242,12,93,71,98,236,74,89,88,188,61,26,89,135,27,238,143,254,187,152,62,166,96,208,69,187,74,38,11,129,194,113,143,218,247,106,80,85,152,96,196,247,31,219,216,148,209,160,172,210,199,248,83,178,164,96,77,53,98,1,64,121,128,160,150,9,16,24,100,214,74,164,238,191,187,17,40,158,4,35,199,139,245,195,2,3,1,0,1,163,130,2,245,48,130,2,241,48,31,6,3,85,29,35,4,24,48,22,128,20,141,140,94,196,84,173,138,225,119,233,155,249,155,5,225,184,1,141,97,225,48,29,6,3,85,29,14,4,22,4,20,141,227,106,177,231,50,235,253,13,89,117,65,145,65,58,153,165,201,92,245,48,14,6,3,85,29,15,1,1,255,4,4,3,2,5,160,48,12,6,3,85,29,19,1,1,255,4,2,48,0,48,29,6,3,85,29,37,4,22,48,20,6,8,43,6,1,5,5,7,3,1,6,8,43,6,1,5,5,7,3,2,48,73,6,3,85,29,32,4,66,48,64,48,52,6,11,43,6,1,4,1,178,49,1,2,2,7,48,37,48,35,6,8,43,6,1,5,5,7,2,1,22,23,104,116,116,112,115,58,47,47,115,101,99,116,105,103,111,46,99,111,109,47,67,80,83,48,8,6,6,103,129,12,1,2,1,48,129,132,6,8,43,6,1,5,5,7,1,1,4,120,48,118,48,79,6,8,43,6,1,5,5,7,48,2,134,67,104,116,116,112,58,47,47,99,114,116,46,115,101,99,116,105,103,111,46,99,111,109,47,83,101,99,116,105,103,111,82,83,65,68,111,109,97,105,110,86,97,108,105,100,97,116,105,111,110,83,101,99,117,114,101,83,101,114,118,101,114,67,65,46,99,114,116,48,35,6,8,43,6,1,5,5,7,48,1,134,23,104,116,116,112,58,47,47,111,99,115,112,46,115,101,99,116,105,103,111,46,99,111,109,48,29,6,3,85,29,17,4,22,48,20,130,9,42,46,107,111,102,100,46,107,122,130,7,107,111,102,100,46,107,122,48,130,1,127,6,10,43,6,1,4,1,214,121,2,4,2,4,130,1,111,4,130,1,107,1,105,0,119,0,173,247,190,250,124,255,16,200,139,157,61,156,30,62,24,106,180,103,41,93,207,177,12,36,202,133,134,52,235,220,130,138,0,0,1,126,216,78,38,193,0,0,4,3,0,72,48,70,2,33,0,245,223,102,14,91,49,157,44,238,246,187,111,3,208,205,227,58,139,79,180,174,136,247,21,74,43,232,247,174,255,160,70,2,33,0,206,255,12,100,22,23,181,241,197,86,243,143,107,132,18,59,167,68,133,44,127,235,1,116,61,73,125,237,141,155,109,158,0,118,0,122,50,140,84,216,183,45,182,32,234,56,224,82,30,233,132,22,112,50,19,133,77,59,210,43,193,58,87,163,82,235,82,0,0,1,126,216,78,38,140,0,0,4,3,0,71,48,69,2,32,93,136,148,73,31,106,142,207,93,100,128,134,202,250,87,131,0,201,225,116,222,126,44,93,155,210,94,66,101,8,138,86,2,33,0,254,61,95,221,15,157,238,212,252,91,179,125,227,143,85,221,54,191,115,60,248,179,50,204,122,112,35,116,202,51,210,191,0,118,0,232,62,208,218,62,245,6,53,50,231,87,40,188,137,107,201,3,211,203,209,17,107,236,235,105,225,119,125,109,6,189,110,0,0,1,126,216,78,38,99,0,0,4,3,0,71,48,69,2,33,0,205,48,15,85,249,241,26,67,50,43,173,165,170,22,29,215,30,224,6,15,106,66,197,169,23,46,73,91,217,45,214,52,2,32,21,79,113,119,87,36,23,156,166,146,90,91,74,186,177,5,164,244,231,127,154,142,124,79,122,67,56,30,139,27,141,71,48,13,6,9,42,134,72,134,247,13,1,1,11,5,0,3,130,1,1,0,140,183,102,198,170,136,228,117,35,209,203,50,131,110,220,158,228,49,57,242,105,213,235,121,52,175,43,11,111,31,50,78,41,47,58,93,86,69,196,188,166,224,145,94,204,209,242,148,168,167,80,169,242,117,119,156,192,185,212,143,159,234,17,242,33,230,109,213,217,143,53,221,158,130,181,30,98,219,238,9,207,208,240,103,66,230,145,106,47,33,105,232,115,219,229,239,173,69,39,106,243,146,255,20,204,191,197,94,5,243,43,206,236,0,10,8,80,219,220,112,179,132,80,150,69,233,97,120,106,156,38,37,194,212,14,105,3,112,58,66,161,214,36,43,185,63,99,76,74,200,173,20,4,195,113,8,218,30,174,164,146,43,57,200,168,245,245,96,200,10,198,41,98,249,215,206,69,76,47,27,188,226,206,168,177,150,240,196,11,18,169,118,58,126,249,234,234,199,19,188,76,11,79,39,98,89,211,135,79,236,26,28,124,212,55,89,191,180,28,54,255,6,76,38,30,162,120,190,29,104,184,108,22,166,22,241,240,217,145,80,228,152,75,65,243,63,230,184,25,59,42,99,180,44,63,162,164,2,4,0,165,3,2,1,21,166,17,4,15,99,97,98,105,110,101,116,46,107,111,102,100,46,107,122,179,3,2,1,23]}},"list":["cabinet.kofd.kz:443::::::::false:::::::::::::"]}}},"code":"ECONNABORTED","status":null},"point":"getData"}
{"date":"2022-12-21T03:25:54.690Z","text":"Error: AxiosError: timeout of 2000ms exceeded\n    at getTransaction (/home/almas/js-kofd/get/api.js:107:13)\n    at async Promise.all (index 3)","point":"getTransaction"}
{"date":"2022-12-21T04:24:54.216Z","text":{"message":"timeout of 2000ms exceeded","name":"AxiosError","stack":"AxiosError: timeout of 2000ms exceeded\n    at RedirectableRequest.handleRequestTimeout (/home/almas/js-kofd/node_modules/axios/dist/node/axios.cjs:2770:16)\n    at RedirectableRequest.emit (node:events:513:28)\n    at Timeout.<anonymous> (/home/almas/js-kofd/node_modules/follow-redirects/index.js:169:12)\n    at listOnTimeout (node:internal/timers:564:17)\n    at process.processTimers (node:internal/timers:507:7)","config":{"transitional":{"silentJSONParsing":true,"forcedJSONParsing":true,"clarifyTimeoutError":false},"adapter":["xhr","http"],"transformRequest":[null],"transformResponse":[null],"timeout":2000,"xsrfCookieName":"XSRF-TOKEN","xsrfHeaderName":"X-XSRF-TOKEN","maxContentLength":-1,"maxBodyLength":-1,"env":{},"headers":{"Accept":"application/json, text/plain, */*","Content-Type":"application/json","Authorization":"Bearer eyJhbGciOiJIUzI1NiIsInR5cCI6IkpXVCJ9.eyJodHRwOi8vc2NoZW1hcy54bWxzb2FwLm9yZy93cy8yMDA1LzA1L2lkZW50aXR5L2NsYWltcy9uYW1lIjoiSUlONzkwMTI1NDAwMzM2IiwiT3JnYW5pemF0aW9uWGluIjoiNzkwMTI1NDAwMzM2IiwiUHJvZmlsZUlkIjoiNTMwMyIsIlByb2ZpbGVJaW4iOiI3OTAxMjU0MDAzMzYiLCJodHRwOi8vc2NoZW1hcy5taWNyb3NvZnQuY29tL3dzLzIwMDgvMDYvaWRlbnRpdHkvY2xhaW1zL3JvbGUiOlsiMCIsIjEiLCIyIiwiMyIsIjQiLCI1IiwiNiIsIjgiLCI5IiwiNyIsIjExIiwiMTIiLCIxMyIsIjEwIiwiMjAiLCIyMSIsIjIyIl0sIm5iZiI6MTY3MTU5NjY5MiwiZXhwIjoxNjcxNjAwMjkyLCJpc3MiOiJLYXpUcmFuc2NvbSIsImF1ZCI6Imh0dHBzOi8vY2FiaW5ldC5rb2ZkLmt6In0.te_Xc5OqPbkExfEdHYE0RZ2k6RZ-dnr_l_MD6xbtWoU","User-Agent":"axios/1.2.1","Accept-Encoding":"gzip, compress, deflate, br"},"method":"get","url":"https://cabinet.kofd.kz/api/operations?&requireTotalCount=true&sort=%5B%7B%22selector%22%3A%22operationDate%22%2C%22desc%22%3Atrue%7D%5D&filter=%5B%5B%22operationDate%22%2C%22%3E=%22%2C%222022-12-01T00%3A00%3A00.000%2B06%3A00%22%5D%2C%22and%22%2C%5B%22operationDate%22%2C%22%3C=%22%2C%222022-12-31T23%3A59%3A59.999%2B06%3A00%22%5D%5D&cashboxId=8247","httpsAgent":{"_events":{},"_eventsCount":2,"defaultPort":443,"protocol":"https:","options":{"rejectUnauthorized":false,"noDelay":true,"path":null},"requests":{},"sockets":{"cabinet.kofd.kz:443::::::::false:::::::::::::":[{"_tlsOptions":{"pipe":false,"secureContext":{"context":{}},"isServer":false,"requestCert":true,"rejectUnauthorized":false,"session":{"type":"Buffer","data":[48,130,6,188,2,1,1,2,2,3,3,4,2,192,48,4,32,184,11,198,6,245,183,232,79,29,38,157,201,156,236,219,151,48,59,229,83,178,78,196,7,255,46,165,1,59,189,170,55,4,48,18,117,40,231,179,243,24,241,3,60,22,130,35,16,125,114,164,234,146,135,235,218,185,198,254,109,195,182,234,242,12,163,233,142,65,60,87,191,204,20,112,22,167,254,171,179,73,201,161,6,2,4,99,162,138,147,162,4,2,2,28,32,163,130,6,42,48,130,6,38,48,130,5,14,160,3,2,1,2,2,17,0,230,140,250,71,153,198,13,131,218,100,135,75,46,145,152,24,48,13,6,9,42,134,72,134,247,13,1,1,11,5,0,48,129,143,49,11,48,9,6,3,85,4,6,19,2,71,66,49,27,48,25,6,3,85,4,8,19,18,71,114,101,97,116,101,114,32,77,97,110,99,104,101,115,116,101,114,49,16,48,14,6,3,85,4,7,19,7,83,97,108,102,111,114,100,49,24,48,22,6,3,85,4,10,19,15,83,101,99,116,105,103,111,32,76,105,109,105,116,101,100,49,55,48,53,6,3,85,4,3,19,46,83,101,99,116,105,103,111,32,82,83,65,32,68,111,109,97,105,110,32,86,97,108,105,100,97,116,105,111,110,32,83,101,99,117,114,101,32,83,101,114,118,101,114,32,67,65,48,30,23,13,50,50,48,50,48,56,48,48,48,48,48,48,90,23,13,50,51,48,51,49,48,50,51,53,57,53,57,90,48,20,49,18,48,16,6,3,85,4,3,12,9,42,46,107,111,102,100,46,107,122,48,130,1,34,48,13,6,9,42,134,72,134,247,13,1,1,1,5,0,3,130,1,15,0,48,130,1,10,2,130,1,1,0,239,148,8,199,168,95,30,59,204,51,68,6,255,192,96,238,113,250,26,178,45,86,166,15,255,115,131,130,10,241,69,173,96,174,62,143,54,20,36,8,28,113,243,235,207,55,75,160,80,182,162,237,120,211,134,154,230,79,70,153,86,149,239,8,132,188,230,238,198,101,191,153,149,38,170,31,95,155,180,78,231,205,72,13,139,119,101,107,60,103,202,163,4,8,48,9,58,97,228,138,101,185,92,202,68,183,176,184,248,200,184,60,87,224,11,145,193,14,110,147,7,174,185,41,217,160,57,247,61,95,7,20,12,130,140,45,32,195,217,200,21,204,136,198,98,16,193,186,134,171,188,123,161,204,191,254,254,35,86,144,244,212,101,243,238,29,114,205,1,55,232,154,242,12,93,71,98,236,74,89,88,188,61,26,89,135,27,238,143,254,187,152,62,166,96,208,69,187,74,38,11,129,194,113,143,218,247,106,80,85,152,96,196,247,31,219,216,148,209,160,172,210,199,248,83,178,164,96,77,53,98,1,64,121,128,160,150,9,16,24,100,214,74,164,238,191,187,17,40,158,4,35,199,139,245,195,2,3,1,0,1,163,130,2,245,48,130,2,241,48,31,6,3,85,29,35,4,24,48,22,128,20,141,140,94,196,84,173,138,225,119,233,155,249,155,5,225,184,1,141,97,225,48,29,6,3,85,29,14,4,22,4,20,141,227,106,177,231,50,235,253,13,89,117,65,145,65,58,153,165,201,92,245,48,14,6,3,85,29,15,1,1,255,4,4,3,2,5,160,48,12,6,3,85,29,19,1,1,255,4,2,48,0,48,29,6,3,85,29,37,4,22,48,20,6,8,43,6,1,5,5,7,3,1,6,8,43,6,1,5,5,7,3,2,48,73,6,3,85,29,32,4,66,48,64,48,52,6,11,43,6,1,4,1,178,49,1,2,2,7,48,37,48,35,6,8,43,6,1,5,5,7,2,1,22,23,104,116,116,112,115,58,47,47,115,101,99,116,105,103,111,46,99,111,109,47,67,80,83,48,8,6,6,103,129,12,1,2,1,48,129,132,6,8,43,6,1,5,5,7,1,1,4,120,48,118,48,79,6,8,43,6,1,5,5,7,48,2,134,67,104,116,116,112,58,47,47,99,114,116,46,115,101,99,116,105,103,111,46,99,111,109,47,83,101,99,116,105,103,111,82,83,65,68,111,109,97,105,110,86,97,108,105,100,97,116,105,111,110,83,101,99,117,114,101,83,101,114,118,101,114,67,65,46,99,114,116,48,35,6,8,43,6,1,5,5,7,48,1,134,23,104,116,116,112,58,47,47,111,99,115,112,46,115,101,99,116,105,103,111,46,99,111,109,48,29,6,3,85,29,17,4,22,48,20,130,9,42,46,107,111,102,100,46,107,122,130,7,107,111,102,100,46,107,122,48,130,1,127,6,10,43,6,1,4,1,214,121,2,4,2,4,130,1,111,4,130,1,107,1,105,0,119,0,173,247,190,250,124,255,16,200,139,157,61,156,30,62,24,106,180,103,41,93,207,177,12,36,202,133,134,52,235,220,130,138,0,0,1,126,216,78,38,193,0,0,4,3,0,72,48,70,2,33,0,245,223,102,14,91,49,157,44,238,246,187,111,3,208,205,227,58,139,79,180,174,136,247,21,74,43,232,247,174,255,160,70,2,33,0,206,255,12,100,22,23,181,241,197,86,243,143,107,132,18,59,167,68,133,44,127,235,1,116,61,73,125,237,141,155,109,158,0,118,0,122,50,140,84,216,183,45,182,32,234,56,224,82,30,233,132,22,112,50,19,133,77,59,210,43,193,58,87,163,82,235,82,0,0,1,126,216,78,38,140,0,0,4,3,0,71,48,69,2,32,93,136,148,73,31,106,142,207,93,100,128,134,202,250,87,131,0,201,225,116,222,126,44,93,155,210,94,66,101,8,138,86,2,33,0,254,61,95,221,15,157,238,212,252,91,179,125,227,143,85,221,54,191,115,60,248,179,50,204,122,112,35,116,202,51,210,191,0,118,0,232,62,208,218,62,245,6,53,50,231,87,40,188,137,107,201,3,211,203,209,17,107,236,235,105,225,119,125,109,6,189,110,0,0,1,126,216,78,38,99,0,0,4,3,0,71,48,69,2,33,0,205,48,15,85,249,241,26,67,50,43,173,165,170,22,29,215,30,224,6,15,106,66,197,169,23,46,73,91,217,45,214,52,2,32,21,79,113,119,87,36,23,156,166,146,90,91,74,186,177,5,164,244,231,127,154,142,124,79,122,67,56,30,139,27,141,71,48,13,6,9,42,134,72,134,247,13,1,1,11,5,0,3,130,1,1,0,140,183,102,198,170,136,228,117,35,209,203,50,131,110,220,158,228,49,57,242,105,213,235,121,52,175,43,11,111,31,50,78,41,47,58,93,86,69,196,188,166,224,145,94,204,209,242,148,168,167,80,169,242,117,119,156,192,185,212,143,159,234,17,242,33,230,109,213,217,143,53,221,158,130,181,30,98,219,238,9,207,208,240,103,66,230,145,106,47,33,105,232,115,219,229,239,173,69,39,106,243,146,255,20,204,191,197,94,5,243,43,206,236,0,10,8,80,219,220,112,179,132,80,150,69,233,97,120,106,156,38,37,194,212,14,105,3,112,58,66,161,214,36,43,185,63,99,76,74,200,173,20,4,195,113,8,218,30,174,164,146,43,57,200,168,245,245,96,200,10,198,41,98,249,215,206,69,76,47,27,188,226,206,168,177,150,240,196,11,18,169,118,58,126,249,234,234,199,19,188,76,11,79,39,98,89,211,135,79,236,26,28,124,212,55,89,191,180,28,54,255,6,76,38,30,162,120,190,29,104,184,108,22,166,22,241,240,217,145,80,228,152,75,65,243,63,230,184,25,59,42,99,180,44,63,162,164,2,4,0,165,3,2,1,21,166,17,4,15,99,97,98,105,110,101,116,46,107,111,102,100,46,107,122,179,3,2,1,23]}},"_secureEstablished":true,"_securePending":false,"_newSessionPending":false,"_controlReleased":true,"secureConnecting":false,"_SNICallback":null,"servername":"cabinet.kofd.kz","alpnProtocol":false,"authorized":false,"authorizationError":"UNABLE_TO_VERIFY_LEAF_SIGNATURE","encrypted":true,"_events":{"close":[null,null,null,null],"end":[null,null],"timeout":[null,null]},"_eventsCount":11,"connecting":false,"_hadError":false,"_parent":null,"_host":"cabinet.kofd.kz","_closeAfterHandlingError":false,"_readableState":{"objectMode":false,"highWaterMark":16384,"buffer":{"head":null,"tail":null,"length":0},"length":0,"pipes":[],"flowing":true,"ended":false,"endEmitted":false,"reading":true,"constructed":true,"sync":false,"needReadable":true,"emittedReadable":false,"readableListening":false,"resumeScheduled":false,"errorEmitted":false,"emitClose":false,"autoDestroy":true,"destroyed":false,"errored":null,"closed":false,"closeEmitted":false,"defaultEncoding":"utf8","awaitDrainWriters":null,"multiAwaitDrain":false,"readingMore":false,"dataEmitted":false,"decoder":null,"encoding":null},"_writableState":{"objectMode":false,"highWaterMark":16384,"finalCalled":false,"needDrain":false,"ending":false,"ended":false,"finished":false,"destroyed":false,"decodeStrings":false,"defaultEncoding":"utf8","length":0,"writing":false,"corked":0,"sync":false,"bufferProcessing":false,"writecb":null,"writelen":0,"afterWriteTickInfo":null,"buffered":[],"bufferedIndex":0,"allBuffers":true,"allNoop":true,"pendingcb":0,"constructed":true,"prefinished":false,"errorEmitted":false,"emitClose":false,"autoDestroy":true,"errored":null,"closed":false,"closeEmitted":false},"allowHalfOpen":false,"_sockname":null,"_pendingData":null,"_pendingEncoding":"","_server":null,"ssl":{"_parent":{"reading":true,"onconnection":null},"_secureContext":{"context":{}},"reading":true},"_requestCert":true,"_rejectUnauthorized":false,"parser":{"0":null,"5":null,"6":null,"_headers":[],"_url":"","incoming":null,"outgoing":{"_events":{},"_eventsCount":7,"outputData":[],"outputSize":0,"writable":true,"destroyed":false,"_last":true,"chunkedEncoding":false,"shouldKeepAlive":false,"maxRequestsOnConnectionReached":false,"_defaultKeepAlive":true,"useChunkedEncodingByDefault":false,"sendDate":false,"_removedConnection":false,"_removedContLen":false,"_removedTE":false,"strictContentLength":false,"_contentLength":0,"_hasBody":true,"_trailer":"","finished":true,"_headerSent":true,"_closed":false,"_header":"GET /api/operations?&requireTotalCount=true&sort=%5B%7B%22selector%22%3A%22operationDate%22%2C%22desc%22%3Atrue%7D%5D&filter=%5B%5B%22operationDate%22%2C%22%3E=%22%2C%222022-12-01T00%3A00%3A00.000%2B06%3A00%22%5D%2C%22and%22%2C%5B%22operationDate%22%2C%22%3C=%22%2C%222022-12-31T23%3A59%3A59.999%2B06%3A00%22%5D%5D&cashboxId=8247 HTTP/1.1\r\nAccept: application/json, text/plain, */*\r\nContent-Type: application/json\r\nAuthorization: Bearer eyJhbGciOiJIUzI1NiIsInR5cCI6IkpXVCJ9.eyJodHRwOi8vc2NoZW1hcy54bWxzb2FwLm9yZy93cy8yMDA1LzA1L2lkZW50aXR5L2NsYWltcy9uYW1lIjoiSUlONzkwMTI1NDAwMzM2IiwiT3JnYW5pemF0aW9uWGluIjoiNzkwMTI1NDAwMzM2IiwiUHJvZmlsZUlkIjoiNTMwMyIsIlByb2ZpbGVJaW4iOiI3OTAxMjU0MDAzMzYiLCJodHRwOi8vc2NoZW1hcy5taWNyb3NvZnQuY29tL3dzLzIwMDgvMDYvaWRlbnRpdHkvY2xhaW1zL3JvbGUiOlsiMCIsIjEiLCIyIiwiMyIsIjQiLCI1IiwiNiIsIjgiLCI5IiwiNyIsIjExIiwiMTIiLCIxMyIsIjEwIiwiMjAiLCIyMSIsIjIyIl0sIm5iZiI6MTY3MTU5NjY5MiwiZXhwIjoxNjcxNjAwMjkyLCJpc3MiOiJLYXpUcmFuc2NvbSIsImF1ZCI6Imh0dHBzOi8vY2FiaW5ldC5rb2ZkLmt6In0.te_Xc5OqPbkExfEdHYE0RZ2k6RZ-dnr_l_MD6xbtWoU\r\nUser-Agent: axios/1.2.1\r\nAccept-Encoding: gzip, compress, deflate, br\r\nHost: cabinet.kofd.kz\r\nConnection: close\r\n\r\n","_keepAliveTimeout":0,"method":"GET","path":"/api/operations?&requireTotalCount=true&sort=%5B%7B%22selector%22%3A%22operationDate%22%2C%22desc%22%3Atrue%7D%5D&filter=%5B%5B%22operationDate%22%2C%22%3E=%22%2C%222022-12-01T00%3A00%3A00.000%2B06%3A00%22%5D%2C%22and%22%2C%5B%22operationDate%22%2C%22%3C=%22%2C%222022-12-31T23%3A59%3A59.999%2B06%3A00%22%5D%5D&cashboxId=8247","_ended":false,"res":null,"aborted":false,"timeoutCb":null,"upgradeOrConnect":false,"maxHeadersCount":null,"reusedSocket":false,"host":"cabinet.kofd.kz","protocol":"https:","_redirectable":{"_writableState":{"objectMode":false,"highWaterMark":16384,"finalCalled":false,"needDrain":false,"ending":false,"ended":false,"finished":false,"destroyed":false,"decodeStrings":true,"defaultEncoding":"utf8","length":0,"writing":false,"corked":0,"sync":true,"bufferProcessing":false,"writecb":null,"writelen":0,"afterWriteTickInfo":null,"buffered":[],"bufferedIndex":0,"allBuffers":true,"allNoop":true,"pendingcb":0,"constructed":true,"prefinished":false,"errorEmitted":false,"emitClose":true,"autoDestroy":true,"errored":null,"closed":false,"closeEmitted":false},"_events":{"socket":[null,null]},"_eventsCount":3,"_options":{"maxRedirects":21,"maxBodyLength":null,"protocol":"https:","path":"/api/operations?&requireTotalCount=true&sort=%5B%7B%22selector%22%3A%22operationDate%22%2C%22desc%22%3Atrue%7D%5D&filter=%5B%5B%22operationDate%22%2C%22%3E=%22%2C%222022-12-01T00%3A00%3A00.000%2B06%3A00%22%5D%2C%22and%22%2C%5B%22operationDate%22%2C%22%3C=%22%2C%222022-12-31T23%3A59%3A59.999%2B06%3A00%22%5D%5D&cashboxId=8247","method":"GET","headers":{"Accept":"application/json, text/plain, */*","Content-Type":"application/json","Authorization":"Bearer eyJhbGciOiJIUzI1NiIsInR5cCI6IkpXVCJ9.eyJodHRwOi8vc2NoZW1hcy54bWxzb2FwLm9yZy93cy8yMDA1LzA1L2lkZW50aXR5L2NsYWltcy9uYW1lIjoiSUlONzkwMTI1NDAwMzM2IiwiT3JnYW5pemF0aW9uWGluIjoiNzkwMTI1NDAwMzM2IiwiUHJvZmlsZUlkIjoiNTMwMyIsIlByb2ZpbGVJaW4iOiI3OTAxMjU0MDAzMzYiLCJodHRwOi8vc2NoZW1hcy5taWNyb3NvZnQuY29tL3dzLzIwMDgvMDYvaWRlbnRpdHkvY2xhaW1zL3JvbGUiOlsiMCIsIjEiLCIyIiwiMyIsIjQiLCI1IiwiNiIsIjgiLCI5IiwiNyIsIjExIiwiMTIiLCIxMyIsIjEwIiwiMjAiLCIyMSIsIjIyIl0sIm5iZiI6MTY3MTU5NjY5MiwiZXhwIjoxNjcxNjAwMjkyLCJpc3MiOiJLYXpUcmFuc2NvbSIsImF1ZCI6Imh0dHBzOi8vY2FiaW5ldC5rb2ZkLmt6In0.te_Xc5OqPbkExfEdHYE0RZ2k6RZ-dnr_l_MD6xbtWoU","User-Agent":"axios/1.2.1","Accept-Encoding":"gzip, compress, deflate, br"},"agents":{},"beforeRedirects":{},"hostname":"cabinet.kofd.kz","port":"","nativeProtocols":{"http:":{"METHODS":["ACL","BIND","CHECKOUT","CONNECT","COPY","DELETE","GET","HEAD","LINK","LOCK","M-SEARCH","MERGE","MKACTIVITY","MKCALENDAR","MKCOL","MOVE","NOTIFY","OPTIONS","PATCH","POST","PROPFIND","PROPPATCH","PURGE","PUT","REBIND","REPORT","SEARCH","SOURCE","SUBSCRIBE","TRACE","UNBIND","UNLINK","UNLOCK","UNSUBSCRIBE"],"STATUS_CODES":{"100":"Continue","101":"Switching Protocols","102":"Processing","103":"Early Hints","200":"OK","201":"Created","202":"Accepted","203":"Non-Authoritative Information","204":"No Content","205":"Reset Content","206":"Partial Content","207":"Multi-Status","208":"Already Reported","226":"IM Used","300":"Multiple Choices","301":"Moved Permanently","302":"Found","303":"See Other","304":"Not Modified","305":"Use Proxy","307":"Temporary Redirect","308":"Permanent Redirect","400":"Bad Request","401":"Unauthorized","402":"Payment Required","403":"Forbidden","404":"Not Found","405":"Method Not Allowed","406":"Not Acceptable","407":"Proxy Authentication Required","408":"Request Timeout","409":"Conflict","410":"Gone","411":"Length Required","412":"Precondition Failed","413":"Payload Too Large","414":"URI Too Long","415":"Unsupported Media Type","416":"Range Not Satisfiable","417":"Expectation Failed","418":"I'm a Teapot","421":"Misdirected Request","422":"Unprocessable Entity","423":"Locked","424":"Failed Dependency","425":"Too Early","426":"Upgrade Required","428":"Precondition Required","429":"Too Many Requests","431":"Request Header Fields Too Large","451":"Unavailable For Legal Reasons","500":"Internal Server Error","501":"Not Implemented","502":"Bad Gateway","503":"Service Unavailable","504":"Gateway Timeout","505":"HTTP Version Not Supported","506":"Variant Also Negotiates","507":"Insufficient Storage","508":"Loop Detected","509":"Bandwidth Limit Exceeded","510":"Not Extended","511":"Network Authentication Required"},"maxHeaderSize":16384,"globalAgent":{"_events":{},"_eventsCount":2,"defaultPort":80,"protocol":"http:","options":{"keepAlive":true,"scheduling":"lifo","timeout":5000,"noDelay":true,"path":null},"requests":{},"sockets":{},"freeSockets":{},"keepAliveMsecs":1000,"keepAlive":true,"maxSockets":null,"maxFreeSockets":256,"scheduling":"lifo","maxTotalSockets":null,"totalSocketCount":0}},"https:":{"globalAgent":{"_events":{},"_eventsCount":2,"defaultPort":443,"protocol":"https:","options":{"keepAlive":true,"scheduling":"lifo","timeout":5000,"noDelay":true,"path":null},"requests":{},"sockets":{},"freeSockets":{},"keepAliveMsecs":1000,"keepAlive":true,"maxSockets":null,"maxFreeSockets":256,"scheduling":"lifo","maxTotalSockets":null,"totalSocketCount":0,"maxCachedSessions":100,"_sessionCache":{"map":{},"list":[]}}}},"pathname":"/api/operations","search":"?&requireTotalCount=true&sort=%5B%7B%22selector%22%3A%22operationDate%22%2C%22desc%22%3Atrue%7D%5D&filter=%5B%5B%22operationDate%22%2C%22%3E=%22%2C%222022-12-01T00%3A00%3A00.000%2B06%3A00%22%5D%2C%22and%22%2C%5B%22operationDate%22%2C%22%3C=%22%2C%222022-12-31T23%3A59%3A59.999%2B06%3A00%22%5D%5D&cashboxId=8247"},"_ended":true,"_ending":true,"_redirectCount":0,"_redirects":[],"_requestBodyLength":0,"_requestBodyBuffers":[],"_currentUrl":"https://cabinet.kofd.kz/api/operations?&requireTotalCount=true&sort=%5B%7B%22selector%22%3A%22operationDate%22%2C%22desc%22%3Atrue%7D%5D&filter=%5B%5B%22operationDate%22%2C%22%3E=%22%2C%222022-12-01T00%3A00%3A00.000%2B06%3A00%22%5D%2C%22and%22%2C%5B%22operationDate%22%2C%22%3C=%22%2C%222022-12-31T23%3A59%3A59.999%2B06%3A00%22%5D%5D&cashboxId=8247","_timeout":null}},"maxHeaderPairs":2000,"_consumed":false},"_httpMessage":{"_events":{},"_eventsCount":7,"outputData":[],"outputSize":0,"writable":true,"destroyed":false,"_last":true,"chunkedEncoding":false,"shouldKeepAlive":false,"maxRequestsOnConnectionReached":false,"_defaultKeepAlive":true,"useChunkedEncodingByDefault":false,"sendDate":false,"_removedConnection":false,"_removedContLen":false,"_removedTE":false,"strictContentLength":false,"_contentLength":0,"_hasBody":true,"_trailer":"","finished":true,"_headerSent":true,"_closed":false,"_header":"GET /api/operations?&requireTotalCount=true&sort=%5B%7B%22selector%22%3A%22operationDate%22%2C%22desc%22%3Atrue%7D%5D&filter=%5B%5B%22operationDate%22%2C%22%3E=%22%2C%222022-12-01T00%3A00%3A00.000%2B06%3A00%22%5D%2C%22and%22%2C%5B%22operationDate%22%2C%22%3C=%22%2C%222022-12-31T23%3A59%3A59.999%2B06%3A00%22%5D%5D&cashboxId=8247 HTTP/1.1\r\nAccept: application/json, text/plain, */*\r\nContent-Type: application/json\r\nAuthorization: Bearer eyJhbGciOiJIUzI1NiIsInR5cCI6IkpXVCJ9.eyJodHRwOi8vc2NoZW1hcy54bWxzb2FwLm9yZy93cy8yMDA1LzA1L2lkZW50aXR5L2NsYWltcy9uYW1lIjoiSUlONzkwMTI1NDAwMzM2IiwiT3JnYW5pemF0aW9uWGluIjoiNzkwMTI1NDAwMzM2IiwiUHJvZmlsZUlkIjoiNTMwMyIsIlByb2ZpbGVJaW4iOiI3OTAxMjU0MDAzMzYiLCJodHRwOi8vc2NoZW1hcy5taWNyb3NvZnQuY29tL3dzLzIwMDgvMDYvaWRlbnRpdHkvY2xhaW1zL3JvbGUiOlsiMCIsIjEiLCIyIiwiMyIsIjQiLCI1IiwiNiIsIjgiLCI5IiwiNyIsIjExIiwiMTIiLCIxMyIsIjEwIiwiMjAiLCIyMSIsIjIyIl0sIm5iZiI6MTY3MTU5NjY5MiwiZXhwIjoxNjcxNjAwMjkyLCJpc3MiOiJLYXpUcmFuc2NvbSIsImF1ZCI6Imh0dHBzOi8vY2FiaW5ldC5rb2ZkLmt6In0.te_Xc5OqPbkExfEdHYE0RZ2k6RZ-dnr_l_MD6xbtWoU\r\nUser-Agent: axios/1.2.1\r\nAccept-Encoding: gzip, compress, deflate, br\r\nHost: cabinet.kofd.kz\r\nConnection: close\r\n\r\n","_keepAliveTimeout":0,"method":"GET","path":"/api/operations?&requireTotalCount=true&sort=%5B%7B%22selector%22%3A%22operationDate%22%2C%22desc%22%3Atrue%7D%5D&filter=%5B%5B%22operationDate%22%2C%22%3E=%22%2C%222022-12-01T00%3A00%3A00.000%2B06%3A00%22%5D%2C%22and%22%2C%5B%22operationDate%22%2C%22%3C=%22%2C%222022-12-31T23%3A59%3A59.999%2B06%3A00%22%5D%5D&cashboxId=8247","_ended":false,"res":null,"aborted":false,"timeoutCb":null,"upgradeOrConnect":false,"parser":{"0":null,"5":null,"6":null,"_headers":[],"_url":"","incoming":null,"maxHeaderPairs":2000,"_consumed":false},"maxHeadersCount":null,"reusedSocket":false,"host":"cabinet.kofd.kz","protocol":"https:","_redirectable":{"_writableState":{"objectMode":false,"highWaterMark":16384,"finalCalled":false,"needDrain":false,"ending":false,"ended":false,"finished":false,"destroyed":false,"decodeStrings":true,"defaultEncoding":"utf8","length":0,"writing":false,"corked":0,"sync":true,"bufferProcessing":false,"writecb":null,"writelen":0,"afterWriteTickInfo":null,"buffered":[],"bufferedIndex":0,"allBuffers":true,"allNoop":true,"pendingcb":0,"constructed":true,"prefinished":false,"errorEmitted":false,"emitClose":true,"autoDestroy":true,"errored":null,"closed":false,"closeEmitted":false},"_events":{"socket":[null,null]},"_eventsCount":3,"_options":{"maxRedirects":21,"maxBodyLength":null,"protocol":"https:","path":"/api/operations?&requireTotalCount=true&sort=%5B%7B%22selector%22%3A%22operationDate%22%2C%22desc%22%3Atrue%7D%5D&filter=%5B%5B%22operationDate%22%2C%22%3E=%22%2C%222022-12-01T00%3A00%3A00.000%2B06%3A00%22%5D%2C%22and%22%2C%5B%22operationDate%22%2C%22%3C=%22%2C%222022-12-31T23%3A59%3A59.999%2B06%3A00%22%5D%5D&cashboxId=8247","method":"GET","headers":{"Accept":"application/json, text/plain, */*","Content-Type":"application/json","Authorization":"Bearer eyJhbGciOiJIUzI1NiIsInR5cCI6IkpXVCJ9.eyJodHRwOi8vc2NoZW1hcy54bWxzb2FwLm9yZy93cy8yMDA1LzA1L2lkZW50aXR5L2NsYWltcy9uYW1lIjoiSUlONzkwMTI1NDAwMzM2IiwiT3JnYW5pemF0aW9uWGluIjoiNzkwMTI1NDAwMzM2IiwiUHJvZmlsZUlkIjoiNTMwMyIsIlByb2ZpbGVJaW4iOiI3OTAxMjU0MDAzMzYiLCJodHRwOi8vc2NoZW1hcy5taWNyb3NvZnQuY29tL3dzLzIwMDgvMDYvaWRlbnRpdHkvY2xhaW1zL3JvbGUiOlsiMCIsIjEiLCIyIiwiMyIsIjQiLCI1IiwiNiIsIjgiLCI5IiwiNyIsIjExIiwiMTIiLCIxMyIsIjEwIiwiMjAiLCIyMSIsIjIyIl0sIm5iZiI6MTY3MTU5NjY5MiwiZXhwIjoxNjcxNjAwMjkyLCJpc3MiOiJLYXpUcmFuc2NvbSIsImF1ZCI6Imh0dHBzOi8vY2FiaW5ldC5rb2ZkLmt6In0.te_Xc5OqPbkExfEdHYE0RZ2k6RZ-dnr_l_MD6xbtWoU","User-Agent":"axios/1.2.1","Accept-Encoding":"gzip, compress, deflate, br"},"agents":{},"beforeRedirects":{},"hostname":"cabinet.kofd.kz","port":"","nativeProtocols":{"http:":{"METHODS":["ACL","BIND","CHECKOUT","CONNECT","COPY","DELETE","GET","HEAD","LINK","LOCK","M-SEARCH","MERGE","MKACTIVITY","MKCALENDAR","MKCOL","MOVE","NOTIFY","OPTIONS","PATCH","POST","PROPFIND","PROPPATCH","PURGE","PUT","REBIND","REPORT","SEARCH","SOURCE","SUBSCRIBE","TRACE","UNBIND","UNLINK","UNLOCK","UNSUBSCRIBE"],"STATUS_CODES":{"100":"Continue","101":"Switching Protocols","102":"Processing","103":"Early Hints","200":"OK","201":"Created","202":"Accepted","203":"Non-Authoritative Information","204":"No Content","205":"Reset Content","206":"Partial Content","207":"Multi-Status","208":"Already Reported","226":"IM Used","300":"Multiple Choices","301":"Moved Permanently","302":"Found","303":"See Other","304":"Not Modified","305":"Use Proxy","307":"Temporary Redirect","308":"Permanent Redirect","400":"Bad Request","401":"Unauthorized","402":"Payment Required","403":"Forbidden","404":"Not Found","405":"Method Not Allowed","406":"Not Acceptable","407":"Proxy Authentication Required","408":"Request Timeout","409":"Conflict","410":"Gone","411":"Length Required","412":"Precondition Failed","413":"Payload Too Large","414":"URI Too Long","415":"Unsupported Media Type","416":"Range Not Satisfiable","417":"Expectation Failed","418":"I'm a Teapot","421":"Misdirected Request","422":"Unprocessable Entity","423":"Locked","424":"Failed Dependency","425":"Too Early","426":"Upgrade Required","428":"Precondition Required","429":"Too Many Requests","431":"Request Header Fields Too Large","451":"Unavailable For Legal Reasons","500":"Internal Server Error","501":"Not Implemented","502":"Bad Gateway","503":"Service Unavailable","504":"Gateway Timeout","505":"HTTP Version Not Supported","506":"Variant Also Negotiates","507":"Insufficient Storage","508":"Loop Detected","509":"Bandwidth Limit Exceeded","510":"Not Extended","511":"Network Authentication Required"},"maxHeaderSize":16384,"globalAgent":{"_events":{},"_eventsCount":2,"defaultPort":80,"protocol":"http:","options":{"keepAlive":true,"scheduling":"lifo","timeout":5000,"noDelay":true,"path":null},"requests":{},"sockets":{},"freeSockets":{},"keepAliveMsecs":1000,"keepAlive":true,"maxSockets":null,"maxFreeSockets":256,"scheduling":"lifo","maxTotalSockets":null,"totalSocketCount":0}},"https:":{"globalAgent":{"_events":{},"_eventsCount":2,"defaultPort":443,"protocol":"https:","options":{"keepAlive":true,"scheduling":"lifo","timeout":5000,"noDelay":true,"path":null},"requests":{},"sockets":{},"freeSockets":{},"keepAliveMsecs":1000,"keepAlive":true,"maxSockets":null,"maxFreeSockets":256,"scheduling":"lifo","maxTotalSockets":null,"totalSocketCount":0,"maxCachedSessions":100,"_sessionCache":{"map":{},"list":[]}}}},"pathname":"/api/operations","search":"?&requireTotalCount=true&sort=%5B%7B%22selector%22%3A%22operationDate%22%2C%22desc%22%3Atrue%7D%5D&filter=%5B%5B%22operationDate%22%2C%22%3E=%22%2C%222022-12-01T00%3A00%3A00.000%2B06%3A00%22%5D%2C%22and%22%2C%5B%22operationDate%22%2C%22%3C=%22%2C%222022-12-31T23%3A59%3A59.999%2B06%3A00%22%5D%5D&cashboxId=8247"},"_ended":true,"_ending":true,"_redirectCount":0,"_redirects":[],"_requestBodyLength":0,"_requestBodyBuffers":[],"_currentUrl":"https://cabinet.kofd.kz/api/operations?&requireTotalCount=true&sort=%5B%7B%22selector%22%3A%22operationDate%22%2C%22desc%22%3Atrue%7D%5D&filter=%5B%5B%22operationDate%22%2C%22%3E=%22%2C%222022-12-01T00%3A00%3A00.000%2B06%3A00%22%5D%2C%22and%22%2C%5B%22operationDate%22%2C%22%3C=%22%2C%222022-12-31T23%3A59%3A59.999%2B06%3A00%22%5D%5D&cashboxId=8247","_timeout":null}},"timeout":2000}]},"freeSockets":{},"keepAliveMsecs":1000,"keepAlive":false,"maxSockets":null,"maxFreeSockets":256,"scheduling":"lifo","maxTotalSockets":null,"totalSocketCount":1,"maxCachedSessions":100,"_sessionCache":{"map":{"cabinet.kofd.kz:443::::::::false:::::::::::::":{"type":"Buffer","data":[48,130,6,188,2,1,1,2,2,3,3,4,2,192,48,4,32,184,11,198,6,245,183,232,79,29,38,157,201,156,236,219,151,48,59,229,83,178,78,196,7,255,46,165,1,59,189,170,55,4,48,18,117,40,231,179,243,24,241,3,60,22,130,35,16,125,114,164,234,146,135,235,218,185,198,254,109,195,182,234,242,12,163,233,142,65,60,87,191,204,20,112,22,167,254,171,179,73,201,161,6,2,4,99,162,138,147,162,4,2,2,28,32,163,130,6,42,48,130,6,38,48,130,5,14,160,3,2,1,2,2,17,0,230,140,250,71,153,198,13,131,218,100,135,75,46,145,152,24,48,13,6,9,42,134,72,134,247,13,1,1,11,5,0,48,129,143,49,11,48,9,6,3,85,4,6,19,2,71,66,49,27,48,25,6,3,85,4,8,19,18,71,114,101,97,116,101,114,32,77,97,110,99,104,101,115,116,101,114,49,16,48,14,6,3,85,4,7,19,7,83,97,108,102,111,114,100,49,24,48,22,6,3,85,4,10,19,15,83,101,99,116,105,103,111,32,76,105,109,105,116,101,100,49,55,48,53,6,3,85,4,3,19,46,83,101,99,116,105,103,111,32,82,83,65,32,68,111,109,97,105,110,32,86,97,108,105,100,97,116,105,111,110,32,83,101,99,117,114,101,32,83,101,114,118,101,114,32,67,65,48,30,23,13,50,50,48,50,48,56,48,48,48,48,48,48,90,23,13,50,51,48,51,49,48,50,51,53,57,53,57,90,48,20,49,18,48,16,6,3,85,4,3,12,9,42,46,107,111,102,100,46,107,122,48,130,1,34,48,13,6,9,42,134,72,134,247,13,1,1,1,5,0,3,130,1,15,0,48,130,1,10,2,130,1,1,0,239,148,8,199,168,95,30,59,204,51,68,6,255,192,96,238,113,250,26,178,45,86,166,15,255,115,131,130,10,241,69,173,96,174,62,143,54,20,36,8,28,113,243,235,207,55,75,160,80,182,162,237,120,211,134,154,230,79,70,153,86,149,239,8,132,188,230,238,198,101,191,153,149,38,170,31,95,155,180,78,231,205,72,13,139,119,101,107,60,103,202,163,4,8,48,9,58,97,228,138,101,185,92,202,68,183,176,184,248,200,184,60,87,224,11,145,193,14,110,147,7,174,185,41,217,160,57,247,61,95,7,20,12,130,140,45,32,195,217,200,21,204,136,198,98,16,193,186,134,171,188,123,161,204,191,254,254,35,86,144,244,212,101,243,238,29,114,205,1,55,232,154,242,12,93,71,98,236,74,89,88,188,61,26,89,135,27,238,143,254,187,152,62,166,96,208,69,187,74,38,11,129,194,113,143,218,247,106,80,85,152,96,196,247,31,219,216,148,209,160,172,210,199,248,83,178,164,96,77,53,98,1,64,121,128,160,150,9,16,24,100,214,74,164,238,191,187,17,40,158,4,35,199,139,245,195,2,3,1,0,1,163,130,2,245,48,130,2,241,48,31,6,3,85,29,35,4,24,48,22,128,20,141,140,94,196,84,173,138,225,119,233,155,249,155,5,225,184,1,141,97,225,48,29,6,3,85,29,14,4,22,4,20,141,227,106,177,231,50,235,253,13,89,117,65,145,65,58,153,165,201,92,245,48,14,6,3,85,29,15,1,1,255,4,4,3,2,5,160,48,12,6,3,85,29,19,1,1,255,4,2,48,0,48,29,6,3,85,29,37,4,22,48,20,6,8,43,6,1,5,5,7,3,1,6,8,43,6,1,5,5,7,3,2,48,73,6,3,85,29,32,4,66,48,64,48,52,6,11,43,6,1,4,1,178,49,1,2,2,7,48,37,48,35,6,8,43,6,1,5,5,7,2,1,22,23,104,116,116,112,115,58,47,47,115,101,99,116,105,103,111,46,99,111,109,47,67,80,83,48,8,6,6,103,129,12,1,2,1,48,129,132,6,8,43,6,1,5,5,7,1,1,4,120,48,118,48,79,6,8,43,6,1,5,5,7,48,2,134,67,104,116,116,112,58,47,47,99,114,116,46,115,101,99,116,105,103,111,46,99,111,109,47,83,101,99,116,105,103,111,82,83,65,68,111,109,97,105,110,86,97,108,105,100,97,116,105,111,110,83,101,99,117,114,101,83,101,114,118,101,114,67,65,46,99,114,116,48,35,6,8,43,6,1,5,5,7,48,1,134,23,104,116,116,112,58,47,47,111,99,115,112,46,115,101,99,116,105,103,111,46,99,111,109,48,29,6,3,85,29,17,4,22,48,20,130,9,42,46,107,111,102,100,46,107,122,130,7,107,111,102,100,46,107,122,48,130,1,127,6,10,43,6,1,4,1,214,121,2,4,2,4,130,1,111,4,130,1,107,1,105,0,119,0,173,247,190,250,124,255,16,200,139,157,61,156,30,62,24,106,180,103,41,93,207,177,12,36,202,133,134,52,235,220,130,138,0,0,1,126,216,78,38,193,0,0,4,3,0,72,48,70,2,33,0,245,223,102,14,91,49,157,44,238,246,187,111,3,208,205,227,58,139,79,180,174,136,247,21,74,43,232,247,174,255,160,70,2,33,0,206,255,12,100,22,23,181,241,197,86,243,143,107,132,18,59,167,68,133,44,127,235,1,116,61,73,125,237,141,155,109,158,0,118,0,122,50,140,84,216,183,45,182,32,234,56,224,82,30,233,132,22,112,50,19,133,77,59,210,43,193,58,87,163,82,235,82,0,0,1,126,216,78,38,140,0,0,4,3,0,71,48,69,2,32,93,136,148,73,31,106,142,207,93,100,128,134,202,250,87,131,0,201,225,116,222,126,44,93,155,210,94,66,101,8,138,86,2,33,0,254,61,95,221,15,157,238,212,252,91,179,125,227,143,85,221,54,191,115,60,248,179,50,204,122,112,35,116,202,51,210,191,0,118,0,232,62,208,218,62,245,6,53,50,231,87,40,188,137,107,201,3,211,203,209,17,107,236,235,105,225,119,125,109,6,189,110,0,0,1,126,216,78,38,99,0,0,4,3,0,71,48,69,2,33,0,205,48,15,85,249,241,26,67,50,43,173,165,170,22,29,215,30,224,6,15,106,66,197,169,23,46,73,91,217,45,214,52,2,32,21,79,113,119,87,36,23,156,166,146,90,91,74,186,177,5,164,244,231,127,154,142,124,79,122,67,56,30,139,27,141,71,48,13,6,9,42,134,72,134,247,13,1,1,11,5,0,3,130,1,1,0,140,183,102,198,170,136,228,117,35,209,203,50,131,110,220,158,228,49,57,242,105,213,235,121,52,175,43,11,111,31,50,78,41,47,58,93,86,69,196,188,166,224,145,94,204,209,242,148,168,167,80,169,242,117,119,156,192,185,212,143,159,234,17,242,33,230,109,213,217,143,53,221,158,130,181,30,98,219,238,9,207,208,240,103,66,230,145,106,47,33,105,232,115,219,229,239,173,69,39,106,243,146,255,20,204,191,197,94,5,243,43,206,236,0,10,8,80,219,220,112,179,132,80,150,69,233,97,120,106,156,38,37,194,212,14,105,3,112,58,66,161,214,36,43,185,63,99,76,74,200,173,20,4,195,113,8,218,30,174,164,146,43,57,200,168,245,245,96,200,10,198,41,98,249,215,206,69,76,47,27,188,226,206,168,177,150,240,196,11,18,169,118,58,126,249,234,234,199,19,188,76,11,79,39,98,89,211,135,79,236,26,28,124,212,55,89,191,180,28,54,255,6,76,38,30,162,120,190,29,104,184,108,22,166,22,241,240,217,145,80,228,152,75,65,243,63,230,184,25,59,42,99,180,44,63,162,164,2,4,0,165,3,2,1,21,166,17,4,15,99,97,98,105,110,101,116,46,107,111,102,100,46,107,122,179,3,2,1,23]}},"list":["cabinet.kofd.kz:443::::::::false:::::::::::::"]}}},"code":"ECONNABORTED","status":null},"point":"getData"}
